PASS: README.md does not contain "stealth launcher" (old tagline)
PASS: README.md does not contain "Stealth Launch Policy" (old invariant #2 heading)
PASS: README.md does not contain "bypass bot detection" (old invariant #2 body)
PASS: README.md does not reference "0005-stealth-evasion" (dangling ADR reference — no such ADR file exists in docs/adr/)
PASS: AGENT_SETUP.md still contains "No stealth or bot-detection evasion, by design."
PASS: cli.ts help text contains "CAPTCHA"
PASS: cli.ts help text contains "bot-detection"
PASS: packages/browser/README.md mentions "Cloudflare"
PASS: packages/browser/README.md mentions "CAPTCHA"
PASS: packages/browser/README.md states the honest navigator.webdriver exception
PASS: AGENT_SETUP.md mentions "Cloudflare"
PASS: AGENT_SETUP.md mentions "CAPTCHA"
PASS: AGENT_SETUP.md states the honest navigator.webdriver exception
PASS: packages/cli/src/cli.ts mentions "Cloudflare"
PASS: packages/cli/src/cli.ts mentions "CAPTCHA"
PASS: packages/cli/src/cli.ts states the honest navigator.webdriver exception
PASS: packages/browser/README.md does not overclaim with "never works on any Cloudflare"
PASS: AGENT_SETUP.md does not overclaim with "never works on any Cloudflare"
PASS: packages/cli/src/cli.ts does not overclaim with "never works on any Cloudflare"
PASS: README.md contains the "Detection-Evasion Boundary" replacement invariant
PASS: README.md Sub-Module Layout section does not mention src/stealth/
PASS: README.md does not mention "stealth launch flags" (old module-layout description)

ALL PASS
exit=0
