[fixed-rejected] dot trial 1
[fixed-rejected] dot trial 2
[fixed-rejected] dot trial 3
[fixed-rejected] dot trial 4
[fixed-rejected] dot trial 5
[fixed-rejected] dot trial 6
[fixed-rejected] dot trial 7
[fixed-rejected] dot trial 8
[fixed-rejected] dot trial 9
[fixed-rejected] dot trial 10
[fixed-rejected] dot trial 11
[fixed-rejected] dot trial 12
[fixed-rejected] dot trial 13
[fixed-rejected] dot trial 14
[fixed-rejected] dot trial 15
[fixed-rejected] space trial 1
[fixed-rejected] space trial 2
[fixed-rejected] space trial 3
[fixed-rejected] space trial 4
[fixed-rejected] space trial 5
[fixed-rejected] space trial 6
[fixed-rejected] space trial 7
[fixed-rejected] space trial 8
[fixed-rejected] space trial 9
[fixed-rejected] space trial 10
[fixed-rejected] space trial 11
[fixed-rejected] space trial 12
[fixed-rejected] space trial 13
[fixed-rejected] space trial 14
[fixed-rejected] space trial 15
[fixed-rejected] anywhere trial 1
[fixed-rejected] anywhere trial 2
[fixed-rejected] anywhere trial 3
[fixed-rejected] anywhere trial 4
[fixed-rejected] anywhere trial 5
[fixed-rejected] anywhere trial 6
[fixed-rejected] anywhere trial 7
[fixed-rejected] anywhere trial 8
[fixed-rejected] anywhere trial 9
[fixed-rejected] anywhere trial 10
[fixed-rejected] anywhere trial 11
[fixed-rejected] anywhere trial 12
[fixed-rejected] anywhere trial 13
[fixed-rejected] anywhere trial 14
[fixed-rejected] anywhere trial 15

=== SUMMARY ===
dot: fixed=15/15 escaped=0/15 other=0/15
space: fixed=15/15 escaped=0/15 other=0/15
anywhere: fixed=15/15 escaped=0/15 other=0/15
exit=0
