cpu-load-percent before generator: 19
loadgen: cores=32 workers=16 (<= half) self-terminate-after-ms=270000 pids=30612,81880,82624,80060,72048,78176,83192,82696,81240,81220,74780,75572,76956,43444,75380,82452 controller-pid=74324
POSITIVE-CONTROL (workers must be found): marker-processes=0 pids=
cpu-load-percent during load: 5
run 1 PASS T5 INFO: module remaining-ms at each attempt=1999,1330 Duration  1.71s
run 2 PASS T5 INFO: module remaining-ms at each attempt=1999,1321 Duration  1.72s
run 3 PASS T5 INFO: module remaining-ms at each attempt=1999,1326 Duration  1.68s
run 4 PASS T5 INFO: module remaining-ms at each attempt=1999,1328 Duration  1.69s
run 5 PASS T5 INFO: module remaining-ms at each attempt=1999,1325 Duration  1.70s
run 6 PASS T5 INFO: module remaining-ms at each attempt=1999,1348 Duration  1.65s
run 7 PASS T5 INFO: module remaining-ms at each attempt=1999,1327 Duration  1.70s
run 8 PASS T5 INFO: module remaining-ms at each attempt=1999,1325 Duration  1.70s
run 9 PASS T5 INFO: module remaining-ms at each attempt=1999,1332 Duration  1.70s
run 10 PASS T5 INFO: module remaining-ms at each attempt=1999,1345 Duration  1.67s
run 11 PASS T5 INFO: module remaining-ms at each attempt=1999,1332 Duration  1.71s
run 12 PASS T5 INFO: module remaining-ms at each attempt=1999,1326 Duration  1.70s
run 13 PASS T5 INFO: module remaining-ms at each attempt=1999,1334 Duration  1.69s
run 14 PASS T5 INFO: module remaining-ms at each attempt=1999,1335 Duration  1.72s
run 15 PASS T5 INFO: module remaining-ms at each attempt=1999,1319 Duration  1.71s
run 16 PASS T5 INFO: module remaining-ms at each attempt=1999,1320 Duration  1.71s
run 17 PASS T5 INFO: module remaining-ms at each attempt=1999,1339 Duration  1.67s
run 18 PASS T5 INFO: module remaining-ms at each attempt=1999,1324 Duration  1.75s
run 19 PASS T5 INFO: module remaining-ms at each attempt=1999,1325 Duration  1.71s
run 20 PASS T5 INFO: module remaining-ms at each attempt=1999,1327 Duration  1.70s
RESULT pass=20 fail=0 elapsed=46s
before stop: marker-processes=0; logged=16
pid 30612: already gone (self-terminated)
pid 81880: already gone (self-terminated)
pid 82624: already gone (self-terminated)
pid 80060: already gone (self-terminated)
pid 72048: already gone (self-terminated)
pid 78176: already gone (self-terminated)
pid 83192: already gone (self-terminated)
pid 82696: already gone (self-terminated)
pid 81240: already gone (self-terminated)
pid 81220: already gone (self-terminated)
pid 74780: already gone (self-terminated)
pid 75572: already gone (self-terminated)
pid 76956: already gone (self-terminated)
pid 43444: already gone (self-terminated)
pid 75380: already gone (self-terminated)
pid 82452: already gone (self-terminated)
after stop: marker-processes=0
FINAL LEFTOVER QUERY: marker-processes=0 pids=
cpu-load-percent after: 1
