Skip to main content
USD
Find the right hotel from 100s of sites.
Flights
Stays
Cars
Packages
Enter a city, hotel, airport, address or landmark
Mon 10/5
–
Tue 10/6
2 guests, 1 room
Search
What KAYAK brings to the table.
Search hundreds of sites
Quickly compare deals from millions of hotels
Book with flexibility
Use our "free cancellation" filter for stays that waive fees
Track prices
Not ready to book? Set alerts for when prices drop
Filter for what you want
Pool? Spa on site? Instantly customize your results
Holiday travel, unwrapped.
Here's what you need to know if you're flying this season (consider it an early gift).
Feeling festive yet?
Planning. Minus the pain.
KAYAK and Discover Puerto Rico have your back. Use Navigator.
Try it now
Discover where to go.
Get that destination inspiration.
Plan for your budget.
See which dates save you more.
Pick the right price.
Make sure you book a good deal.
Travel with confidence.
Keep track of details that matter.
Tools to get your trips out of the chat.
Make your next trip a breeze
Price Alerts
Flight Tracker
Search for places to stay by destination
Find Accommodations

Can I really save on places to stay near me and lodging in other popular destinations by using KAYAK? Yes! KAYAK searches for accommodation deals on hundreds of accommodation comparison sites to help you find deals on hotels, vacation rentals and more.

Las Vegas Hotels
New York Hotels
Chicago Hotels
Boston Hotels
London Hotels
San Diego Hotels
Paris Hotels
Los Angeles Hotels
Seattle Hotels
Amsterdam Hotels
Orlando Hotels
Nashville Hotels
Washington, D.C. Hotels
Miami Hotels
Key West Hotels
Barcelona Hotels
Honolulu Hotels
Tokyo Hotels
San Francisco Hotels
Ocean City Hotels
Myrtle Beach Hotels
United States Hotels
Japan Hotels
Aruba Hotels
Iceland Hotels
Turks and Caicos Islands Hotels
Canada Hotels

Search cheap hotels with KAYAK. Use the hotel finder to search for the cheapest hotel deal for all major destinations around the world. KAYAK searches hundreds of hotel booking sites to help you find hotels and book hotels that suit you best. Since KAYAK searches many hotel sites at once, you can find discount hotels quickly, including Hotels Under $50 and Hotels Under $100. Discover hotel discounts now and make your hotel reservation today.

Not what you’re looking for? Find thousands of other hotels, flights and car rentals with KAYAK.

Company
About
Careers
Mobile
Blog
How we work
Contact
Help/FAQ
Press
Affiliates
Hotel owners
Partners
Advertise with us
More
Airline fees
Airlines
Low fare tips
Badges & Certificates
Security
Get the KAYAK app
©2026 KAYAK
Privacy
Terms & Conditions
Ad Choices
