URL: https://www.kayak.com/stays
Title: Places to Stay: Find Accommodation Deals & Discounts - KAYAK
Interactive elements (64):
[#2] div "Open main navigation" role=button
[#3] a "Go to the kayak homepage"
[#4] div "Select language" role=button
[#5] div "Open Trips drawer" role=button
[#6] div "Sign in" role=button
[#23] li "Flights" role=menuitem
[#24] a "Search for flights"
[#25] li "Stays" role=menuitem
[#26] a "Search for stays"
[#27] li "Cars" role=menuitem
[#28] a "Search for cars"
[#29] li "Packages" role=menuitem
[#30] a "Search for packages"
[#31] input "Destination" role=combobox placeholder="Enter a city, hotel, airport, address or landmark"
[#32] div "Select start date from calendar input" role=button
[#33] div "Select end date from calendar input" role=button
[#34] div "2 guests, 1 room" role=button
[#35] button "Search"
[#39] a "hotels"
[#40] a "vacation rentals"
[#42] a "Las Vegas Hotels"
[#43] button "View more deals for Las Vegas Hotels"
[#55] a "Boston Hotels"
[#56] button "View more deals for Boston Hotels"
[#68] a "Paris Hotels"
[#69] button "View more deals for Paris Hotels"
[#81] a "Amsterdam Hotels"
[#82] button "View more deals for Amsterdam Hotels"
[#94] a "Washington, D.C. Hotels"
[#95] button "View more deals for Washington, D.C. Hotels"
[#107] a "Barcelona Hotels"
[#108] button "View more deals for Barcelona Hotels"
[#120] a "San Francisco Hotels"
[#121] button "View more deals for San Francisco Hotels"
[#133] a "United States Hotels"
[#135] a "Iceland Hotels"
[#137] a "New York Hotels"
[#138] button "View more deals for New York Hotels"
[#150] a "London Hotels"
[#151] button "View more deals for London Hotels"
[#163] a "Los Angeles Hotels"
[#164] button "View more deals for Los Angeles Hotels"
[#176] a "Orlando Hotels"
[#177] button "View more deals for Orlando Hotels"
[#189] a "Miami Hotels"
[#190] button "View more deals for Miami Hotels"
[#202] a "Honolulu Hotels"
[#203] button "View more deals for Honolulu Hotels"
[#215] a "Ocean City Hotels"
[#216] button "View more deals for Ocean City Hotels"
[#228] a "Japan Hotels"
[#230] a "Turks and Caicos Islands Hotels"
[#232] a "Chicago Hotels"
[#233] button "View more deals for Chicago Hotels"
[#245] a "San Diego Hotels"
[#246] button "View more deals for San Diego Hotels"
[#258] a "Seattle Hotels"
[#259] button "View more deals for Seattle Hotels"
[#271] a "Nashville Hotels"
[#272] button "View more deals for Nashville Hotels"
... (4 more elements not shown)
