Skip to main content
USD
Find the right flight from 100s of sites.
Flights
Stays
Cars
Packages
Round-trip
One-way
Multi-city
Mumbai (BOM)
Departure
–
Return
1 adult, Economy, 0 bags
Search
Holiday travel, unwrapped.
Here's what you need to know if you're flying this season (consider it an early gift).
Feeling festive yet?
Start your travel planning here
Search Flights, Hotels & Rental Cars
Las Vegas
CARS • FLIGHTS • HOTELS
New York
CARS • FLIGHTS • HOTELS
London
CARS • FLIGHTS • HOTELS
Los Angeles
CARS • FLIGHTS • HOTELS
Miami
CARS • FLIGHTS • HOTELS
Paris
CARS • FLIGHTS • HOTELS
Orlando
CARS • FLIGHTS • HOTELS
Rome
CARS • FLIGHTS • HOTELS
Manila
CARS • FLIGHTS • HOTELS
Cancún
CARS • FLIGHTS • HOTELS
Seattle
CARS • FLIGHTS • HOTELS
Denver
CARS • FLIGHTS • HOTELS
Tokyo
CARS • FLIGHTS • HOTELS
Fort Lauderdale
CARS • FLIGHTS • HOTELS
San Francisco
CARS • FLIGHTS • HOTELS
Chicago
CARS • FLIGHTS • HOTELS
Atlanta
CARS • FLIGHTS • HOTELS
San Diego
CARS • FLIGHTS • HOTELS
Phoenix
CARS • FLIGHTS • HOTELS
Boston
CARS • FLIGHTS • HOTELS
Punta Cana
CARS • FLIGHTS • HOTELS
India
CARS • FLIGHTS • HOTELS
United States
CARS • FLIGHTS • HOTELS
Europe
CARS • FLIGHTS • HOTELS
Japan
CARS • FLIGHTS • HOTELS
Hawaii
CARS • FLIGHTS • HOTELS
Florida
CARS • FLIGHTS • HOTELS
Tampa
CARS • FLIGHTS • HOTELS
Dallas
CARS • FLIGHTS • HOTELS
Washington, D.C.
CARS • FLIGHTS • HOTELS
Nashville
CARS • FLIGHTS • HOTELS
Honolulu
CARS • FLIGHTS • HOTELS
Portland
CARS • FLIGHTS • HOTELS
Frequently asked questions about KAYAK
How do I find travel deals on KAYAK?
What makes KAYAK a great travel app?
How can I use KAYAK to manage my travel bookings?
What are KAYAK Price Alerts?

Search flights, hotels, rental cars, travel guides, cruises and more with KAYAK. KAYAK searches hundreds of other travel sites at once to get you the information you need to make the right decisions.

Company
About
Careers
Mobile
Blog
How we work
Contact
Help/FAQ
Press
Affiliates
Hotel owners
Partners
Advertise with us
More
Airline fees
Airlines
Low fare tips
Badges & Certificates
Security
Get the KAYAK app
©2026 KAYAK
Privacy
Terms & Conditions
Ad Choices
