URL: https://www.kayak.com/
Title: Search Flights, Hotels & Rental Cars | KAYAK
Interactive elements (94):
[#2] div "Open main navigation" role=button
[#3] a "Go to the kayak homepage"
[#4] div "Select language" role=button
[#5] div "Open Trips drawer" role=button
[#6] div "Sign in" role=button
[#23] li "Flights" role=menuitem
[#24] a "Search for flights"
[#25] li "Stays" role=menuitem
[#26] a "Search for stays"
[#27] li "Cars" role=menuitem
[#28] a "Search for cars"
[#29] li "Packages" role=menuitem
[#30] a "Search for packages"
[#31] div "Trip type Round-trip" role=combobox
[#32] div "0 bags" role=button
[#33] div "Remove value" role=button
[#34] input "Origin location" role=combobox
[#35] div "Swap origin and destination locations" role=button
[#36] input "Destination location" role=combobox placeholder="To?"
[#37] div "Departure date" role=button
[#38] div "Return date" role=button
[#39] div "Trip type" role=combobox
[#40] button "Search"
[#43] a "Flights"
[#44] a "Hotels"
[#45] a "Rental Cars"
[#47] button "View more deals for Las Vegas"
[#48] a "CARS"
[#49] a "FLIGHTS"
[#50] a "HOTELS"
[#62] button "View more deals for Los Angeles"
[#63] a "CARS"
[#64] a "FLIGHTS"
[#65] a "HOTELS"
[#77] button "View more deals for Orlando"
[#78] a "CARS"
[#79] a "FLIGHTS"
[#80] a "HOTELS"
[#92] button "View more deals for Cancún"
[#93] a "CARS"
[#94] a "FLIGHTS"
[#95] a "HOTELS"
[#107] button "View more deals for Tokyo"
[#108] a "CARS"
[#109] a "FLIGHTS"
[#110] a "HOTELS"
[#122] button "View more deals for Chicago"
[#123] a "CARS"
[#124] a "FLIGHTS"
[#125] a "HOTELS"
[#137] button "View more deals for Phoenix"
[#138] a "CARS"
[#139] a "FLIGHTS"
[#140] a "HOTELS"
[#152] button "View more deals for India"
[#153] a "CARS"
[#154] a "FLIGHTS"
[#155] a "HOTELS"
[#167] button "View more deals for Japan"
[#168] a "CARS"
... (34 more elements not shown)
