URL: https://www.kayak.com/stays
Title: Places to Stay: Find Accommodation Deals & Discounts - KAYAK
Interactive elements (61):
[#2] div "Open main navigation" role=button
[#3] a "Go to the kayak homepage"
[#4] div "Select language" role=button
[#5] div "Open Trips drawer" role=button
[#6] div "Sign in" role=button
[#24] li "Flights" role=menuitem
[#25] a "Search for flights"
[#26] li "Stays" role=menuitem
[#27] a "Search for stays"
[#28] li "Cars" role=menuitem
[#29] a "Search for cars"
[#30] li "Packages" role=menuitem
[#31] a "Search for packages"
[#32] div "Enter a city, hotel, airport, address or landmark" role=button
[#33] input
[#34] div "Select start date from calendar input" role=button
[#35] div "Select end date from calendar input" role=button
[#36] div "2 guests, 1 room" role=button
[#37] button "Search"
[#41] a "hotels"
[#42] a "vacation rentals"
[#44] a "Las Vegas Hotels"
[#45] button "View more deals for Las Vegas Hotels"
[#57] a "New York Hotels"
[#58] button "View more deals for New York Hotels"
[#70] a "Chicago Hotels"
[#71] button "View more deals for Chicago Hotels"
[#83] a "Boston Hotels"
[#84] button "View more deals for Boston Hotels"
[#96] a "London Hotels"
[#97] button "View more deals for London Hotels"
[#109] a "San Diego Hotels"
[#110] button "View more deals for San Diego Hotels"
[#122] a "Paris Hotels"
[#123] button "View more deals for Paris Hotels"
[#135] a "Los Angeles Hotels"
[#136] button "View more deals for Los Angeles Hotels"
[#148] a "Seattle Hotels"
[#149] button "View more deals for Seattle Hotels"
[#161] a "Amsterdam Hotels"
[#162] button "View more deals for Amsterdam Hotels"
[#174] a "Orlando Hotels"
[#175] button "View more deals for Orlando Hotels"
[#187] a "Nashville Hotels"
[#188] button "View more deals for Nashville Hotels"
[#200] a "Washington, D.C. Hotels"
[#201] button "View more deals for Washington, D.C. Hotels"
[#213] a "Miami Hotels"
[#214] button "View more deals for Miami Hotels"
[#226] a "Key West Hotels"
[#227] button "View more deals for Key West Hotels"
[#239] a "Barcelona Hotels"
[#240] button "View more deals for Barcelona Hotels"
[#252] a "Honolulu Hotels"
[#253] button "View more deals for Honolulu Hotels"
[#265] a "Tokyo Hotels"
[#266] button "View more deals for Tokyo Hotels"
[#278] a "San Francisco Hotels"
[#279] button "View more deals for San Francisco Hotels"
[#291] a "Ocean City Hotels"
... (1 more elements not shown)
