URL: https://www.kayak.com/
Title: Search Flights, Hotels & Rental Cars | KAYAK
Interactive elements (106):
[#2] div "Open main navigation" role=button
[#3] a "Go to the kayak homepage"
[#4] div "Select language" role=button
[#5] div "Open Trips drawer" role=button
[#6] div "Sign in" role=button
[#24] li "Flights" role=menuitem
[#25] a "Search for flights"
[#26] li "Stays" role=menuitem
[#27] a "Search for stays"
[#28] li "Cars" role=menuitem
[#29] a "Search for cars"
[#30] li "Packages" role=menuitem
[#31] a "Search for packages"
[#32] div "Round-trip" role=radio
[#33] div "One-way" role=radio
[#34] div "Multi-city" role=radio
[#35] div "Remove value" role=button
[#36] input "Origin location" role=combobox
[#37] div "Swap origin and destination locations" role=button
[#38] input "Destination location" role=combobox placeholder="To?"
[#39] div "Departure date" role=button
[#40] div "Return date" role=button
[#41] div "1 adult, Economy, 0 bags" role=button
[#42] button "Search"
[#43] a "Holiday travel, unwrapped.
Here's what you need to know if you're flying this season (consider it an"
[#44] button "Feeling festive yet?"
[#46] a "Try it now" role=link
[#47] h3 "Discover where to go." role=clickable
[#48] a "Discover where to go."
[#49] h3 "Plan for your budget." role=clickable
[#50] a "Plan for your budget."
[#51] h3 "Pick the right price." role=clickable
[#52] a "Pick the right price."
[#53] h3 "Travel with confidence." role=clickable
[#54] a "Travel with confidence."
[#56] h3 "Price Alerts" role=clickable
[#57] a "Price Alerts"
[#58] h3 "Flight Tracker" role=clickable
[#59] a "Flight Tracker"
[#62] a "Flights"
[#63] a "Hotels"
[#64] a "Rental Cars"
[#66] button "View more deals for Las Vegas"
[#67] a "CARS"
[#68] a "FLIGHTS"
[#69] a "HOTELS"
[#81] button "View more deals for New York"
[#82] a "CARS"
[#83] a "FLIGHTS"
[#84] a "HOTELS"
[#96] button "View more deals for London"
[#97] a "CARS"
[#98] a "FLIGHTS"
[#99] a "HOTELS"
[#111] button "View more deals for Los Angeles"
[#112] a "CARS"
[#113] a "FLIGHTS"
[#114] a "HOTELS"
[#126] button "View more deals for Miami"
[#127] a "CARS"
... (46 more elements not shown)
