Sign In
Sign Up
AI Assistant
Word Add-In
Search Clauses
Resources
About
Pricing

We use cookies on our site to analyze traffic, enhance your experience, and provide you with tailored content.

For more information visit our privacy policy.
Accept All Cookies
Try AI Assistant Search
All
Contracts
Clauses
Dictionary
Contract Types
More 
API
Library
English (EN)
Add Filter
ClauseFinder™
Clause
Contract Type
Filing Year
Jurisdiction
Add AI Column
Contract Types
Non-Disclosure Agreement
Mutual Non-Disclosure Agreement
Confidentiality and Non-Disclosure Agreement
Non-Disclosure Agreement (Nda)
Mutual Confidentiality and Non-Disclosure Agreement
Non Disclosure Agreement
Confidentiality & Non-Disclosure Agreement
Non-Circumvention/Non-Disclosure Agreement
Non-Circumvention and Non-Disclosure Agreement
Non-Competition and Non-Disclosure Agreement
 Search Contract Types
Clauses
Non-Disclosure Agreement
Confidentiality and Non-Disclosure Agreement
Prior Non-Disclosure Agreement
Non-Competition and Non-Disclosure Agreement
CONFIDENTIALITY/NON-DISCLOSURE AGREEMENT
Employee Invention and Non-Disclosure Agreement
Mutual Non-Disclosure Agreement
Invention and Non-Disclosure Agreement
Confidential Information the Participants Non Disclosure Agreement and Work Product Ownership
Confidential Information and Executives Non Disclosure Agreement
 Search Clauses
Definitions
Non-Disclosure Agreement
Mutual Non-Disclosure Agreement
Founder Invention and Non-Disclosure Agreement
Confidentiality and Non-Disclosure Agreement
Non-Competition and Non-Disclosure Agreement
ARIBA NON-DISCLOSURE AGREEMENT
Acceptable Non-Disclosure Agreement
Employee Non-Disclosure Agreement
AbbVie Non-disclosure Agreement
Intel Non-Disclosure Agreement
 Search Definitions
Contracts
Contract

NON-DISCLOSURE AGREEMENT
Contract Type
Non-Disclosure Agreement
Filed
December 26, 2022
This model non-disclosure agreement assumes a company is providing confidential information about itself to a potential investor looking to invest in such company. The non-disclosure agreement should...
NON-DISCLOSURE AGREEMENT

Explanatory Note

This model non-disclosure agreement assumes a company is … Process Agent 9

NON-DISCLOSURE AGREEMENT

This Agreement is made on [●] between:

[●] (Company Registration … The non-disclosure agreement should be entered into with the recipient before the distribution of the … A non-disclosure agreement may however still be relevant where the investor is a strategic investor/ … , or other confidentiality or non-disclosure obligation in respect of such information.
Save


NON-DISCLOSURE AGREEMENT
Contract Type
Non-Disclosure Agreement
Filed
July 01, 2021
THIS Non-Disclosure Agreement (this “Agreement” or this “Non-Disclosure Agreement”) is between the_name_of_the_disclosing_party, having its principal place of business at...
NON-DISCLOSURE AGREEMENT

THIS Non-Disclosure Agreement (this “Agreement” or this “Non-Disclosure Agreement … DEFINITIONS

For the purposes of this Non-Disclosure Agreement, the following terms are defined:

“Trade … WHEREAS, through this Non-Disclosure Agreement, the_name_of_the_disclosing_party and the_name_of_the_receiving_party … VENUE

This Non-Disclosure Agreement and the interpretation of the terms herein shall be governed by … IN WITNESS WHEREOF, each of the Parties has executed this Non-Disclosure Agreement, both Parties by its
Save


NON-DISCLOSURE AGREEMENT
Contract Type
Non-Disclosure Agreement
Filed
September 06, 2020
This Non-Disclosure Agreement (this “Agreement" or this “Non-Disclosure Agreement") by and between [DISCLOSING PARTY.Company] , a [DISCLOSING PARTY STATE OF INCORPORATION] [TYPE OF LEGAL
NON-DISCLOSURE AGREEMENT

CONFIDENTIALITY AGREEMENT

This Non-Disclosure Agreement (this “Agreement" … or this “Non-Disclosure Agreement") by and between [DISCLOSING PARTY.Company] , a [DISCLOSING PARTY STATE … WHEREAS, through this Non-Disclosure Agreement, the Disclosing Party and the Receiving Party have entered … DEFINITIONS

For t
[page text truncated: showing characters 0-4000 of 9593. Continue with: sutradhar text --offset 4000]
