Sign In
Sign Up
AI Assistant
Word Add-In
Search Clauses
Resources
About
Pricing

We use cookies on our site to analyze traffic, enhance your experience, and provide you with tailored content.

For more information visit our privacy policy.
Accept All Cookies
Try AI Assistant Search
All
Contracts
Clauses
Dictionary
Contract Types
More 
API
Library
English (EN)
Add Filter
ClauseFinder™
Clause
Contract Type
Filing Year
Jurisdiction
Add AI Column
Contract Types
Non-Disclosure Agreement
Mutual Non-Disclosure Agreement
Confidentiality and Non-Disclosure Agreement
Non-Disclosure Agreement (Nda)
Mutual Confidentiality and Non-Disclosure Agreement
Non Disclosure Agreement
Confidentiality & Non-Disclosure Agreement
Non-Circumvention/Non-Disclosure Agreement
Non-Circumvention and Non-Disclosure Agreement
Non-Competition and Non-Disclosure Agreement
 Search Contract Types
Clauses
Non-Disclosure Agreement
Confidentiality and Non-Disclosure Agreement
Prior Non-Disclosure Agreement
Non-Competition and Non-Disclosure Agreement
CONFIDENTIALITY/NON-DISCLOSURE AGREEMENT
Employee Invention and Non-Disclosure Agreement
Mutual Non-Disclosure Agreement
Invention and Non-Disclosure Agreement
Confidential Information the Participants Non Disclosure Agreement and Work Product Ownership
Confidential Information and Executives Non Disclosure Agreement
 Search Clauses
Definitions
Non-Disclosure Agreement
Mutual Non-Disclosure Agreement
Founder Invention and Non-Disclosure Agreement
Confidentiality and Non-Disclosure Agreement
Non-Competition and Non-Disclosure Agreement
ARIBA NON-DISCLOSURE AGREEMENT
Acceptable Non-Disclosure Agreement
Employee Non-Disclosure Agreement
AbbVie Non-disclosure Agreement
Intel Non-Disclosure Agreement
 Search Definitions
Contracts
Contract

NON-DISCLOSURE AGREEMENT
Contract Type
Non-Disclosure Agreement
Filed
December 26, 2022
This model non-disclosure agreement assumes a company is providing confidential information about itself to a potential investor looking to invest in such company. The non-disclosure agreement should...
NON-DISCLOSURE AGREEMENT

Explanatory Note

This model non-disclosure agreement assumes a company is … Process Agent 9

NON-DISCLOSURE AGREEMENT

This Agreement is made on [●] between:

[●] (Company Registration … The non-disclosure agreement should be entered into with the recipient before the distribution of the … A non-disclosure agreement may however still be relevant where the investor is a strategic investor/ … , or other confidentiality or non-disclosure obligation in respect of such information.
Save


NON-DISCLOSURE AGREEMENT
Contract Type
Non-Disclosure Agreement
Filed
July 01, 2021
THIS Non-Disclosure Agreement (this “Agreement” or this “Non-Disclosure Agreement”) is between the_name_of_the_disclosing_party, having its principal place of business at...
NON-DISCLOSURE AGREEMENT

THIS Non-Disclosure Agreement (this “Agreement” or this “Non-Disclosure Agreement … DEFINITIONS

For the purposes of this Non-Disclosure Agreement, the following terms are defined:

“Trade … WHEREAS, through this Non-Disclosure Agreement, the_name_of_the_disclosing_party and the_name_of_the_receiving_party … VENUE

This Non-Disclosure Agreement and the interpretation of the terms herein shall be governed by … IN WITNESS WHEREOF, each of the Parties has executed this Non-Disclosure Agreement, both Parties by its
Save


NON-DISCLOSURE AGREEMENT
Contract Type
Non-Disclosure Agreement
Filed
September 06, 2020
This Non-Disclosure Agreement (this “Agreement" or this “Non-Disclosure Agreement") by and between [DISCLOSING PARTY.Company] , a [DISCLOSING PARTY STATE OF INCORPORATION] [TYPE OF LEGAL
NON-DISCLOSURE AGREEMENT

CONFIDENTIALITY AGREEMENT

This Non-Disclosure Agreement (this “Agreement" … or this “Non-Disclosure Agreement") by and between [DISCLOSING PARTY.Company] , a [DISCLOSING PARTY STATE … WHEREAS, through this Non-Disclosure Agreement, the Disclosing Party and the Receiving Party have entered … DEFINITIONS

For the purposes of this Non Disclosure Agreement, the following terms are defined as follows … VENUE

This Non Disclosure Agreement and the interpretation of the terms herein shall be governed by
Save


Non disclosure agreement template word
Contract Type
Non-Disclosure Agreement
Filed
January 29, 2022
Non disclosure agreement template word australia. Non disclosure agreement template word south africa. Non disclosure agreement template word doc. Non disclosure agreement template word india. Non...
Next

Non disclosure agreement template word

Non disclosure agreement template word australia. … Non disclosure agreement template word south africa. Non disclosure agreement template word doc. … Non disclosure agreement template word india. Non disclosure agreement template word philippines. … Non disclosure agreement template word free. Non disclosure agreement template word document. … Non disclosure agreement template word uk.
Save


Non-Disclosure Agreement
Contract Type
Non-Disclosure Agreement
Filed
February 02, 2023
This Non-Disclosure Agreement (NDA) is for purpose of preventing the unauthorized disclosure of Confidential Information as defined below:
Non-Disclosure Agreement

This Non-Disclosure Agreement (NDA) is for purpose of preventing the unauthorized … disclosure of Confidential Information as defined below:

1. … For purposes of this Agreement, “Confidential Information” is defined in accordance with PhilHealth Circular … addition, I also know and agree that my failure to fulfill any of the agreements set forth in this Agreement … and/or violations of any terms of this Agreement shall result in my being subject to appropriate disciplinary
Save


NON-DISCLOSURE AGREEMENT
Contract Type
Non-Disclosure Agreement
Filed
October 02, 2024
This non-disclosure and non-circumvention agreement ("Agreement") is hereby entered into as of this the [.] day of [.], 20 [.] [.] (“Effective Date”), by and between
NON-DISCLOSURE AGREEMENT

DRAFT NDA. … CUSTOMER DETAILS TO BE ADDED

This non-disclosure and non-circumvention agreement ("Agreement") is hereby … Non-disclosure Obligations: The Receiving Party promises and agrees to receive and hold the Confidential … contesting such a disclosure. … this Agreement is provided “as is”.
Save


NON-DISCLOSURE AGREEMENT
Contract Type
Non-Disclosure Agreement
Filed
March 21, 2023
This Non Disclosure Agreement (the “Agreement”) covers information exchanged starting from [Date remplissage form] (the “Effective Date”);
NON-DISCLOSURE AGREEMENT

BETWEEN:

SPACELOCKER SAS a French Société par Actions Simplifée, having its … This Non Disclosure Agreement (the “Agreement”) covers information exchanged starting from [Date remplissage … DISCLOSURE AGREEMENT
PAGE
1 of 7 … disclosure undertaking or agreement no less strict than this Agreement. … becomes publicly available other than by breach of this Agreement; or

is, at the time of disclosure
Save


Template non disclosure agreement canada
Contract Type
Non-Disclosure Agreement
Filed
April 29, 2022
Non disclosure agreement template ontario canada. Free non disclosure agreement template canada. Example of non disclosure agreement. What is included in a non disclosure agreement. Simple non...
Free non disclosure agreement template canada. Example of non disclosure agreement. … What is included in a non disclosure agreement. Simple non disclosure agreement template canada. … disclosure agreement canada

Non disclosure agreement template ontario canada. … Non disclosure agreement for recipes. … the agreement and wait to be sued. 06/01/2022 · Non Disclosure Agreement (NDA) This document protects
Save


NON DISCLOSURE AGREEMENT
Contract Type
Non-Disclosure Agreement
Filed
September 19, 2024
This Non-Disclosure and Confidentiality Agreement (the “Agreement”), is executed as of the __________ (the “Effective Date”), BY AND BETWEEN:
NON DISCLOSURE AGREEMENT

This Non-Disclosure and Confidentiality Agreement (the “Agreement”), is executed … subject to this Agreement. … The disclosure of Confidential Information and materials which may accompany the disclosure shall not … This Agreement represents the entire understanding and agreement of the Parties and supersedes all prior … Any information exchanged under this Agreement is provided “as is”.

13.
Save


Non-disclosure agreement
Contract Type
Non-Disclosure Agreement
Filed
May 29, 2020
This Non-Disclosure Agreement shall apply if the commissioning project partner does not make its own specifications for the Non-Disclosure Agreement.
specifications for the Non-Disclosure Agreement. …  

Non-disclosure agreement

between

Lucerne University of Applied Sciences

School of Engineering and … This Non-Disclosure Agreement shall apply if the commissioning project partner does not make its own … Subject of the agreement

This agreement contains provisions regarding the confidentiality of business … Should parts of this agreement be void or become legally ineffective, the rest of the agreement shall
Save
Previous
Next
AI Assistant
Can’t find what you’re looking for? Talk to our team.
Book a Demo

Tools to Draft Better Contracts

About Us
Plans & Pricing
Email Sales
Email Support

Contract Standards

Standards Hub
oneNDA Template
oneSaaS Template
oneDPA Template

Products

SimpleAI
AI Assistant
Masterclass Guide
Legal AI Study 2026
Book a Demo

Public Contracts

Search
ContractsClausesDictionary
Languages
All contents of the lawinsider.com excluding publicly sourced documents are Copyright © 2013-2026 Law Insider Inc. All rights reserved.
Terms of Service • Privacy Policy
Help Ukraine 🇺🇦
