… The disclosure of Confidential Information and materials which may accompany the disclosure shall not … This Agreement represents the entire understanding and agreement of the Parties and supersedes all prior … Any information exchanged under this Agreement is provided “as is”.

13.
Save


Non-disclosure agreement
Contract Type
Non-Disclosure Agreement
Filed
May 29, 2020
This Non-Disclosure Agreement shall apply if the commissioning project partner does not make its own specifications for the Non-Disclosure Agreement.
specifications for the Non-Disclosure Agreement. …  

Non-disclosure agreement

between

Lucerne University of Applied Sciences

School of Engineering and … This Non-Disclosure Agreement shall apply if the commissioning project partner does not make its own … Subject of the agreement

This agreement contains provisions regarding the confidentiality of business … Should parts of this agreement be void or become legally ineffective, the rest of the agreement shall
Save
Previous
Next
AI Assistant
Can’t find what you’re looking for? Talk to our team.
Book a Demo

Tools to Draft Better Contracts

About Us
Plans & Pricing
Email Sales
Email Support

Contract Standards

Standards Hub
oneNDA Template
oneSaaS Template
oneDPA Template

Products

SimpleAI
AI Assistant
Masterclass Guide
Legal AI Study 2026
Book a Demo

Public Contracts

Search
ContractsClausesDictionary
Languages
All contents of the lawinsider.com excluding publicly sourced documents are Copyright © 2013-2026 Law Insider Inc. All rights reserved.
Terms of Service • Privacy Policy
Help Ukraine 🇺🇦
[page text: showing characters 8000-9593 of 9593 (end)]
