he purposes of this Non Disclosure Agreement, the following terms are defined as follows … VENUE

This Non Disclosure Agreement and the interpretation of the terms herein shall be governed by
Save


Non disclosure agreement template word
Contract Type
Non-Disclosure Agreement
Filed
January 29, 2022
Non disclosure agreement template word australia. Non disclosure agreement template word south africa. Non disclosure agreement template word doc. Non disclosure agreement template word india. Non...
Next

Non disclosure agreement template word

Non disclosure agreement template word australia. … Non disclosure agreement template word south africa. Non disclosure agreement template word doc. … Non disclosure agreement template word india. Non disclosure agreement template word philippines. … Non disclosure agreement template word free. Non disclosure agreement template word document. … Non disclosure agreement template word uk.
Save


Non-Disclosure Agreement
Contract Type
Non-Disclosure Agreement
Filed
February 02, 2023
This Non-Disclosure Agreement (NDA) is for purpose of preventing the unauthorized disclosure of Confidential Information as defined below:
Non-Disclosure Agreement

This Non-Disclosure Agreement (NDA) is for purpose of preventing the unauthorized … disclosure of Confidential Information as defined below:

1. … For purposes of this Agreement, “Confidential Information” is defined in accordance with PhilHealth Circular … addition, I also know and agree that my failure to fulfill any of the agreements set forth in this Agreement … and/or violations of any terms of this Agreement shall result in my being subject to appropriate disciplinary
Save


NON-DISCLOSURE AGREEMENT
Contract Type
Non-Disclosure Agreement
Filed
October 02, 2024
This non-disclosure and non-circumvention agreement ("Agreement") is hereby entered into as of this the [.] day of [.], 20 [.] [.] (“Effective Date”), by and between
NON-DISCLOSURE AGREEMENT

DRAFT NDA. … CUSTOMER DETAILS TO BE ADDED

This non-disclosure and non-circumvention agreement ("Agreement") is hereby … Non-disclosure Obligations: The Receiving Party promises and agrees to receive and hold the Confidential … contesting such a disclosure. … this Agreement is provided “as is”.
Save


NON-DISCLOSURE AGREEMENT
Contract Type
Non-Disclosure Agreement
Filed
March 21, 2023
This Non Disclosure Agreement (the “Agreement”) covers information exchanged starting from [Date remplissage form] (the “Effective Date”);
NON-DISCLOSURE AGREEMENT

BETWEEN:

SPACELOCKER SAS a French Société par Actions Simplifée, having its … This Non Disclosure Agreement (the “Agreement”) covers information exchanged starting from [Date remplissage … DISCLOSURE AGREEMENT
PAGE
1 of 7 … disclosure undertaking or agreement no less strict than this Agreement. … becomes publicly available other than by breach of this Agreement; or

is, at the time of disclosure
Save


Template non disclosure agreement canada
Contract Type
Non-Disclosure Agreement
Filed
April 29, 2022
Non disclosure agreement template ontario canada. Free non disclosure agreement template canada. Example of non disclosure agreement. What is included in a non disclosure agreement. Simple non...
Free non disclosure agreement template canada. Example of non disclosure agreement. … What is included in a non disclosure agreement. Simple non disclosure agreement template canada. … disclosure agreement canada

Non disclosure agreement template ontario canada. … Non disclosure agreement for recipes. … the agreement and wait to be sued. 06/01/2022 · Non Disclosure Agreement (NDA) This document protects
Save


NON DISCLOSURE AGREEMENT
Contract Type
Non-Disclosure Agreement
Filed
September 19, 2024
This Non-Disclosure and Confidentiality Agreement (the “Agreement”), is executed as of the __________ (the “Effective Date”), BY AND BETWEEN:
NON DISCLOSURE AGREEMENT

This Non-Disclosure and Confidentiality Agreement (the “Agreement”), is executed … subject to this Agreement. 
[page text truncated: showing characters 4000-8000 of 9593. Continue with: sutradhar text --offset 8000]
