driver pid 7788 start 00:43:02
audit probes done 01:17:51
E:              210G  190G   20G  91% /e
== repros start 01:17:51
== repros exit=1 01:18:51
E:              210G  191G   20G  91% /e
== harness1 start 01:18:51
== harness1 exit=0 01:30:30
E:              210G  191G   20G  91% /e
== harness2 start 01:30:31
== harness2 exit=0 01:41:55
E:              210G  191G   20G  91% /e
== fr2-08 start 01:41:55
== fr2-08 exit=1 01:50:15
E:              210G  191G   20G  91% /e
== fr2-07 start 01:50:15
== fr2-07 exit=0 01:56:27
E:              210G  191G   20G  91% /e
== fr2-04 start 01:56:27
== fr2-04 exit=0 02:01:48
E:              210G  191G   20G  91% /e
== run-cli start 02:01:49
== run-cli exit=0 02:14:09
DRIVER-ALLDONE 02:14:09
