{"timestamp":"2026-09-24T23:11:26.694Z","level":"info","message":"[BrowserLauncher] Launching browser instance","context":{"executablePath":"C:\\Program Files\\Google\\Chrome\\Application\\chrome.exe","headless":true,"argsCount":11}}
{"timestamp":"2026-09-24T23:11:26.922Z","level":"info","message":"[BrowserSessionManager] Created browser session sess_1790291486694_1","context":{"isIncognito":false}}
+50ms page.evaluate start
+51ms page.evaluate end
+53ms visibility=hidden
+53ms page.evaluate start
+53ms page.evaluate end
+53ms wait start
{"timestamp":"2026-09-24T23:11:27.000Z","level":"info","message":"[BrowserActionEngine] Executing action wait_for_selector","context":{"tabId":"tab_sess_1790291486694_1_1","selector":"#toast"}}
+55ms frame.$ start ""
+62ms frame.$ end
+167ms frame.$ start ""
+170ms frame.$ end
+276ms frame.$ start ""
+279ms frame.$ end
+385ms frame.$ start ""
+388ms frame.$ end
+495ms frame.$ start ""
+497ms frame.$ end
+606ms frame.$ start ""
+608ms frame.$ end
+714ms frame.$ start ""
+716ms frame.$ end
+822ms frame.$ start ""
+824ms frame.$ end
+929ms frame.$ start ""
+931ms frame.$ end
+1038ms frame.$ start ""
+1041ms frame.$ end
+1147ms frame.$ start ""
+1149ms frame.$ end
+1256ms frame.$ start ""
+1258ms frame.$ end
+1365ms frame.$ start ""
+1367ms frame.$ end
+1472ms frame.$ start ""
+1474ms frame.$ end
+1580ms frame.$ start ""
+1582ms frame.$ end
+1691ms frame.$ start ""
+1693ms frame.$ end
+1799ms frame.$ start ""
+1802ms frame.$ end
+1906ms frame.$ start ""
+1908ms frame.$ end
+2014ms frame.$ start ""
+2018ms frame.$ end
+2062ms frame.$ start ""
+2068ms frame.$ end
{"timestamp":"2026-09-24T23:11:29.015Z","level":"warn","message":"[BrowserActionEngine] Action wait_for_selector failed (attempt 1/3): wait_for_selector timed out after 2000ms waiting for state=visible: No element found for selector: #toast","context":{}}
+2575ms frame.$ start ""
+2578ms frame.$ end
+2686ms frame.$ start ""
+2688ms frame.$ end
+2795ms frame.$ start ""
+2797ms frame.$ end
+2903ms frame.$ start ""
+2906ms frame.$ end
+3012ms frame.$ start ""
+3013ms frame.$ end
+3120ms frame.$ start ""
+3122ms frame.$ end
+3230ms frame.$ start ""
+3233ms frame.$ end
+3338ms frame.$ start ""
+3340ms frame.$ end
+3446ms frame.$ start ""
+3448ms frame.$ end
+3557ms frame.$ start ""
+3560ms frame.$ end
+3668ms frame.$ start ""
+3670ms frame.$ end
+3778ms frame.$ start ""
+3780ms frame.$ end
+3887ms frame.$ start ""
+3891ms frame.$ end
+3996ms frame.$ start ""
+3998ms frame.$ end
+4104ms frame.$ start ""
+4106ms frame.$ end
+4214ms frame.$ start ""
+4216ms frame.$ end
+4322ms frame.$ start ""
+4324ms frame.$ end
+4430ms frame.$ start ""
+4432ms frame.$ end
+4539ms frame.$ start ""
+4541ms frame.$ end
+4586ms frame.$ start ""
+4588ms frame.$ end
{"timestamp":"2026-09-24T23:11:31.534Z","level":"warn","message":"[BrowserActionEngine] Action wait_for_selector failed (attempt 2/3): wait_for_selector timed out after 2000ms waiting for state=visible: No element found for selector: #toast","context":{}}
+5598ms frame.$ start ""
+5600ms frame.$ end
+5707ms frame.$ start ""
+5711ms frame.$ end
+5817ms frame.$ start ""
+5819ms frame.$ end
+5925ms frame.$ start ""
+5927ms frame.$ end
+6034ms frame.$ start ""
+6038ms frame.$ end
+6143ms frame.$ start ""
+6145ms frame.$ end
+6146ms verify start
+6146ms verify end
+6146ms wait end success=true err=undefined
{"timestamp":"2026-09-24T23:11:33.218Z","level":"info","message":"[BrowserSession] Closed session sess_1790291486694_1","context":{"reason":"Runtime shutdown"}}
{"timestamp":"2026-09-24T23:11:33.218Z","level":"info","message":"[BrowserSessionManager] Closed session sess_1790291486694_1","context":{"reason":"Runtime shutdown"}}
+6272ms shutdown
