{"timestamp":"2026-09-24T23:09:48.579Z","level":"info","message":"[BrowserLauncher] Connecting to remote browser endpoint","context":{"endpoint":"ws://127.0.0.1:56716/devtools/browser/7ece8aa4-1f12-4e64-b939-e267d8a2ee71"}}
{"timestamp":"2026-09-24T23:09:48.584Z","level":"info","message":"[BrowserSessionManager] Created browser session sess_1790291388579_1","context":{"isIncognito":false}}
{"timestamp":"2026-09-24T23:09:49.548Z","level":"info","message":"[BrowserActionEngine] Executing action wait_for_selector","context":{"tabId":"tab_sess_1790291388579_1_2","selector":"#toast"}}
{"mode":"pptr-headless","label":"visible-toast","background":false,"visibilityState":"visible","rafCallsIn500ms":75,"success":true,"latencyAfterTriggerMs":33,"totalMs":1538,"retriesUsed":0,"truthAtEnd":"visible"}
{"timestamp":"2026-09-24T23:09:52.014Z","level":"info","message":"[BrowserActionEngine] Executing action wait_for_selector","context":{"tabId":"tab_sess_1790291388579_1_2","selector":"#banner"}}
{"mode":"pptr-headless","label":"hidden-banner","background":false,"visibilityState":"visible","rafCallsIn500ms":74,"success":true,"latencyAfterTriggerMs":41,"totalMs":1547,"retriesUsed":0,"truthAtEnd":"hidden"}
{"timestamp":"2026-09-24T23:09:54.504Z","level":"info","message":"[BrowserActionEngine] Executing action wait_for_selector","context":{"tabId":"tab_sess_1790291388579_1_2","selector":"#late"}}
{"mode":"pptr-headless","label":"attached-late(control,mutation-poll)","background":false,"visibilityState":"visible","rafCallsIn500ms":74,"success":true,"latencyAfterTriggerMs":3,"totalMs":1506,"retriesUsed":0,"truthAtEnd":"visible"}
{"timestamp":"2026-09-24T23:09:56.962Z","level":"info","message":"[BrowserActionEngine] Executing action wait_for_selector","context":{"tabId":"tab_sess_1790291388579_1_2","selector":"#toast"}}
{"mode":"pptr-headless","label":"visible-toast","background":true,"visibilityState":"hidden","rafCallsIn500ms":1,"success":true,"latencyAfterTriggerMs":35,"totalMs":1545,"retriesUsed":0,"truthAtEnd":"visible"}
{"timestamp":"2026-09-24T23:09:59.438Z","level":"info","message":"[BrowserActionEngine] Executing action wait_for_selector","context":{"tabId":"tab_sess_1790291388579_1_2","selector":"#banner"}}
{"mode":"pptr-headless","label":"hidden-banner","background":true,"visibilityState":"hidden","rafCallsIn500ms":1,"success":true,"latencyAfterTriggerMs":37,"totalMs":1546,"retriesUsed":0,"truthAtEnd":"hidden"}
{"timestamp":"2026-09-24T23:10:01.907Z","level":"info","message":"[BrowserActionEngine] Executing action wait_for_selector","context":{"tabId":"tab_sess_1790291388579_1_2","selector":"#late"}}
{"mode":"pptr-headless","label":"attached-late(control,mutation-poll)","background":true,"visibilityState":"hidden","rafCallsIn500ms":1,"success":true,"latencyAfterTriggerMs":2,"totalMs":1511,"retriesUsed":0,"truthAtEnd":"visible"}
{"timestamp":"2026-09-24T23:10:03.440Z","level":"info","message":"[BrowserSession] Closed session sess_1790291388579_1","context":{"reason":"Runtime shutdown"}}
{"timestamp":"2026-09-24T23:10:03.441Z","level":"info","message":"[BrowserSessionManager] Closed session sess_1790291388579_1","context":{"reason":"Runtime shutdown"}}
{"timestamp":"2026-09-24T23:10:12.774Z","level":"info","message":"[BrowserLauncher] Connecting to remote browser endpoint","context":{"endpoint":"ws://127.0.0.1:56462/devtools/browser/5937c016-12c1-4378-897f-383391db0d35"}}
{"timestamp":"2026-09-24T23:10:12.790Z","level":"info","message":"[BrowserSessionManager] Created browser session sess_1790291412774_1","context":{"isIncognito":false}}
{"timestamp":"2026-09-24T23:10:13.761Z","level":"info","message":"[BrowserActionEngine] Executing action wait_for_selector","context":{"tabId":"tab_sess_1790291412774_1_1","selector":"#toast"}}
{"mode":"cli-headless","label":"visible-toast","background":false,"visibilityState":"visible","rafCallsIn500ms":75,"success":true,"latencyAfterTriggerMs":36,"totalMs":1552,"retriesUsed":0,"truthAtEnd":"visible"}
{"timestamp":"2026-09-24T23:10:16.241Z","level":"info","message":"[BrowserActionEngine] Executing action wait_for_selector","context":{"tabId":"tab_sess_1790291412774_1_1","selector":"#banner"}}
{"mode":"cli-headless","label":"hidden-banner","background":false,"visibilityState":"visible","rafCallsIn500ms":75,"success":true,"latencyAfterTriggerMs":41,"totalMs":1548,"retriesUsed":0,"truthAtEnd":"hidden"}
{"timestamp":"2026-09-24T23:10:18.729Z","level":"info","message":"[BrowserActionEngine] Executing action wait_for_selector","context":{"tabId":"tab_sess_1790291412774_1_1","selector":"#late"}}
{"mode":"cli-headless","label":"attached-late(control,mutation-poll)","background":false,"visibilityState":"visible","rafCallsIn500ms":75,"success":true,"latencyAfterTriggerMs":2,"totalMs":1511,"retriesUsed":0,"truthAtEnd":"visible"}
{"timestamp":"2026-09-24T23:10:22.184Z","level":"info","message":"[BrowserActionEngine] Executing action wait_for_selector","context":{"tabId":"tab_sess_1790291412774_1_1","selector":"#toast"}}
{"mode":"cli-headless","label":"visible-toast","background":true,"visibilityState":"hidden","rafCallsIn500ms":1,"success":true,"latencyAfterTriggerMs":96,"totalMs":2085,"retriesUsed":0,"truthAtEnd":"visible"}
{"timestamp":"2026-09-24T23:10:26.181Z","level":"info","message":"[BrowserActionEngine] Executing action wait_for_selector","context":{"tabId":"tab_sess_1790291412774_1_1","selector":"#banner"}}
{"mode":"cli-headless","label":"hidden-banner","background":true,"visibilityState":"hidden","rafCallsIn500ms":1,"success":true,"latencyAfterTriggerMs":38,"totalMs":2033,"retriesUsed":0,"truthAtEnd":"hidden"}
{"timestamp":"2026-09-24T23:10:29.185Z","level":"info","message":"[BrowserActionEngine] Executing action wait_for_selector","context":{"tabId":"tab_sess_1790291412774_1_1","selector":"#late"}}
{"mode":"cli-headless","label":"attached-late(control,mutation-poll)","background":true,"visibilityState":"hidden","rafCallsIn500ms":1,"success":true,"latencyAfterTriggerMs":3,"totalMs":1996,"retriesUsed":0,"truthAtEnd":"visible"}
{"timestamp":"2026-09-24T23:10:31.201Z","level":"info","message":"[BrowserSession] Closed session sess_1790291412774_1","context":{"reason":"Runtime shutdown"}}
{"timestamp":"2026-09-24T23:10:31.201Z","level":"info","message":"[BrowserSessionManager] Closed session sess_1790291412774_1","context":{"reason":"Runtime shutdown"}}
{"timestamp":"2026-09-24T23:10:32.637Z","level":"info","message":"[BrowserLauncher] Connecting to remote browser endpoint","context":{"endpoint":"ws://127.0.0.1:58828/devtools/browser/9f4f1702-4c3c-4294-90be-16218af1948c"}}
{"timestamp":"2026-09-24T23:10:32.650Z","level":"info","message":"[BrowserSessionManager] Created browser session sess_1790291432637_1","context":{"isIncognito":false}}
{"timestamp":"2026-09-24T23:10:33.615Z","level":"info","message":"[BrowserActionEngine] Executing action wait_for_selector","context":{"tabId":"tab_sess_1790291432637_1_1","selector":"#toast"}}
{"mode":"cli-headed","label":"visible-toast","background":false,"visibilityState":"visible","rafCallsIn500ms":75,"success":true,"latencyAfterTriggerMs":35,"totalMs":1536,"retriesUsed":0,"truthAtEnd":"visible"}
{"timestamp":"2026-09-24T23:10:36.080Z","level":"info","message":"[BrowserActionEngine] Executing action wait_for_selector","context":{"tabId":"tab_sess_1790291432637_1_1","selector":"#banner"}}
{"mode":"cli-headed","label":"hidden-banner","background":false,"visibilityState":"visible","rafCallsIn500ms":75,"success":true,"latencyAfterTriggerMs":44,"totalMs":1544,"retriesUsed":0,"truthAtEnd":"hidden"}
{"timestamp":"2026-09-24T23:10:38.562Z","level":"info","message":"[BrowserActionEngine] Executing action wait_for_selector","context":{"tabId":"tab_sess_1790291432637_1_1","selector":"#late"}}
{"mode":"cli-headed","label":"attached-late(control,mutation-poll)","background":false,"visibilityState":"visible","rafCallsIn500ms":75,"success":true,"latencyAfterTriggerMs":3,"totalMs":1508,"retriesUsed":0,"truthAtEnd":"visible"}
{"timestamp":"2026-09-24T23:10:41.177Z","level":"info","message":"[BrowserActionEngine] Executing action wait_for_selector","context":{"tabId":"tab_sess_1790291432637_1_1","selector":"#toast"}}
{"mode":"cli-headed","label":"visible-toast","background":true,"visibilityState":"hidden","rafCallsIn500ms":1,"success":true,"latencyAfterTriggerMs":82,"totalMs":2078,"retriesUsed":0,"truthAtEnd":"visible"}
{"timestamp":"2026-09-24T23:10:45.183Z","level":"info","message":"[BrowserActionEngine] Executing action wait_for_selector","context":{"tabId":"tab_sess_1790291432637_1_1","selector":"#banner"}}
{"mode":"cli-headed","label":"hidden-banner","background":true,"visibilityState":"hidden","rafCallsIn500ms":1,"success":true,"latencyAfterTriggerMs":109,"totalMs":2100,"retriesUsed":0,"truthAtEnd":"hidden"}
{"timestamp":"2026-09-24T23:10:49.185Z","level":"info","message":"[BrowserActionEngine] Executing action wait_for_selector","context":{"tabId":"tab_sess_1790291432637_1_1","selector":"#late"}}
{"mode":"cli-headed","label":"attached-late(control,mutation-poll)","background":true,"visibilityState":"hidden","rafCallsIn500ms":1,"success":true,"latencyAfterTriggerMs":6,"totalMs":1997,"retriesUsed":0,"truthAtEnd":"visible"}
{"timestamp":"2026-09-24T23:10:51.203Z","level":"info","message":"[BrowserSession] Closed session sess_1790291432637_1","context":{"reason":"Runtime shutdown"}}
{"timestamp":"2026-09-24T23:10:51.203Z","level":"info","message":"[BrowserSessionManager] Closed session sess_1790291432637_1","context":{"reason":"Runtime shutdown"}}
