{"timestamp":"2026-09-25T03:59:22.317Z","level":"info","message":"[BrowserActionEngine] Executing action wait_for_selector","context":{"tabId":"t0","selector":"#stay"}}
{"timestamp":"2026-09-25T03:59:22.444Z","level":"warn","message":"[BrowserActionEngine] Action wait_for_selector failed (attempt 1/1): wait_for_selector failed waiting for state=hidden: Tab was closed while wait_for_selector was checking its state.","context":{}}
{"timestamp":"2026-09-25T03:59:22.445Z","level":"warn","message":"[BrowserActionEngine] Skipping failure screenshot: Protocol error (Page.captureScreenshot): Session closed. Most likely the page has been closed.","context":{}}
{"timestamp":"2026-09-25T03:59:22.474Z","level":"info","message":"[BrowserActionEngine] Executing action wait_for_selector","context":{"tabId":"t1","selector":"#stay"}}
{"timestamp":"2026-09-25T03:59:22.600Z","level":"warn","message":"[BrowserActionEngine] Action wait_for_selector failed (attempt 1/1): wait_for_selector failed waiting for state=hidden: Tab was closed while wait_for_selector was checking its state.","context":{}}
{"timestamp":"2026-09-25T03:59:22.600Z","level":"warn","message":"[BrowserActionEngine] Skipping failure screenshot: Protocol error (Page.captureScreenshot): Session closed. Most likely the page has been closed.","context":{}}
{"timestamp":"2026-09-25T03:59:22.631Z","level":"info","message":"[BrowserActionEngine] Executing action wait_for_selector","context":{"tabId":"t2","selector":"#stay"}}
{"timestamp":"2026-09-25T03:59:22.746Z","level":"warn","message":"[BrowserActionEngine] Action wait_for_selector failed (attempt 1/1): wait_for_selector failed waiting for state=hidden: Protocol error (Runtime.callFunctionOn): Target closed","context":{}}
{"timestamp":"2026-09-25T03:59:22.746Z","level":"warn","message":"[BrowserActionEngine] Skipping failure screenshot: Protocol error (Page.captureScreenshot): Session closed. Most likely the page has been closed.","context":{}}
{"timestamp":"2026-09-25T03:59:22.788Z","level":"info","message":"[BrowserActionEngine] Executing action wait_for_selector","context":{"tabId":"t3","selector":"#stay"}}
{"timestamp":"2026-09-25T03:59:23.017Z","level":"warn","message":"[BrowserActionEngine] Action wait_for_selector failed (attempt 1/1): wait_for_selector failed waiting for state=hidden: Tab was closed while wait_for_selector was checking its state.","context":{}}
{"timestamp":"2026-09-25T03:59:23.017Z","level":"warn","message":"[BrowserActionEngine] Skipping failure screenshot: Protocol error (Page.captureScreenshot): Session closed. Most likely the page has been closed.","context":{}}
{"timestamp":"2026-09-25T03:59:23.045Z","level":"info","message":"[BrowserActionEngine] Executing action wait_for_selector","context":{"tabId":"t4","selector":"#stay"}}
{"timestamp":"2026-09-25T03:59:23.278Z","level":"warn","message":"[BrowserActionEngine] Action wait_for_selector failed (attempt 1/1): wait_for_selector failed waiting for state=hidden: Tab was closed while wait_for_selector was checking its state.","context":{}}
{"timestamp":"2026-09-25T03:59:23.278Z","level":"warn","message":"[BrowserActionEngine] Skipping failure screenshot: Protocol error (Page.captureScreenshot): Session closed. Most likely the page has been closed.","context":{}}
{"timestamp":"2026-09-25T03:59:23.312Z","level":"info","message":"[BrowserActionEngine] Executing action wait_for_selector","context":{"tabId":"t5","selector":"#stay"}}
{"timestamp":"2026-09-25T03:59:23.545Z","level":"warn","message":"[BrowserActionEngine] Action wait_for_selector failed (attempt 1/1): wait_for_selector failed waiting for state=hidden: Tab was closed while wait_for_selector was checking its state.","context":{}}
{"timestamp":"2026-09-25T03:59:23.545Z","level":"warn","message":"[BrowserActionEngine] Skipping failure screenshot: Protocol error (Page.captureScreenshot): Session closed. Most likely the page has been closed.","context":{}}
{"timestamp":"2026-09-25T03:59:23.581Z","level":"info","message":"[BrowserActionEngine] Executing action wait_for_selector","context":{"tabId":"t6","selector":"#stay"}}
{"timestamp":"2026-09-25T03:59:23.919Z","level":"warn","message":"[BrowserActionEngine] Action wait_for_selector failed (attempt 1/1): wait_for_selector failed waiting for state=hidden: Tab was closed while wait_for_selector was checking its state.","context":{}}
{"timestamp":"2026-09-25T03:59:23.919Z","level":"warn","message":"[BrowserActionEngine] Skipping failure screenshot: Protocol error (Page.captureScreenshot): Session closed. Most likely the page has been closed.","context":{}}
{"timestamp":"2026-09-25T03:59:23.957Z","level":"info","message":"[BrowserActionEngine] Executing action wait_for_selector","context":{"tabId":"t7","selector":"#stay"}}
{"timestamp":"2026-09-25T03:59:24.293Z","level":"warn","message":"[BrowserActionEngine] Action wait_for_selector failed (attempt 1/1): wait_for_selector failed waiting for state=hidden: Tab was closed while wait_for_selector was checking its state.","context":{}}
{"timestamp":"2026-09-25T03:59:24.293Z","level":"warn","message":"[BrowserActionEngine] Skipping failure screenshot: Protocol error (Page.captureScreenshot): Session closed. Most likely the page has been closed.","context":{}}
{"timestamp":"2026-09-25T03:59:24.325Z","level":"info","message":"[BrowserActionEngine] Executing action wait_for_selector","context":{"tabId":"t8","selector":"#stay"}}
{"timestamp":"2026-09-25T03:59:24.668Z","level":"warn","message":"[BrowserActionEngine] Action wait_for_selector failed (attempt 1/1): wait_for_selector failed waiting for state=hidden: Tab was closed while wait_for_selector was checking its state.","context":{}}
{"timestamp":"2026-09-25T03:59:24.668Z","level":"warn","message":"[BrowserActionEngine] Skipping failure screenshot: Protocol error (Page.captureScreenshot): Session closed. Most likely the page has been closed.","context":{}}
{"timestamp":"2026-09-25T03:59:24.701Z","level":"info","message":"[BrowserActionEngine] Executing action wait_for_selector","context":{"tabId":"t9","selector":"#stay"}}
{"timestamp":"2026-09-25T03:59:25.148Z","level":"warn","message":"[BrowserActionEngine] Action wait_for_selector failed (attempt 1/1): wait_for_selector failed waiting for state=hidden: Tab was closed while wait_for_selector was checking its state.","context":{}}
{"timestamp":"2026-09-25T03:59:25.148Z","level":"warn","message":"[BrowserActionEngine] Skipping failure screenshot: Protocol error (Page.captureScreenshot): Session closed. Most likely the page has been closed.","context":{}}
{"timestamp":"2026-09-25T03:59:25.182Z","level":"info","message":"[BrowserActionEngine] Executing action wait_for_selector","context":{"tabId":"t10","selector":"#stay"}}
{"timestamp":"2026-09-25T03:59:25.635Z","level":"warn","message":"[BrowserActionEngine] Action wait_for_selector failed (attempt 1/1): wait_for_selector failed waiting for state=hidden: Tab was closed while wait_for_selector was checking its state.","context":{}}
{"timestamp":"2026-09-25T03:59:25.636Z","level":"warn","message":"[BrowserActionEngine] Skipping failure screenshot: Protocol error (Page.captureScreenshot): Session closed. Most likely the page has been closed.","context":{}}
{"timestamp":"2026-09-25T03:59:25.676Z","level":"info","message":"[BrowserActionEngine] Executing action wait_for_selector","context":{"tabId":"t11","selector":"#stay"}}
{"timestamp":"2026-09-25T03:59:25.790Z","level":"warn","message":"[BrowserActionEngine] Action wait_for_selector failed (attempt 1/1): wait_for_selector failed waiting for state=hidden: Tab was closed while wait_for_selector was checking its state.","context":{}}
{"timestamp":"2026-09-25T03:59:25.790Z","level":"warn","message":"[BrowserActionEngine] Skipping failure screenshot: Protocol error (Page.captureScreenshot): Session closed. Most likely the page has been closed.","context":{}}
{"timestamp":"2026-09-25T03:59:25.822Z","level":"info","message":"[BrowserActionEngine] Executing action wait_for_selector","context":{"tabId":"t12","selector":"#stay"}}
{"timestamp":"2026-09-25T03:59:25.945Z","level":"warn","message":"[BrowserActionEngine] Action wait_for_selector failed (attempt 1/1): wait_for_selector failed waiting for state=hidden: Tab was closed while wait_for_selector was checking its state.","context":{}}
{"timestamp":"2026-09-25T03:59:25.946Z","level":"warn","message":"[BrowserActionEngine] Skipping failure screenshot: Protocol error (Page.captureScreenshot): Session closed. Most likely the page has been closed.","context":{}}
{"timestamp":"2026-09-25T03:59:25.977Z","level":"info","message":"[BrowserActionEngine] Executing action wait_for_selector","context":{"tabId":"t13","selector":"#stay"}}
{"timestamp":"2026-09-25T03:59:26.098Z","level":"warn","message":"[BrowserActionEngine] Action wait_for_selector failed (attempt 1/1): wait_for_selector failed waiting for state=hidden: Protocol error (Runtime.callFunctionOn): Target closed","context":{}}
{"timestamp":"2026-09-25T03:59:26.098Z","level":"warn","message":"[BrowserActionEngine] Skipping failure screenshot: Protocol error (Page.captureScreenshot): Session closed. Most likely the page has been closed.","context":{}}
{"timestamp":"2026-09-25T03:59:26.136Z","level":"info","message":"[BrowserActionEngine] Executing action wait_for_selector","context":{"tabId":"t14","selector":"#stay"}}
{"timestamp":"2026-09-25T03:59:26.365Z","level":"warn","message":"[BrowserActionEngine] Action wait_for_selector failed (attempt 1/1): wait_for_selector failed waiting for state=hidden: Tab was closed while wait_for_selector was checking its state.","context":{}}
{"timestamp":"2026-09-25T03:59:26.366Z","level":"warn","message":"[BrowserActionEngine] Skipping failure screenshot: Protocol error (Page.captureScreenshot): Session closed. Most likely the page has been closed.","context":{}}
{"timestamp":"2026-09-25T03:59:26.414Z","level":"info","message":"[BrowserActionEngine] Executing action wait_for_selector","context":{"tabId":"t15","selector":"#stay"}}
{"timestamp":"2026-09-25T03:59:26.644Z","level":"warn","message":"[BrowserActionEngine] Action wait_for_selector failed (attempt 1/1): wait_for_selector failed waiting for state=hidden: Tab was closed while wait_for_selector was checking its state.","context":{}}
{"timestamp":"2026-09-25T03:59:26.644Z","level":"warn","message":"[BrowserActionEngine] Skipping failure screenshot: Protocol error (Page.captureScreenshot): Session closed. Most likely the page has been closed.","context":{}}
{"timestamp":"2026-09-25T03:59:26.680Z","level":"info","message":"[BrowserActionEngine] Executing action wait_for_selector","context":{"tabId":"t16","selector":"#stay"}}
{"timestamp":"2026-09-25T03:59:26.914Z","level":"warn","message":"[BrowserActionEngine] Action wait_for_selector failed (attempt 1/1): wait_for_selector failed waiting for state=hidden: Protocol error (Runtime.callFunctionOn): Target closed","context":{}}
{"timestamp":"2026-09-25T03:59:26.914Z","level":"warn","message":"[BrowserActionEngine] Skipping failure screenshot: Protocol error (Page.captureScreenshot): Session closed. Most likely the page has been closed.","context":{}}
{"timestamp":"2026-09-25T03:59:26.949Z","level":"info","message":"[BrowserActionEngine] Executing action wait_for_selector","context":{"tabId":"t17","selector":"#stay"}}
{"timestamp":"2026-09-25T03:59:27.283Z","level":"warn","message":"[BrowserActionEngine] Action wait_for_selector failed (attempt 1/1): wait_for_selector failed waiting for state=hidden: Tab was closed while wait_for_selector was checking its state.","context":{}}
{"timestamp":"2026-09-25T03:59:27.283Z","level":"warn","message":"[BrowserActionEngine] Skipping failure screenshot: Protocol error (Page.captureScreenshot): Session closed. Most likely the page has been closed.","context":{}}
{"timestamp":"2026-09-25T03:59:27.319Z","level":"info","message":"[BrowserActionEngine] Executing action wait_for_selector","context":{"tabId":"t18","selector":"#stay"}}
{"timestamp":"2026-09-25T03:59:27.659Z","level":"warn","message":"[BrowserActionEngine] Action wait_for_selector failed (attempt 1/1): wait_for_selector failed waiting for state=hidden: Tab was closed while wait_for_selector was checking its state.","context":{}}
{"timestamp":"2026-09-25T03:59:27.659Z","level":"warn","message":"[BrowserActionEngine] Skipping failure screenshot: Protocol error (Page.captureScreenshot): Session closed. Most likely the page has been closed.","context":{}}
{"timestamp":"2026-09-25T03:59:27.698Z","level":"info","message":"[BrowserActionEngine] Executing action wait_for_selector","context":{"tabId":"t19","selector":"#stay"}}
{"timestamp":"2026-09-25T03:59:28.043Z","level":"warn","message":"[BrowserActionEngine] Action wait_for_selector failed (attempt 1/1): wait_for_selector failed waiting for state=hidden: Protocol error (Runtime.callFunctionOn): Target closed","context":{}}
{"timestamp":"2026-09-25T03:59:28.043Z","level":"warn","message":"[BrowserActionEngine] Skipping failure screenshot: Protocol error (Page.captureScreenshot): Session closed. Most likely the page has been closed.","context":{}}
{"timestamp":"2026-09-25T03:59:28.080Z","level":"info","message":"[BrowserActionEngine] Executing action wait_for_selector","context":{"tabId":"t20","selector":"#stay"}}
{"timestamp":"2026-09-25T03:59:28.530Z","level":"warn","message":"[BrowserActionEngine] Action wait_for_selector failed (attempt 1/1): wait_for_selector failed waiting for state=hidden: Tab was closed while wait_for_selector was checking its state.","context":{}}
{"timestamp":"2026-09-25T03:59:28.530Z","level":"warn","message":"[BrowserActionEngine] Skipping failure screenshot: Protocol error (Page.captureScreenshot): Session closed. Most likely the page has been closed.","context":{}}
{"timestamp":"2026-09-25T03:59:28.570Z","level":"info","message":"[BrowserActionEngine] Executing action wait_for_selector","context":{"tabId":"t21","selector":"#stay"}}
{"timestamp":"2026-09-25T03:59:29.008Z","level":"warn","message":"[BrowserActionEngine] Action wait_for_selector failed (attempt 1/1): wait_for_selector failed waiting for state=hidden: Tab was closed while wait_for_selector was checking its state.","context":{}}
{"timestamp":"2026-09-25T03:59:29.008Z","level":"warn","message":"[BrowserActionEngine] Skipping failure screenshot: Protocol error (Page.captureScreenshot): Session closed. Most likely the page has been closed.","context":{}}
{"timestamp":"2026-09-25T03:59:29.051Z","level":"info","message":"[BrowserActionEngine] Executing action wait_for_selector","context":{"tabId":"t22","selector":"#stay"}}
{"timestamp":"2026-09-25T03:59:29.176Z","level":"warn","message":"[BrowserActionEngine] Action wait_for_selector failed (attempt 1/1): wait_for_selector failed waiting for state=hidden: Tab was closed while wait_for_selector was checking its state.","context":{}}
{"timestamp":"2026-09-25T03:59:29.176Z","level":"warn","message":"[BrowserActionEngine] Skipping failure screenshot: Protocol error (Page.captureScreenshot): Session closed. Most likely the page has been closed.","context":{}}
{"timestamp":"2026-09-25T03:59:29.219Z","level":"info","message":"[BrowserActionEngine] Executing action wait_for_selector","context":{"tabId":"t23","selector":"#stay"}}
{"timestamp":"2026-09-25T03:59:29.344Z","level":"warn","message":"[BrowserActionEngine] Action wait_for_selector failed (attempt 1/1): wait_for_selector failed waiting for state=hidden: Tab was closed while wait_for_selector was checking its state.","context":{}}
{"timestamp":"2026-09-25T03:59:29.345Z","level":"warn","message":"[BrowserActionEngine] Skipping failure screenshot: Protocol error (Page.captureScreenshot): Session closed. Most likely the page has been closed.","context":{}}
{"timestamp":"2026-09-25T03:59:29.385Z","level":"info","message":"[BrowserActionEngine] Executing action wait_for_selector","context":{"tabId":"t24","selector":"#stay"}}
{"timestamp":"2026-09-25T03:59:29.511Z","level":"warn","message":"[BrowserActionEngine] Action wait_for_selector failed (attempt 1/1): wait_for_selector failed waiting for state=hidden: Protocol error (Runtime.callFunctionOn): Target closed","context":{}}
{"timestamp":"2026-09-25T03:59:29.511Z","level":"warn","message":"[BrowserActionEngine] Skipping failure screenshot: Protocol error (Page.captureScreenshot): Session closed. Most likely the page has been closed.","context":{}}
{"timestamp":"2026-09-25T03:59:29.548Z","level":"info","message":"[BrowserActionEngine] Executing action wait_for_selector","context":{"tabId":"t25","selector":"#stay"}}
{"timestamp":"2026-09-25T03:59:29.779Z","level":"warn","message":"[BrowserActionEngine] Action wait_for_selector failed (attempt 1/1): wait_for_selector failed waiting for state=hidden: Tab was closed while wait_for_selector was checking its state.","context":{}}
{"timestamp":"2026-09-25T03:59:29.779Z","level":"warn","message":"[BrowserActionEngine] Skipping failure screenshot: Protocol error (Page.captureScreenshot): Session closed. Most likely the page has been closed.","context":{}}
{"timestamp":"2026-09-25T03:59:29.818Z","level":"info","message":"[BrowserActionEngine] Executing action wait_for_selector","context":{"tabId":"t26","selector":"#stay"}}
{"timestamp":"2026-09-25T03:59:30.043Z","level":"warn","message":"[BrowserActionEngine] Action wait_for_selector failed (attempt 1/1): wait_for_selector failed waiting for state=hidden: Tab was closed while wait_for_selector was checking its state.","context":{}}
{"timestamp":"2026-09-25T03:59:30.043Z","level":"warn","message":"[BrowserActionEngine] Skipping failure screenshot: Protocol error (Page.captureScreenshot): Session closed. Most likely the page has been closed.","context":{}}
{"timestamp":"2026-09-25T03:59:30.078Z","level":"info","message":"[BrowserActionEngine] Executing action wait_for_selector","context":{"tabId":"t27","selector":"#stay"}}
{"timestamp":"2026-09-25T03:59:30.313Z","level":"warn","message":"[BrowserActionEngine] Action wait_for_selector failed (attempt 1/1): wait_for_selector failed waiting for state=hidden: Protocol error (Runtime.callFunctionOn): Target closed","context":{}}
{"timestamp":"2026-09-25T03:59:30.313Z","level":"warn","message":"[BrowserActionEngine] Skipping failure screenshot: Protocol error (Page.captureScreenshot): Session closed. Most likely the page has been closed.","context":{}}
{"timestamp":"2026-09-25T03:59:30.353Z","level":"info","message":"[BrowserActionEngine] Executing action wait_for_selector","context":{"tabId":"t28","selector":"#stay"}}
{"timestamp":"2026-09-25T03:59:30.694Z","level":"warn","message":"[BrowserActionEngine] Action wait_for_selector failed (attempt 1/1): wait_for_selector failed waiting for state=hidden: Tab was closed while wait_for_selector was checking its state.","context":{}}
{"timestamp":"2026-09-25T03:59:30.694Z","level":"warn","message":"[BrowserActionEngine] Skipping failure screenshot: Protocol error (Page.captureScreenshot): Session closed. Most likely the page has been closed.","context":{}}
{"timestamp":"2026-09-25T03:59:30.734Z","level":"info","message":"[BrowserActionEngine] Executing action wait_for_selector","context":{"tabId":"t29","selector":"#stay"}}
{"timestamp":"2026-09-25T03:59:31.069Z","level":"warn","message":"[BrowserActionEngine] Action wait_for_selector failed (attempt 1/1): wait_for_selector failed waiting for state=hidden: Tab was closed while wait_for_selector was checking its state.","context":{}}
{"timestamp":"2026-09-25T03:59:31.069Z","level":"warn","message":"[BrowserActionEngine] Skipping failure screenshot: Protocol error (Page.captureScreenshot): Session closed. Most likely the page has been closed.","context":{}}
{"timestamp":"2026-09-25T03:59:31.104Z","level":"info","message":"[BrowserActionEngine] Executing action wait_for_selector","context":{"tabId":"t30","selector":"#stay"}}
{"timestamp":"2026-09-25T03:59:31.455Z","level":"warn","message":"[BrowserActionEngine] Action wait_for_selector failed (attempt 1/1): wait_for_selector failed waiting for state=hidden: Protocol error (Runtime.callFunctionOn): Target closed","context":{}}
{"timestamp":"2026-09-25T03:59:31.455Z","level":"warn","message":"[BrowserActionEngine] Skipping failure screenshot: Protocol error (Page.captureScreenshot): Session closed. Most likely the page has been closed.","context":{}}
{"timestamp":"2026-09-25T03:59:31.500Z","level":"info","message":"[BrowserActionEngine] Executing action wait_for_selector","context":{"tabId":"t31","selector":"#stay"}}
{"timestamp":"2026-09-25T03:59:31.944Z","level":"warn","message":"[BrowserActionEngine] Action wait_for_selector failed (attempt 1/1): wait_for_selector failed waiting for state=hidden: Tab was closed while wait_for_selector was checking its state.","context":{}}
{"timestamp":"2026-09-25T03:59:31.944Z","level":"warn","message":"[BrowserActionEngine] Skipping failure screenshot: Protocol error (Page.captureScreenshot): Session closed. Most likely the page has been closed.","context":{}}
{"timestamp":"2026-09-25T03:59:31.980Z","level":"info","message":"[BrowserActionEngine] Executing action wait_for_selector","context":{"tabId":"t32","selector":"#stay"}}
{"timestamp":"2026-09-25T03:59:32.428Z","level":"warn","message":"[BrowserActionEngine] Action wait_for_selector failed (attempt 1/1): wait_for_selector failed waiting for state=hidden: Tab was closed while wait_for_selector was checking its state.","context":{}}
{"timestamp":"2026-09-25T03:59:32.428Z","level":"warn","message":"[BrowserActionEngine] Skipping failure screenshot: Protocol error (Page.captureScreenshot): Session closed. Most likely the page has been closed.","context":{}}
{"timestamp":"2026-09-25T03:59:32.473Z","level":"info","message":"[BrowserActionEngine] Executing action wait_for_selector","context":{"tabId":"t33","selector":"#stay"}}
{"timestamp":"2026-09-25T03:59:32.598Z","level":"warn","message":"[BrowserActionEngine] Action wait_for_selector failed (attempt 1/1): wait_for_selector failed waiting for state=hidden: Tab was closed while wait_for_selector was checking its state.","context":{}}
{"timestamp":"2026-09-25T03:59:32.598Z","level":"warn","message":"[BrowserActionEngine] Skipping failure screenshot: Protocol error (Page.captureScreenshot): Session closed. Most likely the page has been closed.","context":{}}
{"timestamp":"2026-09-25T03:59:32.635Z","level":"info","message":"[BrowserActionEngine] Executing action wait_for_selector","context":{"tabId":"t34","selector":"#stay"}}
{"timestamp":"2026-09-25T03:59:32.754Z","level":"warn","message":"[BrowserActionEngine] Action wait_for_selector failed (attempt 1/1): wait_for_selector failed waiting for state=hidden: Tab was closed while wait_for_selector was checking its state.","context":{}}
{"timestamp":"2026-09-25T03:59:32.754Z","level":"warn","message":"[BrowserActionEngine] Skipping failure screenshot: Protocol error (Page.captureScreenshot): Session closed. Most likely the page has been closed.","context":{}}
{"timestamp":"2026-09-25T03:59:32.800Z","level":"info","message":"[BrowserActionEngine] Executing action wait_for_selector","context":{"tabId":"t35","selector":"#stay"}}
{"timestamp":"2026-09-25T03:59:32.935Z","level":"warn","message":"[BrowserActionEngine] Action wait_for_selector failed (attempt 1/1): wait_for_selector failed waiting for state=hidden: Protocol error (Runtime.callFunctionOn): Target closed","context":{}}
{"timestamp":"2026-09-25T03:59:32.935Z","level":"warn","message":"[BrowserActionEngine] Skipping failure screenshot: Protocol error (Page.captureScreenshot): Session closed. Most likely the page has been closed.","context":{}}
{"timestamp":"2026-09-25T03:59:32.983Z","level":"info","message":"[BrowserActionEngine] Executing action wait_for_selector","context":{"tabId":"t36","selector":"#stay"}}
{"timestamp":"2026-09-25T03:59:33.217Z","level":"warn","message":"[BrowserActionEngine] Action wait_for_selector failed (attempt 1/1): wait_for_selector failed waiting for state=hidden: Tab was closed while wait_for_selector was checking its state.","context":{}}
{"timestamp":"2026-09-25T03:59:33.218Z","level":"warn","message":"[BrowserActionEngine] Skipping failure screenshot: Protocol error (Page.captureScreenshot): Session closed. Most likely the page has been closed.","context":{}}
{"timestamp":"2026-09-25T03:59:33.267Z","level":"info","message":"[BrowserActionEngine] Executing action wait_for_selector","context":{"tabId":"t37","selector":"#stay"}}
{"timestamp":"2026-09-25T03:59:33.500Z","level":"warn","message":"[BrowserActionEngine] Action wait_for_selector failed (attempt 1/1): wait_for_selector failed waiting for state=hidden: Tab was closed while wait_for_selector was checking its state.","context":{}}
{"timestamp":"2026-09-25T03:59:33.500Z","level":"warn","message":"[BrowserActionEngine] Skipping failure screenshot: Protocol error (Page.captureScreenshot): Session closed. Most likely the page has been closed.","context":{}}
{"timestamp":"2026-09-25T03:59:33.537Z","level":"info","message":"[BrowserActionEngine] Executing action wait_for_selector","context":{"tabId":"t38","selector":"#stay"}}
{"timestamp":"2026-09-25T03:59:33.779Z","level":"warn","message":"[BrowserActionEngine] Action wait_for_selector failed (attempt 1/1): wait_for_selector failed waiting for state=hidden: Protocol error (DOM.describeNode): Target closed","context":{}}
{"timestamp":"2026-09-25T03:59:33.779Z","level":"warn","message":"[BrowserActionEngine] Skipping failure screenshot: Protocol error (Page.captureScreenshot): Session closed. Most likely the page has been closed.","context":{}}
{"timestamp":"2026-09-25T03:59:33.823Z","level":"info","message":"[BrowserActionEngine] Executing action wait_for_selector","context":{"tabId":"t39","selector":"#stay"}}
{"timestamp":"2026-09-25T03:59:34.157Z","level":"warn","message":"[BrowserActionEngine] Action wait_for_selector failed (attempt 1/1): wait_for_selector failed waiting for state=hidden: Tab was closed while wait_for_selector was checking its state.","context":{}}
{"timestamp":"2026-09-25T03:59:34.158Z","level":"warn","message":"[BrowserActionEngine] Skipping failure screenshot: Protocol error (Page.captureScreenshot): Session closed. Most likely the page has been closed.","context":{}}
{"timestamp":"2026-09-25T03:59:34.195Z","level":"info","message":"[BrowserActionEngine] Executing action wait_for_selector","context":{"tabId":"t40","selector":"#stay"}}
{"timestamp":"2026-09-25T03:59:34.531Z","level":"warn","message":"[BrowserActionEngine] Action wait_for_selector failed (attempt 1/1): wait_for_selector failed waiting for state=hidden: Tab was closed while wait_for_selector was checking its state.","context":{}}
{"timestamp":"2026-09-25T03:59:34.531Z","level":"warn","message":"[BrowserActionEngine] Skipping failure screenshot: Protocol error (Page.captureScreenshot): Session closed. Most likely the page has been closed.","context":{}}
{"timestamp":"2026-09-25T03:59:34.570Z","level":"info","message":"[BrowserActionEngine] Executing action wait_for_selector","context":{"tabId":"t41","selector":"#stay"}}
{"timestamp":"2026-09-25T03:59:35.028Z","level":"warn","message":"[BrowserActionEngine] Action wait_for_selector failed (attempt 1/1): wait_for_selector failed waiting for state=hidden: Tab was closed while wait_for_selector was checking its state.","context":{}}
{"timestamp":"2026-09-25T03:59:35.028Z","level":"warn","message":"[BrowserActionEngine] Skipping failure screenshot: Protocol error (Page.captureScreenshot): Session closed. Most likely the page has been closed.","context":{}}
{"timestamp":"2026-09-25T03:59:35.070Z","level":"info","message":"[BrowserActionEngine] Executing action wait_for_selector","context":{"tabId":"t42","selector":"#stay"}}
{"timestamp":"2026-09-25T03:59:35.523Z","level":"warn","message":"[BrowserActionEngine] Action wait_for_selector failed (attempt 1/1): wait_for_selector failed waiting for state=hidden: Tab was closed while wait_for_selector was checking its state.","context":{}}
{"timestamp":"2026-09-25T03:59:35.523Z","level":"warn","message":"[BrowserActionEngine] Skipping failure screenshot: Protocol error (Page.captureScreenshot): Session closed. Most likely the page has been closed.","context":{}}
{"timestamp":"2026-09-25T03:59:35.569Z","level":"info","message":"[BrowserActionEngine] Executing action wait_for_selector","context":{"tabId":"t43","selector":"#stay"}}
{"timestamp":"2026-09-25T03:59:36.021Z","level":"warn","message":"[BrowserActionEngine] Action wait_for_selector failed (attempt 1/1): wait_for_selector failed waiting for state=hidden: Tab was closed while wait_for_selector was checking its state.","context":{}}
{"timestamp":"2026-09-25T03:59:36.021Z","level":"warn","message":"[BrowserActionEngine] Skipping failure screenshot: Protocol error (Page.captureScreenshot): Session closed. Most likely the page has been closed.","context":{}}
{"timestamp":"2026-09-25T03:59:36.060Z","level":"info","message":"[BrowserActionEngine] Executing action wait_for_selector","context":{"tabId":"t44","selector":"#stay"}}
{"timestamp":"2026-09-25T03:59:36.176Z","level":"warn","message":"[BrowserActionEngine] Action wait_for_selector failed (attempt 1/1): wait_for_selector failed waiting for state=hidden: Tab was closed while wait_for_selector was checking its state.","context":{}}
{"timestamp":"2026-09-25T03:59:36.176Z","level":"warn","message":"[BrowserActionEngine] Skipping failure screenshot: Protocol error (Page.captureScreenshot): Session closed. Most likely the page has been closed.","context":{}}
{"timestamp":"2026-09-25T03:59:36.221Z","level":"info","message":"[BrowserActionEngine] Executing action wait_for_selector","context":{"tabId":"t45","selector":"#stay"}}
{"timestamp":"2026-09-25T03:59:36.348Z","level":"warn","message":"[BrowserActionEngine] Action wait_for_selector failed (attempt 1/1): wait_for_selector failed waiting for state=hidden: Tab was closed while wait_for_selector was checking its state.","context":{}}
{"timestamp":"2026-09-25T03:59:36.348Z","level":"warn","message":"[BrowserActionEngine] Skipping failure screenshot: Protocol error (Page.captureScreenshot): Session closed. Most likely the page has been closed.","context":{}}
{"timestamp":"2026-09-25T03:59:36.389Z","level":"info","message":"[BrowserActionEngine] Executing action wait_for_selector","context":{"tabId":"t46","selector":"#stay"}}
{"timestamp":"2026-09-25T03:59:36.527Z","level":"warn","message":"[BrowserActionEngine] Action wait_for_selector failed (attempt 1/1): wait_for_selector failed waiting for state=hidden: Protocol error (DOM.describeNode): Target closed","context":{}}
{"timestamp":"2026-09-25T03:59:36.527Z","level":"warn","message":"[BrowserActionEngine] Skipping failure screenshot: Protocol error (Page.captureScreenshot): Session closed. Most likely the page has been closed.","context":{}}
{"timestamp":"2026-09-25T03:59:36.573Z","level":"info","message":"[BrowserActionEngine] Executing action wait_for_selector","context":{"tabId":"t47","selector":"#stay"}}
{"timestamp":"2026-09-25T03:59:36.797Z","level":"warn","message":"[BrowserActionEngine] Action wait_for_selector failed (attempt 1/1): wait_for_selector failed waiting for state=hidden: Tab was closed while wait_for_selector was checking its state.","context":{}}
{"timestamp":"2026-09-25T03:59:36.797Z","level":"warn","message":"[BrowserActionEngine] Skipping failure screenshot: Protocol error (Page.captureScreenshot): Session closed. Most likely the page has been closed.","context":{}}
{"timestamp":"2026-09-25T03:59:36.838Z","level":"info","message":"[BrowserActionEngine] Executing action wait_for_selector","context":{"tabId":"t48","selector":"#stay"}}
{"timestamp":"2026-09-25T03:59:37.064Z","level":"warn","message":"[BrowserActionEngine] Action wait_for_selector failed (attempt 1/1): wait_for_selector failed waiting for state=hidden: Tab was closed while wait_for_selector was checking its state.","context":{}}
{"timestamp":"2026-09-25T03:59:37.064Z","level":"warn","message":"[BrowserActionEngine] Skipping failure screenshot: Protocol error (Page.captureScreenshot): Session closed. Most likely the page has been closed.","context":{}}
{"timestamp":"2026-09-25T03:59:37.105Z","level":"info","message":"[BrowserActionEngine] Executing action wait_for_selector","context":{"tabId":"t49","selector":"#stay"}}
{"timestamp":"2026-09-25T03:59:37.438Z","level":"warn","message":"[BrowserActionEngine] Action wait_for_selector failed (attempt 1/1): wait_for_selector failed waiting for state=hidden: Tab was closed while wait_for_selector was checking its state.","context":{}}
{"timestamp":"2026-09-25T03:59:37.438Z","level":"warn","message":"[BrowserActionEngine] Skipping failure screenshot: Protocol error (Page.captureScreenshot): Session closed. Most likely the page has been closed.","context":{}}
{"timestamp":"2026-09-25T03:59:37.481Z","level":"info","message":"[BrowserActionEngine] Executing action wait_for_selector","context":{"tabId":"t50","selector":"#stay"}}
{"timestamp":"2026-09-25T03:59:37.827Z","level":"warn","message":"[BrowserActionEngine] Action wait_for_selector failed (attempt 1/1): wait_for_selector failed waiting for state=hidden: Tab was closed while wait_for_selector was checking its state.","context":{}}
{"timestamp":"2026-09-25T03:59:37.828Z","level":"warn","message":"[BrowserActionEngine] Skipping failure screenshot: Protocol error (Page.captureScreenshot): Session closed. Most likely the page has been closed.","context":{}}
{"timestamp":"2026-09-25T03:59:37.870Z","level":"info","message":"[BrowserActionEngine] Executing action wait_for_selector","context":{"tabId":"t51","selector":"#stay"}}
{"timestamp":"2026-09-25T03:59:38.202Z","level":"warn","message":"[BrowserActionEngine] Action wait_for_selector failed (attempt 1/1): wait_for_selector failed waiting for state=hidden: Tab was closed while wait_for_selector was checking its state.","context":{}}
{"timestamp":"2026-09-25T03:59:38.202Z","level":"warn","message":"[BrowserActionEngine] Skipping failure screenshot: Protocol error (Page.captureScreenshot): Session closed. Most likely the page has been closed.","context":{}}
{"timestamp":"2026-09-25T03:59:38.250Z","level":"info","message":"[BrowserActionEngine] Executing action wait_for_selector","context":{"tabId":"t52","selector":"#stay"}}
{"timestamp":"2026-09-25T03:59:38.602Z","level":"warn","message":"[BrowserActionEngine] Action wait_for_selector failed (attempt 1/1): wait_for_selector failed waiting for state=hidden: Protocol error (DOM.resolveNode): Target closed","context":{}}
{"timestamp":"2026-09-25T03:59:38.602Z","level":"warn","message":"[BrowserActionEngine] Skipping failure screenshot: Protocol e