{
 "label": "bundle",
 "mcpUnexpected": [
  "CNRYaboutfrag",
  "CNRYcustomnav",
  "CNRYevalintra",
  "CNRYevalabout",
  "CNRYevalspace",
  "CNRYerrintra"
 ],
 "mcpAll": [
  "CNRYaboutfrag",
  "CNRYcustomnav",
  "CNRYevalintra",
  "CNRYevalabout",
  "CNRYevalspace",
  "CNRYerrintra",
  "CNRYexpotp",
  "CNRYwaitotp"
 ],
 "cliUnexpected": [
  "CNRYclicustom",
  "CNRYclievalintra",
  "CNRYclickt"
 ],
 "cliAll": [
  "CNRYcwdsecret",
  "CNRYclicustom",
  "CNRYclievalintra",
  "CNRYclickt",
  "CNRYcliexpotp"
 ],
 "humanAll": [
  "CNRYclicustom",
  "CNRYclievalintra",
  "CNRYclickt"
 ],
 "verifPairs": {
  "history": 10,
  "results": 10
 },
 "verif": [
  [
   "browser.navigate",
   "navigate",
   true,
   true
  ],
  [
   "browser.navigate",
   "navigate",
   true,
   true
  ],
  [
   "browser.navigate",
   "navigate",
   true,
   true
  ],
  [
   "browser.click",
   "click",
   true,
   true
  ],
  [
   "browser.navigate",
   "navigate",
   true,
   true
  ],
  [
   "browser.click",
   "click",
   true,
   true
  ],
  [
   "browser.wait_for",
   "wait_for",
   true,
   true
  ],
  [
   "browser.click",
   "click",
   true,
   false
  ],
  [
   "browser.click",
   "click",
   true,
   true
  ],
  [
   "browser.type",
   "type",
   false,
   false
  ]
 ]
}
