{"timestamp":"2026-09-27T21:40:56.895Z","level":"info","message":"[BrowserLauncher] Launching browser instance","context":{"executablePath":"C:\\Program Files\\Google\\Chrome\\Application\\chrome.exe","headless":true,"argsCount":11}}
{"timestamp":"2026-09-27T21:40:57.098Z","level":"info","message":"[BrowserSessionManager] Created browser session sess_1790545256895_1","context":{"isIncognito":false}}
{"timestamp":"2026-09-27T21:46:01.785Z","level":"info","message":"[BrowserSession] Closed session sess_1790545256895_1","context":{"reason":"Close all sessions requested"}}
{"timestamp":"2026-09-27T21:46:01.785Z","level":"info","message":"[BrowserSessionManager] Closed session sess_1790545256895_1","context":{"reason":"Close all sessions requested"}}
== nodialog: 170/170
   hash-404: 10/10
   replaceState-404: 10/10
   emptybody-404: 10/10
   emptybody-500: 10/10
   control-own404: 10/10
   control-ok: 10/10
   a-302-then-replaceState-404: 10/10
   a-302-then-hash-404: 10/10
   a-302-then-replaceState-200: 10/10
   a-js200-to-hash404: 10/10
   a-js404-to-200: 10/10
   b-slow-body-404: 10/10
   b-5MB-body-404: 10/10
   b-slow-headers-500: 10/10
   c-302>500(js)>302>200: 10/10
   c-302>500(js)>302>404: 10/10
   subframe-emptybody-404: 10/10
cdp {"created":171,"detached":170,"stillOpenObjects":1,"stillOpenConnected":1}
