{"timestamp":"2026-09-27T22:18:42.508Z","level":"info","message":"[BrowserLauncher] Launching browser instance","context":{"executablePath":"C:\\Program Files\\Google\\Chrome\\Application\\chrome.exe","headless":true,"argsCount":11}}
{"timestamp":"2026-09-27T22:18:42.728Z","level":"info","message":"[BrowserSessionManager] Created browser session sess_1790547522508_1","context":{"isIncognito":false}}
{"timestamp":"2026-09-27T22:40:04.270Z","level":"info","message":"[BrowserSession] Closed session sess_1790547522508_1","context":{"reason":"Close all sessions requested"}}
{"timestamp":"2026-09-27T22:40:04.270Z","level":"info","message":"[BrowserSessionManager] Closed session sess_1790547522508_1","context":{"reason":"Close all sessions requested"}}
== sameTabDialogOpen: 100/100
   hash-404: 10/10 ms~2573 pendingAtStart=10
   replaceState-404: 10/10 ms~2572 pendingAtStart=10
   emptybody-404: 10/10 ms~2605 pendingAtStart=10
   emptybody-500: 10/10 ms~2598 pendingAtStart=10
   control-own404: 10/10 ms~2565 pendingAtStart=10
   control-ok: 10/10 ms~2569 pendingAtStart=10
   a-302-then-hash-404: 10/10 ms~2569 pendingAtStart=10
   a-js200-to-hash404: 10/10 ms~2576 pendingAtStart=10
   a-302-then-replaceState-200: 10/10 ms~2571 pendingAtStart=10
   c-302>500(js)>302>404: 10/10 ms~2584 pendingAtStart=10
== otherTabDialogOpen: 30/30
   hash-404: 3/3 ms~30010
   replaceState-404: 3/3 ms~30008
   emptybody-404: 3/3 ms~30018
   emptybody-500: 3/3 ms~30016
   control-own404: 3/3 ms~30011
   control-ok: 3/3 ms~30009
   a-302-then-hash-404: 3/3 ms~30011
   a-js200-to-hash404: 3/3 ms~30008
   a-302-then-replaceState-200: 3/3 ms~30003
   c-302>500(js)>302>404: 3/3 ms~30003
== justHandledDialog: 30/30
   hash-404: 3/3 ms~1553
   replaceState-404: 3/3 ms~1560
   emptybody-404: 3/3 ms~1583
   emptybody-500: 3/3 ms~1591
   control-own404: 3/3 ms~1555
   control-ok: 3/3 ms~1554
   a-302-then-hash-404: 3/3 ms~1557
   a-js200-to-hash404: 3/3 ms~1570
   a-302-then-replaceState-200: 3/3 ms~1555
   c-302>500(js)>302>404: 3/3 ms~1569
cdp {"created":351,"detached":350,"stillOpenObjects":1,"stillOpenConnected":1}
