M7-clear-client-in-catch KILLED {"capability-runtime":"1 failed | 213 passed (214)"} ["tests/unit/runtime.spec.ts > @sutradhar/capability-runtime SutradharRuntime (logic, no browser) > audit (FR2-12) > RA16 (GAP-280 M7 kill): the CDP session is still detached when client.on() itself throws synchronously right after the session was created -- kills a mutation that clears cdpClient in
M9-rejection-not-swallowed KILLED {"capability-runtime":"1 failed | 213 passed (214)"} ["tests/unit/runtime.spec.ts > @sutradhar/capability-runtime SutradharRuntime (logic, no browser) > audit (FR2-12) > RA18 (GAP-280 M9 kill): client.send() throwing synchronously (bypassing every inline `.catch()` inside the setup IIFE, since the throw happens before `.catch` is even reached) never b
M10-no-Network.enable KILLED {"capability-runtime":"1 failed | 213 passed (214)"} ["tests/unit/runtime.spec.ts > @sutradhar/capability-runtime SutradharRuntime (logic, no browser) > audit (FR2-12) > RA17 (GAP-280 M10 kill): Network.enable is sent during the per-call commit-tracking setup, not just Page.enable -- kills a mutation that removes it entirely (audit-4: live GAP-273 sha
N1-tab-no-subframe-filter SKIPPED matches= 0
N2-tab-commit-never-recorded KILLED {"browser":"2 failed | 505 passed (507)"} ["tests/unit/browser-tab-observability.spec.ts > @sutradhar/browser BrowserTab commit-time tracking (FR2-12 escalation-1, GAP-278) > CT2: records the main frame's commit instant via a dedicated CDP session created at construction, ignoring a sub-frame commit","tests/unit/browser-tab-observability.sp
N3-tab-first-commit-wins KILLED {"browser":"1 failed | 506 passed (507)"} ["tests/unit/browser-tab-observability.spec.ts > @sutradhar/browser BrowserTab commit-time tracking (FR2-12 escalation-1, GAP-278) > CT4 (GAP-278 kill): a SECOND real commit updates getLastMainFrameCommitAt again -- this is what lets current-page-mode audit() scope to the NEWEST document, not the ta
N4-tab-no-Document-type-filter SURVIVED {"browser":"507 passed (507)"} 
N5-tab-no-frameId-filter KILLED {"browser":"1 failed | 506 passed (507)"} ["tests/unit/browser-tab-observability.spec.ts > @sutradhar/browser BrowserTab commit-time tracking (FR2-12 escalation-1, GAP-278) > CT3: records the main document's own live response, keyed by frameId -- never a non-Document resource, never a sub-frame's response"]
N6-tab-no-Network.enable KILLED {"browser":"1 failed | 506 passed (507)"} ["tests/unit/browser-tab-observability.spec.ts > @sutradhar/browser BrowserTab commit-time tracking (FR2-12 escalation-1, GAP-278) > CT2: records the main frame's commit instant via a dedicated CDP session created at construction, ignoring a sub-frame commit"]
N7-tab-close-no-detach KILLED {"browser":"2 failed | 505 passed (507)"} ["tests/unit/browser-tab-observability.spec.ts > @sutradhar/browser BrowserTab commit-time tracking (FR2-12 escalation-1, GAP-278) > CT6: close() detaches the commit-tracking CDP session","tests/unit/browser-tab-observability.spec.ts > @sutradhar/browser BrowserTab commit-time tracking (FR2-12 escal
N8-tab-tracking-never-started KILLED {"browser":"5 failed | 502 passed (507)"} ["tests/unit/browser-tab-observability.spec.ts > @sutradhar/browser BrowserTab commit-time tracking (FR2-12 escalation-1, GAP-278) > CT2: records the main frame's commit instant via a dedicated CDP session created at construction, ignoring a sub-frame commit","tests/unit/browser-tab-observability.sp
N9-goto-response-never-captured KILLED {"browser":"1 failed | 506 passed (507)"} ["tests/unit/browser-tab-observability.spec.ts > @sutradhar/browser BrowserTab commit-time tracking (FR2-12 escalation-1, GAP-278) > CT8 (GAP-279): navigate() captures its own page.goto() response via getLastGotoResponse, independent of any CDP listener"]
N10-tab-docresp-getter-null KILLED {"browser":"1 failed | 506 passed (507)"} ["tests/unit/browser-tab-observability.spec.ts > @sutradhar/browser BrowserTab commit-time tracking (FR2-12 escalation-1, GAP-278) > CT3: records the main document's own live response, keyed by frameId -- never a non-Document resource, never a sub-frame's response"]
N11-tab-also-counts-same-doc-navs SKIPPED matches= 0
N12-tab-setup-bound-removed SURVIVED {"browser":"507 passed (507)"} 
R1-currentpage-ignores-tab-commit KILLED {"capability-runtime":"1 failed | 213 passed (214)"} ["tests/unit/runtime.spec.ts > @sutradhar/capability-runtime SutradharRuntime (logic, no browser) > audit (FR2-12) > RA3b (GAP-278 escalation-1 kill): current-page mode scopes by the tab's own tracked main-frame COMMIT time, not performance.timeOrigin, when the tab exposes getLastMainFrameCommitAt"]
R2-no-goto-fallback-tier KILLED {"capability-runtime":"1 failed | 213 passed (214)"} ["tests/unit/runtime.spec.ts > @sutradhar/capability-runtime SutradharRuntime (logic, no browser) > audit (FR2-12) > RA13b (GAP-279): when live CDP capture never fires (e.g. Network.enable took effect too late, such as a dialog open when audit({url}) starts), the response navigate()'s own page.goto(
R3-goto-fallback-in-currentpage-too KILLED {"capability-runtime":"1 failed | 213 passed (214)"} ["tests/unit/runtime.spec.ts > @sutradhar/capability-runtime SutradharRuntime (logic, no browser) > audit (FR2-12) > RA13d (GAP-279): getLastGotoResponse is never consulted in current-page mode"]
R4-goto-tier-before-live-capture SKIPPED matches= 0
R5-no-currentpage-live-capture SURVIVED {"capability-runtime":"214 passed (214)"} 
R6-tab-capture-used-in-url-mode-too SURVIVED {"capability-runtime":"214 passed (214)"} 
R7-url-mode-uses-tab-commit SKIPPED matches= 0
S1-currentpage-scopes-by-timeOrigin KILLED {"capability-runtime":"1 failed | 213 passed (214)"} ["tests/unit/runtime.spec.ts > @sutradhar/capability-runtime SutradharRuntime (logic, no browser) > audit (FR2-12) > RA3b (GAP-278 escalation-1 kill): current-page mode scopes by the tab's own tracked main-frame COMMIT time, not performance.timeOrigin, when the tab exposes getLastMainFrameCommitAt"]
S2-min-reintroduced KILLED {"capability-runtime":"2 failed | 212 passed (214)"} ["tests/unit/audit-report.spec.ts > @sutradhar/capability-runtime audit-report (FR2-12) > AR11: computeObservation > (b) GAP-262 fix-1: since = navCommittedAt even when documentStartedAt (timeOrigin) is EARLIER -- no longer min()d together","tests/unit/runtime.spec.ts > @sutradhar/capability-runtime
allRestored true
