=== v060 close
harness-exit=0 label=v060 case=close
procs-referencing-ISO-after-run: 0
RESULT v060-close fails=0 acPredicate=true
removed S6gi
=== head close
harness-exit=0 label=head case=close
pathcheck-exit=0
pathcheck-exit=0
procs-referencing-ISO-after-run: 0
RESULT head-close fails=0 acPredicate=true
removed S6gi
=== ctl close
harness-exit=0 label=ctl case=close
pathcheck-exit=0
pathcheck-exit=0
procs-referencing-ISO-after-run: 0
RESULT ctl-close fails=0 acPredicate=false
removed S6gi
=== mutB2e close
harness-exit=0 label=mutB2e case=close
pathcheck-exit=0
pathcheck-exit=0
procs-referencing-ISO-after-run: 0
RESULT mutB2e-close fails=0 acPredicate=false
removed S6gi
=== v060 selfheal
harness-exit=0 label=v060 case=selfheal
procs-referencing-ISO-after-run: 0
RESULT v060-selfheal fails=0 acPredicate=true
removed S6gi
=== head selfheal
harness-exit=0 label=head case=selfheal
pathcheck-exit=0
pathcheck-exit=0
procs-referencing-ISO-after-run: 0
RESULT head-selfheal fails=0 acPredicate=true
removed S6gi
=== ctl selfheal
harness-exit=0 label=ctl case=selfheal
pathcheck-exit=0
pathcheck-exit=0
procs-referencing-ISO-after-run: 0
RESULT ctl-selfheal fails=0 acPredicate=false
removed S6gi
=== mutB2d selfheal
harness-exit=0 label=mutB2d case=selfheal
pathcheck-exit=0
pathcheck-exit=0
procs-referencing-ISO-after-run: 0
RESULT mutB2d-selfheal fails=0 acPredicate=false
removed S6gi
REALTEMP-BATCH-IDENTICAL 45
label        case      exit  signal errno   Fatal  "Session closed."  Chrome-dead-when-CLI-returned  profile-dir-removed-by-CLI  state.json-after(chromePid)  AC-predicate  binary-sha256
ctl          close     0     -      null    false  true               true                           true                        present(80784)        false  48c1756c0b79
ctl          selfheal  0     -      null    false  false              true                           true                        present(83420)        false  48c1756c0b79
head         close     1     -      EBUSY   true   false              true                           true                        present(50140)        true  9858726a291e
head         selfheal  1     -      EBUSY   true   false              true                           true                        present(81756)        true  9858726a291e
mutB2d       selfheal  0     -      null    false  false              true                           true                        present(46736)        false  4e9af6a8ef5c
mutB2e       close     0     -      null    false  true               true                           true                        present(74476)        false  bffe22015a67
v060         close     1     -      EBUSY   true   false              true                           false                       present(27412)        true  d71da59253c0
v060         selfheal  1     -      EBUSY   true   false              true                           false                       present(83276)        true  d71da59253c0
PASS close: 0.6.0 and HEAD both ran
PASS close: exit codes equal and non-zero :: 0.6.0=1 HEAD=1
PASS close: same errno code on both :: 0.6.0=EBUSY HEAD=EBUSY
PASS close: both Fatal lines name the same state.json path
PASS close: r.error undefined (no spawnSync timeout) in both
PASS close: Session closed. absent in both
PASS close: Chrome gone in both (final) and HEAD's was dead when the CLI returned (awaited kill)
PASS close: HEAD removed the temp dir before exiting; 0.6.0 leaked it (harness removed it)
PASS close: HEAD debug: phase kill present, state-cleared absent, removed(path) line BEFORE the Fatal line, no 'could not clear' warning :: {"removedIdx":6,"fatalIdx":8}
PASS close: state.json still records chromePid after the failed clear on BOTH (so the harness had to delete it; no 2nd CLI command ran)
PASS close: NEGATIVE CONTROL (bff46db build) FAILS the AC: exit 0 and "Session closed." printed :: exit=0 sessionClosed=true
PASS close: control binary is the bff46db build (sha 48c1756c...)
PASS selfheal: 0.6.0 and HEAD both ran
PASS selfheal: exit codes equal and non-zero :: 0.6.0=1 HEAD=1
PASS selfheal: same errno code on both :: 0.6.0=EBUSY HEAD=EBUSY
PASS selfheal: both Fatal lines name the same state.json path
PASS selfheal: r.error undefined (no spawnSync timeout) in both
PASS selfheal: Session closed. absent in both
PASS selfheal: Chrome gone in both (final) and HEAD's was dead when the CLI returned (awaited kill)
PASS selfheal: HEAD removed the temp dir before exiting; 0.6.0 leaked it (harness removed it)
PASS selfheal: HEAD debug: phase kill present, state-cleared absent, removed(path) line BEFORE the Fatal line, no 'could not clear' warning :: {"removedIdx":7,"fatalIdx":9}
PASS selfheal: state.json still records chromePid after the failed clear on BOTH (so the harness had to delete it; no 2nd CLI command ran)
PASS selfheal: NEGATIVE CONTROL (bff46db build) FAILS the AC: exit 0 (self-heal swallowed, fresh session started) :: exit=0 sessionClosed=false
PASS selfheal: control binary is the bff46db build (sha 48c1756c...)
PASS M-B2e live (swallow at the cmdClose call site) FAILS the close AC :: exit=0 sessionClosed=true
PASS M-B2d live (swallow at the self-heal call site) FAILS the self-heal AC :: exit=0
PASS 0.6.0 binary is the published 0.6.0 cli-bin.js (sha d71da592...)
PASS HEAD binary differs from the pre-S6g build (sha != 48c1756c...) :: 9858726a291e844e1f84089b18310e90379140e2dfabf7b2fda80eb550b5c59b
PASS every run: real TEMP identical, no leftover process, holder exited, 0 harness check failed :: ctl-close:fails=0 ctl-selfheal:fails=0 head-close:fails=0 head-selfheal:fails=0 mutB2d-selfheal:fails=0 mutB2e-close:fails=0 v060-close:fails=0 v060-selfheal:fails=0
compare-exit=0
