{"timestamp":"2026-09-29T20:33:59.104Z","level":"info","message":"[BrowserLauncher] Launching browser instance","context":{"executablePath":"C:\\Program Files\\Google\\Chrome\\Application\\chrome.exe","headless":true,"argsCount":11}}
{"timestamp":"2026-09-29T20:33:59.289Z","level":"info","message":"[BrowserSessionManager] Created browser session sess_1790714039104_1","context":{"isIncognito":false}}
{"timestamp":"2026-09-29T20:34:00.988Z","level":"info","message":"[BrowserActionEngine] Executing action click","context":{"tabId":"tab_sess_1790714039104_1_2","selector":"#noop"}}
{"N":8,"rep":0,"text":"MAINTEXTOK","threw":null,"tier":"verified","outcome":"pass"}
{"timestamp":"2026-09-29T20:34:02.159Z","level":"info","message":"[BrowserActionEngine] Executing action click","context":{"tabId":"tab_sess_1790714039104_1_2","selector":"#noop"}}
{"N":8,"rep":0,"text":"XOFRAME7TXT","threw":null,"tier":"verified","outcome":"pass"}
{"timestamp":"2026-09-29T20:34:04.921Z","level":"info","message":"[BrowserActionEngine] Executing action click","context":{"tabId":"tab_sess_1790714039104_1_3","selector":"#noop"}}
{"N":8,"rep":1,"text":"MAINTEXTOK","threw":null,"tier":"verified","outcome":"pass"}
{"timestamp":"2026-09-29T20:34:06.087Z","level":"info","message":"[BrowserActionEngine] Executing action click","context":{"tabId":"tab_sess_1790714039104_1_3","selector":"#noop"}}
{"N":8,"rep":1,"text":"XOFRAME7TXT","threw":null,"tier":"verified","outcome":"pass"}
{"timestamp":"2026-09-29T20:34:08.841Z","level":"info","message":"[BrowserActionEngine] Executing action click","context":{"tabId":"tab_sess_1790714039104_1_4","selector":"#noop"}}
{"N":8,"rep":2,"text":"MAINTEXTOK","threw":null,"tier":"verified","outcome":"pass"}
{"timestamp":"2026-09-29T20:34:10.010Z","level":"info","message":"[BrowserActionEngine] Executing action click","context":{"tabId":"tab_sess_1790714039104_1_4","selector":"#noop"}}
{"N":8,"rep":2,"text":"XOFRAME7TXT","threw":null,"tier":"verified","outcome":"pass"}
{"timestamp":"2026-09-29T20:34:12.775Z","level":"info","message":"[BrowserActionEngine] Executing action click","context":{"tabId":"tab_sess_1790714039104_1_5","selector":"#noop"}}
{"N":8,"rep":3,"text":"MAINTEXTOK","threw":null,"tier":"verified","outcome":"pass"}
{"timestamp":"2026-09-29T20:34:13.935Z","level":"info","message":"[BrowserActionEngine] Executing action click","context":{"tabId":"tab_sess_1790714039104_1_5","selector":"#noop"}}
{"N":8,"rep":3,"text":"XOFRAME7TXT","threw":null,"tier":"verified","outcome":"pass"}
{"timestamp":"2026-09-29T20:34:16.694Z","level":"info","message":"[BrowserActionEngine] Executing action click","context":{"tabId":"tab_sess_1790714039104_1_6","selector":"#noop"}}
{"N":8,"rep":4,"text":"MAINTEXTOK","threw":null,"tier":"verified","outcome":"pass"}
{"timestamp":"2026-09-29T20:34:17.847Z","level":"info","message":"[BrowserActionEngine] Executing action click","context":{"tabId":"tab_sess_1790714039104_1_6","selector":"#noop"}}
{"N":8,"rep":4,"text":"XOFRAME7TXT","threw":null,"tier":"verified","outcome":"pass"}
{"timestamp":"2026-09-29T20:34:20.617Z","level":"info","message":"[BrowserActionEngine] Executing action click","context":{"tabId":"tab_sess_1790714039104_1_7","selector":"#noop"}}
{"N":8,"rep":5,"text":"MAINTEXTOK","threw":null,"tier":"verified","outcome":"pass"}
{"timestamp":"2026-09-29T20:34:21.781Z","level":"info","message":"[BrowserActionEngine] Executing action click","context":{"tabId":"tab_sess_1790714039104_1_7","selector":"#noop"}}
{"N":8,"rep":5,"text":"XOFRAME7TXT","threw":"ExpectationFailedError","tier":"unverifiable","outcome":"not-run","detail":"only 7 of 9 frames answered (2 did not answer within 1500ms; hung:http://localhost:58505/tf?t=XOFRAME2TXT&r=5 | hung:http://localhost:58505/tf?t=XOFRAME7TXT&r=5)"}
{"timestamp":"2026-09-29T20:34:24.574Z","level":"info","message":"[BrowserSession] Closed session sess_1790714039104_1","context":{"reason":"Runtime shutdown"}}
{"timestamp":"2026-09-29T20:34:24.575Z","level":"info","message":"[BrowserSessionManager] Closed session sess_1790714039104_1","context":{"reason":"Runtime shutdown"}}
SUMMARY unverifiable 1 / 12
