{
 "jn": {
  "status": "none",
  "path": null,
  "stoppedAt": "home"
 },
 "sl": {
  "status": "none",
  "path": null,
  "stoppedAt": "home"
 },
 "cliDoctorJunction": [
  "Config:          none (searched 2 directories upward from E:\\AI-Cache\\tmp\\fr214f2\\pr\\f3\\top\\jn; stopped at home E:\\AI-Cache\\tmp\\fr214f2\\pr\\f3\\top\\home)",
  "Config sources:  allowedDomains=default, downloadRoots=default, uploadRoots=unrestricted, dialog=default, viewport=default"
 ],
 "controlInsideHome": {
  "status": "none",
  "stoppedAt": "home"
 }
}
