[run-cli] UC-03 Auth + session persistence ...
[run-cli] UC-03 -> success=true ms=14823
[run-cli] UC-08 File download ...
[run-cli] UC-08 -> success=true ms=9216
[
  {
    "id": "UC-03",
    "title": "Auth + session persistence",
    "success": true,
    "ms": 14823,
    "error": null
  },
  {
    "id": "UC-08",
    "title": "File download",
    "success": true,
    "ms": 9216,
    "error": null
  }
]

Saved full results to C:\Users\Varad M\AppData\Local\Temp\fr211-audit2\regress-ev\ab-master-2
