[run-cli] UC-03 Auth + session persistence ...
[run-cli] UC-03 -> success=true ms=14799
[run-cli] UC-08 File download ...
[run-cli] UC-08 -> success=false ms=95317 error=the `download` CLI command did not report a successful download
[
  {
    "id": "UC-03",
    "title": "Auth + session persistence",
    "success": true,
    "ms": 14799,
    "error": null
  },
  {
    "id": "UC-08",
    "title": "File download",
    "success": false,
    "ms": 95317,
    "error": "the `download` CLI command did not report a successful download"
  }
]

Saved full results to C:\Users\Varad M\AppData\Local\Temp\fr211-audit2\regress-ev\ab-master-1
