{"timestamp":"2026-09-24T22:43:55.297Z","level":"info","message":"[BrowserLauncher] Launching browser instance","context":{"executablePath":"C:\\Program Files\\Google\\Chrome\\Application\\chrome.exe","headless":true,"argsCount":11}}
{"timestamp":"2026-09-24T22:43:55.568Z","level":"info","message":"[BrowserSessionManager] Created browser session sess_1790289835297_1","context":{"isIncognito":false}}
{"timestamp":"2026-09-24T22:43:55.669Z","level":"info","message":"[BrowserActionEngine] Executing action wait_for_selector","context":{"tabId":"tab_sess_1790289835297_1_1","selector":"#never"}}
{"timestamp":"2026-09-24T22:44:05.711Z","level":"warn","message":"[BrowserActionEngine] Action wait_for_selector failed (attempt 1/3): wait_for_selector timed out after 10000ms waiting for state=visible: 1 element(s) match \"#never\" and are attached to the DOM, but none is visible (display:none, visibility:hidden, or zero width/height). Pass state \"attached\" if DOM presence is enough.","context":{}}
{"timestamp":"2026-09-24T22:44:16.252Z","level":"warn","message":"[BrowserActionEngine] Action wait_for_selector failed (attempt 2/3): wait_for_selector timed out after 10000ms waiting for state=visible: 1 element(s) match \"#never\" and are attached to the DOM, but none is visible (display:none, visibility:hidden, or zero width/height). Pass state \"attached\" if DOM presence is enough.","context":{}}
{"timestamp":"2026-09-24T22:44:27.277Z","level":"warn","message":"[BrowserActionEngine] Action wait_for_selector failed (attempt 3/3): wait_for_selector timed out after 10000ms waiting for state=visible: 1 element(s) match \"#never\" and are attached to the DOM, but none is visible (display:none, visibility:hidden, or zero width/height). Pass state \"attached\" if DOM presence is enough.","context":{}}
{"id":"b1-never-default-timeout","sel":"#never","success":false,"error":"wait_for_selector timed out after 10000ms waiting for state=visible: 1 element(s) match \"#never\" and are attached to the DOM, but none is visible (display:none, visibility:hidden, or zero width/height). Pass state \"attached\" if DO","retriesUsed":2,"elapsed":31651,"truthAtReturn":"hidden"}
{"timestamp":"2026-09-24T22:44:27.344Z","level":"info","message":"[BrowserActionEngine] Executing action wait_for_selector","context":{"tabId":"tab_sess_1790289835297_1_1","selector":"#never"}}
{"timestamp":"2026-09-24T22:44:30.373Z","level":"warn","message":"[BrowserActionEngine] Action wait_for_selector failed (attempt 1/3): wait_for_selector timed out after 3000ms waiting for state=visible: 1 element(s) match \"#never\" and are attached to the DOM, but none is visible (display:none, visibility:hidden, or zero width/height). Pass state \"attached\" if DOM presence is enough.","context":{}}
{"timestamp":"2026-09-24T22:44:33.901Z","level":"warn","message":"[BrowserActionEngine] Action wait_for_selector failed (attempt 2/3): wait_for_selector timed out after 3000ms waiting for state=visible: 1 element(s) match \"#never\" and are attached to the DOM, but none is visible (display:none, visibility:hidden, or zero width/height). Pass state \"attached\" if DOM presence is enough.","context":{}}
{"timestamp":"2026-09-24T22:44:37.936Z","level":"warn","message":"[BrowserActionEngine] Action wait_for_selector failed (attempt 3/3): wait_for_selector timed out after 3000ms waiting for state=visible: 1 element(s) match \"#never\" and are attached to the DOM, but none is visible (display:none, visibility:hidden, or zero width/height). Pass state \"attached\" if DOM presence is enough.","context":{}}
{"id":"b2-never-3000","sel":"#never","timeoutMs":3000,"state":"visible","success":false,"error":"wait_for_selector timed out after 3000ms waiting for state=visible: 1 element(s) match \"#never\" and are attached to the DOM, but none is visible (display:none, visibility:hidden, or zero width/height). Pass state \"attached\" if DOM","retriesUsed":2,"elapsed":10623,"truthAtReturn":"hidden"}
{"timestamp":"2026-09-24T22:44:37.996Z","level":"info","message":"[BrowserActionEngine] Executing action wait_for_selector","context":{"tabId":"tab_sess_1790289835297_1_1","selector":"#stays"}}
{"timestamp":"2026-09-24T22:44:41.012Z","level":"warn","message":"[BrowserActionEngine] Action wait_for_selector failed (attempt 1/3): wait_for_selector timed out after 3000ms waiting for state=hidden: an element matching \"#stays\" is still visible.","context":{}}
{"timestamp":"2026-09-24T22:44:44.521Z","level":"warn","message":"[BrowserActionEngine] Action wait_for_selector failed (attempt 2/3): wait_for_selector timed out after 3000ms waiting for state=hidden: an element matching \"#stays\" is still visible.","context":{}}
{"timestamp":"2026-09-24T22:44:48.551Z","level":"warn","message":"[BrowserActionEngine] Action wait_for_selector failed (attempt 3/3): wait_for_selector timed out after 3000ms waiting for state=hidden: an element matching \"#stays\" is still visible.","context":{}}
{"id":"b3-hidden-stays-3000","sel":"#stays","timeoutMs":3000,"state":"hidden","success":false,"error":"wait_for_selector timed out after 3000ms waiting for state=hidden: an element matching \"#stays\" is still visible.","retriesUsed":2,"elapsed":10588,"truthAtReturn":"visible"}
{"timestamp":"2026-09-24T22:44:48.609Z","level":"info","message":"[BrowserActionEngine] Executing action wait_for_selector","context":{"tabId":"tab_sess_1790289835297_1_1","selector":"#stays"}}
{"timestamp":"2026-09-24T22:44:48.620Z","level":"warn","message":"[BrowserActionEngine] Action wait_for_selector failed (attempt 1/3): wait_for_selector timed out after 1ms waiting for state=visible: No element found for selector: #stays","context":{}}
{"timestamp":"2026-09-24T22:44:49.143Z","level":"warn","message":"[BrowserActionEngine] Action wait_for_selector failed (attempt 2/3): wait_for_selector timed out after 1ms waiting for state=visible: No element found for selector: #stays","context":{}}
{"timestamp":"2026-09-24T22:44:50.162Z","level":"warn","message":"[BrowserActionEngine] Action wait_for_selector failed (attempt 3/3): wait_for_selector timed out after 1ms waiting for state=visible: No element found for selector: #stays","context":{}}
{"id":"f1-timeout0-visible-already","sel":"#stays","timeoutMs":0,"state":"visible","success":false,"error":"wait_for_selector timed out after 1ms waiting for state=visible: No element found for selector: #stays","retriesUsed":2,"elapsed":1574,"truthAtReturn":"visible"}
{"timestamp":"2026-09-24T22:44:50.210Z","level":"info","message":"[BrowserActionEngine] Executing action wait_for_selector","context":{"tabId":"tab_sess_1790289835297_1_1","selector":"#never"}}
{"timestamp":"2026-09-24T22:44:50.216Z","level":"warn","message":"[BrowserActionEngine] Action wait_for_selector failed (attempt 1/3): wait_for_selector timed out after 1ms waiting for state=hidden: an element matching \"#never\" is still visible.","context":{}}
{"timestamp":"2026-09-24T22:44:50.732Z","level":"warn","message":"[BrowserActionEngine] Action wait_for_selector failed (attempt 2/3): wait_for_selector timed out after 1ms waiting for state=hidden: an element matching \"#never\" is still visible.","context":{}}
{"timestamp":"2026-09-24T22:44:51.737Z","level":"warn","message":"[BrowserActionEngine] Action wait_for_selector failed (attempt 3/3): wait_for_selector timed out after 1ms waiting for state=hidden: an element matching \"#never\" is still visible.","context":{}}
{"id":"f2-timeout0-hidden-already","sel":"#never","timeoutMs":0,"state":"hidden","success":false,"error":"wait_for_selector timed out after 1ms waiting for state=hidden: an element matching \"#never\" is still visible.","retriesUsed":2,"elapsed":1540,"truthAtReturn":"hidden"}
{"timestamp":"2026-09-24T22:44:51.780Z","level":"info","message":"[BrowserActionEngine] Executing action wait_for_selector","context":{"tabId":"tab_sess_1790289835297_1_1","selector":"#stays"}}
{"timestamp":"2026-09-24T22:44:51.781Z","level":"warn","message":"[BrowserActionEngine] Action wait_for_selector failed (attempt 1/3): wait_for_selector timed out after 1ms waiting for state=attached: No element found for selector: #stays","context":{}}
{"timestamp":"2026-09-24T22:44:52.294Z","level":"warn","message":"[BrowserActionEngine] Action wait_for_selector failed (attempt 2/3): wait_for_selector timed out after 1ms waiting for state=attached: No element found for selector: #stays","context":{}}
{"timestamp":"2026-09-24T22:44:53.304Z","level":"warn","message":"[BrowserActionEngine] Action wait_for_selector failed (attempt 3/3): wait_for_selector timed out after 1ms waiting for state=attached: No element found for selector: #stays","context":{}}
{"id":"f3-timeout0-attached-already","sel":"#stays","timeoutMs":0,"state":"attached","success":false,"error":"wait_for_selector timed out after 1ms waiting for state=attached: No element found for selector: #stays","retriesUsed":2,"elapsed":1537,"truthAtReturn":"visible"}
{"timestamp":"2026-09-24T22:44:53.343Z","level":"info","message":"[BrowserActionEngine] Executing action wait_for_selector","context":{"tabId":"tab_sess_1790289835297_1_1","selector":"#blink"}}
{"id":"c1-blink30-visible","sel":"#blink","timeoutMs":3000,"state":"visible","success":true,"output":{"foundSelector":"#blink","state":"visible"},"retriesUsed":0,"elapsed":1016,"truthAtReturn":"visible"}
{"timestamp":"2026-09-24T22:44:54.380Z","level":"info","message":"[BrowserActionEngine] Executing action wait_for_selector","context":{"tabId":"tab_sess_1790289835297_1_1","selector":"#blink"}}
{"timestamp":"2026-09-24T22:44:57.401Z","level":"warn","message":"[BrowserActionEngine] Action wait_for_selector failed (attempt 1/3): wait_for_selector timed out after 3000ms waiting for state=visible: 1 element(s) match \"#blink\" and are attached to the DOM, but none is visible (display:none, visibility:hidden, or zero width/height). Pass state \"attached\" if DOM presence is enough.","context":{}}
{"id":"c2-blink10-visible","sel":"#blink","timeoutMs":3000,"state":"visible","success":true,"output":{"foundSelector":"#blink","state":"visible"},"retriesUsed":1,"elapsed":4012,"truthAtReturn":"hidden"}
{"timestamp":"2026-09-24T22:44:58.412Z","level":"info","message":"[BrowserActionEngine] Executing action wait_for_selector","context":{"tabId":"tab_sess_1790289835297_1_1","selector":"#wink"}}
{"id":"c3-wink30-hidden","sel":"#wink","timeoutMs":3000,"state":"hidden","success":true,"output":{"foundSelector":"#wink","state":"hidden","matchedAtStart":true},"retriesUsed":0,"elapsed":1031,"truthAtReturn":"hidden"}
{"timestamp":"2026-09-24T22:44:59.469Z","level":"info","message":"[BrowserActionEngine] Executing action wait_for_selector","context":{"tabId":"tab_sess_1790289835297_1_1","selector":"#wink"}}
{"id":"c4-wink5-hidden","sel":"#wink","timeoutMs":3000,"state":"hidden","success":true,"output":{"foundSelector":"#wink","state":"hidden","matchedAtStart":true},"retriesUsed":0,"elapsed":1008,"truthAtReturn":"hidden"}
{"timestamp":"2026-09-24T22:45:00.507Z","level":"info","message":"[BrowserActionEngine] Executing action wait_for_selector","context":{"tabId":"tab_sess_1790289835297_1_1","selector":"#never, #stays"}}
{"timestamp":"2026-09-24T22:45:02.018Z","level":"warn","message":"[BrowserActionEngine] Action wait_for_selector failed (attempt 1/3): wait_for_selector timed out after 1500ms waiting for state=visible: the first match is not visible, but 1 later match(es) are. Visibility is checked on the first match in document order; use a more specific selector.","context":{}}
{"timestamp":"2026-09-24T22:45:04.050Z","level":"warn","message":"[BrowserActionEngine] Action wait_for_selector failed (attempt 2/3): wait_for_selector timed out after 1500ms waiting for state=visible: the first match is not visible, but 1 later match(es) are. Visibility is checked on the first match in document order; use a more specific selector.","context":{}}
{"timestamp":"2026-09-24T22:45:06.587Z","level":"warn","message":"[BrowserActionEngine] Action wait_for_selector failed (attempt 3/3): wait_for_selector timed out after 1500ms waiting for state=visible: the first match is not visible, but 1 later match(es) are. Visibility is checked on the first match in document order; use a more specific selector.","context":{}}
{"id":"d1-comma-first-hidden-visible","sel":"#never, #stays","timeoutMs":1500,"state":"visible","success":false,"error":"wait_for_selector timed out after 1500ms waiting for state=visible: the first match is not visible, but 1 later match(es) are. Visibility is checked on the first match in document order; use a more specific selector.","retriesUsed":2,"elapsed":6111,"truthAtReturn":"hidden"}
{"timestamp":"2026-09-24T22:45:06.643Z","level":"info","message":"[BrowserActionEngine] Executing action wait_for_selector","context":{"tabId":"tab_sess_1790289835297_1_1","selector":"#stays, #never"}}
{"timestamp":"2026-09-24T22:45:08.180Z","level":"warn","message":"[BrowserActionEngine] Action wait_for_selector failed (attempt 1/3): wait_for_selector timed out after 1500ms waiting for state=visible: the first match is not visible, but 1 later match(es) are. Visibility is checked on the first match in document order; use a more specific selector.","context":{}}
{"timestamp":"2026-09-24T22:45:10.214Z","level":"warn","message":"[BrowserActionEngine] Action wait_for_selector failed (attempt 2/3): wait_for_selector timed out after 1500ms waiting for state=visible: the first match is not visible, but 1 later match(es) are. Visibility is checked on the first match in document order; use a more specific selector.","context":{}}
{"timestamp":"2026-09-24T22:45:12.738Z","level":"warn","message":"[BrowserActionEngine] Action wait_for_selector failed (attempt 3/3): wait_for_selector timed out after 1500ms waiting for state=visible: the first match is not visible, but 1 later match(es) are. Visibility is checked on the first match in document order; use a more specific selector.","context":{}}
{"id":"d2-comma-visible-first","sel":"#stays, #never","timeoutMs":1500,"state":"visible","success":false,"error":"wait_for_selector timed out after 1500ms waiting for state=visible: the first match is not visible, but 1 later match(es) are. Visibility is checked on the first match in document order; use a more specific selector.","retriesUsed":2,"elapsed":6122,"truthAtReturn":"visible"}
{"timestamp":"2026-09-24T22:45:12.789Z","level":"info","message":"[BrowserActionEngine] Executing action wait_for_selector","context":{"tabId":"tab_sess_1790289835297_1_1","selector":"#banner, #stays"}}
{"id":"d3-comma-hidden-banner-stays","sel":"#banner, #stays","timeoutMs":1500,"state":"hidden","success":true,"output":{"foundSelector":"#banner, #stays","state":"hidden","matchedAtStart":true},"retriesUsed":0,"elapsed":15,"truthAtReturn":"hidden"}
{"timestamp":"2026-09-24T22:45:12.829Z","level":"info","message":"[BrowserActionEngine] Executing action wait_for_selector","context":{"tabId":"tab_sess_1790289835297_1_1","selector":"body > #stays"}}
{"id":"d4-child-combinator-visible","sel":"body > #stays","timeoutMs":1500,"state":"visible","success":true,"output":{"foundSelector":"body > #stays","state":"visible"},"retriesUsed":0,"elapsed":4,"truthAtReturn":"visible"}
{"timestamp":"2026-09-24T22:45:12.859Z","level":"info","message":"[BrowserActionEngine] Executing action wait_for_selector","context":{"tabId":"tab_sess_1790289835297_1_1","selector":"#host #shadow-toast"}}
{"timestamp":"2026-09-24T22:45:14.393Z","level":"warn","message":"[BrowserActionEngine] Action wait_for_selector failed (attempt 1/3): wait_for_selector timed out after 1500ms waiting for state=visible: No element found for selector: #host #shadow-toast","context":{}}
{"timestamp":"2026-09-24T22:45:16.435Z","level":"warn","message":"[BrowserActionEngine] Action wait_for_selector failed (attempt 2/3): wait_for_selector timed out after 1500ms waiting for state=visible: No element found for selector: #host #shadow-toast","context":{}}
{"timestamp":"2026-09-24T22:45:18.975Z","level":"warn","message":"[BrowserActionEngine] Action wait_for_selector failed (attempt 3/3): wait_for_selector timed out after 1500ms waiting for state=visible: No element found for selector: #host #shadow-toast","context":{}}
{"id":"d5-descendant-across-shadow","sel":"#host #shadow-toast","timeoutMs":1500,"state":"visible","success":false,"error":"wait_for_selector timed out after 1500ms waiting for state=visible: No element found for selector: #host #shadow-toast","retriesUsed":2,"elapsed":6159,"truthAtReturn":"absent"}
{"timestamp":"2026-09-24T22:45:19.059Z","level":"info","message":"[BrowserActionEngine] Executing action wait_for_selector","context":{"tabId":"tab_sess_1790289835297_1_1","selector":"#host #shadow-toast"}}
{"id":"d6-descendant-across-shadow-hidden","sel":"#host #shadow-toast","timeoutMs":1500,"state":"hidden","success":true,"output":{"foundSelector":"#host #shadow-toast","state":"hidden","matchedAtStart":false},"retriesUsed":0,"elapsed":12,"truthAtReturn":"absent"}
{"timestamp":"2026-09-24T22:45:19.094Z","level":"info","message":"[BrowserActionEngine] Executing action wait_for_selector","context":{"tabId":"tab_sess_1790289835297_1_1","selector":".dup-first ~ .dup"}}
{"timestamp":"2026-09-24T22:45:20.606Z","level":"warn","message":"[BrowserActionEngine] Action wait_for_selector failed (attempt 1/3): wait_for_selector timed out after 1500ms waiting for state=hidden: an element matching \".dup-first ~ .dup\" is still visible.","context":{}}
{"timestamp":"2026-09-24T22:45:22.625Z","level":"warn","message":"[BrowserActionEngine] Action wait_for_selector failed (attempt 2/3): wait_for_selector timed out after 1500ms waiting for state=hidden: an element matching \".dup-first ~ .dup\" is still visible.","context":{}}
{"timestamp":"2026-09-24T22:45:25.141Z","level":"warn","message":"[BrowserActionEngine] Action wait_for_selector failed (attempt 3/3): wait_for_selector timed out after 1500ms waiting for state=hidden: an element matching \".dup-first ~ .dup\" is still visible.","context":{}}
{"id":"d7-sibling-combinator-hidden","sel":".dup-first ~ .dup","timeoutMs":1500,"state":"hidden","success":false,"error":"wait_for_selector timed out after 1500ms waiting for state=hidden: an element matching \".dup-first ~ .dup\" is still visible.","retriesUsed":2,"elapsed":6088,"truthAtReturn":"visible"}
{"timestamp":"2026-09-24T22:45:25.205Z","level":"info","message":"[BrowserActionEngine] Executing action wait_for_selector","context":{"tabId":"tab_sess_1790289835297_1_1","selector":"div["}}
{"timestamp":"2026-09-24T22:45:26.718Z","level":"warn","message":"[BrowserActionEngine] Action wait_for_selector failed (attempt 1/3): wait_for_selector timed out after 1500ms waiting for state=hidden: an element matching \"div[\" is still visible.","context":{}}
{"timestamp":"2026-09-24T22:45:28.745Z","level":"warn","message":"[BrowserActionEngine] Action wait_for_selector failed (attempt 2/3): wait_for_selector timed out after 1500ms waiting for state=hidden: an element matching \"div[\" is still visible.","context":{}}
{"timestamp":"2026-09-24T22:45:31.265Z","level":"warn","message":"[BrowserActionEngine] Action wait_for_selector failed (attempt 3/3): wait_for_selector timed out after 1500ms waiting for state=hidden: an element matching \"div[\" is still visible.","context":{}}
{"id":"h1-invalid-selector-hidden","sel":"div[","timeoutMs":1500,"state":"hidden","success":false,"error":"wait_for_selector timed out after 1500ms waiting for state=hidden: an element matching \"div[\" is still visible.","retriesUsed":2,"elapsed":6077,"truthAtReturn":"eval-error:SyntaxError: Failed to execute 'querySel"}
{"timestamp":"2026-09-24T22:45:31.309Z","level":"info","message":"[BrowserActionEngine] Executing action wait_for_selector","context":{"tabId":"tab_sess_1790289835297_1_1","selector":"div["}}
{"timestamp":"2026-09-24T22:45:32.826Z","level":"warn","message":"[BrowserActionEngine] Action wait_for_selector failed (attempt 1/3): wait_for_selector timed out after 1500ms waiting for state=visible: No element found for selector: div[","context":{}}
{"timestamp":"2026-09-24T22:45:34.849Z","level":"warn","message":"[BrowserActionEngine] Action wait_for_selector failed (attempt 2/3): wait_for_selector timed out after 1500ms waiting for state=visible: No element found for selector: div[","context":{}}
{"timestamp":"2026-09-24T22:45:37.381Z","level":"warn","message":"[BrowserActionEngine] Action wait_for_selector failed (attempt 3/3): wait_for_selector timed out after 1500ms waiting for state=visible: No element found for selector: div[","context":{}}
{"id":"h2-invalid-selector-visible","sel":"div[","timeoutMs":1500,"state":"visible","success":false,"error":"wait_for_selector timed out after 1500ms waiting for state=visible: No element found for selector: div[","retriesUsed":2,"elapsed":6088,"truthAtReturn":"eval-error:SyntaxError: Failed to execute 'querySel"}
{"timestamp":"2026-09-24T22:45:37.416Z","level":"info","message":"[BrowserActionEngine] Executing action wait_for_selector","context":{"tabId":"tab_sess_1790289835297_1_1","selector":"#nope"}}
{"timestamp":"2026-09-24T22:45:39.441Z","level":"warn","message":"[BrowserActionEngine] Action wait_for_selector failed (attempt 1/3): wait_for_selector timed out after 1000ms waiting for state=visible: No element found for selector: #nope","context":{}}
{"timestamp":"2026-09-24T22:45:41.476Z","level":"warn","message":"[BrowserActionEngine] Action wait_for_selector failed (attempt 2/3): wait_for_selector timed out after 1000ms waiting for state=visible: No element found for selector: #nope","context":{}}
{"timestamp":"2026-09-24T22:45:43.499Z","level":"warn","message":"[BrowserActionEngine] Action wait_for_selector failed (attempt 3/3): wait_for_selector timed out after 1000ms waiting for state=visible: No element found for selector: #nope","context":{}}
{"id":"g1-busy-never-1000","sel":"#nope","timeoutMs":1000,"state":"visible","success":false,"error":"wait_for_selector timed out after 1000ms waiting for state=visible: No element found for selector: #nope","retriesUsed":2,"elapsed":6115,"truthAtReturn":"absent"}
{"timestamp":"2026-09-24T22:45:43.552Z","level":"info","message":"[BrowserActionEngine] Executing action wait_for_selector","context":{"tabId":"tab_sess_1790289835297_1_1","selector":"#stays"}}
{"timestamp":"2026-09-24T22:45:44.566Z","level":"warn","message":"[BrowserActionEngine] Action wait_for_selector failed (attempt 1/3): wait_for_selector timed out after 1000ms waiting for state=hidden: an element matching \"#stays\" is still visible.","context":{}}
{"timestamp":"2026-09-24T22:45:46.588Z","level":"warn","message":"[BrowserActionEngine] Action wait_for_selector failed (attempt 2/3): wait_for_selector timed out after 1000ms waiting for state=hidden: an element matching \"#stays\" is still visible.","context":{}}
{"timestamp":"2026-09-24T22:45:48.608Z","level":"warn","message":"[BrowserActionEngine] Action wait_for_selector failed (attempt 3/3): wait_for_selector timed out after 1000ms waiting for state=hidden: an element matching \"#stays\" is still visible.","context":{}}
{"id":"g2-busy-stays-hidden-1000","sel":"#stays","timeoutMs":1000,"state":"hidden","success":false,"error":"wait_for_selector timed out after 1000ms waiting for state=hidden: an element matching \"#stays\" is still visible.","retriesUsed":2,"elapsed":5094,"truthAtReturn":"visible"}
{"timestamp":"2026-09-24T22:45:48.667Z","level":"info","message":"[BrowserActionEngine] Executing action wait_for_selector","context":{"tabId":"tab_sess_1790289835297_1_1","selector":"#stays"}}
{"timestamp":"2026-09-24T22:45:52.679Z","level":"warn","message":"[BrowserActionEngine] Action wait_for_selector failed (attempt 1/3): wait_for_selector timed out after 4000ms waiting for state=hidden: an element matching \"#stays\" is still visible.","context":{}}
{"timestamp":"2026-09-24T22:45:57.185Z","level":"warn","message":"[BrowserActionEngine] Action wait_for_selector failed (attempt 2/3): wait_for_selector timed out after 4000ms waiting for state=hidden: an element matching \"#stays\" is still visible.","context":{}}
{"timestamp":"2026-09-24T22:46:02.207Z","level":"warn","message":"[BrowserActionEngine] Action wait_for_selector failed (attempt 3/3): wait_for_selector timed out after 4000ms waiting for state=hidden: an element matching \"#stays\" is still visible.","context":{}}
{"id":"i1-hidden-across-reload","sel":"#stays","timeoutMs":4000,"state":"hidden","success":false,"error":"wait_for_selector timed out after 4000ms waiting for state=hidden: an element matching \"#stays\" is still visible.","retriesUsed":2,"elapsed":13580,"truthAtReturn":"visible"}
{"timestamp":"2026-09-24T22:46:02.265Z","level":"info","message":"[BrowserActionEngine] Executing action wait_for_selector","context":{"tabId":"tab_sess_1790289835297_1_1","selector":"#stays"}}
{"timestamp":"2026-09-24T22:46:06.272Z","level":"warn","message":"[BrowserActionEngine] Action wait_for_selector failed (attempt 1/3): wait_for_selector timed out after 4000ms waiting for state=hidden: an element matching \"#stays\" is still visible.","context":{}}
{"timestamp":"2026-09-24T22:46:10.791Z","level":"warn","message":"[BrowserActionEngine] Action wait_for_selector failed (attempt 2/3): wait_for_selector timed out after 4000ms waiting for state=hidden: an element matching \"#stays\" is still visible.","context":{}}
{"timestamp":"2026-09-24T22:46:15.808Z","level":"warn","message":"[BrowserActionEngine] Action wait_for_selector failed (attempt 3/3): wait_for_selector timed out after 4000ms waiting for state=hidden: an element matching \"#stays\" is still visible.","context":{}}
{"id":"i2-hidden-across-slow-nav","sel":"#stays","timeoutMs":4000,"state":"hidden","success":false,"error":"wait_for_selector timed out after 4000ms waiting for state=hidden: an element matching \"#stays\" is still visible.","retriesUsed":2,"elapsed":13581,"truthAtReturn":"visible"}
{"timestamp":"2026-09-24T22:46:16.003Z","level":"info","message":"[BrowserSession] Closed session sess_1790289835297_1","context":{"reason":"Runtime shutdown"}}
{"timestamp":"2026-09-24T22:46:16.003Z","level":"info","message":"[BrowserSessionManager] Closed session sess_1790289835297_1","context":{"reason":"Runtime shutdown"}}
