{"timestamp":"2026-09-24T22:29:35.612Z","level":"info","message":"[BrowserLauncher] Connecting to remote browser endpoint","context":{"endpoint":"ws://127.0.0.1:65027/devtools/browser/6a5667ea-7176-4569-b66d-a2aad839cdfd"}}
{"timestamp":"2026-09-24T22:29:35.616Z","level":"info","message":"[BrowserSessionManager] Created browser session sess_1790288975612_1","context":{"isIncognito":false}}
{"timestamp":"2026-09-24T22:29:36.575Z","level":"info","message":"[BrowserActionEngine] Executing action wait_for_selector","context":{"tabId":"tab_sess_1790288975612_1_2","selector":"#toast"}}
{"mode":"pptr-headless","label":"visible-toast","background":false,"visibilityState":"visible","rafCallsIn500ms":75,"success":true,"latencyAfterTriggerMs":133,"totalMs":1636,"retriesUsed":0,"truthAtEnd":"visible"}
{"timestamp":"2026-09-24T22:29:39.155Z","level":"info","message":"[BrowserActionEngine] Executing action wait_for_selector","context":{"tabId":"tab_sess_1790288975612_1_2","selector":"#banner"}}
{"mode":"pptr-headless","label":"hidden-banner","background":false,"visibilityState":"visible","rafCallsIn500ms":74,"success":true,"latencyAfterTriggerMs":11,"totalMs":1514,"retriesUsed":0,"truthAtEnd":"hidden"}
{"timestamp":"2026-09-24T22:29:41.612Z","level":"info","message":"[BrowserActionEngine] Executing action wait_for_selector","context":{"tabId":"tab_sess_1790288975612_1_2","selector":"#late"}}
{"mode":"pptr-headless","label":"attached-late(control,mutation-poll)","background":false,"visibilityState":"visible","rafCallsIn500ms":75,"success":true,"latencyAfterTriggerMs":127,"totalMs":1641,"retriesUsed":0,"truthAtEnd":"visible"}
{"timestamp":"2026-09-24T22:29:44.209Z","level":"info","message":"[BrowserActionEngine] Executing action wait_for_selector","context":{"tabId":"tab_sess_1790288975612_1_2","selector":"#toast"}}
{"mode":"pptr-headless","label":"visible-toast","background":true,"visibilityState":"hidden","rafCallsIn500ms":1,"success":true,"latencyAfterTriggerMs":126,"totalMs":1635,"retriesUsed":0,"truthAtEnd":"visible"}
{"timestamp":"2026-09-24T22:29:46.774Z","level":"info","message":"[BrowserActionEngine] Executing action wait_for_selector","context":{"tabId":"tab_sess_1790288975612_1_2","selector":"#banner"}}
{"mode":"pptr-headless","label":"hidden-banner","background":true,"visibilityState":"hidden","rafCallsIn500ms":1,"success":true,"latencyAfterTriggerMs":69,"totalMs":1573,"retriesUsed":0,"truthAtEnd":"hidden"}
{"timestamp":"2026-09-24T22:29:49.277Z","level":"info","message":"[BrowserActionEngine] Executing action wait_for_selector","context":{"tabId":"tab_sess_1790288975612_1_2","selector":"#late"}}
{"mode":"pptr-headless","label":"attached-late(control,mutation-poll)","background":true,"visibilityState":"hidden","rafCallsIn500ms":1,"success":true,"latencyAfterTriggerMs":128,"totalMs":1637,"retriesUsed":0,"truthAtEnd":"visible"}
{"timestamp":"2026-09-24T22:29:50.934Z","level":"info","message":"[BrowserSession] Closed session sess_1790288975612_1","context":{"reason":"Runtime shutdown"}}
{"timestamp":"2026-09-24T22:29:50.934Z","level":"info","message":"[BrowserSessionManager] Closed session sess_1790288975612_1","context":{"reason":"Runtime shutdown"}}
{"timestamp":"2026-09-24T22:29:52.317Z","level":"info","message":"[BrowserLauncher] Connecting to remote browser endpoint","context":{"endpoint":"ws://127.0.0.1:61203/devtools/browser/5a54a393-cee1-479d-bb0b-d9e41ec1de4b"}}
{"timestamp":"2026-09-24T22:29:52.321Z","level":"info","message":"[BrowserSessionManager] Created browser session sess_1790288992317_1","context":{"isIncognito":false}}
{"timestamp":"2026-09-24T22:29:53.288Z","level":"info","message":"[BrowserActionEngine] Executing action wait_for_selector","context":{"tabId":"tab_sess_1790288992317_1_1","selector":"#toast"}}
{"mode":"cli-headless","label":"visible-toast","background":false,"visibilityState":"visible","rafCallsIn500ms":75,"success":true,"latencyAfterTriggerMs":128,"totalMs":1630,"retriesUsed":0,"truthAtEnd":"visible"}
{"timestamp":"2026-09-24T22:29:55.846Z","level":"info","message":"[BrowserActionEngine] Executing action wait_for_selector","context":{"tabId":"tab_sess_1790288992317_1_1","selector":"#banner"}}
{"mode":"cli-headless","label":"hidden-banner","background":false,"visibilityState":"visible","rafCallsIn500ms":75,"success":true,"latencyAfterTriggerMs":11,"totalMs":1518,"retriesUsed":0,"truthAtEnd":"hidden"}
{"timestamp":"2026-09-24T22:29:58.306Z","level":"info","message":"[BrowserActionEngine] Executing action wait_for_selector","context":{"tabId":"tab_sess_1790288992317_1_1","selector":"#late"}}
{"mode":"cli-headless","label":"attached-late(control,mutation-poll)","background":false,"visibilityState":"visible","rafCallsIn500ms":73,"success":true,"latencyAfterTriggerMs":142,"totalMs":1644,"retriesUsed":0,"truthAtEnd":"visible"}
{"timestamp":"2026-09-24T22:30:01.176Z","level":"info","message":"[BrowserActionEngine] Executing action wait_for_selector","context":{"tabId":"tab_sess_1790288992317_1_1","selector":"#toast"}}
{"mode":"cli-headless","label":"visible-toast","background":true,"visibilityState":"hidden","rafCallsIn500ms":1,"success":true,"latencyAfterTriggerMs":269,"totalMs":2265,"retriesUsed":0,"truthAtEnd":"visible"}
{"timestamp":"2026-09-24T22:30:05.176Z","level":"info","message":"[BrowserActionEngine] Executing action wait_for_selector","context":{"tabId":"tab_sess_1790288992317_1_1","selector":"#banner"}}
{"mode":"cli-headless","label":"hidden-banner","background":true,"visibilityState":"hidden","rafCallsIn500ms":1,"success":true,"latencyAfterTriggerMs":49,"totalMs":2056,"retriesUsed":0,"truthAtEnd":"hidden"}
{"timestamp":"2026-09-24T22:30:09.170Z","level":"info","message":"[BrowserActionEngine] Executing action wait_for_selector","context":{"tabId":"tab_sess_1790288992317_1_1","selector":"#late"}}
{"mode":"cli-headless","label":"attached-late(control,mutation-poll)","background":true,"visibilityState":"hidden","rafCallsIn500ms":1,"success":true,"latencyAfterTriggerMs":2,"totalMs":2002,"retriesUsed":0,"truthAtEnd":"visible"}
{"timestamp":"2026-09-24T22:30:11.184Z","level":"info","message":"[BrowserSession] Closed session sess_1790288992317_1","context":{"reason":"Runtime shutdown"}}
{"timestamp":"2026-09-24T22:30:11.184Z","level":"info","message":"[BrowserSessionManager] Closed session sess_1790288992317_1","context":{"reason":"Runtime shutdown"}}
{"timestamp":"2026-09-24T22:30:12.551Z","level":"info","message":"[BrowserLauncher] Connecting to remote browser endpoint","context":{"endpoint":"ws://127.0.0.1:54562/devtools/browser/fb35bdb7-9b76-4fae-a3a7-0d144ddb2837"}}
{"timestamp":"2026-09-24T22:30:12.564Z","level":"info","message":"[BrowserSessionManager] Created browser session sess_1790289012551_1","context":{"isIncognito":false}}
{"timestamp":"2026-09-24T22:30:14.174Z","level":"info","message":"[BrowserActionEngine] Executing action wait_for_selector","context":{"tabId":"tab_sess_1790289012551_1_2","selector":"#toast"}}
{"mode":"cli-headed","label":"visible-toast","background":false,"visibilityState":"hidden","rafCallsIn500ms":1,"success":true,"latencyAfterTriggerMs":253,"totalMs":2259,"retriesUsed":0,"truthAtEnd":"visible"}
{"timestamp":"2026-09-24T22:30:17.378Z","level":"info","message":"[BrowserActionEngine] Executing action wait_for_selector","context":{"tabId":"tab_sess_1790289012551_1_2","selector":"#banner"}}
{"mode":"cli-headed","label":"hidden-banner","background":false,"visibilityState":"hidden","rafCallsIn500ms":44,"success":true,"latencyAfterTriggerMs":11,"totalMs":1512,"retriesUsed":0,"truthAtEnd":"hidden"}
{"timestamp":"2026-09-24T22:30:19.852Z","level":"info","message":"[BrowserActionEngine] Executing action wait_for_selector","context":{"tabId":"tab_sess_1790289012551_1_2","selector":"#late"}}
{"mode":"cli-headed","label":"attached-late(control,mutation-poll)","background":false,"visibilityState":"visible","rafCallsIn500ms":74,"success":true,"latencyAfterTriggerMs":127,"totalMs":1638,"retriesUsed":0,"truthAtEnd":"visible"}
{"timestamp":"2026-09-24T22:30:23.180Z","level":"info","message":"[BrowserActionEngine] Executing action wait_for_selector","context":{"tabId":"tab_sess_1790289012551_1_2","selector":"#toast"}}
{"mode":"cli-headed","label":"visible-toast","background":true,"visibilityState":"hidden","rafCallsIn500ms":1,"success":true,"latencyAfterTriggerMs":255,"totalMs":2254,"retriesUsed":0,"truthAtEnd":"visible"}
{"timestamp":"2026-09-24T22:30:27.183Z","level":"info","message":"[BrowserActionEngine] Executing action wait_for_selector","context":{"tabId":"tab_sess_1790289012551_1_2","selector":"#banner"}}
{"mode":"cli-headed","label":"hidden-banner","background":true,"visibilityState":"hidden","rafCallsIn500ms":1,"success":true,"latencyAfterTriggerMs":38,"totalMs":2035,"retriesUsed":0,"truthAtEnd":"hidden"}
{"timestamp":"2026-09-24T22:30:30.179Z","level":"info","message":"[BrowserActionEngine] Executing action wait_for_selector","context":{"tabId":"tab_sess_1790289012551_1_2","selector":"#late"}}
{"mode":"cli-headed","label":"attached-late(control,mutation-poll)","background":true,"visibilityState":"hidden","rafCallsIn500ms":1,"success":true,"latencyAfterTriggerMs":1,"totalMs":2006,"retriesUsed":0,"truthAtEnd":"visible"}
{"timestamp":"2026-09-24T22:30:32.209Z","level":"info","message":"[BrowserSession] Closed session sess_1790289012551_1","context":{"reason":"Runtime shutdown"}}
{"timestamp":"2026-09-24T22:30:32.209Z","level":"info","message":"[BrowserSessionManager] Closed session sess_1790289012551_1","context":{"reason":"Runtime shutdown"}}
