{"timestamp":"2026-09-24T22:28:20.458Z","level":"info","message":"[BrowserLauncher] Connecting to remote browser endpoint","context":{"endpoint":"ws://127.0.0.1:64633/devtools/browser/c0bb402f-d727-4bfe-bb6d-e6f0a42d8c12"}}
{"timestamp":"2026-09-24T22:28:20.462Z","level":"info","message":"[BrowserSessionManager] Created browser session sess_1790288900458_1","context":{"isIncognito":false}}
{"timestamp":"2026-09-24T22:28:21.426Z","level":"info","message":"[BrowserActionEngine] Executing action wait_for_selector","context":{"tabId":"tab_sess_1790288900458_1_1","selector":"#toast"}}
{"mode":"pptr-headless","label":"visible-toast","background":false,"visibilityState":"visible","rafCallsIn500ms":74,"success":true,"latencyAfterTriggerMs":4,"totalMs":1015,"retriesUsed":0,"truthAtEnd":"visible"}
{"timestamp":"2026-09-24T22:28:23.375Z","level":"info","message":"[BrowserActionEngine] Executing action wait_for_selector","context":{"tabId":"tab_sess_1790288900458_1_1","selector":"#banner"}}
{"mode":"pptr-headless","label":"hidden-banner","background":false,"visibilityState":"visible","rafCallsIn500ms":75,"success":true,"latencyAfterTriggerMs":11,"totalMs":1013,"retriesUsed":0,"truthAtEnd":"hidden"}
{"timestamp":"2026-09-24T22:28:25.330Z","level":"info","message":"[BrowserActionEngine] Executing action wait_for_selector","context":{"tabId":"tab_sess_1790288900458_1_1","selector":"#late"}}
{"mode":"pptr-headless","label":"attached-late(control,mutation-poll)","background":false,"visibilityState":"visible","rafCallsIn500ms":75,"success":true,"latencyAfterTriggerMs":6,"totalMs":1008,"retriesUsed":0,"truthAtEnd":"visible"}
{"timestamp":"2026-09-24T22:28:27.293Z","level":"info","message":"[BrowserActionEngine] Executing action wait_for_selector","context":{"tabId":"tab_sess_1790288900458_1_1","selector":"#toast"}}
{"mode":"pptr-headless","label":"visible-toast","background":true,"visibilityState":"hidden","rafCallsIn500ms":1,"success":true,"latencyAfterTriggerMs":4,"totalMs":1011,"retriesUsed":0,"truthAtEnd":"visible"}
{"timestamp":"2026-09-24T22:28:29.231Z","level":"info","message":"[BrowserActionEngine] Executing action wait_for_selector","context":{"tabId":"tab_sess_1790288900458_1_1","selector":"#banner"}}
{"mode":"pptr-headless","label":"hidden-banner","background":true,"visibilityState":"hidden","rafCallsIn500ms":1,"success":true,"latencyAfterTriggerMs":99,"totalMs":1110,"retriesUsed":0,"truthAtEnd":"hidden"}
{"timestamp":"2026-09-24T22:28:31.282Z","level":"info","message":"[BrowserActionEngine] Executing action wait_for_selector","context":{"tabId":"tab_sess_1790288900458_1_1","selector":"#late"}}
{"mode":"pptr-headless","label":"attached-late(control,mutation-poll)","background":true,"visibilityState":"hidden","rafCallsIn500ms":1,"success":true,"latencyAfterTriggerMs":4,"totalMs":1014,"retriesUsed":0,"truthAtEnd":"visible"}
{"timestamp":"2026-09-24T22:28:32.309Z","level":"info","message":"[BrowserSession] Closed session sess_1790288900458_1","context":{"reason":"Runtime shutdown"}}
{"timestamp":"2026-09-24T22:28:32.309Z","level":"info","message":"[BrowserSessionManager] Closed session sess_1790288900458_1","context":{"reason":"Runtime shutdown"}}
{"timestamp":"2026-09-24T22:28:33.782Z","level":"info","message":"[BrowserLauncher] Connecting to remote browser endpoint","context":{"endpoint":"ws://127.0.0.1:60133/devtools/browser/17036535-3c17-48b7-87a8-e54f01f5347d"}}
{"timestamp":"2026-09-24T22:28:33.790Z","level":"info","message":"[BrowserSessionManager] Created browser session sess_1790288913782_1","context":{"isIncognito":false}}
{"timestamp":"2026-09-24T22:28:34.755Z","level":"info","message":"[BrowserActionEngine] Executing action wait_for_selector","context":{"tabId":"tab_sess_1790288913782_1_2","selector":"#toast"}}
{"mode":"cli-headless","label":"visible-toast","background":false,"visibilityState":"visible","rafCallsIn500ms":75,"success":true,"latencyAfterTriggerMs":4,"totalMs":1017,"retriesUsed":0,"truthAtEnd":"visible"}
{"timestamp":"2026-09-24T22:28:36.723Z","level":"info","message":"[BrowserActionEngine] Executing action wait_for_selector","context":{"tabId":"tab_sess_1790288913782_1_2","selector":"#banner"}}
{"mode":"cli-headless","label":"hidden-banner","background":false,"visibilityState":"visible","rafCallsIn500ms":75,"success":true,"latencyAfterTriggerMs":10,"totalMs":1019,"retriesUsed":0,"truthAtEnd":"hidden"}
{"timestamp":"2026-09-24T22:28:38.682Z","level":"info","message":"[BrowserActionEngine] Executing action wait_for_selector","context":{"tabId":"tab_sess_1790288913782_1_2","selector":"#late"}}
{"mode":"cli-headless","label":"attached-late(control,mutation-poll)","background":false,"visibilityState":"visible","rafCallsIn500ms":72,"success":true,"latencyAfterTriggerMs":5,"totalMs":1017,"retriesUsed":0,"truthAtEnd":"visible"}
{"timestamp":"2026-09-24T22:28:41.171Z","level":"info","message":"[BrowserActionEngine] Executing action wait_for_selector","context":{"tabId":"tab_sess_1790288913782_1_2","selector":"#toast"}}
{"mode":"cli-headless","label":"visible-toast","background":true,"visibilityState":"hidden","rafCallsIn500ms":1,"success":true,"latencyAfterTriggerMs":4,"totalMs":1015,"retriesUsed":0,"truthAtEnd":"visible"}
{"timestamp":"2026-09-24T22:28:43.176Z","level":"info","message":"[BrowserActionEngine] Executing action wait_for_selector","context":{"tabId":"tab_sess_1790288913782_1_2","selector":"#banner"}}
{"mode":"cli-headless","label":"hidden-banner","background":true,"visibilityState":"hidden","rafCallsIn500ms":1,"success":true,"latencyAfterTriggerMs":103,"totalMs":1106,"retriesUsed":0,"truthAtEnd":"hidden"}
{"timestamp":"2026-09-24T22:28:46.178Z","level":"info","message":"[BrowserActionEngine] Executing action wait_for_selector","context":{"tabId":"tab_sess_1790288913782_1_2","selector":"#late"}}
{"mode":"cli-headless","label":"attached-late(control,mutation-poll)","background":true,"visibilityState":"hidden","rafCallsIn500ms":1,"success":true,"latencyAfterTriggerMs":5,"totalMs":1011,"retriesUsed":0,"truthAtEnd":"visible"}
{"timestamp":"2026-09-24T22:28:47.215Z","level":"info","message":"[BrowserSession] Closed session sess_1790288913782_1","context":{"reason":"Runtime shutdown"}}
{"timestamp":"2026-09-24T22:28:47.215Z","level":"info","message":"[BrowserSessionManager] Closed session sess_1790288913782_1","context":{"reason":"Runtime shutdown"}}
{"timestamp":"2026-09-24T22:28:48.885Z","level":"info","message":"[BrowserLauncher] Connecting to remote browser endpoint","context":{"endpoint":"ws://127.0.0.1:61994/devtools/browser/ef13d9d4-bf7c-42e9-a10e-97f0876c2f2c"}}
{"timestamp":"2026-09-24T22:28:48.899Z","level":"info","message":"[BrowserSessionManager] Created browser session sess_1790288928885_1","context":{"isIncognito":false}}
{"timestamp":"2026-09-24T22:28:50.184Z","level":"info","message":"[BrowserActionEngine] Executing action wait_for_selector","context":{"tabId":"tab_sess_1790288928885_1_2","selector":"#toast"}}
{"mode":"cli-headed","label":"visible-toast","background":false,"visibilityState":"hidden","rafCallsIn500ms":1,"success":true,"latencyAfterTriggerMs":9,"totalMs":1015,"retriesUsed":0,"truthAtEnd":"visible"}
{"timestamp":"2026-09-24T22:28:52.182Z","level":"info","message":"[BrowserActionEngine] Executing action wait_for_selector","context":{"tabId":"tab_sess_1790288928885_1_2","selector":"#banner"}}
{"mode":"cli-headed","label":"hidden-banner","background":false,"visibilityState":"hidden","rafCallsIn500ms":1,"success":true,"latencyAfterTriggerMs":86,"totalMs":1094,"retriesUsed":0,"truthAtEnd":"hidden"}
{"timestamp":"2026-09-24T22:28:55.181Z","level":"info","message":"[BrowserActionEngine] Executing action wait_for_selector","context":{"tabId":"tab_sess_1790288928885_1_2","selector":"#late"}}
{"mode":"cli-headed","label":"attached-late(control,mutation-poll)","background":false,"visibilityState":"hidden","rafCallsIn500ms":1,"success":true,"latencyAfterTriggerMs":5,"totalMs":1016,"retriesUsed":0,"truthAtEnd":"visible"}
{"timestamp":"2026-09-24T22:28:57.170Z","level":"info","message":"[BrowserActionEngine] Executing action wait_for_selector","context":{"tabId":"tab_sess_1790288928885_1_2","selector":"#toast"}}
{"mode":"cli-headed","label":"visible-toast","background":true,"visibilityState":"hidden","rafCallsIn500ms":1,"success":true,"latencyAfterTriggerMs":4,"totalMs":1013,"retriesUsed":0,"truthAtEnd":"visible"}
{"timestamp":"2026-09-24T22:28:59.183Z","level":"info","message":"[BrowserActionEngine] Executing action wait_for_selector","context":{"tabId":"tab_sess_1790288928885_1_2","selector":"#banner"}}
{"mode":"cli-headed","label":"hidden-banner","background":true,"visibilityState":"hidden","rafCallsIn500ms":1,"success":true,"latencyAfterTriggerMs":102,"totalMs":1116,"retriesUsed":0,"truthAtEnd":"hidden"}
{"timestamp":"2026-09-24T22:29:02.171Z","level":"info","message":"[BrowserActionEngine] Executing action wait_for_selector","context":{"tabId":"tab_sess_1790288928885_1_2","selector":"#late"}}
{"mode":"cli-headed","label":"attached-late(control,mutation-poll)","background":true,"visibilityState":"hidden","rafCallsIn500ms":1,"success":true,"latencyAfterTriggerMs":3,"totalMs":1016,"retriesUsed":0,"truthAtEnd":"visible"}
{"timestamp":"2026-09-24T22:29:03.214Z","level":"info","message":"[BrowserSession] Closed session sess_1790288928885_1","context":{"reason":"Runtime shutdown"}}
{"timestamp":"2026-09-24T22:29:03.214Z","level":"info","message":"[BrowserSessionManager] Closed session sess_1790288928885_1","context":{"reason":"Runtime shutdown"}}
