{"timestamp":"2026-09-24T22:30:45.401Z","level":"info","message":"[BrowserLauncher] Connecting to remote browser endpoint","context":{"endpoint":"ws://127.0.0.1:51219/devtools/browser/a6eb0962-3341-4402-b2cd-ee7634fbc50c"}}
{"timestamp":"2026-09-24T22:30:45.407Z","level":"info","message":"[BrowserSessionManager] Created browser session sess_1790289045401_1","context":{"isIncognito":false}}
{"timestamp":"2026-09-24T22:30:46.358Z","level":"info","message":"[BrowserActionEngine] Executing action wait_for_selector","context":{"tabId":"tab_sess_1790289045401_1_2","selector":"#toast"}}
{"mode":"pptr-headless","label":"visible-toast","background":false,"visibilityState":"visible","rafCallsIn500ms":74,"success":true,"latencyAfterTriggerMs":4,"totalMs":1506,"retriesUsed":0,"truthAtEnd":"visible"}
{"timestamp":"2026-09-24T22:30:48.806Z","level":"info","message":"[BrowserActionEngine] Executing action wait_for_selector","context":{"tabId":"tab_sess_1790289045401_1_2","selector":"#banner"}}
{"mode":"pptr-headless","label":"hidden-banner","background":false,"visibilityState":"visible","rafCallsIn500ms":74,"success":true,"latencyAfterTriggerMs":8,"totalMs":1515,"retriesUsed":0,"truthAtEnd":"hidden"}
{"timestamp":"2026-09-24T22:30:51.255Z","level":"info","message":"[BrowserActionEngine] Executing action wait_for_selector","context":{"tabId":"tab_sess_1790289045401_1_2","selector":"#late"}}
{"mode":"pptr-headless","label":"attached-late(control,mutation-poll)","background":false,"visibilityState":"visible","rafCallsIn500ms":75,"success":true,"latencyAfterTriggerMs":2,"totalMs":1511,"retriesUsed":0,"truthAtEnd":"visible"}
{"timestamp":"2026-09-24T22:30:53.709Z","level":"info","message":"[BrowserActionEngine] Executing action wait_for_selector","context":{"tabId":"tab_sess_1790289045401_1_2","selector":"#toast"}}
{"timestamp":"2026-09-24T22:30:59.726Z","level":"warn","message":"[BrowserActionEngine] Action wait_for_selector failed (attempt 1/3): wait_for_selector timed out after 6000ms waiting for state=visible: No element found for selector: #toast","context":{}}
{"mode":"pptr-headless","label":"visible-toast","background":true,"visibilityState":"hidden","rafCallsIn500ms":1,"success":true,"latencyAfterTriggerMs":5017,"totalMs":6522,"retriesUsed":1,"truthAtEnd":"visible"}
{"timestamp":"2026-09-24T22:31:01.156Z","level":"info","message":"[BrowserActionEngine] Executing action wait_for_selector","context":{"tabId":"tab_sess_1790289045401_1_2","selector":"#banner"}}
{"timestamp":"2026-09-24T22:31:07.177Z","level":"warn","message":"[BrowserActionEngine] Action wait_for_selector failed (attempt 1/3): wait_for_selector timed out after 6000ms waiting for state=hidden: an element matching \"#banner\" is still visible.","context":{}}
{"mode":"pptr-headless","label":"hidden-banner","background":true,"visibilityState":"hidden","rafCallsIn500ms":1,"success":true,"latencyAfterTriggerMs":5023,"totalMs":6532,"retriesUsed":1,"truthAtEnd":"hidden"}
{"timestamp":"2026-09-24T22:31:08.617Z","level":"info","message":"[BrowserActionEngine] Executing action wait_for_selector","context":{"tabId":"tab_sess_1790289045401_1_2","selector":"#late"}}
{"mode":"pptr-headless","label":"attached-late(control,mutation-poll)","background":true,"visibilityState":"hidden","rafCallsIn500ms":1,"success":true,"latencyAfterTriggerMs":2,"totalMs":1509,"retriesUsed":0,"truthAtEnd":"visible"}
{"timestamp":"2026-09-24T22:31:10.160Z","level":"info","message":"[BrowserSession] Closed session sess_1790289045401_1","context":{"reason":"Runtime shutdown"}}
{"timestamp":"2026-09-24T22:31:10.160Z","level":"info","message":"[BrowserSessionManager] Closed session sess_1790289045401_1","context":{"reason":"Runtime shutdown"}}
{"timestamp":"2026-09-24T22:31:11.528Z","level":"info","message":"[BrowserLauncher] Connecting to remote browser endpoint","context":{"endpoint":"ws://127.0.0.1:63564/devtools/browser/9325c233-c76e-4b6a-ad91-0f35398a7e63"}}
{"timestamp":"2026-09-24T22:31:11.544Z","level":"info","message":"[BrowserSessionManager] Created browser session sess_1790289071528_1","context":{"isIncognito":false}}
{"timestamp":"2026-09-24T22:31:12.520Z","level":"info","message":"[BrowserActionEngine] Executing action wait_for_selector","context":{"tabId":"tab_sess_1790289071528_1_1","selector":"#toast"}}
{"mode":"cli-headless","label":"visible-toast","background":false,"visibilityState":"visible","rafCallsIn500ms":75,"success":true,"latencyAfterTriggerMs":6,"totalMs":1509,"retriesUsed":0,"truthAtEnd":"visible"}
{"timestamp":"2026-09-24T22:31:14.985Z","level":"info","message":"[BrowserActionEngine] Executing action wait_for_selector","context":{"tabId":"tab_sess_1790289071528_1_1","selector":"#banner"}}
{"mode":"cli-headless","label":"hidden-banner","background":false,"visibilityState":"visible","rafCallsIn500ms":75,"success":true,"latencyAfterTriggerMs":9,"totalMs":1510,"retriesUsed":0,"truthAtEnd":"hidden"}
{"timestamp":"2026-09-24T22:31:17.441Z","level":"info","message":"[BrowserActionEngine] Executing action wait_for_selector","context":{"tabId":"tab_sess_1790289071528_1_1","selector":"#late"}}
{"mode":"cli-headless","label":"attached-late(control,mutation-poll)","background":false,"visibilityState":"visible","rafCallsIn500ms":73,"success":true,"latencyAfterTriggerMs":2,"totalMs":1512,"retriesUsed":0,"truthAtEnd":"visible"}
{"timestamp":"2026-09-24T22:31:20.180Z","level":"info","message":"[BrowserActionEngine] Executing action wait_for_selector","context":{"tabId":"tab_sess_1790289071528_1_1","selector":"#toast"}}
{"timestamp":"2026-09-24T22:31:26.195Z","level":"warn","message":"[BrowserActionEngine] Action wait_for_selector failed (attempt 1/3): wait_for_selector timed out after 6000ms waiting for state=visible: No element found for selector: #toast","context":{}}
{"mode":"cli-headless","label":"visible-toast","background":true,"visibilityState":"hidden","rafCallsIn500ms":1,"success":true,"latencyAfterTriggerMs":4524,"totalMs":6527,"retriesUsed":1,"truthAtEnd":"visible"}
{"timestamp":"2026-09-24T22:31:28.176Z","level":"info","message":"[BrowserActionEngine] Executing action wait_for_selector","context":{"tabId":"tab_sess_1790289071528_1_1","selector":"#banner"}}
{"timestamp":"2026-09-24T22:31:34.193Z","level":"warn","message":"[BrowserActionEngine] Action wait_for_selector failed (attempt 1/3): wait_for_selector timed out after 6000ms waiting for state=hidden: an element matching \"#banner\" is still visible.","context":{}}
{"mode":"cli-headless","label":"hidden-banner","background":true,"visibilityState":"hidden","rafCallsIn500ms":1,"success":true,"latencyAfterTriggerMs":4533,"totalMs":6535,"retriesUsed":1,"truthAtEnd":"hidden"}
{"timestamp":"2026-09-24T22:31:36.182Z","level":"info","message":"[BrowserActionEngine] Executing action wait_for_selector","context":{"tabId":"tab_sess_1790289071528_1_1","selector":"#late"}}
{"mode":"cli-headless","label":"attached-late(control,mutation-poll)","background":true,"visibilityState":"hidden","rafCallsIn500ms":1,"success":true,"latencyAfterTriggerMs":2,"totalMs":1992,"retriesUsed":0,"truthAtEnd":"visible"}
{"timestamp":"2026-09-24T22:31:38.190Z","level":"info","message":"[BrowserSession] Closed session sess_1790289071528_1","context":{"reason":"Runtime shutdown"}}
{"timestamp":"2026-09-24T22:31:38.190Z","level":"info","message":"[BrowserSessionManager] Closed session sess_1790289071528_1","context":{"reason":"Runtime shutdown"}}
{"timestamp":"2026-09-24T22:31:39.625Z","level":"info","message":"[BrowserLauncher] Connecting to remote browser endpoint","context":{"endpoint":"ws://127.0.0.1:60028/devtools/browser/d7d9ab6e-9e77-49f4-ac04-4d8d2ca9015b"}}
{"timestamp":"2026-09-24T22:31:39.637Z","level":"info","message":"[BrowserSessionManager] Created browser session sess_1790289099625_1","context":{"isIncognito":false}}
{"timestamp":"2026-09-24T22:31:40.618Z","level":"info","message":"[BrowserActionEngine] Executing action wait_for_selector","context":{"tabId":"tab_sess_1790289099625_1_1","selector":"#toast"}}
{"mode":"cli-headed","label":"visible-toast","background":false,"visibilityState":"visible","rafCallsIn500ms":75,"success":true,"latencyAfterTriggerMs":9,"totalMs":1513,"retriesUsed":0,"truthAtEnd":"visible"}
{"timestamp":"2026-09-24T22:31:43.082Z","level":"info","message":"[BrowserActionEngine] Executing action wait_for_selector","context":{"tabId":"tab_sess_1790289099625_1_1","selector":"#banner"}}
{"timestamp":"2026-09-24T22:31:49.089Z","level":"warn","message":"[BrowserActionEngine] Action wait_for_selector failed (attempt 1/3): wait_for_selector timed out after 6000ms waiting for state=hidden: an element matching \"#banner\" is still visible.","context":{}}
{"mode":"cli-headed","label":"hidden-banner","background":false,"visibilityState":"visible","rafCallsIn500ms":75,"success":true,"latencyAfterTriggerMs":4436,"totalMs":6529,"retriesUsed":1,"truthAtEnd":"hidden"}
{"timestamp":"2026-09-24T22:31:51.179Z","level":"info","message":"[BrowserActionEngine] Executing action wait_for_selector","context":{"tabId":"tab_sess_1790289099625_1_1","selector":"#late"}}
{"mode":"cli-headed","label":"attached-late(control,mutation-poll)","background":false,"visibilityState":"hidden","rafCallsIn500ms":1,"success":true,"latencyAfterTriggerMs":2,"totalMs":1997,"retriesUsed":0,"truthAtEnd":"visible"}
{"timestamp":"2026-09-24T22:31:54.178Z","level":"info","message":"[BrowserActionEngine] Executing action wait_for_selector","context":{"tabId":"tab_sess_1790289099625_1_1","selector":"#toast"}}
{"timestamp":"2026-09-24T22:32:00.193Z","level":"warn","message":"[BrowserActionEngine] Action wait_for_selector failed (attempt 1/3): wait_for_selector timed out after 6000ms waiting for state=visible: No element found for selector: #toast","context":{}}
{"mode":"cli-headed","label":"visible-toast","background":true,"visibilityState":"hidden","rafCallsIn500ms":1,"success":true,"latencyAfterTriggerMs":4517,"totalMs":6519,"retriesUsed":1,"truthAtEnd":"visible"}
{"timestamp":"2026-09-24T22:32:02.171Z","level":"info","message":"[BrowserActionEngine] Executing action wait_for_selector","context":{"tabId":"tab_sess_1790289099625_1_1","selector":"#banner"}}
{"timestamp":"2026-09-24T22:32:08.194Z","level":"warn","message":"[BrowserActionEngine] Action wait_for_selector failed (attempt 1/3): wait_for_selector timed out after 6000ms waiting for state=hidden: an element matching \"#banner\" is still visible.","context":{}}
{"mode":"cli-headed","label":"hidden-banner","background":true,"visibilityState":"hidden","rafCallsIn500ms":1,"success":true,"latencyAfterTriggerMs":4516,"totalMs":6527,"retriesUsed":1,"truthAtEnd":"hidden"}
{"timestamp":"2026-09-24T22:32:10.184Z","level":"info","message":"[BrowserActionEngine] Executing action wait_for_selector","context":{"tabId":"tab_sess_1790289099625_1_1","selector":"#late"}}
{"mode":"cli-headed","label":"attached-late(control,mutation-poll)","background":true,"visibilityState":"hidden","rafCallsIn500ms":1,"success":true,"latencyAfterTriggerMs":2,"totalMs":1996,"retriesUsed":0,"truthAtEnd":"visible"}
{"timestamp":"2026-09-24T22:32:12.197Z","level":"info","message":"[BrowserSession] Closed session sess_1790289099625_1","context":{"reason":"Runtime shutdown"}}
{"timestamp":"2026-09-24T22:32:12.197Z","level":"info","message":"[BrowserSessionManager] Closed session sess_1790289099625_1","context":{"reason":"Runtime shutdown"}}
