+72ms page.evaluate start
+73ms page.evaluate end
+73ms visibility=hidden
+73ms page.evaluate start
+74ms page.evaluate end
+74ms wait start
+75ms frame.waitForSelector start {"visible":true,"timeout":2000}
+2087ms frame.waitForSelector threw Waiting for selector `#toast` failed
+2087ms frame.waitForSelector end
+2596ms frame.waitForSelector start {"visible":true,"timeout":2000}
+4610ms frame.waitForSelector threw Waiting for selector `#toast` failed
+4610ms frame.waitForSelector end
+5622ms frame.waitForSelector start {"visible":true,"timeout":2000}
+7636ms frame.waitForSelector threw Waiting for selector `#toast` failed
+7637ms frame.waitForSelector end
+7637ms page.screenshot start
+187644ms page.screenshot end
+187644ms verify start
+187645ms verify end
+187645ms wait end success=false err=wait_for_selector timed out after 2000ms waiting for state=visible: No element found for selector: #toast
+187759ms shutdown
