base 1 FAIL 55863 "Click failed: Action click timed out after 15000ms"
mine 1 FAIL 55855 "Click failed: Action click timed out after 15000ms"
base 2 FAIL 55829 "Click failed: Action click timed out after 15000ms"
mine 2 FAIL 55876 "Click failed: Action click timed out after 15000ms"
base 3 FAIL 55843 "Click failed: Action click timed out after 15000ms"
mine 3 FAIL 55858 "Click failed: Action click timed out after 15000ms"
base 4 FAIL 55825 "Click failed: Action click timed out after 15000ms"
mine 4 FAIL 55837 "Click failed: Action click timed out after 15000ms"
base 5 FAIL 55837 "Click failed: Action click timed out after 15000ms"
mine 5 ok 3366 "Clicked #b\nVerification: verified (confidence 0.90) — 'click' has a built-in post-condition check (v"
base 6 FAIL 55829 "Click failed: Action click timed out after 15000ms"
mine 6 FAIL 55832 "Click failed: Action click timed out after 15000ms"
base 7 FAIL 55838 "Click failed: Action click timed out after 15000ms"
mine 7 ok 4123 "Clicked #b\nVerification: verified (confidence 0.90) — 'click' has a built-in post-condition check (v"
base 8 ok 3357 "Clicked #b\nVerification: verified (confidence 0.90) — 'click' has a built-in post-condition check (v"
mine 8 FAIL 55912 "Click failed: Action click timed out after 15000ms"
base 9 ok 3369 "Clicked #b\nVerification: verified (confidence 0.90) — 'click' has a built-in post-condition check (v"
mine 9 FAIL 55845 "Click failed: Action click timed out after 15000ms"
base 10 FAIL 55865 "Click failed: Action click timed out after 15000ms"
mine 10 FAIL 55904 "Click failed: Action click timed out after 15000ms"
base 11 FAIL 55826 "Click failed: Action click timed out after 15000ms"
mine 11 FAIL 55876 "Click failed: Action click timed out after 15000ms"
base 12 FAIL 55870 "Click failed: Action click timed out after 15000ms"
mine 12 FAIL 55890 "Click failed: Action click timed out after 15000ms"
{"base":{"ok":2,"fail":10},"mine":{"ok":2,"fail":10}}
exit 0
