URL: https://www.kayak.com/
Title: Search Flights, Hotels & Rental Cars | KAYAK
Interactive elements (65):
[#2] div "Open main navigation" role=button
[#3] a "Go to the kayak homepage"
[#4] div "Open Trips drawer" role=button
[#5] div "Sign in" role=button
[#172] li "Flights" role=menuitem
[#173] a "Search for flights"
[#174] li "Stays" role=menuitem
[#175] a "Search for stays"
[#176] li "Cars" role=menuitem
[#177] a "Search for cars"
[#178] li "Packages" role=menuitem
[#179] a "Search for packages"
[#180] div "Round-trip" role=radio
[#181] div "One-way" role=radio
[#182] div "Multi-city" role=radio
[#183] div "Mumbai, India - Chhatrapati Shivaji Intl (BOM)" role=button
[#184] input
[#185] div "Swap origin and destination locations" role=button
[#186] div "To?" role=button
[#187] input
[#188] div "Select dates" role=button
[#189] div "1 adult, Economy, 0 bags" role=button
[#190] button "Search"
[#191] a "Holiday travel, unwrapped.
Here's what you need to know if you're flying this season (consider it an"
[#192] button "Feeling festive yet?"
[#194] h3 "Discover where to go." role=clickable
[#195] a "Discover where to go."
[#196] h3 "Plan for your budget." role=clickable
[#197] a "Plan for your budget."
[#198] h3 "Pick the right price." role=clickable
[#199] a "Pick the right price."
[#200] h3 "Travel with confidence." role=clickable
[#201] a "Travel with confidence."
[#202] a "Try it now" role=link
[#204] h3 "Price Alerts" role=clickable
[#205] a "Price Alerts"
[#206] h3 "Flight Tracker" role=clickable
[#207] a "Flight Tracker"
[#210] a "Flights"
[#211] a "Hotels"
[#212] a "Rental Cars"
[#214] button "View more deals for Las Vegas"
[#215] a "CARS"
[#216] a "FLIGHTS"
[#217] a "HOTELS"
[#229] button "View more deals for New York"
[#230] a "CARS"
[#231] a "FLIGHTS"
[#232] a "HOTELS"
[#244] button "View more deals for London"
[#245] a "CARS"
[#246] a "FLIGHTS"
[#247] a "HOTELS"
[#259] button "View more deals for Los Angeles"
[#260] a "CARS"
[#261] a "FLIGHTS"
[#262] a "HOTELS"
[#274] button "View more deals for Miami"
[#275] a "CARS"
[#276] a "FLIGHTS"
... (5 more elements not shown)
