Skip to main content
USD
Find the right flight from 100s of sites.
Flights
Stays
Cars
Packages
Round-trip
One-way
Multi-city
Mumbai (BOM)
Departure
–
Return
1 adult, Economy, 0 bags
Search
Holiday travel, unwrapped.
Here's what you need to know if you're flying this season (consider it an early gift).
Feeling festive yet?
Planning. Minus the pain.
KAYAK and Discover Puerto Rico have your back. Use Navigator.
Try it now
Discover where to go.
Get that destination inspiration.
Plan for your budget.
See which dates save you more.
Pick the right price.
Make sure you book a good deal.
Travel with confidence.
Keep track of details that matter.
Tools to get your trips out of the chat.
Make your next trip a breeze
Price Alerts
Flight Tracker
Search cheap flights by destination
Find Cheap Flights

Save money on airfare by searching for cheap flight tickets on KAYAK. KAYAK searches for flight deals on hundreds of airline tickets sites to help you find the cheapest flights. Whether you are looking for a last minute flight or a cheap plane ticket for a later date, you can find the best deals faster at KAYAK.

Las Vegas Flights
New York Flights
London Flights
Los Angeles Flights
Miami Flights
Paris Flights
Orlando Flights
Rome Flights
Manila Flights
Cancun Flights
Seattle Flights
Denver Flights
Tokyo Flights
Fort Lauderdale Flights
San Francisco Flights
Chicago Flights
Atlanta Flights
San Diego Flights
Phoenix Flights
Boston Flights
Punta Cana Flights
India Flights
United States Flights
Europe Flights
Japan Flights
Hawaii Flights
Florida Flights
New Delhi Flights
San Juan Flights
Dallas Flights
Washington, D.C. Flights
Tampa Flights
Mumbai Flights
Frequently asked questions
How can I get cheap flights?
When is the best time to book a flight?
How can I find cheap international flights?
How can I track the price of a flight?
My dates are flexible, how can I find cheap flights?
How can I compare flights from multiple airports?
How can I find cheap flights to anywhere?
How do I know I can trust deals on KAYAK?
What is the cheapest month to fly?
What is the cheapest day of the week to fly?

Search cheap flights with KAYAK. Search for the cheapest airline tickets for all the top airlines around the world, airports around the world and the top international flight routes. KAYAK searches hundreds of travel sites to help you find cheap airfare and book a flight that suits you best. Since KAYAK searches many plane tickets sites at once, you can find cheap tickets from cheap airlines, direct flights, one-way flights, multi-city flights, last-minute flight deals, and Flights Under $100 quickly.

KAYAK also helps you find the right hotels for your needs.

Company
About
Careers
Mobile
Blog
How we work
Contact
Help/FAQ
Press
Affiliates
Hotel owners
Partners
Advertise with us
More
Airline fees
Airlines
Low fare tips
Badges & Certificates
Security
Get the KAYAK app
©2026 KAYAK
Privacy
Terms & Conditions
Ad Choices
