{"timestamp":"2026-09-24T23:53:16.408Z","level":"info","message":"[BrowserLauncher] Connecting to remote browser endpoint","context":{"endpoint":"ws://127.0.0.1:56331/devtools/browser/5554f6b8-a359-4db3-9d3f-37752d8ae589"}}
{"timestamp":"2026-09-24T23:53:16.412Z","level":"info","message":"[BrowserSessionManager] Created browser session sess_1790293996408_1","context":{"isIncognito":false}}
{"timestamp":"2026-09-24T23:53:17.375Z","level":"info","message":"[BrowserActionEngine] Executing action wait_for_selector","context":{"tabId":"tab_sess_1790293996408_1_2","selector":"#toast"}}
{"mode":"pptr-headless","label":"visible-toast","background":false,"visibilityState":"visible","rafCallsIn500ms":75,"success":true,"latencyAfterTriggerMs":19,"totalMs":1535,"retriesUsed":0,"truthAtEnd":"visible"}
{"timestamp":"2026-09-24T23:53:19.851Z","level":"info","message":"[BrowserActionEngine] Executing action wait_for_selector","context":{"tabId":"tab_sess_1790293996408_1_2","selector":"#banner"}}
{"mode":"pptr-headless","label":"hidden-banner","background":false,"visibilityState":"visible","rafCallsIn500ms":75,"success":true,"latencyAfterTriggerMs":41,"totalMs":1556,"retriesUsed":0,"truthAtEnd":"hidden"}
{"timestamp":"2026-09-24T23:53:22.344Z","level":"info","message":"[BrowserActionEngine] Executing action wait_for_selector","context":{"tabId":"tab_sess_1790293996408_1_2","selector":"#late"}}
{"mode":"pptr-headless","label":"attached-late(control,mutation-poll)","background":false,"visibilityState":"visible","rafCallsIn500ms":75,"success":true,"latencyAfterTriggerMs":3,"totalMs":1506,"retriesUsed":0,"truthAtEnd":"visible"}
{"timestamp":"2026-09-24T23:53:24.783Z","level":"info","message":"[BrowserActionEngine] Executing action wait_for_selector","context":{"tabId":"tab_sess_1790293996408_1_2","selector":"#toast"}}
{"mode":"pptr-headless","label":"visible-toast","background":true,"visibilityState":"hidden","rafCallsIn500ms":1,"success":true,"latencyAfterTriggerMs":19,"totalMs":1532,"retriesUsed":0,"truthAtEnd":"visible"}
{"timestamp":"2026-09-24T23:53:27.251Z","level":"info","message":"[BrowserActionEngine] Executing action wait_for_selector","context":{"tabId":"tab_sess_1790293996408_1_2","selector":"#banner"}}
{"mode":"pptr-headless","label":"hidden-banner","background":true,"visibilityState":"hidden","rafCallsIn500ms":1,"success":true,"latencyAfterTriggerMs":38,"totalMs":1540,"retriesUsed":0,"truthAtEnd":"hidden"}
{"timestamp":"2026-09-24T23:53:29.712Z","level":"info","message":"[BrowserActionEngine] Executing action wait_for_selector","context":{"tabId":"tab_sess_1790293996408_1_2","selector":"#late"}}
{"mode":"pptr-headless","label":"attached-late(control,mutation-poll)","background":true,"visibilityState":"hidden","rafCallsIn500ms":1,"success":true,"latencyAfterTriggerMs":2,"totalMs":1507,"retriesUsed":0,"truthAtEnd":"visible"}
{"timestamp":"2026-09-24T23:53:31.249Z","level":"info","message":"[BrowserSession] Closed session sess_1790293996408_1","context":{"reason":"Runtime shutdown"}}
{"timestamp":"2026-09-24T23:53:31.249Z","level":"info","message":"[BrowserSessionManager] Closed session sess_1790293996408_1","context":{"reason":"Runtime shutdown"}}
{"timestamp":"2026-09-24T23:53:32.651Z","level":"info","message":"[BrowserLauncher] Connecting to remote browser endpoint","context":{"endpoint":"ws://127.0.0.1:54551/devtools/browser/8eb2c1e8-b9a0-4a6b-99bb-df303023445c"}}
{"timestamp":"2026-09-24T23:53:32.662Z","level":"info","message":"[BrowserSessionManager] Created browser session sess_1790294012651_1","context":{"isIncognito":false}}
{"timestamp":"2026-09-24T23:53:33.616Z","level":"info","message":"[BrowserActionEngine] Executing action wait_for_selector","context":{"tabId":"tab_sess_1790294012651_1_2","selector":"#toast"}}
{"mode":"cli-headless","label":"visible-toast","background":false,"visibilityState":"visible","rafCallsIn500ms":75,"success":true,"latencyAfterTriggerMs":50,"totalMs":1562,"retriesUsed":0,"truthAtEnd":"visible"}
{"timestamp":"2026-09-24T23:53:36.113Z","level":"info","message":"[BrowserActionEngine] Executing action wait_for_selector","context":{"tabId":"tab_sess_1790294012651_1_2","selector":"#banner"}}
{"mode":"cli-headless","label":"hidden-banner","background":false,"visibilityState":"visible","rafCallsIn500ms":75,"success":true,"latencyAfterTriggerMs":37,"totalMs":1542,"retriesUsed":0,"truthAtEnd":"hidden"}
{"timestamp":"2026-09-24T23:53:38.596Z","level":"info","message":"[BrowserActionEngine] Executing action wait_for_selector","context":{"tabId":"tab_sess_1790294012651_1_2","selector":"#late"}}
{"mode":"cli-headless","label":"attached-late(control,mutation-poll)","background":false,"visibilityState":"visible","rafCallsIn500ms":75,"success":true,"latencyAfterTriggerMs":2,"totalMs":1507,"retriesUsed":0,"truthAtEnd":"visible"}
{"timestamp":"2026-09-24T23:53:41.178Z","level":"info","message":"[BrowserActionEngine] Executing action wait_for_selector","context":{"tabId":"tab_sess_1790294012651_1_2","selector":"#toast"}}
{"mode":"cli-headless","label":"visible-toast","background":true,"visibilityState":"hidden","rafCallsIn500ms":1,"success":true,"latencyAfterTriggerMs":82,"totalMs":2081,"retriesUsed":0,"truthAtEnd":"visible"}
{"timestamp":"2026-09-24T23:53:45.179Z","level":"info","message":"[BrowserActionEngine] Executing action wait_for_selector","context":{"tabId":"tab_sess_1790294012651_1_2","selector":"#banner"}}
{"mode":"cli-headless","label":"hidden-banner","background":true,"visibilityState":"hidden","rafCallsIn500ms":1,"success":true,"latencyAfterTriggerMs":86,"totalMs":2083,"retriesUsed":0,"truthAtEnd":"hidden"}
{"timestamp":"2026-09-24T23:53:49.171Z","level":"info","message":"[BrowserActionEngine] Executing action wait_for_selector","context":{"tabId":"tab_sess_1790294012651_1_2","selector":"#late"}}
{"mode":"cli-headless","label":"attached-late(control,mutation-poll)","background":true,"visibilityState":"hidden","rafCallsIn500ms":1,"success":true,"latencyAfterTriggerMs":2,"totalMs":2007,"retriesUsed":0,"truthAtEnd":"visible"}
{"timestamp":"2026-09-24T23:53:51.200Z","level":"info","message":"[BrowserSession] Closed session sess_1790294012651_1","context":{"reason":"Runtime shutdown"}}
{"timestamp":"2026-09-24T23:53:51.200Z","level":"info","message":"[BrowserSessionManager] Closed session sess_1790294012651_1","context":{"reason":"Runtime shutdown"}}
{"timestamp":"2026-09-24T23:53:52.626Z","level":"info","message":"[BrowserLauncher] Connecting to remote browser endpoint","context":{"endpoint":"ws://127.0.0.1:59868/devtools/browser/50d12de7-d18a-42f8-887e-004b41869476"}}
{"timestamp":"2026-09-24T23:53:52.633Z","level":"info","message":"[BrowserSessionManager] Created browser session sess_1790294032626_1","context":{"isIncognito":false}}
{"timestamp":"2026-09-24T23:53:53.601Z","level":"info","message":"[BrowserActionEngine] Executing action wait_for_selector","context":{"tabId":"tab_sess_1790294032626_1_1","selector":"#toast"}}
{"mode":"cli-headed","label":"visible-toast","background":false,"visibilityState":"visible","rafCallsIn500ms":75,"success":true,"latencyAfterTriggerMs":19,"totalMs":1523,"retriesUsed":0,"truthAtEnd":"visible"}
{"timestamp":"2026-09-24T23:53:56.172Z","level":"info","message":"[BrowserActionEngine] Executing action wait_for_selector","context":{"tabId":"tab_sess_1790294032626_1_1","selector":"#banner"}}
{"mode":"cli-headed","label":"hidden-banner","background":false,"visibilityState":"visible","rafCallsIn500ms":72,"success":true,"latencyAfterTriggerMs":54,"totalMs":2066,"retriesUsed":0,"truthAtEnd":"hidden"}
{"timestamp":"2026-09-24T23:54:00.172Z","level":"info","message":"[BrowserActionEngine] Executing action wait_for_selector","context":{"tabId":"tab_sess_1790294032626_1_1","selector":"#late"}}
{"mode":"cli-headed","label":"attached-late(control,mutation-poll)","background":false,"visibilityState":"hidden","rafCallsIn500ms":1,"success":true,"latencyAfterTriggerMs":2,"totalMs":2007,"retriesUsed":0,"truthAtEnd":"visible"}
{"timestamp":"2026-09-24T23:54:03.177Z","level":"info","message":"[BrowserActionEngine] Executing action wait_for_selector","context":{"tabId":"tab_sess_1790294032626_1_1","selector":"#toast"}}
{"mode":"cli-headed","label":"visible-toast","background":true,"visibilityState":"hidden","rafCallsIn500ms":1,"success":true,"latencyAfterTriggerMs":67,"totalMs":2064,"retriesUsed":0,"truthAtEnd":"visible"}
{"timestamp":"2026-09-24T23:54:06.185Z","level":"info","message":"[BrowserActionEngine] Executing action wait_for_selector","context":{"tabId":"tab_sess_1790294032626_1_1","selector":"#banner"}}
{"mode":"cli-headed","label":"hidden-banner","background":true,"visibilityState":"hidden","rafCallsIn500ms":1,"success":true,"latencyAfterTriggerMs":54,"totalMs":2050,"retriesUsed":0,"truthAtEnd":"hidden"}
{"timestamp":"2026-09-24T23:54:10.182Z","level":"info","message":"[BrowserActionEngine] Executing action wait_for_selector","context":{"tabId":"tab_sess_1790294032626_1_1","selector":"#late"}}
{"mode":"cli-headed","label":"attached-late(control,mutation-poll)","background":true,"visibilityState":"hidden","rafCallsIn500ms":1,"success":true,"latencyAfterTriggerMs":3,"totalMs":2005,"retriesUsed":0,"truthAtEnd":"visible"}
{"timestamp":"2026-09-24T23:54:12.204Z","level":"info","message":"[BrowserSession] Closed session sess_1790294032626_1","context":{"reason":"Runtime shutdown"}}
{"timestamp":"2026-09-24T23:54:12.204Z","level":"info","message":"[BrowserSessionManager] Closed session sess_1790294032626_1","context":{"reason":"Runtime shutdown"}}
