{"timestamp":"2026-09-25T00:08:59.693Z","level":"warn","message":"[BrowserActionEngine] Action wait_for_selector failed (attempt 1/3): wait_for_selector timed out after 5000ms waiting for state=visible: No element found for selector: #never","context":{}}
{"timestamp":"2026-09-25T00:09:05.213Z","level":"warn","message":"[BrowserActionEngine] Action wait_for_selector failed (attempt 2/3): wait_for_selector timed out after 5000ms waiting for state=visible: No element found for selector: #never","context":{}}
{"timestamp":"2026-09-25T00:09:11.217Z","level":"warn","message":"[BrowserActionEngine] Action wait_for_selector failed (attempt 3/3): wait_for_selector timed out after 5000ms waiting for state=visible: No element found for selector: #never","context":{}}
{"timestamp":"2026-09-25T00:09:11.218Z","level":"warn","message":"[BrowserActionEngine] Skipping failure screenshot: Protocol error (Page.captureScreenshot): Session closed. Most likely the page has been closed.","context":{}}
{"timestamp":"2026-09-25T00:09:19.246Z","level":"warn","message":"[BrowserActionEngine] Action wait_for_selector failed (attempt 1/3): wait_for_selector timed out after 400ms waiting for state=visible: No element found for selector: #nope-x","context":{}}
{"timestamp":"2026-09-25T00:09:19.249Z","level":"warn","message":"[BrowserActionEngine] Action wait_for_selector failed (attempt 1/3): wait_for_selector timed out after 400ms waiting for state=visible: No element found for selector: #nope-x","context":{}}
{"timestamp":"2026-09-25T00:09:19.249Z","level":"warn","message":"[BrowserActionEngine] Action wait_for_selector failed (attempt 1/3): wait_for_selector timed out after 400ms waiting for state=visible: No element found for selector: #nope-x","context":{}}
{"timestamp":"2026-09-25T00:09:20.172Z","level":"warn","message":"[BrowserActionEngine] Action wait_for_selector failed (attempt 2/3): wait_for_selector timed out after 400ms waiting for state=visible: No element found for selector: #nope-x","context":{}}
{"timestamp":"2026-09-25T00:09:20.174Z","level":"warn","message":"[BrowserActionEngine] Action wait_for_selector failed (attempt 2/3): wait_for_selector timed out after 400ms waiting for state=visible: No element found for selector: #nope-x","context":{}}
{"timestamp":"2026-09-25T00:09:20.174Z","level":"warn","message":"[BrowserActionEngine] Action wait_for_selector failed (attempt 2/3): wait_for_selector timed out after 400ms waiting for state=visible: No element found for selector: #nope-x","context":{}}
{"timestamp":"2026-09-25T00:09:21.583Z","level":"warn","message":"[BrowserActionEngine] Action wait_for_selector failed (attempt 3/3): wait_for_selector timed out after 400ms waiting for state=visible: No element found for selector: #nope-x","context":{}}
{"timestamp":"2026-09-25T00:09:21.586Z","level":"warn","message":"[BrowserActionEngine] Action wait_for_selector failed (attempt 3/3): wait_for_selector timed out after 400ms waiting for state=visible: No element found for selector: #nope-x","context":{}}
{"timestamp":"2026-09-25T00:09:21.586Z","level":"warn","message":"[BrowserActionEngine] Action wait_for_selector failed (attempt 3/3): wait_for_selector timed out after 400ms waiting for state=visible: No element found for selector: #nope-x","context":{}}
{"timestamp":"2026-09-25T00:09:24.586Z","level":"warn","message":"[BrowserActionEngine] Skipping failure screenshot: failure screenshot exceeded 3000ms","context":{}}
{"timestamp":"2026-09-25T00:09:24.587Z","level":"warn","message":"[BrowserActionEngine] Skipping failure screenshot: failure screenshot exceeded 3000ms","context":{}}
{"timestamp":"2026-09-25T00:09:25.006Z","level":"warn","message":"[BrowserActionEngine] Action wait_for_selector failed (attempt 1/3): wait_for_selector timed out after 400ms waiting for state=hidden: an element matching \"#stays\" is still visible.","context":{}}
{"timestamp":"2026-09-25T00:09:25.006Z","level":"warn","message":"[BrowserActionEngine] Action wait_for_selector failed (attempt 1/3): wait_for_selector timed out after 400ms waiting for state=hidden: an element matching \"#stays\" is still visible.","context":{}}
{"timestamp":"2026-09-25T00:09:25.917Z","level":"warn","message":"[BrowserActionEngine] Action wait_for_selector failed (attempt 2/3): wait_for_selector timed out after 400ms waiting for state=hidden: an element matching \"#stays\" is still visible.","context":{}}
{"timestamp":"2026-09-25T00:09:25.917Z","level":"warn","message":"[BrowserActionEngine] Action wait_for_selector failed (attempt 2/3): wait_for_selector timed out after 400ms waiting for state=hidden: an element matching \"#stays\" is still visible.","context":{}}
{"timestamp":"2026-09-25T00:09:27.333Z","level":"warn","message":"[BrowserActionEngine] Action wait_for_selector failed (attempt 3/3): wait_for_selector timed out after 400ms waiting for state=hidden: an element matching \"#stays\" is still visible.","context":{}}
{"timestamp":"2026-09-25T00:09:27.333Z","level":"warn","message":"[BrowserActionEngine] Action wait_for_selector failed (attempt 3/3): wait_for_selector timed out after 400ms waiting for state=hidden: an element matching \"#stays\" is still visible.","context":{}}
{"timestamp":"2026-09-25T00:09:30.344Z","level":"warn","message":"[BrowserActionEngine] Skipping failure screenshot: failure screenshot exceeded 3000ms","context":{}}
{"timestamp":"2026-09-25T00:09:30.344Z","level":"warn","message":"[BrowserActionEngine] Skipping failure screenshot: failure screenshot exceeded 3000ms","context":{}}
