# start 2026-10-04T07:22:57+05:30 cmd: timeout 1200 wsl.exe -e sh /mnt/e/.../evidence/S8/wsl-linux-specs.sh
D=/tmp/tmp.YcFC5SdCia node=v20.20.2 uname=Linux 6.18.33.2-microsoft-standard-WSL2
346572f5b6baff4c8a3fc1b8315a057a8d9338e274fc9401655346430100a0fd  src/temp-profile.ts
43a37a483a1ef88a86827e7c07ce0722490ee8e94821d3a0d81088eeb1525a38  src/spawn-chrome.ts
5f29b2fae0e9f4d524a36fef0f83c26273267e0dfe9069bbe00c850f75b3b381  src/close-session.ts
3f0888c6776027b1c6e2d6bc8fe70684bf6541a67e480881e28d0bf2351241a1  tests/unit/temp-profile.spec.ts
npm-install-exit=0

 RUN  v1.6.1 /tmp/tmp.YcFC5SdCia/packages/cli

 ✓ tests/unit/help-text.spec.ts  (13 tests) 3ms
 ✓ tests/unit/state.spec.ts  (5 tests) 22ms
 ✓ tests/unit/system-binaries.spec.ts  (9 tests | 1 skipped) 6ms
 ✓ tests/unit/scan-command-lines.spec.ts  (17 tests | 1 skipped) 157ms
 ✓ tests/unit/close-session.spec.ts  (14 tests) 392ms
 ✓ tests/unit/spawn-failure-cleanup.spec.ts  (12 tests) 1266ms
 ✓ tests/unit/temp-profile.spec.ts  (55 tests | 1 skipped) 8818ms

 Test Files  7 passed (7)
      Tests  122 passed | 3 skipped (125)
   Start at  01:53:18
   Duration  9.55s (transform 521ms, setup 0ms, collect 952ms, tests 10.66s, environment 1ms, prepare 2.55s)

# vitest-exit=0
# removed own D=/tmp/tmp.YcFC5SdCia
# end 2026-10-04T07:23:28+05:30 exit=0
