{"timestamp":"2026-09-27T19:14:51.067Z","level":"info","message":"[BrowserLauncher] Launching browser instance","context":{"executablePath":"C:\\Program Files\\Google\\Chrome\\Application\\chrome.exe","headless":true,"argsCount":11}}
{"timestamp":"2026-09-27T19:14:51.261Z","level":"info","message":"[BrowserSessionManager] Created browser session sess_1790536491066_1","context":{"isIncognito":false}}
{"timestamp":"2026-09-27T19:14:53.057Z","level":"info","message":"[BrowserSession] Closed session sess_1790536491066_1","context":{"reason":"Close all sessions requested"}}
{"timestamp":"2026-09-27T19:14:53.057Z","level":"info","message":"[BrowserSessionManager] Closed session sess_1790536491066_1","context":{"reason":"Close all sessions requested"}}
{"timestamp":"2026-09-27T19:14:53.057Z","level":"info","message":"[BrowserLauncher] Launching browser instance","context":{"executablePath":"C:\\Program Files\\Google\\Chrome\\Application\\chrome.exe","headless":true,"argsCount":11}}
{"timestamp":"2026-09-27T19:14:53.233Z","level":"info","message":"[BrowserSessionManager] Created browser session sess_1790536493057_1","context":{"isIncognito":false}}
{"timestamp":"2026-09-27T19:14:55.065Z","level":"info","message":"[BrowserSession] Closed session sess_1790536493057_1","context":{"reason":"Close all sessions requested"}}
{"timestamp":"2026-09-27T19:14:55.066Z","level":"info","message":"[BrowserSessionManager] Closed session sess_1790536493057_1","context":{"reason":"Close all sessions requested"}}
{"timestamp":"2026-09-27T19:14:55.066Z","level":"info","message":"[BrowserLauncher] Launching browser instance","context":{"executablePath":"C:\\Program Files\\Google\\Chrome\\Application\\chrome.exe","headless":true,"argsCount":11}}
{"timestamp":"2026-09-27T19:14:55.249Z","level":"info","message":"[BrowserSessionManager] Created browser session sess_1790536495066_1","context":{"isIncognito":false}}
{"timestamp":"2026-09-27T19:14:57.059Z","level":"info","message":"[BrowserSession] Closed session sess_1790536495066_1","context":{"reason":"Close all sessions requested"}}
{"timestamp":"2026-09-27T19:14:57.059Z","level":"info","message":"[BrowserSessionManager] Closed session sess_1790536495066_1","context":{"reason":"Close all sessions requested"}}
{"timestamp":"2026-09-27T19:14:57.059Z","level":"info","message":"[BrowserLauncher] Launching browser instance","context":{"executablePath":"C:\\Program Files\\Google\\Chrome\\Application\\chrome.exe","headless":true,"argsCount":11}}
{"timestamp":"2026-09-27T19:14:57.238Z","level":"info","message":"[BrowserSessionManager] Created browser session sess_1790536497059_1","context":{"isIncognito":false}}
{"timestamp":"2026-09-27T19:14:59.005Z","level":"info","message":"[BrowserSession] Closed session sess_1790536497059_1","context":{"reason":"Close all sessions requested"}}
{"timestamp":"2026-09-27T19:14:59.005Z","level":"info","message":"[BrowserSessionManager] Closed session sess_1790536497059_1","context":{"reason":"Close all sessions requested"}}
{"timestamp":"2026-09-27T19:14:59.005Z","level":"info","message":"[BrowserLauncher] Launching browser instance","context":{"executablePath":"C:\\Program Files\\Google\\Chrome\\Application\\chrome.exe","headless":true,"argsCount":11}}
{"timestamp":"2026-09-27T19:14:59.192Z","level":"info","message":"[BrowserSessionManager] Created browser session sess_1790536499005_1","context":{"isIncognito":false}}
{"timestamp":"2026-09-27T19:15:00.976Z","level":"info","message":"[BrowserSession] Closed session sess_1790536499005_1","context":{"reason":"Close all sessions requested"}}
{"timestamp":"2026-09-27T19:15:00.976Z","level":"info","message":"[BrowserSessionManager] Closed session sess_1790536499005_1","context":{"reason":"Close all sessions requested"}}
{"timestamp":"2026-09-27T19:15:00.976Z","level":"info","message":"[BrowserLauncher] Launching browser instance","context":{"executablePath":"C:\\Program Files\\Google\\Chrome\\Application\\chrome.exe","headless":true,"argsCount":11}}
{"timestamp":"2026-09-27T19:15:01.166Z","level":"info","message":"[BrowserSessionManager] Created browser session sess_1790536500976_1","context":{"isIncognito":false}}
{"timestamp":"2026-09-27T19:15:02.919Z","level":"info","message":"[BrowserSession] Closed session sess_1790536500976_1","context":{"reason":"Close all sessions requested"}}
{"timestamp":"2026-09-27T19:15:02.919Z","level":"info","message":"[BrowserSessionManager] Closed session sess_1790536500976_1","context":{"reason":"Close all sessions requested"}}
{"timestamp":"2026-09-27T19:15:02.920Z","level":"info","message":"[BrowserLauncher] Launching browser instance","context":{"executablePath":"C:\\Program Files\\Google\\Chrome\\Application\\chrome.exe","headless":true,"argsCount":11}}
{"timestamp":"2026-09-27T19:15:03.103Z","level":"info","message":"[BrowserSessionManager] Created browser session sess_1790536502919_1","context":{"isIncognito":false}}
{"timestamp":"2026-09-27T19:15:04.903Z","level":"info","message":"[BrowserSession] Closed session sess_1790536502919_1","context":{"reason":"Close all sessions requested"}}
{"timestamp":"2026-09-27T19:15:04.903Z","level":"info","message":"[BrowserSessionManager] Closed session sess_1790536502919_1","context":{"reason":"Close all sessions requested"}}
{"timestamp":"2026-09-27T19:15:04.904Z","level":"info","message":"[BrowserLauncher] Launching browser instance","context":{"executablePath":"C:\\Program Files\\Google\\Chrome\\Application\\chrome.exe","headless":true,"argsCount":11}}
{"timestamp":"2026-09-27T19:15:05.100Z","level":"info","message":"[BrowserSessionManager] Created browser session sess_1790536504903_1","context":{"isIncognito":false}}
{"timestamp":"2026-09-27T19:15:06.850Z","level":"info","message":"[BrowserSession] Closed session sess_1790536504903_1","context":{"reason":"Close all sessions requested"}}
{"timestamp":"2026-09-27T19:15:06.850Z","level":"info","message":"[BrowserSessionManager] Closed session sess_1790536504903_1","context":{"reason":"Close all sessions requested"}}
{"timestamp":"2026-09-27T19:15:06.850Z","level":"info","message":"[BrowserLauncher] Launching browser instance","context":{"executablePath":"C:\\Program Files\\Google\\Chrome\\Application\\chrome.exe","headless":true,"argsCount":11}}
{"timestamp":"2026-09-27T19:15:07.041Z","level":"info","message":"[BrowserSessionManager] Created browser session sess_1790536506850_1","context":{"isIncognito":false}}
{"timestamp":"2026-09-27T19:15:08.842Z","level":"info","message":"[BrowserSession] Closed session sess_1790536506850_1","context":{"reason":"Close all sessions requested"}}
{"timestamp":"2026-09-27T19:15:08.842Z","level":"info","message":"[BrowserSessionManager] Closed session sess_1790536506850_1","context":{"reason":"Close all sessions requested"}}
{"timestamp":"2026-09-27T19:15:08.842Z","level":"info","message":"[BrowserLauncher] Launching browser instance","context":{"executablePath":"C:\\Program Files\\Google\\Chrome\\Application\\chrome.exe","headless":true,"argsCount":11}}
{"timestamp":"2026-09-27T19:15:09.032Z","level":"info","message":"[BrowserSessionManager] Created browser session sess_1790536508842_1","context":{"isIncognito":false}}
{"timestamp":"2026-09-27T19:15:10.822Z","level":"info","message":"[BrowserSession] Closed session sess_1790536508842_1","context":{"reason":"Close all sessions requested"}}
{"timestamp":"2026-09-27T19:15:10.822Z","level":"info","message":"[BrowserSessionManager] Closed session sess_1790536508842_1","context":{"reason":"Close all sessions requested"}}
[fix-2] PASS GAP-266-replaceState — 10/10 kept BOTH before+after console errors AND the after-nav 404
{"timestamp":"2026-09-27T19:15:10.823Z","level":"info","message":"[BrowserLauncher] Launching browser instance","context":{"executablePath":"C:\\Program Files\\Google\\Chrome\\Application\\chrome.exe","headless":true,"argsCount":11}}
{"timestamp":"2026-09-27T19:15:10.994Z","level":"info","message":"[BrowserSessionManager] Created browser session sess_1790536510822_1","context":{"isIncognito":false}}
{"timestamp":"2026-09-27T19:15:12.771Z","level":"info","message":"[BrowserSession] Closed session sess_1790536510822_1","context":{"reason":"Close all sessions requested"}}
{"timestamp":"2026-09-27T19:15:12.771Z","level":"info","message":"[BrowserSessionManager] Closed session sess_1790536510822_1","context":{"reason":"Close all sessions requested"}}
{"timestamp":"2026-09-27T19:15:12.771Z","level":"info","message":"[BrowserLauncher] Launching browser instance","context":{"executablePath":"C:\\Program Files\\Google\\Chrome\\Application\\chrome.exe","headless":true,"argsCount":11}}
{"timestamp":"2026-09-27T19:15:12.941Z","level":"info","message":"[BrowserSessionManager] Created browser session sess_1790536512771_1","context":{"isIncognito":false}}
{"timestamp":"2026-09-27T19:15:14.715Z","level":"info","message":"[BrowserSession] Closed session sess_1790536512771_1","context":{"reason":"Close all sessions requested"}}
{"timestamp":"2026-09-27T19:15:14.715Z","level":"info","message":"[BrowserSessionManager] Closed session sess_1790536512771_1","context":{"reason":"Close all sessions requested"}}
{"timestamp":"2026-09-27T19:15:14.716Z","level":"info","message":"[BrowserLauncher] Launching browser instance","context":{"executablePath":"C:\\Program Files\\Google\\Chrome\\Application\\chrome.exe","headless":true,"argsCount":11}}
{"timestamp":"2026-09-27T19:15:14.919Z","level":"info","message":"[BrowserSessionManager] Created browser session sess_1790536514715_1","context":{"isIncognito":false}}
{"timestamp":"2026-09-27T19:15:16.722Z","level":"info","message":"[BrowserSession] Closed session sess_1790536514715_1","context":{"reason":"Close all sessions requested"}}
{"timestamp":"2026-09-27T19:15:16.722Z","level":"info","message":"[BrowserSessionManager] Closed session sess_1790536514715_1","context":{"reason":"Close all sessions requested"}}
{"timestamp":"2026-09-27T19:15:16.722Z","level":"info","message":"[BrowserLauncher] Launching browser instance","context":{"executablePath":"C:\\Program Files\\Google\\Chrome\\Application\\chrome.exe","headless":true,"argsCount":11}}
{"timestamp":"2026-09-27T19:15:16.916Z","level":"info","message":"[BrowserSessionManager] Created browser session sess_1790536516722_1","context":{"isIncognito":false}}
{"timestamp":"2026-09-27T19:15:18.724Z","level":"info","message":"[BrowserSession] Closed session sess_1790536516722_1","context":{"reason":"Close all sessions requested"}}
{"timestamp":"2026-09-27T19:15:18.724Z","level":"info","message":"[BrowserSessionManager] Closed session sess_1790536516722_1","context":{"reason":"Close all sessions requested"}}
{"timestamp":"2026-09-27T19:15:18.724Z","level":"info","message":"[BrowserLauncher] Launching browser instance","context":{"executablePath":"C:\\Program Files\\Google\\Chrome\\Application\\chrome.exe","headless":true,"argsCount":11}}
{"timestamp":"2026-09-27T19:15:18.907Z","level":"info","message":"[BrowserSessionManager] Created browser session sess_1790536518724_1","context":{"isIncognito":false}}
{"timestamp":"2026-09-27T19:15:20.703Z","level":"info","message":"[BrowserSession] Closed session sess_1790536518724_1","context":{"reason":"Close all sessions requested"}}
{"timestamp":"2026-09-27T19:15:20.703Z","level":"info","message":"[BrowserSessionManager] Closed session sess_1790536518724_1","context":{"reason":"Close all sessions requested"}}
{"timestamp":"2026-09-27T19:15:20.703Z","level":"info","message":"[BrowserLauncher] Launching browser instance","context":{"executablePath":"C:\\Program Files\\Google\\Chrome\\Application\\chrome.exe","headless":true,"argsCount":11}}
{"timestamp":"2026-09-27T19:15:20.873Z","level":"info","message":"[BrowserSessionManager] Created browser session sess_1790536520703_1","context":{"isIncognito":false}}
{"timestamp":"2026-09-27T19:15:22.654Z","level":"info","message":"[BrowserSession] Closed session sess_1790536520703_1","context":{"reason":"Close all sessions requested"}}
{"timestamp":"2026-09-27T19:15:22.654Z","level":"info","message":"[BrowserSessionManager] Closed session sess_1790536520703_1","context":{"reason":"Close all sessions requested"}}
{"timestamp":"2026-09-27T19:15:22.654Z","level":"info","message":"[BrowserLauncher] Launching browser instance","context":{"executablePath":"C:\\Program Files\\Google\\Chrome\\Application\\chrome.exe","headless":true,"argsCount":11}}
{"timestamp":"2026-09-27T19:15:22.835Z","level":"info","message":"[BrowserSessionManager] Created browser session sess_1790536522654_1","context":{"isIncognito":false}}
{"timestamp":"2026-09-27T19:15:24.684Z","level":"info","message":"[BrowserSession] Closed session sess_1790536522654_1","context":{"reason":"Close all sessions requested"}}
{"timestamp":"2026-09-27T19:15:24.684Z","level":"info","message":"[BrowserSessionManager] Closed session sess_1790536522654_1","context":{"reason":"Close all sessions requested"}}
{"timestamp":"2026-09-27T19:15:24.684Z","level":"info","message":"[BrowserLauncher] Launching browser instance","context":{"executablePath":"C:\\Program Files\\Google\\Chrome\\Application\\chrome.exe","headless":true,"argsCount":11}}
{"timestamp":"2026-09-27T19:15:24.877Z","level":"info","message":"[BrowserSessionManager] Created browser session sess_1790536524684_1","context":{"isIncognito":false}}
{"timestamp":"2026-09-27T19:15:26.686Z","level":"info","message":"[BrowserSession] Closed session sess_1790536524684_1","context":{"reason":"Close all sessions requested"}}
{"timestamp":"2026-09-27T19:15:26.686Z","level":"info","message":"[BrowserSessionManager] Closed session sess_1790536524684_1","context":{"reason":"Close all sessions requested"}}
{"timestamp":"2026-09-27T19:15:26.686Z","level":"info","message":"[BrowserLauncher] Launching browser instance","context":{"executablePath":"C:\\Program Files\\Google\\Chrome\\Application\\chrome.exe","headless":true,"argsCount":11}}
{"timestamp":"2026-09-27T19:15:26.885Z","level":"info","message":"[BrowserSessionManager] Created browser session sess_1790536526686_1","context":{"isIncognito":false}}
{"timestamp":"2026-09-27T19:15:28.671Z","level":"info","message":"[BrowserSession] Closed session sess_1790536526686_1","context":{"reason":"Close all sessions requested"}}
{"timestamp":"2026-09-27T19:15:28.671Z","level":"info","message":"[BrowserSessionManager] Closed session sess_1790536526686_1","context":{"reason":"Close all sessions requested"}}
{"timestamp":"2026-09-27T19:15:28.671Z","level":"info","message":"[BrowserLauncher] Launching browser instance","context":{"executablePath":"C:\\Program Files\\Google\\Chrome\\Application\\chrome.exe","headless":true,"argsCount":11}}
{"timestamp":"2026-09-27T19:15:28.853Z","level":"info","message":"[BrowserSessionManager] Created browser session sess_1790536528671_1","context":{"isIncognito":false}}
{"timestamp":"2026-09-27T19:15:30.639Z","level":"info","message":"[BrowserSession] Closed session sess_1790536528671_1","context":{"reason":"Close all sessions requested"}}
{"timestamp":"2026-09-27T19:15:30.639Z","level":"info","message":"[BrowserSessionManager] Closed session sess_1790536528671_1","context":{"reason":"Close all sessions requested"}}
[fix-2] PASS GAP-266-pushState — 10/10 kept BOTH before+after console errors AND the after-nav 404
{"timestamp":"2026-09-27T19:15:30.640Z","level":"info","message":"[BrowserLauncher] Launching browser instance","context":{"executablePath":"C:\\Program Files\\Google\\Chrome\\Application\\chrome.exe","headless":true,"argsCount":11}}
{"timestamp":"2026-09-27T19:15:30.807Z","level":"info","message":"[BrowserSessionManager] Created browser session sess_1790536530640_1","context":{"isIncognito":false}}
{"timestamp":"2026-09-27T19:15:32.607Z","level":"info","message":"[BrowserSession] Closed session sess_1790536530640_1","context":{"reason":"Close all sessions requested"}}
{"timestamp":"2026-09-27T19:15:32.607Z","level":"info","message":"[BrowserSessionManager] Closed session sess_1790536530640_1","context":{"reason":"Close all sessions requested"}}
{"timestamp":"2026-09-27T19:15:32.607Z","level":"info","message":"[BrowserLauncher] Launching browser instance","context":{"executablePath":"C:\\Program Files\\Google\\Chrome\\Application\\chrome.exe","headless":true,"argsCount":11}}
{"timestamp":"2026-09-27T19:15:32.791Z","level":"info","message":"[BrowserSessionManager] Created browser session sess_1790536532607_1","context":{"isIncognito":false}}
{"timestamp":"2026-09-27T19:15:34.632Z","level":"info","message":"[BrowserSession] Closed session sess_1790536532607_1","context":{"reason":"Close all sessions requested"}}
{"timestamp":"2026-09-27T19:15:34.632Z","level":"info","message":"[BrowserSessionManager] Closed session sess_1790536532607_1","context":{"reason":"Close all sessions requested"}}
{"timestamp":"2026-09-27T19:15:34.632Z","level":"info","message":"[BrowserLauncher] Launching browser instance","context":{"executablePath":"C:\\Program Files\\Google\\Chrome\\Application\\chrome.exe","headless":true,"argsCount":11}}
{"timestamp":"2026-09-27T19:15:34.805Z","level":"info","message":"[BrowserSessionManager] Created browser session sess_1790536534632_1","context":{"isIncognito":false}}
{"timestamp":"2026-09-27T19:15:36.595Z","level":"info","message":"[BrowserSession] Closed session sess_1790536534632_1","context":{"reason":"Close all sessions requested"}}
{"timestamp":"2026-09-27T19:15:36.595Z","level":"info","message":"[BrowserSessionManager] Closed session sess_1790536534632_1","context":{"reason":"Close all sessions requested"}}
{"timestamp":"2026-09-27T19:15:36.596Z","level":"info","message":"[BrowserLauncher] Launching browser instance","context":{"executablePath":"C:\\Program Files\\Google\\Chrome\\Application\\chrome.exe","headless":true,"argsCount":11}}
{"timestamp":"2026-09-27T19:15:36.779Z","level":"info","message":"[BrowserSessionManager] Created browser session sess_1790536536595_1","context":{"isIncognito":false}}
{"timestamp":"2026-09-27T19:15:38.557Z","level":"info","message":"[BrowserSession] Closed session sess_1790536536595_1","context":{"reason":"Close all sessions requested"}}
{"timestamp":"2026-09-27T19:15:38.557Z","level":"info","message":"[BrowserSessionManager] Closed session sess_1790536536595_1","context":{"reason":"Close all sessions requested"}}
{"timestamp":"2026-09-27T19:15:38.557Z","level":"info","message":"[BrowserLauncher] Launching browser instance","context":{"executablePath":"C:\\Program Files\\Google\\Chrome\\Application\\chrome.exe","headless":true,"argsCount":11}}
{"timestamp":"2026-09-27T19:15:38.728Z","level":"info","message":"[BrowserSessionManager] Created browser session sess_1790536538557_1","context":{"isIncognito":false}}
{"timestamp":"2026-09-27T19:15:40.522Z","level":"info","message":"[BrowserSession] Closed session sess_1790536538557_1","context":{"reason":"Close all sessions requested"}}
{"timestamp":"2026-09-27T19:15:40.523Z","level":"info","message":"[BrowserSessionManager] Closed session sess_1790536538557_1","context":{"reason":"Close all sessions requested"}}
{"timestamp":"2026-09-27T19:15:40.523Z","level":"info","message":"[BrowserLauncher] Launching browser instance","context":{"executablePath":"C:\\Program Files\\Google\\Chrome\\Application\\chrome.exe","headless":true,"argsCount":11}}
{"timestamp":"2026-09-27T19:15:40.692Z","level":"info","message":"[BrowserSessionManager] Created browser session sess_1790536540523_1","context":{"isIncognito":false}}
{"timestamp":"2026-09-27T19:15:42.481Z","level":"info","message":"[BrowserSession] Closed session sess_1790536540523_1","context":{"reason":"Close all sessions requested"}}
{"timestamp":"2026-09-27T19:15:42.481Z","level":"info","message":"[BrowserSessionManager] Closed session sess_1790536540523_1","context":{"reason":"Close all sessions requested"}}
{"timestamp":"2026-09-27T19:15:42.482Z","level":"info","message":"[BrowserLauncher] Launching browser instance","context":{"executablePath":"C:\\Program Files\\Google\\Chrome\\Application\\chrome.exe","headless":true,"argsCount":11}}
{"timestamp":"2026-09-27T19:15:42.657Z","level":"info","message":"[BrowserSessionManager] Created browser session sess_1790536542482_1","context":{"isIncognito":false}}
{"timestamp":"2026-09-27T19:15:44.467Z","level":"info","message":"[BrowserSession] Closed session sess_1790536542482_1","context":{"reason":"Close all sessions requested"}}
{"timestamp":"2026-09-27T19:15:44.467Z","level":"info","message":"[BrowserSessionManager] Closed session sess_1790536542482_1","context":{"reason":"Close all sessions requested"}}
{"timestamp":"2026-09-27T19:15:44.467Z","level":"info","message":"[BrowserLauncher] Launching browser instance","context":{"executablePath":"C:\\Program Files\\Google\\Chrome\\Application\\chrome.exe","headless":true,"argsCount":11}}
{"timestamp":"2026-09-27T19:15:44.640Z","level":"info","message":"[BrowserSessionManager] Created browser session sess_1790536544467_1","context":{"isIncognito":false}}
{"timestamp":"2026-09-27T19:15:46.448Z","level":"info","message":"[BrowserSession] Closed session sess_1790536544467_1","context":{"reason":"Close all sessions requested"}}
{"timestamp":"2026-09-27T19:15:46.448Z","level":"info","message":"[BrowserSessionManager] Closed session sess_1790536544467_1","context":{"reason":"Close all sessions requested"}}
{"timestamp":"2026-09-27T19:15:46.448Z","level":"info","message":"[BrowserLauncher] Launching browser instance","context":{"executablePath":"C:\\Program Files\\Google\\Chrome\\Application\\chrome.exe","headless":true,"argsCount":11}}
{"timestamp":"2026-09-27T19:15:46.620Z","level":"info","message":"[BrowserSessionManager] Created browser session sess_1790536546448_1","context":{"isIncognito":false}}
{"timestamp":"2026-09-27T19:15:48.399Z","level":"info","message":"[BrowserSession] Closed session sess_1790536546448_1","context":{"reason":"Close all sessions requested"}}
{"timestamp":"2026-09-27T19:15:48.399Z","level":"info","message":"[BrowserSessionManager] Closed session sess_1790536546448_1","context":{"reason":"Close all sessions requested"}}
{"timestamp":"2026-09-27T19:15:48.400Z","level":"info","message":"[BrowserLauncher] Launching browser instance","context":{"executablePath":"C:\\Program Files\\Google\\Chrome\\Application\\chrome.exe","headless":true,"argsCount":11}}
{"timestamp":"2026-09-27T19:15:48.582Z","level":"info","message":"[BrowserSessionManager] Created browser session sess_1790536548400_1","context":{"isIncognito":false}}
{"timestamp":"2026-09-27T19:15:50.383Z","level":"info","message":"[BrowserSession] Closed session sess_1790536548400_1","context":{"reason":"Close all sessions requested"}}
{"timestamp":"2026-09-27T19:15:50.384Z","level":"info","message":"[BrowserSessionManager] Closed session sess_1790536548400_1","context":{"reason":"Close all sessions requested"}}
[fix-2] PASS GAP-266-hash — 10/10 kept BOTH before+after console errors AND the after-nav 404
{"timestamp":"2026-09-27T19:15:50.384Z","level":"info","message":"[BrowserLauncher] Launching browser instance","context":{"executablePath":"C:\\Program Files\\Google\\Chrome\\Application\\chrome.exe","headless":true,"argsCount":11}}
{"timestamp":"2026-09-27T19:15:50.567Z","level":"info","message":"[BrowserSessionManager] Created browser session sess_1790536550384_1","context":{"isIncognito":false}}
{"timestamp":"2026-09-27T19:15:52.359Z","level":"info","message":"[BrowserSession] Closed session sess_1790536550384_1","context":{"reason":"Close all sessions requested"}}
{"timestamp":"2026-09-27T19:15:52.359Z","level":"info","message":"[BrowserSessionManager] Closed session sess_1790536550384_1","context":{"reason":"Close all sessions requested"}}
{"timestamp":"2026-09-27T19:15:52.359Z","level":"info","message":"[BrowserLauncher] Launching browser instance","context":{"executablePath":"C:\\Program Files\\Google\\Chrome\\Application\\chrome.exe","headless":true,"argsCount":11}}
{"timestamp":"2026-09-27T19:15:52.547Z","level":"info","message":"[BrowserSessionManager] Created browser session sess_1790536552359_1","context":{"isIncognito":false}}
{"timestamp":"2026-09-27T19:15:54.354Z","level":"info","message":"[BrowserSession] Closed session sess_1790536552359_1","context":{"reason":"Close all sessions requested"}}
{"timestamp":"2026-09-27T19:15:54.354Z","level":"info","message":"[BrowserSessionManager] Closed session sess_1790536552359_1","context":{"reason":"Close all sessions requested"}}
{"timestamp":"2026-09-27T19:15:54.354Z","level":"info","message":"[BrowserLauncher] Launching browser instance","context":{"executablePath":"C:\\Program Files\\Google\\Chrome\\Application\\chrome.exe","headless":true,"argsCount":11}}
{"timestamp":"2026-09-27T19:15:54.532Z","level":"info","message":"[BrowserSessionManager] Created browser session sess_1790536554354_1","context":{"isIncognito":false}}
{"timestamp":"2026-09-27T19:15:56.285Z","level":"info","message":"[BrowserSession] Closed session sess_1790536554354_1","context":{"reason":"Close all sessions requested"}}
{"timestamp":"2026-09-27T19:15:56.285Z","level":"info","message":"[BrowserSessionManager] Closed session sess_1790536554354_1","context":{"reason":"Close all sessions requested"}}
{"timestamp":"2026-09-27T19:15:56.285Z","level":"info","message":"[BrowserLauncher] Launching browser instance","context":{"executablePath":"C:\\Program Files\\Google\\Chrome\\Application\\chrome.exe","headless":true,"argsCount":11}}
{"timestamp":"2026-09-27T19:15:56.457Z","level":"info","message":"[BrowserSessionManager] Created browser session sess_1790536556285_1","context":{"isIncognito":false}}
{"timestamp":"2026-09-27T19:15:58.254Z","level":"info","message":"[BrowserSession] Closed session sess_1790536556285_1","context":{"reason":"Close all sessions requested"}}
{"timestamp":"2026-09-27T19:15:58.254Z","level":"info","message":"[BrowserSessionManager] Closed session sess_1790536556285_1","context":{"reason":"Close all sessions requested"}}
{"timestamp":"2026-09-27T19:15:58.254Z","level":"info","message":"[BrowserLauncher] Launching browser instance","context":{"executablePath":"C:\\Program Files\\Google\\Chrome\\Application\\chrome.exe","headless":true,"argsCount":11}}
{"timestamp":"2026-09-27T19:15:58.423Z","level":"info","message":"[BrowserSessionManager] Created browser session sess_1790536558254_1","context":{"isIncognito":false}}
{"timestamp":"2026-09-27T19:16:00.208Z","level":"info","message":"[BrowserSession] Closed session sess_1790536558254_1","context":{"reason":"Close all sessions requested"}}
{"timestamp":"2026-09-27T19:16:00.208Z","level":"info","message":"[BrowserSessionManager] Closed session sess_1790536558254_1","context":{"reason":"Close all sessions requested"}}
[fix-2] PASS GAP-266-multi-hop — 5/5 kept all 4 errors across 3 chained same-document navs (replaceState+pushState+hash)
{"timestamp":"2026-09-27T19:16:00.209Z","level":"info","message":"[BrowserLauncher] Launching browser instance","context":{"executablePath":"C:\\Program Files\\Google\\Chrome\\Application\\chrome.exe","headless":true,"argsCount":11}}
{"timestamp":"2026-09-27T19:16:00.383Z","level":"info","message":"[BrowserSessionManager] Created browser session sess_1790536560208_1","context":{"isIncognito":false}}
{"timestamp":"2026-09-27T19:16:02.170Z","level":"info","message":"[BrowserSession] Closed session sess_1790536560208_1","context":{"reason":"Close all sessions requested"}}
{"timestamp":"2026-09-27T19:16:02.170Z","level":"info","message":"[BrowserSessionManager] Closed session sess_1790536560208_1","context":{"reason":"Close all sessions requested"}}
{"timestamp":"2026-09-27T19:16:02.170Z","level":"info","message":"[BrowserLauncher] Launching browser instance","context":{"executablePath":"C:\\Program Files\\Google\\Chrome\\Application\\chrome.exe","headless":true,"argsCount":11}}
{"timestamp":"2026-09-27T19:16:02.345Z","level":"info","message":"[BrowserSessionManager] Created browser session sess_1790536562170_1","context":{"isIncognito":false}}
{"timestamp":"2026-09-27T19:16:04.136Z","level":"info","message":"[BrowserSession] Closed session sess_1790536562170_1","context":{"reason":"Close all sessions requested"}}
{"timestamp":"2026-09-27T19:16:04.137Z","level":"info","message":"[BrowserSessionManager] Closed session sess_1790536562170_1","context":{"reason":"Close all sessions requested"}}
{"timestamp":"2026-09-27T19:16:04.137Z","level":"info","message":"[BrowserLauncher] Launching browser instance","context":{"executablePath":"C:\\Program Files\\Google\\Chrome\\Application\\chrome.exe","headless":true,"argsCount":11}}
{"timestamp":"2026-09-27T19:16:04.314Z","level":"info","message":"[BrowserSessionManager] Created browser session sess_1790536564137_1","context":{"isIncognito":false}}
{"timestamp":"2026-09-27T19:16:06.093Z","level":"info","message":"[BrowserSession] Closed session sess_1790536564137_1","context":{"reason":"Close all sessions requested"}}
{"timestamp":"2026-09-27T19:16:06.093Z","level":"info","message":"[BrowserSessionManager] Closed session sess_1790536564137_1","context":{"reason":"Close all sessions requested"}}
{"timestamp":"2026-09-27T19:16:06.094Z","level":"info","message":"[BrowserLauncher] Launching browser instance","context":{"executablePath":"C:\\Program Files\\Google\\Chrome\\Application\\chrome.exe","headless":true,"argsCount":11}}
{"timestamp":"2026-09-27T19:16:06.280Z","level":"info","message":"[BrowserSessionManager] Created browser session sess_1790536566094_1","context":{"isIncognito":false}}
{"timestamp":"2026-09-27T19:16:08.072Z","level":"info","message":"[BrowserSession] Closed session sess_1790536566094_1","context":{"reason":"Close all sessions requested"}}
{"timestamp":"2026-09-27T19:16:08.073Z","level":"info","message":"[BrowserSessionManager] Closed session sess_1790536566094_1","context":{"reason":"Close all sessions requested"}}
{"timestamp":"2026-09-27T19:16:08.073Z","level":"info","message":"[BrowserLauncher] Launching browser instance","context":{"executablePath":"C:\\Program Files\\Google\\Chrome\\Application\\chrome.exe","headless":true,"argsCount":11}}
{"timestamp":"2026-09-27T19:16:08.246Z","level":"info","message":"[BrowserSessionManager] Created browser session sess_1790536568073_1","context":{"isIncognito":false}}
{"timestamp":"2026-09-27T19:16:10.063Z","level":"info","message":"[BrowserSession] Closed session sess_1790536568073_1","context":{"reason":"Close all sessions requested"}}
{"timestamp":"2026-09-27T19:16:10.063Z","level":"info","message":"[BrowserSessionManager] Closed session sess_1790536568073_1","context":{"reason":"Close all sessions requested"}}
{"timestamp":"2026-09-27T19:16:10.063Z","level":"info","message":"[BrowserLauncher] Launching browser instance","context":{"executablePath":"C:\\Program Files\\Google\\Chrome\\Application\\chrome.exe","headless":true,"argsCount":11}}
{"timestamp":"2026-09-27T19:16:10.237Z","level":"info","message":"[BrowserSessionManager] Created browser session sess_1790536570063_1","context":{"isIncognito":false}}
{"timestamp":"2026-09-27T19:16:12.088Z","level":"info","message":"[BrowserSession] Closed session sess_1790536570063_1","context":{"reason":"Close all sessions requested"}}
{"timestamp":"2026-09-27T19:16:12.088Z","level":"info","message":"[BrowserSessionManager] Closed session sess_1790536570063_1","context":{"reason":"Close all sessions requested"}}
{"timestamp":"2026-09-27T19:16:12.088Z","level":"info","message":"[BrowserLauncher] Launching browser instance","context":{"executablePath":"C:\\Program Files\\Google\\Chrome\\Application\\chrome.exe","headless":true,"argsCount":11}}
{"timestamp":"2026-09-27T19:16:12.263Z","level":"info","message":"[BrowserSessionManager] Created browser session sess_1790536572088_1","context":{"isIncognito":false}}
{"timestamp":"2026-09-27T19:16:14.054Z","level":"info","message":"[BrowserSession] Closed session sess_1790536572088_1","context":{"reason":"Close all sessions requested"}}
{"timestamp":"2026-09-27T19:16:14.054Z","level":"info","message":"[BrowserSessionManager] Closed session sess_1790536572088_1","context":{"reason":"Close all sessions requested"}}
{"timestamp":"2026-09-27T19:16:14.054Z","level":"info","message":"[BrowserLauncher] Launching browser instance","context":{"executablePath":"C:\\Program Files\\Google\\Chrome\\Application\\chrome.exe","headless":true,"argsCount":11}}
{"timestamp":"2026-09-27T19:16:14.228Z","level":"info","message":"[BrowserSessionManager] Created browser session sess_1790536574054_1","context":{"isIncognito":false}}
{"timestamp":"2026-09-27T19:16:16.023Z","level":"info","message":"[BrowserSession] Closed session sess_1790536574054_1","context":{"reason":"Close all sessions requested"}}
{"timestamp":"2026-09-27T19:16:16.023Z","level":"info","message":"[BrowserSessionManager] Closed session sess_1790536574054_1","context":{"reason":"Close all sessions requested"}}
{"timestamp":"2026-09-27T19:16:16.023Z","level":"info","message":"[BrowserLauncher] Launching browser instance","context":{"executablePath":"C:\\Program Files\\Google\\Chrome\\Application\\chrome.exe","headless":true,"argsCount":11}}
{"timestamp":"2026-09-27T19:16:16.202Z","level":"info","message":"[BrowserSessionManager] Created browser session sess_1790536576023_1","context":{"isIncognito":false}}
{"timestamp":"2026-09-27T19:16:17.972Z","level":"info","message":"[BrowserSession] Closed session sess_1790536576023_1","context":{"reason":"Close all sessions requested"}}
{"timestamp":"2026-09-27T19:16:17.972Z","level":"info","message":"[BrowserSessionManager] Closed session sess_1790536576023_1","context":{"reason":"Close all sessions requested"}}
{"timestamp":"2026-09-27T19:16:17.973Z","level":"info","message":"[BrowserLauncher] Launching browser instance","context":{"executablePath":"C:\\Program Files\\Google\\Chrome\\Application\\chrome.exe","headless":true,"argsCount":11}}
{"timestamp":"2026-09-27T19:16:18.148Z","level":"info","message":"[BrowserSessionManager] Created browser session sess_1790536577972_1","context":{"isIncognito":false}}
{"timestamp":"2026-09-27T19:16:19.979Z","level":"info","message":"[BrowserSession] Closed session sess_1790536577972_1","context":{"reason":"Close all sessions requested"}}
{"timestamp":"2026-09-27T19:16:19.979Z","level":"info","message":"[BrowserSessionManager] Closed session sess_1790536577972_1","context":{"reason":"Close all sessions requested"}}
[fix-2] PASS GAP-266-spa-like-sweep — 10/10 kept both hydration-window errors (synthetic stand-in for the 8/10-real-site pattern)
{"timestamp":"2026-09-27T19:16:19.980Z","level":"info","message":"[BrowserLauncher] Launching browser instance","context":{"executablePath":"C:\\Program Files\\Google\\Chrome\\Application\\chrome.exe","headless":true,"argsCount":11}}
{"timestamp":"2026-09-27T19:16:20.151Z","level":"info","message":"[BrowserSessionManager] Created browser session sess_1790536579980_1","context":{"isIncognito":false}}
{"timestamp":"2026-09-27T19:16:21.948Z","level":"info","message":"[BrowserSession] Closed session sess_1790536579980_1","context":{"reason":"Close all sessions requested"}}
{"timestamp":"2026-09-27T19:16:21.948Z","level":"info","message":"[BrowserSessionManager] Closed session sess_1790536579980_1","context":{"reason":"Close all sessions requested"}}
{"timestamp":"2026-09-27T19:16:21.948Z","level":"info","message":"[BrowserLauncher] Launching browser instance","context":{"executablePath":"C:\\Program Files\\Google\\Chrome\\Application\\chrome.exe","headless":true,"argsCount":11}}
{"timestamp":"2026-09-27T19:16:22.122Z","level":"info","message":"[BrowserSessionManager] Created browser session sess_1790536581948_1","context":{"isIncognito":false}}
{"timestamp":"2026-09-27T19:16:23.910Z","level":"info","message":"[BrowserSession] Closed session sess_1790536581948_1","context":{"reason":"Close all sessions requested"}}
{"timestamp":"2026-09-27T19:16:23.910Z","level":"info","message":"[BrowserSessionManager] Closed session sess_1790536581948_1","context":{"reason":"Close all sessions requested"}}
{"timestamp":"2026-09-27T19:16:23.910Z","level":"info","message":"[BrowserLauncher] Launching browser instance","context":{"executablePath":"C:\\Program Files\\Google\\Chrome\\Application\\chrome.exe","headless":true,"argsCount":11}}
{"timestamp":"2026-09-27T19:16:24.086Z","level":"info","message":"[BrowserSessionManager] Created browser session sess_1790536583910_1","context":{"isIncognito":false}}
{"timestamp":"2026-09-27T19:16:25.869Z","level":"info","message":"[BrowserSession] Closed session sess_1790536583910_1","context":{"reason":"Close all sessions requested"}}
{"timestamp":"2026-09-27T19:16:25.870Z","level":"info","message":"[BrowserSessionManager] Closed session sess_1790536583910_1","context":{"reason":"Close all sessions requested"}}
{"timestamp":"2026-09-27T19:16:25.870Z","level":"info","message":"[BrowserLauncher] Launching browser instance","context":{"executablePath":"C:\\Program Files\\Google\\Chrome\\Application\\chrome.exe","headless":true,"argsCount":11}}
{"timestamp":"2026-09-27T19:16:26.050Z","level":"info","message":"[BrowserSessionManager] Created browser session sess_1790536585870_1","context":{"isIncognito":false}}
{"timestamp":"2026-09-27T19:16:27.833Z","level":"info","message":"[BrowserSession] Closed session sess_1790536585870_1","context":{"reason":"Close all sessions requested"}}
{"timestamp":"2026-09-27T19:16:27.833Z","level":"info","message":"[BrowserSessionManager] Closed session sess_1790536585870_1","context":{"reason":"Close all sessions requested"}}
{"timestamp":"2026-09-27T19:16:27.833Z","level":"info","message":"[BrowserLauncher] Launching browser instance","context":{"executablePath":"C:\\Program Files\\Google\\Chrome\\Application\\chrome.exe","headless":true,"argsCount":11}}
{"timestamp":"2026-09-27T19:16:28.019Z","level":"info","message":"[BrowserSessionManager] Created browser session sess_1790536587833_1","context":{"isIncognito":false}}
{"timestamp":"2026-09-27T19:16:29.845Z","level":"info","message":"[BrowserSession] Closed session sess_1790536587833_1","context":{"reason":"Close all sessions requested"}}
{"timestamp":"2026-09-27T19:16:29.845Z","level":"info","message":"[BrowserSessionManager] Closed session sess_1790536587833_1","context":{"reason":"Close all sessions requested"}}
{"timestamp":"2026-09-27T19:16:29.845Z","level":"info","message":"[BrowserLauncher] Launching browser instance","context":{"executablePath":"C:\\Program Files\\Google\\Chrome\\Application\\chrome.exe","headless":true,"argsCount":11}}
{"timestamp":"2026-09-27T19:16:30.035Z","level":"info","message":"[BrowserSessionManager] Created browser session sess_1790536589845_1","context":{"isIncognito":false}}
{"timestamp":"2026-09-27T19:16:31.825Z","level":"info","message":"[BrowserSession] Closed session sess_1790536589845_1","context":{"reason":"Close all sessions requested"}}
{"timestamp":"2026-09-27T19:16:31.826Z","level":"info","message":"[BrowserSessionManager] Closed session sess_1790536589845_1","context":{"reason":"Close all sessions requested"}}
{"timestamp":"2026-09-27T19:16:31.826Z","level":"info","message":"[BrowserLauncher] Launching browser instance","context":{"executablePath":"C:\\Program Files\\Google\\Chrome\\Application\\chrome.exe","headless":true,"argsCount":11}}
{"timestamp":"2026-09-27T19:16:32.014Z","level":"info","message":"[BrowserSessionManager] Created browser session sess_1790536591826_1","context":{"isIncognito":false}}
{"timestamp":"2026-09-27T19:16:33.802Z","level":"info","message":"[BrowserSession] Closed session sess_1790536591826_1","context":{"reason":"Close all sessions requested"}}
{"timestamp":"2026-09-27T19:16:33.802Z","level":"info","message":"[BrowserSessionManager] Closed session sess_1790536591826_1","context":{"reason":"Close all sessions requested"}}
{"timestamp":"2026-09-27T19:16:33.802Z","level":"info","message":"[BrowserLauncher] Launching browser instance","context":{"executablePath":"C:\\Program Files\\Google\\Chrome\\Application\\chrome.exe","headless":true,"argsCount":11}}
{"timestamp":"2026-09-27T19:16:33.996Z","level":"info","message":"[BrowserSessionManager] Created browser session sess_1790536593802_1","context":{"isIncognito":false}}
{"timestamp":"2026-09-27T19:16:35.758Z","level":"info","message":"[BrowserSession] Closed session sess_1790536593802_1","context":{"reason":"Close all sessions requested"}}
{"timestamp":"2026-09-27T19:16:35.758Z","level":"info","message":"[BrowserSessionManager] Closed session sess_1790536593802_1","context":{"reason":"Close all sessions requested"}}
{"timestamp":"2026-09-27T19:16:35.758Z","level":"info","message":"[BrowserLauncher] Launching browser instance","context":{"executablePath":"C:\\Program Files\\Google\\Chrome\\Application\\chrome.exe","headless":true,"argsCount":11}}
{"timestamp":"2026-09-27T19:16:35.929Z","level":"info","message":"[BrowserSessionManager] Created browser session sess_1790536595758_1","context":{"isIncognito":false}}
{"timestamp":"2026-09-27T19:16:37.708Z","level":"info","message":"[BrowserSession] Closed session sess_1790536595758_1","context":{"reason":"Close all sessions requested"}}
{"timestamp":"2026-09-27T19:16:37.709Z","level":"info","message":"[BrowserSessionManager] Closed session sess_1790536595758_1","context":{"reason":"Close all sessions requested"}}
{"timestamp":"2026-09-27T19:16:37.709Z","level":"info","message":"[BrowserLauncher] Launching browser instance","context":{"executablePath":"C:\\Program Files\\Google\\Chrome\\Application\\chrome.exe","headless":true,"argsCount":11}}
{"timestamp":"2026-09-27T19:16:37.884Z","level":"info","message":"[BrowserSessionManager] Created browser session sess_1790536597709_1","context":{"isIncognito":false}}
{"timestamp":"2026-09-27T19:16:39.665Z","level":"info","message":"[BrowserSession] Closed session sess_1790536597709_1","context":{"reason":"Close all sessions requested"}}
{"timestamp":"2026-09-27T19:16:39.665Z","level":"info","message":"[BrowserSessionManager] Closed session sess_1790536597709_1","context":{"reason":"Close all sessions requested"}}
[fix-2] PASS GAP-267-own-404 — 10/10 runtime-direct audits captured the audited page's own 404
{"timestamp":"2026-09-27T19:16:39.666Z","level":"info","message":"[BrowserLauncher] Launching browser instance","context":{"executablePath":"C:\\Program Files\\Google\\Chrome\\Application\\chrome.exe","headless":true,"argsCount":11}}
{"timestamp":"2026-09-27T19:16:39.843Z","level":"info","message":"[BrowserSessionManager] Created browser session sess_1790536599666_1","context":{"isIncognito":false}}
{"timestamp":"2026-09-27T19:16:41.616Z","level":"info","message":"[BrowserSession] Closed session sess_1790536599666_1","context":{"reason":"Close all sessions requested"}}
{"timestamp":"2026-09-27T19:16:41.617Z","level":"info","message":"[BrowserSessionManager] Closed session sess_1790536599666_1","context":{"reason":"Close all sessions requested"}}
{"timestamp":"2026-09-27T19:16:41.617Z","level":"info","message":"[BrowserLauncher] Launching browser instance","context":{"executablePath":"C:\\Program Files\\Google\\Chrome\\Application\\chrome.exe","headless":true,"argsCount":11}}
{"timestamp":"2026-09-27T19:16:41.786Z","level":"info","message":"[BrowserSessionManager] Created browser session sess_1790536601617_1","context":{"isIncognito":false}}
{"timestamp":"2026-09-27T19:16:43.558Z","level":"info","message":"[BrowserSession] Closed session sess_1790536601617_1","context":{"reason":"Close all sessions requested"}}
{"timestamp":"2026-09-27T19:16:43.558Z","level":"info","message":"[BrowserSessionManager] Closed session sess_1790536601617_1","context":{"reason":"Close all sessions requested"}}
{"timestamp":"2026-09-27T19:16:43.558Z","level":"info","message":"[BrowserLauncher] Launching browser instance","context":{"executablePath":"C:\\Program Files\\Google\\Chrome\\Application\\chrome.exe","headless":true,"argsCount":11}}
{"timestamp":"2026-09-27T19:16:43.748Z","level":"info","message":"[BrowserSessionManager] Created browser session sess_1790536603558_1","context":{"isIncognito":false}}
{"timestamp":"2026-09-27T19:16:45.542Z","level":"info","message":"[BrowserSession] Closed session sess_1790536603558_1","context":{"reason":"Close all sessions requested"}}
{"timestamp":"2026-09-27T19:16:45.543Z","level":"info","message":"[BrowserSessionManager] Closed session sess_1790536603558_1","context":{"reason":"Close all sessions requested"}}
{"timestamp":"2026-09-27T19:16:45.543Z","level":"info","message":"[BrowserLauncher] Launching browser instance","context":{"executablePath":"C:\\Program Files\\Google\\Chrome\\Application\\chrome.exe","headless":true,"argsCount":11}}
{"timestamp":"2026-09-27T19:16:45.755Z","level":"info","message":"[BrowserSessionManager] Created browser session sess_1790536605543_1","context":{"isIncognito":false}}
{"timestamp":"2026-09-27T19:16:47.546Z","level":"info","message":"[BrowserSession] Closed session sess_1790536605543_1","context":{"reason":"Close all sessions requested"}}
{"timestamp":"2026-09-27T19:16:47.546Z","level":"info","message":"[BrowserSessionManager] Closed session sess_1790536605543_1","context":{"reason":"Close all sessions requested"}}
{"timestamp":"2026-09-27T19:16:47.546Z","level":"info","message":"[BrowserLauncher] Launching browser instance","context":{"executablePath":"C:\\Program Files\\Google\\Chrome\\Application\\chrome.exe","headless":true,"argsCount":11}}
{"timestamp":"2026-09-27T19:16:47.721Z","level":"info","message":"[BrowserSessionManager] Created browser session sess_1790536607546_1","context":{"isIncognito":false}}
{"timestamp":"2026-09-27T19:16:49.506Z","level":"info","message":"[BrowserSession] Closed session sess_1790536607546_1","context":{"reason":"Close all sessions requested"}}
{"timestamp":"2026-09-27T19:16:49.507Z","level":"info","message":"[BrowserSessionManager] Closed session sess_1790536607546_1","context":{"reason":"Close all sessions requested"}}
{"timestamp":"2026-09-27T19:16:49.507Z","level":"info","message":"[BrowserLauncher] Launching browser instance","context":{"executablePath":"C:\\Program Files\\Google\\Chrome\\Application\\chrome.exe","headless":true,"argsCount":11}}
{"timestamp":"2026-09-27T19:16:49.683Z","level":"info","message":"[BrowserSessionManager] Created browser session sess_1790536609507_1","context":{"isIncognito":false}}
{"timestamp":"2026-09-27T19:16:51.444Z","level":"info","message":"[BrowserSession] Closed session sess_1790536609507_1","context":{"reason":"Close all sessions requested"}}
{"timestamp":"2026-09-27T19:16:51.444Z","level":"info","message":"[BrowserSessionManager] Closed session sess_1790536609507_1","context":{"reason":"Close all sessions requested"}}
{"timestamp":"2026-09-27T19:16:51.444Z","level":"info","message":"[BrowserLauncher] Launching browser instance","context":{"executablePath":"C:\\Program Files\\Google\\Chrome\\Application\\chrome.exe","headless":true,"argsCount":11}}
{"timestamp":"2026-09-27T19:16:51.612Z","level":"info","message":"[BrowserSessionManager] Created browser session sess_1790536611444_1","context":{"isIncognito":false}}
{"timestamp":"2026-09-27T19:16:53.400Z","level":"info","message":"[BrowserSession] Closed session sess_1790536611444_1","context":{"reason":"Close all sessions requested"}}
{"timestamp":"2026-09-27T19:16:53.400Z","level":"info","message":"[BrowserSessionManager] Closed session sess_1790536611444_1","context":{"reason":"Close all sessions requested"}}
{"timestamp":"2026-09-27T19:16:53.400Z","level":"info","message":"[BrowserLauncher] Launching browser instance","context":{"executablePath":"C:\\Program Files\\Google\\Chrome\\Application\\chrome.exe","headless":true,"argsCount":11}}
{"timestamp":"2026-09-27T19:16:53.582Z","level":"info","message":"[BrowserSessionManager] Created browser session sess_1790536613400_1","context":{"isIncognito":false}}
{"timestamp":"2026-09-27T19:16:55.366Z","level":"info","message":"[BrowserSession] Closed session sess_1790536613400_1","context":{"reason":"Close all sessions requested"}}
{"timestamp":"2026-09-27T19:16:55.366Z","level":"info","message":"[BrowserSessionManager] Closed session sess_1790536613400_1","context":{"reason":"Close all sessions requested"}}
{"timestamp":"2026-09-27T19:16:55.366Z","level":"info","message":"[BrowserLauncher] Launching browser instance","context":{"executablePath":"C:\\Program Files\\Google\\Chrome\\Application\\chrome.exe","headless":true,"argsCount":11}}
{"timestamp":"2026-09-27T19:16:55.549Z","level":"info","message":"[BrowserSessionManager] Created browser session sess_1790536615366_1","context":{"isIncognito":false}}
{"timestamp":"2026-09-27T19:16:57.327Z","level":"info","message":"[BrowserSession] Closed session sess_1790536615366_1","context":{"reason":"Close all sessions requested"}}
{"timestamp":"2026-09-27T19:16:57.327Z","level":"info","message":"[BrowserSessionManager] Closed session sess_1790536615366_1","context":{"reason":"Close all sessions requested"}}
{"timestamp":"2026-09-27T19:16:57.327Z","level":"info","message":"[BrowserLauncher] Launching browser instance","context":{"executablePath":"C:\\Program Files\\Google\\Chrome\\Application\\chrome.exe","headless":true,"argsCount":11}}
{"timestamp":"2026-09-27T19:16:57.508Z","level":"info","message":"[BrowserSessionManager] Created browser session sess_1790536617327_1","context":{"isIncognito":false}}
{"timestamp":"2026-09-27T19:16:59.266Z","level":"info","message":"[BrowserSession] Closed session sess_1790536617327_1","context":{"reason":"Close all sessions requested"}}
{"timestamp":"2026-09-27T19:16:59.267Z","level":"info","message":"[BrowserSessionManager] Closed session sess_1790536617327_1","context":{"reason":"Close all sessions requested"}}
[fix-2] PASS GAP-267-own-500 — 10/10 runtime-direct audits captured the audited page's own 500
{"timestamp":"2026-09-27T19:16:59.267Z","level":"info","message":"[BrowserLauncher] Launching browser instance","context":{"executablePath":"C:\\Program Files\\Google\\Chrome\\Application\\chrome.exe","headless":true,"argsCount":11}}
{"timestamp":"2026-09-27T19:16:59.439Z","level":"info","message":"[BrowserSessionManager] Created browser session sess_1790536619267_1","context":{"isIncognito":false}}
{"timestamp":"2026-09-27T19:17:01.233Z","level":"info","message":"[BrowserSession] Closed session sess_1790536619267_1","context":{"reason":"Close all sessions requested"}}
{"timestamp":"2026-09-27T19:17:01.234Z","level":"info","message":"[BrowserSessionManager] Closed session sess_1790536619267_1","context":{"reason":"Close all sessions requested"}}
{"timestamp":"2026-09-27T19:17:01.234Z","level":"info","message":"[BrowserLauncher] Launching browser instance","context":{"executablePath":"C:\\Program Files\\Google\\Chrome\\Application\\chrome.exe","headless":true,"argsCount":11}}
{"timestamp":"2026-09-27T19:17:01.404Z","level":"info","message":"[BrowserSessionManager] Created browser session sess_1790536621234_1","context":{"isIncognito":false}}
{"timestamp":"2026-09-27T19:17:03.142Z","level":"info","message":"[BrowserSession] Closed session sess_1790536621234_1","context":{"reason":"Close all sessions requested"}}
{"timestamp":"2026-09-27T19:17:03.143Z","level":"info","message":"[BrowserSessionManager] Closed session sess_1790536621234_1","context":{"reason":"Close all sessions requested"}}
{"timestamp":"2026-09-27T19:17:03.143Z","level":"info","message":"[BrowserLauncher] Launching browser instance","context":{"executablePath":"C:\\Program Files\\Google\\Chrome\\Application\\chrome.exe","headless":true,"argsCount":11}}
{"timestamp":"2026-09-27T19:17:03.322Z","level":"info","message":"[BrowserSessionManager] Created browser session sess_1790536623143_1","context":{"isIncognito":false}}
{"timestamp":"2026-09-27T19:17:05.139Z","level":"info","message":"[BrowserSession] Closed session sess_1790536623143_1","context":{"reason":"Close all sessions requested"}}
{"timestamp":"2026-09-27T19:17:05.140Z","level":"info","message":"[BrowserSessionManager] Closed session sess_1790536623143_1","context":{"reason":"Close all sessions requested"}}
{"timestamp":"2026-09-27T19:17:05.140Z","level":"info","message":"[BrowserLauncher] Launching browser instance","context":{"executablePath":"C:\\Program Files\\Google\\Chrome\\Application\\chrome.exe","headless":true,"argsCount":11}}
{"timestamp":"2026-09-27T19:17:05.315Z","level":"info","message":"[BrowserSessionManager] Created browser session sess_1790536625140_1","context":{"isIncognito":false}}
{"timestamp":"2026-09-27T19:17:07.088Z","level":"info","message":"[BrowserSession] Closed session sess_1790536625140_1","context":{"reason":"Close all sessions requested"}}
{"timestamp":"2026-09-27T19:17:07.088Z","level":"info","message":"[BrowserSessionManager] Closed session sess_1790536625140_1","context":{"reason":"Close all sessions requested"}}
{"timestamp":"2026-09-27T19:17:07.089Z","level":"info","message":"[BrowserLauncher] Launching browser instance","context":{"executablePath":"C:\\Program Files\\Google\\Chrome\\Application\\chrome.exe","headless":true,"argsCount":11}}
{"timestamp":"2026-09-27T19:17:07.264Z","level":"info","message":"[BrowserSessionManager] Created browser session sess_1790536627088_1","context":{"isIncognito":false}}
{"timestamp":"2026-09-27T19:17:09.029Z","level":"info","message":"[BrowserSession] Closed session sess_1790536627088_1","context":{"reason":"Close all sessions requested"}}
{"timestamp":"2026-09-27T19:17:09.029Z","level":"info","message":"[BrowserSessionManager] Closed session sess_1790536627088_1","context":{"reason":"Close all sessions requested"}}
{"timestamp":"2026-09-27T19:17:09.029Z","level":"info","message":"[BrowserLauncher] Launching browser instance","context":{"executablePath":"C:\\Program Files\\Google\\Chrome\\Application\\chrome.exe","headless":true,"argsCount":11}}
{"timestamp":"2026-09-27T19:17:09.199Z","level":"info","message":"[BrowserSessionManager] Created browser session sess_1790536629029_1","context":{"isIncognito":false}}
{"timestamp":"2026-09-27T19:17:11.008Z","level":"info","message":"[BrowserSession] Closed session sess_1790536629029_1","context":{"reason":"Close all sessions requested"}}
{"timestamp":"2026-09-27T19:17:11.008Z","level":"info","message":"[BrowserSessionManager] Closed session sess_1790536629029_1","context":{"reason":"Close all sessions requested"}}
{"timestamp":"2026-09-27T19:17:11.008Z","level":"info","message":"[BrowserLauncher] Launching browser instance","context":{"executablePath":"C:\\Program Files\\Google\\Chrome\\Application\\chrome.exe","headless":true,"argsCount":11}}
{"timestamp":"2026-09-27T19:17:11.180Z","level":"info","message":"[BrowserSessionManager] Created browser session sess_1790536631008_1","context":{"isIncognito":false}}
{"timestamp":"2026-09-27T19:17:12.981Z","level":"info","message":"[BrowserSession] Closed session sess_1790536631008_1","context":{"reason":"Close all sessions requested"}}
{"timestamp":"2026-09-27T19:17:12.981Z","level":"info","message":"[BrowserSessionManager] Closed session sess_1790536631008_1","context":{"reason":"Close all sessions requested"}}
{"timestamp":"2026-09-27T19:17:12.982Z","level":"info","message":"[BrowserLauncher] Launching browser instance","context":{"executablePath":"C:\\Program Files\\Google\\Chrome\\Application\\chrome.exe","headless":true,"argsCount":11}}
{"timestamp":"2026-09-27T19:17:13.157Z","level":"info","message":"[BrowserSessionManager] Created browser session sess_1790536632981_1","context":{"isIncognito":false}}
{"timestamp":"2026-09-27T19:17:14.943Z","level":"info","message":"[BrowserSession] Closed session sess_1790536632981_1","context":{"reason":"Close all sessions requested"}}
{"timestamp":"2026-09-27T19:17:14.943Z","level":"info","message":"[BrowserSessionManager] Closed session sess_1790536632981_1","context":{"reason":"Close all sessions requested"}}
{"timestamp":"2026-09-27T19:17:14.943Z","level":"info","message":"[BrowserLauncher] Launching browser instance","context":{"executablePath":"C:\\Program Files\\Google\\Chrome\\Application\\chrome.exe","headless":true,"argsCount":11}}
{"timestamp":"2026-09-27T19:17:15.135Z","level":"info","message":"[BrowserSessionManager] Created browser session sess_1790536634943_1","context":{"isIncognito":false}}
{"timestamp":"2026-09-27T19:17:16.945Z","level":"info","message":"[BrowserSession] Closed session sess_1790536634943_1","context":{"reason":"Close all sessions requested"}}
{"timestamp":"2026-09-27T19:17:16.945Z","level":"info","message":"[BrowserSessionManager] Closed session sess_1790536634943_1","context":{"reason":"Close all sessions requested"}}
{"timestamp":"2026-09-27T19:17:16.946Z","level":"info","message":"[BrowserLauncher] Launching browser instance","context":{"executablePath":"C:\\Program Files\\Google\\Chrome\\Application\\chrome.exe","headless":true,"argsCount":11}}
{"timestamp":"2026-09-27T19:17:17.141Z","level":"info","message":"[BrowserSessionManager] Created browser session sess_1790536636945_1","context":{"isIncognito":false}}
{"timestamp":"2026-09-27T19:17:18.924Z","level":"info","message":"[BrowserSession] Closed session sess_1790536636945_1","context":{"reason":"Close all sessions requested"}}
{"timestamp":"2026-09-27T19:17:18.924Z","level":"info","message":"[BrowserSessionManager] Closed session sess_1790536636945_1","context":{"reason":"Close all sessions requested"}}
[fix-2] PASS GAP-267-302-chain-to-404 — 10/10 a 302 chain ending in the audited page's own 404 is captured, keyed to the FINAL url
{"timestamp":"2026-09-27T19:17:18.924Z","level":"info","message":"[BrowserLauncher] Launching browser instance","context":{"executablePath":"C:\\Program Files\\Google\\Chrome\\Application\\chrome.exe","headless":true,"argsCount":11}}
{"timestamp":"2026-09-27T19:17:19.110Z","level":"info","message":"[BrowserSessionManager] Created browser session sess_1790536638924_1","context":{"isIncognito":false}}
{"timestamp":"2026-09-27T19:17:20.899Z","level":"info","message":"[BrowserSession] Closed session sess_1790536638924_1","context":{"reason":"Close all sessions requested"}}
{"timestamp":"2026-09-27T19:17:20.899Z","level":"info","message":"[BrowserSessionManager] Closed session sess_1790536638924_1","context":{"reason":"Close all sessions requested"}}
{"timestamp":"2026-09-27T19:17:20.899Z","level":"info","message":"[BrowserLauncher] Launching browser instance","context":{"executablePath":"C:\\Program Files\\Google\\Chrome\\Application\\chrome.exe","headless":true,"argsCount":11}}
{"timestamp":"2026-09-27T19:17:21.086Z","level":"info","message":"[BrowserSessionManager] Created browser session sess_1790536640899_1","context":{"isIncognito":false}}
{"timestamp":"2026-09-27T19:17:22.870Z","level":"info","message":"[BrowserSession] Closed session sess_1790536640899_1","context":{"reason":"Close all sessions requested"}}
{"timestamp":"2026-09-27T19:17:22.871Z","level":"info","message":"[BrowserSessionManager] Closed session sess_1790536640899_1","context":{"reason":"Close all sessions requested"}}
{"timestamp":"2026-09-27T19:17:22.871Z","level":"info","message":"[BrowserLauncher] Launching browser instance","context":{"executablePath":"C:\\Program Files\\Google\\Chrome\\Application\\chrome.exe","headless":true,"argsCount":11}}
{"timestamp":"2026-09-27T19:17:23.036Z","level":"info","message":"[BrowserSessionManager] Created browser session sess_1790536642871_1","context":{"isIncognito":false}}
{"timestamp":"2026-09-27T19:17:24.835Z","level":"info","message":"[BrowserSession] Closed session sess_1790536642871_1","context":{"reason":"Close all sessions requested"}}
{"timestamp":"2026-09-27T19:17:24.835Z","level":"info","message":"[BrowserSessionManager] Closed session sess_1790536642871_1","context":{"reason":"Close all sessions requested"}}
{"timestamp":"2026-09-27T19:17:24.835Z","level":"info","message":"[BrowserLauncher] Launching browser instance","context":{"executablePath":"C:\\Program Files\\Google\\Chrome\\Application\\chrome.exe","headless":true,"argsCount":11}}
{"timestamp":"2026-09-27T19:17:25.037Z","level":"info","message":"[BrowserSessionManager] Created browser session sess_1790536644835_1","context":{"isIncognito":false}}
{"timestamp":"2026-09-27T19:17:26.857Z","level":"info","message":"[BrowserSession] Closed session sess_1790536644835_1","context":{"reason":"Close all sessions requested"}}
{"timestamp":"2026-09-27T19:17:26.857Z","level":"info","message":"[BrowserSessionManager] Closed session sess_1790536644835_1","context":{"reason":"Close all sessions requested"}}
{"timestamp":"2026-09-27T19:17:26.857Z","level":"info","message":"[BrowserLauncher] Launching browser instance","context":{"executablePath":"C:\\Program Files\\Google\\Chrome\\Application\\chrome.exe","headless":true,"argsCount":11}}
{"timestamp":"2026-09-27T19:17:27.051Z","level":"info","message":"[BrowserSessionManager] Created browser session sess_1790536646857_1","context":{"isIncognito":false}}
{"timestamp":"2026-09-27T19:17:28.840Z","level":"info","message":"[BrowserSession] Closed session sess_1790536646857_1","context":{"reason":"Close all sessions requested"}}
{"timestamp":"2026-09-27T19:17:28.840Z","level":"info","message":"[BrowserSessionManager] Closed session sess_1790536646857_1","context":{"reason":"Close all sessions requested"}}
[fix-2] PASS redirect-chain-resolves-to-final-page — 5/5 a.url resolves to the chain's FINAL page, not an intermediate hop
{"timestamp":"2026-09-27T19:17:28.840Z","level":"info","message":"[BrowserLauncher] Launching browser instance","context":{"executablePath":"C:\\Program Files\\Google\\Chrome\\Application\\chrome.exe","headless":true,"argsCount":11}}
{"timestamp":"2026-09-27T19:17:29.013Z","level":"info","message":"[BrowserSessionManager] Created browser session sess_1790536648840_1","context":{"isIncognito":false}}
{"timestamp":"2026-09-27T19:17:31.033Z","level":"info","message":"[BrowserSession] Closed session sess_1790536648840_1","context":{"reason":"Close all sessions requested"}}
{"timestamp":"2026-09-27T19:17:31.033Z","level":"info","message":"[BrowserSessionManager] Closed session sess_1790536648840_1","context":{"reason":"Close all sessions requested"}}
{"timestamp":"2026-09-27T19:17:31.033Z","level":"info","message":"[BrowserLauncher] Launching browser instance","context":{"executablePath":"C:\\Program Files\\Google\\Chrome\\Application\\chrome.exe","headless":true,"argsCount":11}}
{"timestamp":"2026-09-27T19:17:31.208Z","level":"info","message":"[BrowserSessionManager] Created browser session sess_1790536651033_1","context":{"isIncognito":false}}
{"timestamp":"2026-09-27T19:17:33.236Z","level":"info","message":"[BrowserSession] Closed session sess_1790536651033_1","context":{"reason":"Close all sessions requested"}}
{"timestamp":"2026-09-27T19:17:33.236Z","level":"info","message":"[BrowserSessionManager] Closed session sess_1790536651033_1","context":{"reason":"Close all sessions requested"}}
{"timestamp":"2026-09-27T19:17:33.236Z","level":"info","message":"[BrowserLauncher] Launching browser instance","context":{"executablePath":"C:\\Program Files\\Google\\Chrome\\Application\\chrome.exe","headless":true,"argsCount":11}}
{"timestamp":"2026-09-27T19:17:33.419Z","level":"info","message":"[BrowserSessionManager] Created browser session sess_1790536653236_1","context":{"isIncognito":false}}
{"timestamp":"2026-09-27T19:17:35.455Z","level":"info","message":"[BrowserSession] Closed session sess_1790536653236_1","context":{"reason":"Close all sessions requested"}}
{"timestamp":"2026-09-27T19:17:35.455Z","level":"info","message":"[BrowserSessionManager] Closed session sess_1790536653236_1","context":{"reason":"Close all sessions requested"}}
{"timestamp":"2026-09-27T19:17:35.455Z","level":"info","message":"[BrowserLauncher] Launching browser instance","context":{"executablePath":"C:\\Program Files\\Google\\Chrome\\Application\\chrome.exe","headless":true,"argsCount":11}}
{"timestamp":"2026-09-27T19:17:35.644Z","level":"info","message":"[BrowserSessionManager] Created browser session sess_1790536655455_1","context":{"isIncognito":false}}
{"timestamp":"2026-09-27T19:17:37.676Z","level":"info","message":"[BrowserSession] Closed session sess_1790536655455_1","context":{"reason":"Close all sessions requested"}}
{"timestamp":"2026-09-27T19:17:37.676Z","level":"info","message":"[BrowserSessionManager] Closed session sess_1790536655455_1","context":{"reason":"Close all sessions requested"}}
{"timestamp":"2026-09-27T19:17:37.676Z","level":"info","message":"[BrowserLauncher] Launching browser instance","context":{"executablePath":"C:\\Program Files\\Google\\Chrome\\Application\\chrome.exe","headless":true,"argsCount":11}}
{"timestamp":"2026-09-27T19:17:37.845Z","level":"info","message":"[BrowserSessionManager] Created browser session sess_1790536657676_1","context":{"isIncognito":false}}
{"timestamp":"2026-09-27T19:17:39.913Z","level":"info","message":"[BrowserSession] Closed session sess_1790536657676_1","context":{"reason":"Close all sessions requested"}}
{"timestamp":"2026-09-27T19:17:39.913Z","level":"info","message":"[BrowserSessionManager] Closed session sess_1790536657676_1","context":{"reason":"Close all sessions requested"}}
{"timestamp":"2026-09-27T19:17:39.913Z","level":"info","message":"[BrowserLauncher] Launching browser instance","context":{"executablePath":"C:\\Program Files\\Google\\Chrome\\Application\\chrome.exe","headless":true,"argsCount":11}}
{"timestamp":"2026-09-27T19:17:40.098Z","level":"info","message":"[BrowserSessionManager] Created browser session sess_1790536659913_1","context":{"isIncognito":false}}
{"timestamp":"2026-09-27T19:17:42.161Z","level":"info","message":"[BrowserSession] Closed session sess_1790536659913_1","context":{"reason":"Close all sessions requested"}}
{"timestamp":"2026-09-27T19:17:42.161Z","level":"info","message":"[BrowserSessionManager] Closed session sess_1790536659913_1","context":{"reason":"Close all sessions requested"}}
{"timestamp":"2026-09-27T19:17:42.161Z","level":"info","message":"[BrowserLauncher] Launching browser instance","context":{"executablePath":"C:\\Program Files\\Google\\Chrome\\Application\\chrome.exe","headless":true,"argsCount":11}}
{"timestamp":"2026-09-27T19:17:42.392Z","level":"info","message":"[BrowserSessionManager] Created browser session sess_1790536662161_1","context":{"isIncognito":false}}
{"timestamp":"2026-09-27T19:17:44.432Z","level":"info","message":"[BrowserSession] Closed session sess_1790536662161_1","context":{"reason":"Close all sessions requested"}}
{"timestamp":"2026-09-27T19:17:44.432Z","level":"info","message":"[BrowserSessionManager] Closed session sess_1790536662161_1","context":{"reason":"Close all sessions requested"}}
{"timestamp":"2026-09-27T19:17:44.432Z","level":"info","message":"[BrowserLauncher] Launching browser instance","context":{"executablePath":"C:\\Program Files\\Google\\Chrome\\Application\\chrome.exe","headless":true,"argsCount":11}}
{"timestamp":"2026-09-27T19:17:44.640Z","level":"info","message":"[BrowserSessionManager] Created browser session sess_1790536664432_1","context":{"isIncognito":false}}
{"timestamp":"2026-09-27T19:17:46.767Z","level":"info","message":"[BrowserSession] Closed session sess_1790536664432_1","context":{"reason":"Close all sessions requested"}}
{"timestamp":"2026-09-27T19:17:46.767Z","level":"info","message":"[BrowserSessionManager] Closed session sess_1790536664432_1","context":{"reason":"Close all sessions requested"}}
{"timestamp":"2026-09-27T19:17:46.767Z","level":"info","message":"[BrowserLauncher] Launching browser instance","context":{"executablePath":"C:\\Program Files\\Google\\Chrome\\Application\\chrome.exe","headless":true,"argsCount":11}}
{"timestamp":"2026-09-27T19:17:46.964Z","level":"info","message":"[BrowserSessionManager] Created browser session sess_1790536666767_1","context":{"isIncognito":false}}
{"timestamp":"2026-09-27T19:17:49.005Z","level":"info","message":"[BrowserSession] Closed session sess_1790536666767_1","context":{"reason":"Close all sessions requested"}}
{"timestamp":"2026-09-27T19:17:49.005Z","level":"info","message":"[BrowserSessionManager] Closed session sess_1790536666767_1","context":{"reason":"Close all sessions requested"}}
{"timestamp":"2026-09-27T19:17:49.005Z","level":"info","message":"[BrowserLauncher] Launching browser instance","context":{"executablePath":"C:\\Program Files\\Google\\Chrome\\Application\\chrome.exe","headless":true,"argsCount":11}}
{"timestamp":"2026-09-27T19:17:49.212Z","level":"info","message":"[BrowserSessionManager] Created browser session sess_1790536669005_1","context":{"isIncognito":false}}
{"timestamp":"2026-09-27T19:17:51.245Z","level":"info","message":"[BrowserSession] Closed session sess_1790536669005_1","context":{"reason":"Close all sessions requested"}}
{"timestamp":"2026-09-27T19:17:51.245Z","level":"info","message":"[BrowserSessionManager] Closed session sess_1790536669005_1","context":{"reason":"Close all sessions requested"}}
[fix-2] PASS GAP-262-contamination-not-reopened — 0/10 leaked the OLD (noisy) page's activity into the new page's report (expect 0)
[fix-2] PASS GAP-268-alert-during-capture — 30/30 exactly one JSON doc (delayMs swept 1500-1595ms); 0 zero-doc, 0 multi-doc
[fix-2] PASS GAP-268-alert-AND-confirm-during-capture — 10/10 exactly one JSON doc with TWO dialogs (alert+confirm) opening during capture; 0 zero-doc, 0 multi-doc

[fix-2] ALL PASS
