{"timestamp":"2026-09-27T18:57:38.835Z","level":"info","message":"[BrowserLauncher] Launching browser instance","context":{"executablePath":"C:\\Program Files\\Google\\Chrome\\Application\\chrome.exe","headless":true,"argsCount":11}}
{"timestamp":"2026-09-27T18:57:39.064Z","level":"info","message":"[BrowserSessionManager] Created browser session sess_1790535458835_1","context":{"isIncognito":false}}
{"timestamp":"2026-09-27T18:57:41.201Z","level":"info","message":"[BrowserSession] Closed session sess_1790535458835_1","context":{"reason":"Close all sessions requested"}}
{"timestamp":"2026-09-27T18:57:41.202Z","level":"info","message":"[BrowserSessionManager] Closed session sess_1790535458835_1","context":{"reason":"Close all sessions requested"}}
{"timestamp":"2026-09-27T18:57:41.202Z","level":"info","message":"[BrowserLauncher] Launching browser instance","context":{"executablePath":"C:\\Program Files\\Google\\Chrome\\Application\\chrome.exe","headless":true,"argsCount":11}}
{"timestamp":"2026-09-27T18:57:41.382Z","level":"info","message":"[BrowserSessionManager] Created browser session sess_1790535461202_1","context":{"isIncognito":false}}
{"timestamp":"2026-09-27T18:57:43.442Z","level":"info","message":"[BrowserSession] Closed session sess_1790535461202_1","context":{"reason":"Close all sessions requested"}}
{"timestamp":"2026-09-27T18:57:43.442Z","level":"info","message":"[BrowserSessionManager] Closed session sess_1790535461202_1","context":{"reason":"Close all sessions requested"}}
{"timestamp":"2026-09-27T18:57:43.442Z","level":"info","message":"[BrowserLauncher] Launching browser instance","context":{"executablePath":"C:\\Program Files\\Google\\Chrome\\Application\\chrome.exe","headless":true,"argsCount":11}}
{"timestamp":"2026-09-27T18:57:43.622Z","level":"info","message":"[BrowserSessionManager] Created browser session sess_1790535463442_1","context":{"isIncognito":false}}
{"timestamp":"2026-09-27T18:57:45.789Z","level":"info","message":"[BrowserSession] Closed session sess_1790535463442_1","context":{"reason":"Close all sessions requested"}}
{"timestamp":"2026-09-27T18:57:45.789Z","level":"info","message":"[BrowserSessionManager] Closed session sess_1790535463442_1","context":{"reason":"Close all sessions requested"}}
{"timestamp":"2026-09-27T18:57:45.789Z","level":"info","message":"[BrowserLauncher] Launching browser instance","context":{"executablePath":"C:\\Program Files\\Google\\Chrome\\Application\\chrome.exe","headless":true,"argsCount":11}}
{"timestamp":"2026-09-27T18:57:45.958Z","level":"info","message":"[BrowserSessionManager] Created browser session sess_1790535465789_1","context":{"isIncognito":false}}
{"timestamp":"2026-09-27T18:57:47.968Z","level":"info","message":"[BrowserSession] Closed session sess_1790535465789_1","context":{"reason":"Close all sessions requested"}}
{"timestamp":"2026-09-27T18:57:47.969Z","level":"info","message":"[BrowserSessionManager] Closed session sess_1790535465789_1","context":{"reason":"Close all sessions requested"}}
{"timestamp":"2026-09-27T18:57:47.969Z","level":"info","message":"[BrowserLauncher] Launching browser instance","context":{"executablePath":"C:\\Program Files\\Google\\Chrome\\Application\\chrome.exe","headless":true,"argsCount":11}}
{"timestamp":"2026-09-27T18:57:48.133Z","level":"info","message":"[BrowserSessionManager] Created browser session sess_1790535467969_1","context":{"isIncognito":false}}
{"timestamp":"2026-09-27T18:57:49.995Z","level":"info","message":"[BrowserSession] Closed session sess_1790535467969_1","context":{"reason":"Close all sessions requested"}}
{"timestamp":"2026-09-27T18:57:49.995Z","level":"info","message":"[BrowserSessionManager] Closed session sess_1790535467969_1","context":{"reason":"Close all sessions requested"}}
{"timestamp":"2026-09-27T18:57:49.996Z","level":"info","message":"[BrowserLauncher] Launching browser instance","context":{"executablePath":"C:\\Program Files\\Google\\Chrome\\Application\\chrome.exe","headless":true,"argsCount":11}}
{"timestamp":"2026-09-27T18:57:50.166Z","level":"info","message":"[BrowserSessionManager] Created browser session sess_1790535469996_1","context":{"isIncognito":false}}
{"timestamp":"2026-09-27T18:57:52.143Z","level":"info","message":"[BrowserSession] Closed session sess_1790535469996_1","context":{"reason":"Close all sessions requested"}}
{"timestamp":"2026-09-27T18:57:52.143Z","level":"info","message":"[BrowserSessionManager] Closed session sess_1790535469996_1","context":{"reason":"Close all sessions requested"}}
{"timestamp":"2026-09-27T18:57:52.143Z","level":"info","message":"[BrowserLauncher] Launching browser instance","context":{"executablePath":"C:\\Program Files\\Google\\Chrome\\Application\\chrome.exe","headless":true,"argsCount":11}}
{"timestamp":"2026-09-27T18:57:52.322Z","level":"info","message":"[BrowserSessionManager] Created browser session sess_1790535472143_1","context":{"isIncognito":false}}
{"timestamp":"2026-09-27T18:57:54.454Z","level":"info","message":"[BrowserSession] Closed session sess_1790535472143_1","context":{"reason":"Close all sessions requested"}}
{"timestamp":"2026-09-27T18:57:54.454Z","level":"info","message":"[BrowserSessionManager] Closed session sess_1790535472143_1","context":{"reason":"Close all sessions requested"}}
{"timestamp":"2026-09-27T18:57:54.454Z","level":"info","message":"[BrowserLauncher] Launching browser instance","context":{"executablePath":"C:\\Program Files\\Google\\Chrome\\Application\\chrome.exe","headless":true,"argsCount":11}}
{"timestamp":"2026-09-27T18:57:54.641Z","level":"info","message":"[BrowserSessionManager] Created browser session sess_1790535474454_1","context":{"isIncognito":false}}
{"timestamp":"2026-09-27T18:57:56.723Z","level":"info","message":"[BrowserSession] Closed session sess_1790535474454_1","context":{"reason":"Close all sessions requested"}}
{"timestamp":"2026-09-27T18:57:56.723Z","level":"info","message":"[BrowserSessionManager] Closed session sess_1790535474454_1","context":{"reason":"Close all sessions requested"}}
{"timestamp":"2026-09-27T18:57:56.723Z","level":"info","message":"[BrowserLauncher] Launching browser instance","context":{"executablePath":"C:\\Program Files\\Google\\Chrome\\Application\\chrome.exe","headless":true,"argsCount":11}}
{"timestamp":"2026-09-27T18:57:56.894Z","level":"info","message":"[BrowserSessionManager] Created browser session sess_1790535476723_1","context":{"isIncognito":false}}
{"timestamp":"2026-09-27T18:57:58.709Z","level":"info","message":"[BrowserSession] Closed session sess_1790535476723_1","context":{"reason":"Close all sessions requested"}}
{"timestamp":"2026-09-27T18:57:58.709Z","level":"info","message":"[BrowserSessionManager] Closed session sess_1790535476723_1","context":{"reason":"Close all sessions requested"}}
{"timestamp":"2026-09-27T18:57:58.709Z","level":"info","message":"[BrowserLauncher] Launching browser instance","context":{"executablePath":"C:\\Program Files\\Google\\Chrome\\Application\\chrome.exe","headless":true,"argsCount":11}}
{"timestamp":"2026-09-27T18:57:58.894Z","level":"info","message":"[BrowserSessionManager] Created browser session sess_1790535478709_1","context":{"isIncognito":false}}
{"timestamp":"2026-09-27T18:58:00.733Z","level":"info","message":"[BrowserSession] Closed session sess_1790535478709_1","context":{"reason":"Close all sessions requested"}}
{"timestamp":"2026-09-27T18:58:00.734Z","level":"info","message":"[BrowserSessionManager] Closed session sess_1790535478709_1","context":{"reason":"Close all sessions requested"}}
[fix-3] PASS GAP-273 runtime.audit hash-404 — 10/10 — sample={"finalUrl":"http://127.0.0.1:63788/own-404-samedoc?n=hash-404-0&via=hash#sec-hash-404-0","brokenRequests":[{"url":"http://127.0.0.1:63788/own-404-samedoc?n=hash-404-0&via=hash","status":404}]}
{"timestamp":"2026-09-27T18:58:00.734Z","level":"info","message":"[BrowserLauncher] Launching browser instance","context":{"executablePath":"C:\\Program Files\\Google\\Chrome\\Application\\chrome.exe","headless":true,"argsCount":11}}
{"timestamp":"2026-09-27T18:58:00.903Z","level":"info","message":"[BrowserSessionManager] Created browser session sess_1790535480734_1","context":{"isIncognito":false}}
{"timestamp":"2026-09-27T18:58:02.731Z","level":"info","message":"[BrowserSession] Closed session sess_1790535480734_1","context":{"reason":"Close all sessions requested"}}
{"timestamp":"2026-09-27T18:58:02.731Z","level":"info","message":"[BrowserSessionManager] Closed session sess_1790535480734_1","context":{"reason":"Close all sessions requested"}}
{"timestamp":"2026-09-27T18:58:02.731Z","level":"info","message":"[BrowserLauncher] Launching browser instance","context":{"executablePath":"C:\\Program Files\\Google\\Chrome\\Application\\chrome.exe","headless":true,"argsCount":11}}
{"timestamp":"2026-09-27T18:58:02.903Z","level":"info","message":"[BrowserSessionManager] Created browser session sess_1790535482731_1","context":{"isIncognito":false}}
{"timestamp":"2026-09-27T18:58:04.744Z","level":"info","message":"[BrowserSession] Closed session sess_1790535482731_1","context":{"reason":"Close all sessions requested"}}
{"timestamp":"2026-09-27T18:58:04.744Z","level":"info","message":"[BrowserSessionManager] Closed session sess_1790535482731_1","context":{"reason":"Close all sessions requested"}}
{"timestamp":"2026-09-27T18:58:04.744Z","level":"info","message":"[BrowserLauncher] Launching browser instance","context":{"executablePath":"C:\\Program Files\\Google\\Chrome\\Application\\chrome.exe","headless":true,"argsCount":11}}
{"timestamp":"2026-09-27T18:58:04.935Z","level":"info","message":"[BrowserSessionManager] Created browser session sess_1790535484744_1","context":{"isIncognito":false}}
{"timestamp":"2026-09-27T18:58:06.758Z","level":"info","message":"[BrowserSession] Closed session sess_1790535484744_1","context":{"reason":"Close all sessions requested"}}
{"timestamp":"2026-09-27T18:58:06.758Z","level":"info","message":"[BrowserSessionManager] Closed session sess_1790535484744_1","context":{"reason":"Close all sessions requested"}}
{"timestamp":"2026-09-27T18:58:06.759Z","level":"info","message":"[BrowserLauncher] Launching browser instance","context":{"executablePath":"C:\\Program Files\\Google\\Chrome\\Application\\chrome.exe","headless":true,"argsCount":11}}
{"timestamp":"2026-09-27T18:58:06.930Z","level":"info","message":"[BrowserSessionManager] Created browser session sess_1790535486759_1","context":{"isIncognito":false}}
{"timestamp":"2026-09-27T18:58:09.078Z","level":"info","message":"[BrowserSession] Closed session sess_1790535486759_1","context":{"reason":"Close all sessions requested"}}
{"timestamp":"2026-09-27T18:58:09.078Z","level":"info","message":"[BrowserSessionManager] Closed session sess_1790535486759_1","context":{"reason":"Close all sessions requested"}}
{"timestamp":"2026-09-27T18:58:09.078Z","level":"info","message":"[BrowserLauncher] Launching browser instance","context":{"executablePath":"C:\\Program Files\\Google\\Chrome\\Application\\chrome.exe","headless":true,"argsCount":11}}
{"timestamp":"2026-09-27T18:58:09.282Z","level":"info","message":"[BrowserSessionManager] Created browser session sess_1790535489078_1","context":{"isIncognito":false}}
{"timestamp":"2026-09-27T18:58:11.379Z","level":"info","message":"[BrowserSession] Closed session sess_1790535489078_1","context":{"reason":"Close all sessions requested"}}
{"timestamp":"2026-09-27T18:58:11.379Z","level":"info","message":"[BrowserSessionManager] Closed session sess_1790535489078_1","context":{"reason":"Close all sessions requested"}}
{"timestamp":"2026-09-27T18:58:11.380Z","level":"info","message":"[BrowserLauncher] Launching browser instance","context":{"executablePath":"C:\\Program Files\\Google\\Chrome\\Application\\chrome.exe","headless":true,"argsCount":11}}
{"timestamp":"2026-09-27T18:58:11.555Z","level":"info","message":"[BrowserSessionManager] Created browser session sess_1790535491380_1","context":{"isIncognito":false}}
{"timestamp":"2026-09-27T18:58:13.804Z","level":"info","message":"[BrowserSession] Closed session sess_1790535491380_1","context":{"reason":"Close all sessions requested"}}
{"timestamp":"2026-09-27T18:58:13.804Z","level":"info","message":"[BrowserSessionManager] Closed session sess_1790535491380_1","context":{"reason":"Close all sessions requested"}}
{"timestamp":"2026-09-27T18:58:13.804Z","level":"info","message":"[BrowserLauncher] Launching browser instance","context":{"executablePath":"C:\\Program Files\\Google\\Chrome\\Application\\chrome.exe","headless":true,"argsCount":11}}
{"timestamp":"2026-09-27T18:58:13.999Z","level":"info","message":"[BrowserSessionManager] Created browser session sess_1790535493804_1","context":{"isIncognito":false}}
{"timestamp":"2026-09-27T18:58:16.326Z","level":"info","message":"[BrowserSession] Closed session sess_1790535493804_1","context":{"reason":"Close all sessions requested"}}
{"timestamp":"2026-09-27T18:58:16.326Z","level":"info","message":"[BrowserSessionManager] Closed session sess_1790535493804_1","context":{"reason":"Close all sessions requested"}}
{"timestamp":"2026-09-27T18:58:16.326Z","level":"info","message":"[BrowserLauncher] Launching browser instance","context":{"executablePath":"C:\\Program Files\\Google\\Chrome\\Application\\chrome.exe","headless":true,"argsCount":11}}
{"timestamp":"2026-09-27T18:58:16.508Z","level":"info","message":"[BrowserSessionManager] Created browser session sess_1790535496326_1","context":{"isIncognito":false}}
{"timestamp":"2026-09-27T18:58:18.866Z","level":"info","message":"[BrowserSession] Closed session sess_1790535496326_1","context":{"reason":"Close all sessions requested"}}
{"timestamp":"2026-09-27T18:58:18.866Z","level":"info","message":"[BrowserSessionManager] Closed session sess_1790535496326_1","context":{"reason":"Close all sessions requested"}}
{"timestamp":"2026-09-27T18:58:18.866Z","level":"info","message":"[BrowserLauncher] Launching browser instance","context":{"executablePath":"C:\\Program Files\\Google\\Chrome\\Application\\chrome.exe","headless":true,"argsCount":11}}
{"timestamp":"2026-09-27T18:58:19.057Z","level":"info","message":"[BrowserSessionManager] Created browser session sess_1790535498866_1","context":{"isIncognito":false}}
{"timestamp":"2026-09-27T18:58:21.532Z","level":"info","message":"[BrowserSession] Closed session sess_1790535498866_1","context":{"reason":"Close all sessions requested"}}
{"timestamp":"2026-09-27T18:58:21.532Z","level":"info","message":"[BrowserSessionManager] Closed session sess_1790535498866_1","context":{"reason":"Close all sessions requested"}}
{"timestamp":"2026-09-27T18:58:21.532Z","level":"info","message":"[BrowserLauncher] Launching browser instance","context":{"executablePath":"C:\\Program Files\\Google\\Chrome\\Application\\chrome.exe","headless":true,"argsCount":11}}
{"timestamp":"2026-09-27T18:58:21.711Z","level":"info","message":"[BrowserSessionManager] Created browser session sess_1790535501532_1","context":{"isIncognito":false}}
{"timestamp":"2026-09-27T18:58:24.209Z","level":"info","message":"[BrowserSession] Closed session sess_1790535501532_1","context":{"reason":"Close all sessions requested"}}
{"timestamp":"2026-09-27T18:58:24.209Z","level":"info","message":"[BrowserSessionManager] Closed session sess_1790535501532_1","context":{"reason":"Close all sessions requested"}}
[fix-3] PASS GAP-273 runtime.audit replaceState-404 — 10/10 — sample={"finalUrl":"http://127.0.0.1:63788/own-404-samedoc?n=replaceState-404-0&replaced=1","brokenRequests":[{"url":"http://127.0.0.1:63788/own-404-samedoc?n=replaceState-404-0&via=replaceState","status":404}]}
{"timestamp":"2026-09-27T18:58:24.209Z","level":"info","message":"[BrowserLauncher] Launching browser instance","context":{"executablePath":"C:\\Program Files\\Google\\Chrome\\Application\\chrome.exe","headless":true,"argsCount":11}}
{"timestamp":"2026-09-27T18:58:24.395Z","level":"info","message":"[BrowserSessionManager] Created browser session sess_1790535504209_1","context":{"isIncognito":false}}
{"timestamp":"2026-09-27T18:58:26.410Z","level":"info","message":"[BrowserSession] Closed session sess_1790535504209_1","context":{"reason":"Close all sessions requested"}}
{"timestamp":"2026-09-27T18:58:26.410Z","level":"info","message":"[BrowserSessionManager] Closed session sess_1790535504209_1","context":{"reason":"Close all sessions requested"}}
{"timestamp":"2026-09-27T18:58:26.410Z","level":"info","message":"[BrowserLauncher] Launching browser instance","context":{"executablePath":"C:\\Program Files\\Google\\Chrome\\Application\\chrome.exe","headless":true,"argsCount":11}}
{"timestamp":"2026-09-27T18:58:26.593Z","level":"info","message":"[BrowserSessionManager] Created browser session sess_1790535506410_1","context":{"isIncognito":false}}
{"timestamp":"2026-09-27T18:58:28.647Z","level":"info","message":"[BrowserSession] Closed session sess_1790535506410_1","context":{"reason":"Close all sessions requested"}}
{"timestamp":"2026-09-27T18:58:28.647Z","level":"info","message":"[BrowserSessionManager] Closed session sess_1790535506410_1","context":{"reason":"Close all sessions requested"}}
{"timestamp":"2026-09-27T18:58:28.648Z","level":"info","message":"[BrowserLauncher] Launching browser instance","context":{"executablePath":"C:\\Program Files\\Google\\Chrome\\Application\\chrome.exe","headless":true,"argsCount":11}}
{"timestamp":"2026-09-27T18:58:28.813Z","level":"info","message":"[BrowserSessionManager] Created browser session sess_1790535508648_1","context":{"isIncognito":false}}
{"timestamp":"2026-09-27T18:58:30.639Z","level":"info","message":"[BrowserSession] Closed session sess_1790535508648_1","context":{"reason":"Close all sessions requested"}}
{"timestamp":"2026-09-27T18:58:30.639Z","level":"info","message":"[BrowserSessionManager] Closed session sess_1790535508648_1","context":{"reason":"Close all sessions requested"}}
{"timestamp":"2026-09-27T18:58:30.639Z","level":"info","message":"[BrowserLauncher] Launching browser instance","context":{"executablePath":"C:\\Program Files\\Google\\Chrome\\Application\\chrome.exe","headless":true,"argsCount":11}}
{"timestamp":"2026-09-27T18:58:30.817Z","level":"info","message":"[BrowserSessionManager] Created browser session sess_1790535510639_1","context":{"isIncognito":false}}
{"timestamp":"2026-09-27T18:58:32.677Z","level":"info","message":"[BrowserSession] Closed session sess_1790535510639_1","context":{"reason":"Close all sessions requested"}}
{"timestamp":"2026-09-27T18:58:32.677Z","level":"info","message":"[BrowserSessionManager] Closed session sess_1790535510639_1","context":{"reason":"Close all sessions requested"}}
{"timestamp":"2026-09-27T18:58:32.677Z","level":"info","message":"[BrowserLauncher] Launching browser instance","context":{"executablePath":"C:\\Program Files\\Google\\Chrome\\Application\\chrome.exe","headless":true,"argsCount":11}}
{"timestamp":"2026-09-27T18:58:32.846Z","level":"info","message":"[BrowserSessionManager] Created browser session sess_1790535512677_1","context":{"isIncognito":false}}
{"timestamp":"2026-09-27T18:58:34.677Z","level":"info","message":"[BrowserSession] Closed session sess_1790535512677_1","context":{"reason":"Close all sessions requested"}}
{"timestamp":"2026-09-27T18:58:34.677Z","level":"info","message":"[BrowserSessionManager] Closed session sess_1790535512677_1","context":{"reason":"Close all sessions requested"}}
{"timestamp":"2026-09-27T18:58:34.677Z","level":"info","message":"[BrowserLauncher] Launching browser instance","context":{"executablePath":"C:\\Program Files\\Google\\Chrome\\Application\\chrome.exe","headless":true,"argsCount":11}}
{"timestamp":"2026-09-27T18:58:34.871Z","level":"info","message":"[BrowserSessionManager] Created browser session sess_1790535514677_1","context":{"isIncognito":false}}
{"timestamp":"2026-09-27T18:58:36.679Z","level":"info","message":"[BrowserSession] Closed session sess_1790535514677_1","context":{"reason":"Close all sessions requested"}}
{"timestamp":"2026-09-27T18:58:36.679Z","level":"info","message":"[BrowserSessionManager] Closed session sess_1790535514677_1","context":{"reason":"Close all sessions requested"}}
{"timestamp":"2026-09-27T18:58:36.679Z","level":"info","message":"[BrowserLauncher] Launching browser instance","context":{"executablePath":"C:\\Program Files\\Google\\Chrome\\Application\\chrome.exe","headless":true,"argsCount":11}}
{"timestamp":"2026-09-27T18:58:36.854Z","level":"info","message":"[BrowserSessionManager] Created browser session sess_1790535516679_1","context":{"isIncognito":false}}
{"timestamp":"2026-09-27T18:58:38.652Z","level":"info","message":"[BrowserSession] Closed session sess_1790535516679_1","context":{"reason":"Close all sessions requested"}}
{"timestamp":"2026-09-27T18:58:38.652Z","level":"info","message":"[BrowserSessionManager] Closed session sess_1790535516679_1","context":{"reason":"Close all sessions requested"}}
{"timestamp":"2026-09-27T18:58:38.652Z","level":"info","message":"[BrowserLauncher] Launching browser instance","context":{"executablePath":"C:\\Program Files\\Google\\Chrome\\Application\\chrome.exe","headless":true,"argsCount":11}}
{"timestamp":"2026-09-27T18:58:38.834Z","level":"info","message":"[BrowserSessionManager] Created browser session sess_1790535518652_1","context":{"isIncognito":false}}
{"timestamp":"2026-09-27T18:58:40.767Z","level":"info","message":"[BrowserSession] Closed session sess_1790535518652_1","context":{"reason":"Close all sessions requested"}}
{"timestamp":"2026-09-27T18:58:40.767Z","level":"info","message":"[BrowserSessionManager] Closed session sess_1790535518652_1","context":{"reason":"Close all sessions requested"}}
{"timestamp":"2026-09-27T18:58:40.768Z","level":"info","message":"[BrowserLauncher] Launching browser instance","context":{"executablePath":"C:\\Program Files\\Google\\Chrome\\Application\\chrome.exe","headless":true,"argsCount":11}}
{"timestamp":"2026-09-27T18:58:40.950Z","level":"info","message":"[BrowserSessionManager] Created browser session sess_1790535520768_1","context":{"isIncognito":false}}
{"timestamp":"2026-09-27T18:58:42.966Z","level":"info","message":"[BrowserSession] Closed session sess_1790535520768_1","context":{"reason":"Close all sessions requested"}}
{"timestamp":"2026-09-27T18:58:42.966Z","level":"info","message":"[BrowserSessionManager] Closed session sess_1790535520768_1","context":{"reason":"Close all sessions requested"}}
{"timestamp":"2026-09-27T18:58:42.966Z","level":"info","message":"[BrowserLauncher] Launching browser instance","context":{"executablePath":"C:\\Program Files\\Google\\Chrome\\Application\\chrome.exe","headless":true,"argsCount":11}}
{"timestamp":"2026-09-27T18:58:43.169Z","level":"info","message":"[BrowserSessionManager] Created browser session sess_1790535522966_1","context":{"isIncognito":false}}
{"timestamp":"2026-09-27T18:58:45.341Z","level":"info","message":"[BrowserSession] Closed session sess_1790535522966_1","context":{"reason":"Close all sessions requested"}}
{"timestamp":"2026-09-27T18:58:45.341Z","level":"info","message":"[BrowserSessionManager] Closed session sess_1790535522966_1","context":{"reason":"Close all sessions requested"}}
[fix-3] PASS GAP-273 runtime.audit emptybody-404 — 10/10 — sample={"finalUrl":"chrome-error://chromewebdata/","brokenRequests":[{"url":"http://127.0.0.1:63788/own-404-emptybody?n=emptybody-404-0","status":404}]}
{"timestamp":"2026-09-27T18:58:45.341Z","level":"info","message":"[BrowserLauncher] Launching browser instance","context":{"executablePath":"C:\\Program Files\\Google\\Chrome\\Application\\chrome.exe","headless":true,"argsCount":11}}
{"timestamp":"2026-09-27T18:58:45.542Z","level":"info","message":"[BrowserSessionManager] Created browser session sess_1790535525341_1","context":{"isIncognito":false}}
{"timestamp":"2026-09-27T18:58:47.503Z","level":"info","message":"[BrowserSession] Closed session sess_1790535525341_1","context":{"reason":"Close all sessions requested"}}
{"timestamp":"2026-09-27T18:58:47.503Z","level":"info","message":"[BrowserSessionManager] Closed session sess_1790535525341_1","context":{"reason":"Close all sessions requested"}}
{"timestamp":"2026-09-27T18:58:47.503Z","level":"info","message":"[BrowserLauncher] Launching browser instance","context":{"executablePath":"C:\\Program Files\\Google\\Chrome\\Application\\chrome.exe","headless":true,"argsCount":11}}
{"timestamp":"2026-09-27T18:58:47.679Z","level":"info","message":"[BrowserSessionManager] Created browser session sess_1790535527503_1","context":{"isIncognito":false}}
{"timestamp":"2026-09-27T18:58:49.653Z","level":"info","message":"[BrowserSession] Closed session sess_1790535527503_1","context":{"reason":"Close all sessions requested"}}
{"timestamp":"2026-09-27T18:58:49.653Z","level":"info","message":"[BrowserSessionManager] Closed session sess_1790535527503_1","context":{"reason":"Close all sessions requested"}}
{"timestamp":"2026-09-27T18:58:49.653Z","level":"info","message":"[BrowserLauncher] Launching browser instance","context":{"executablePath":"C:\\Program Files\\Google\\Chrome\\Application\\chrome.exe","headless":true,"argsCount":11}}
{"timestamp":"2026-09-27T18:58:49.825Z","level":"info","message":"[BrowserSessionManager] Created browser session sess_1790535529653_1","context":{"isIncognito":false}}
{"timestamp":"2026-09-27T18:58:51.835Z","level":"info","message":"[BrowserSession] Closed session sess_1790535529653_1","context":{"reason":"Close all sessions requested"}}
{"timestamp":"2026-09-27T18:58:51.835Z","level":"info","message":"[BrowserSessionManager] Closed session sess_1790535529653_1","context":{"reason":"Close all sessions requested"}}
{"timestamp":"2026-09-27T18:58:51.835Z","level":"info","message":"[BrowserLauncher] Launching browser instance","context":{"executablePath":"C:\\Program Files\\Google\\Chrome\\Application\\chrome.exe","headless":true,"argsCount":11}}
{"timestamp":"2026-09-27T18:58:52.021Z","level":"info","message":"[BrowserSessionManager] Created browser session sess_1790535531835_1","context":{"isIncognito":false}}
{"timestamp":"2026-09-27T18:58:53.956Z","level":"info","message":"[BrowserSession] Closed session sess_1790535531835_1","context":{"reason":"Close all sessions requested"}}
{"timestamp":"2026-09-27T18:58:53.956Z","level":"info","message":"[BrowserSessionManager] Closed session sess_1790535531835_1","context":{"reason":"Close all sessions requested"}}
{"timestamp":"2026-09-27T18:58:53.956Z","level":"info","message":"[BrowserLauncher] Launching browser instance","context":{"executablePath":"C:\\Program Files\\Google\\Chrome\\Application\\chrome.exe","headless":true,"argsCount":11}}
{"timestamp":"2026-09-27T18:58:54.155Z","level":"info","message":"[BrowserSessionManager] Created browser session sess_1790535533956_1","context":{"isIncognito":false}}
{"timestamp":"2026-09-27T18:58:56.080Z","level":"info","message":"[BrowserSession] Closed session sess_1790535533956_1","context":{"reason":"Close all sessions requested"}}
{"timestamp":"2026-09-27T18:58:56.080Z","level":"info","message":"[BrowserSessionManager] Closed session sess_1790535533956_1","context":{"reason":"Close all sessions requested"}}
{"timestamp":"2026-09-27T18:58:56.080Z","level":"info","message":"[BrowserLauncher] Launching browser instance","context":{"executablePath":"C:\\Program Files\\Google\\Chrome\\Application\\chrome.exe","headless":true,"argsCount":11}}
{"timestamp":"2026-09-27T18:58:56.263Z","level":"info","message":"[BrowserSessionManager] Created browser session sess_1790535536080_1","context":{"isIncognito":false}}
{"timestamp":"2026-09-27T18:58:58.162Z","level":"info","message":"[BrowserSession] Closed session sess_1790535536080_1","context":{"reason":"Close all sessions requested"}}
{"timestamp":"2026-09-27T18:58:58.162Z","level":"info","message":"[BrowserSessionManager] Closed session sess_1790535536080_1","context":{"reason":"Close all sessions requested"}}
{"timestamp":"2026-09-27T18:58:58.163Z","level":"info","message":"[BrowserLauncher] Launching browser instance","context":{"executablePath":"C:\\Program Files\\Google\\Chrome\\Application\\chrome.exe","headless":true,"argsCount":11}}
{"timestamp":"2026-09-27T18:58:58.337Z","level":"info","message":"[BrowserSessionManager] Created browser session sess_1790535538162_1","context":{"isIncognito":false}}
{"timestamp":"2026-09-27T18:59:00.228Z","level":"info","message":"[BrowserSession] Closed session sess_1790535538162_1","context":{"reason":"Close all sessions requested"}}
{"timestamp":"2026-09-27T18:59:00.228Z","level":"info","message":"[BrowserSessionManager] Closed session sess_1790535538162_1","context":{"reason":"Close all sessions requested"}}
{"timestamp":"2026-09-27T18:59:00.228Z","level":"info","message":"[BrowserLauncher] Launching browser instance","context":{"executablePath":"C:\\Program Files\\Google\\Chrome\\Application\\chrome.exe","headless":true,"argsCount":11}}
{"timestamp":"2026-09-27T18:59:00.399Z","level":"info","message":"[BrowserSessionManager] Created browser session sess_1790535540228_1","context":{"isIncognito":false}}
{"timestamp":"2026-09-27T18:59:02.283Z","level":"info","message":"[BrowserSession] Closed session sess_1790535540228_1","context":{"reason":"Close all sessions requested"}}
{"timestamp":"2026-09-27T18:59:02.283Z","level":"info","message":"[BrowserSessionManager] Closed session sess_1790535540228_1","context":{"reason":"Close all sessions requested"}}
{"timestamp":"2026-09-27T18:59:02.284Z","level":"info","message":"[BrowserLauncher] Launching browser instance","context":{"executablePath":"C:\\Program Files\\Google\\Chrome\\Application\\chrome.exe","headless":true,"argsCount":11}}
{"timestamp":"2026-09-27T18:59:02.453Z","level":"info","message":"[BrowserSessionManager] Created browser session sess_1790535542283_1","context":{"isIncognito":false}}
{"timestamp":"2026-09-27T18:59:04.311Z","level":"info","message":"[BrowserSession] Closed session sess_1790535542283_1","context":{"reason":"Close all sessions requested"}}
{"timestamp":"2026-09-27T18:59:04.311Z","level":"info","message":"[BrowserSessionManager] Closed session sess_1790535542283_1","context":{"reason":"Close all sessions requested"}}
{"timestamp":"2026-09-27T18:59:04.311Z","level":"info","message":"[BrowserLauncher] Launching browser instance","context":{"executablePath":"C:\\Program Files\\Google\\Chrome\\Application\\chrome.exe","headless":true,"argsCount":11}}
{"timestamp":"2026-09-27T18:59:04.475Z","level":"info","message":"[BrowserSessionManager] Created browser session sess_1790535544311_1","context":{"isIncognito":false}}
{"timestamp":"2026-09-27T18:59:06.337Z","level":"info","message":"[BrowserSession] Closed session sess_1790535544311_1","context":{"reason":"Close all sessions requested"}}
{"timestamp":"2026-09-27T18:59:06.337Z","level":"info","message":"[BrowserSessionManager] Closed session sess_1790535544311_1","context":{"reason":"Close all sessions requested"}}
[fix-3] PASS GAP-273 runtime.audit emptybody-500 — 10/10 — sample={"finalUrl":"chrome-error://chromewebdata/","brokenRequests":[{"url":"http://127.0.0.1:63788/own-500-emptybody?n=emptybody-500-0","status":500}]}
{"timestamp":"2026-09-27T18:59:06.337Z","level":"info","message":"[BrowserLauncher] Launching browser instance","context":{"executablePath":"C:\\Program Files\\Google\\Chrome\\Application\\chrome.exe","headless":true,"argsCount":11}}
{"timestamp":"2026-09-27T18:59:06.518Z","level":"info","message":"[BrowserSessionManager] Created browser session sess_1790535546337_1","context":{"isIncognito":false}}
{"timestamp":"2026-09-27T18:59:08.338Z","level":"info","message":"[BrowserSession] Closed session sess_1790535546337_1","context":{"reason":"Close all sessions requested"}}
{"timestamp":"2026-09-27T18:59:08.338Z","level":"info","message":"[BrowserSessionManager] Closed session sess_1790535546337_1","context":{"reason":"Close all sessions requested"}}
{"timestamp":"2026-09-27T18:59:08.338Z","level":"info","message":"[BrowserLauncher] Launching browser instance","context":{"executablePath":"C:\\Program Files\\Google\\Chrome\\Application\\chrome.exe","headless":true,"argsCount":11}}
{"timestamp":"2026-09-27T18:59:08.514Z","level":"info","message":"[BrowserSessionManager] Created browser session sess_1790535548338_1","context":{"isIncognito":false}}
{"timestamp":"2026-09-27T18:59:10.432Z","level":"info","message":"[BrowserSession] Closed session sess_1790535548338_1","context":{"reason":"Close all sessions requested"}}
{"timestamp":"2026-09-27T18:59:10.432Z","level":"info","message":"[BrowserSessionManager] Closed session sess_1790535548338_1","context":{"reason":"Close all sessions requested"}}
{"timestamp":"2026-09-27T18:59:10.433Z","level":"info","message":"[BrowserLauncher] Launching browser instance","context":{"executablePath":"C:\\Program Files\\Google\\Chrome\\Application\\chrome.exe","headless":true,"argsCount":11}}
{"timestamp":"2026-09-27T18:59:10.617Z","level":"info","message":"[BrowserSessionManager] Created browser session sess_1790535550432_1","context":{"isIncognito":false}}
{"timestamp":"2026-09-27T18:59:12.625Z","level":"info","message":"[BrowserSession] Closed session sess_1790535550432_1","context":{"reason":"Close all sessions requested"}}
{"timestamp":"2026-09-27T18:59:12.625Z","level":"info","message":"[BrowserSessionManager] Closed session sess_1790535550432_1","context":{"reason":"Close all sessions requested"}}
{"timestamp":"2026-09-27T18:59:12.625Z","level":"info","message":"[BrowserLauncher] Launching browser instance","context":{"executablePath":"C:\\Program Files\\Google\\Chrome\\Application\\chrome.exe","headless":true,"argsCount":11}}
{"timestamp":"2026-09-27T18:59:12.800Z","level":"info","message":"[BrowserSessionManager] Created browser session sess_1790535552625_1","context":{"isIncognito":false}}
{"timestamp":"2026-09-27T18:59:14.844Z","level":"info","message":"[BrowserSession] Closed session sess_1790535552625_1","context":{"reason":"Close all sessions requested"}}
{"timestamp":"2026-09-27T18:59:14.844Z","level":"info","message":"[BrowserSessionManager] Closed session sess_1790535552625_1","context":{"reason":"Close all sessions requested"}}
{"timestamp":"2026-09-27T18:59:14.845Z","level":"info","message":"[BrowserLauncher] Launching browser instance","context":{"executablePath":"C:\\Program Files\\Google\\Chrome\\Application\\chrome.exe","headless":true,"argsCount":11}}
{"timestamp":"2026-09-27T18:59:15.025Z","level":"info","message":"[BrowserSessionManager] Created browser session sess_1790535554845_1","context":{"isIncognito":false}}
{"timestamp":"2026-09-27T18:59:16.816Z","level":"info","message":"[BrowserSession] Closed session sess_1790535554845_1","context":{"reason":"Close all sessions requested"}}
{"timestamp":"2026-09-27T18:59:16.816Z","level":"info","message":"[BrowserSessionManager] Closed session sess_1790535554845_1","context":{"reason":"Close all sessions requested"}}
{"timestamp":"2026-09-27T18:59:16.816Z","level":"info","message":"[BrowserLauncher] Launching browser instance","context":{"executablePath":"C:\\Program Files\\Google\\Chrome\\Application\\chrome.exe","headless":true,"argsCount":11}}
{"timestamp":"2026-09-27T18:59:16.994Z","level":"info","message":"[BrowserSessionManager] Created browser session sess_1790535556816_1","context":{"isIncognito":false}}
{"timestamp":"2026-09-27T18:59:18.776Z","level":"info","message":"[BrowserSession] Closed session sess_1790535556816_1","context":{"reason":"Close all sessions requested"}}
{"timestamp":"2026-09-27T18:59:18.776Z","level":"info","message":"[BrowserSessionManager] Closed session sess_1790535556816_1","context":{"reason":"Close all sessions requested"}}
{"timestamp":"2026-09-27T18:59:18.776Z","level":"info","message":"[BrowserLauncher] Launching browser instance","context":{"executablePath":"C:\\Program Files\\Google\\Chrome\\Application\\chrome.exe","headless":true,"argsCount":11}}
{"timestamp":"2026-09-27T18:59:18.942Z","level":"info","message":"[BrowserSessionManager] Created browser session sess_1790535558776_1","context":{"isIncognito":false}}
{"timestamp":"2026-09-27T18:59:20.768Z","level":"info","message":"[BrowserSession] Closed session sess_1790535558776_1","context":{"reason":"Close all sessions requested"}}
{"timestamp":"2026-09-27T18:59:20.768Z","level":"info","message":"[BrowserSessionManager] Closed session sess_1790535558776_1","context":{"reason":"Close all sessions requested"}}
{"timestamp":"2026-09-27T18:59:20.768Z","level":"info","message":"[BrowserLauncher] Launching browser instance","context":{"executablePath":"C:\\Program Files\\Google\\Chrome\\Application\\chrome.exe","headless":true,"argsCount":11}}
{"timestamp":"2026-09-27T18:59:20.939Z","level":"info","message":"[BrowserSessionManager] Created browser session sess_1790535560768_1","context":{"isIncognito":false}}
{"timestamp":"2026-09-27T18:59:22.741Z","level":"info","message":"[BrowserSession] Closed session sess_1790535560768_1","context":{"reason":"Close all sessions requested"}}
{"timestamp":"2026-09-27T18:59:22.741Z","level":"info","message":"[BrowserSessionManager] Closed session sess_1790535560768_1","context":{"reason":"Close all sessions requested"}}
{"timestamp":"2026-09-27T18:59:22.741Z","level":"info","message":"[BrowserLauncher] Launching browser instance","context":{"executablePath":"C:\\Program Files\\Google\\Chrome\\Application\\chrome.exe","headless":true,"argsCount":11}}
{"timestamp":"2026-09-27T18:59:22.926Z","level":"info","message":"[BrowserSessionManager] Created browser session sess_1790535562741_1","context":{"isIncognito":false}}
{"timestamp":"2026-09-27T18:59:24.822Z","level":"info","message":"[BrowserSession] Closed session sess_1790535562741_1","context":{"reason":"Close all sessions requested"}}
{"timestamp":"2026-09-27T18:59:24.822Z","level":"info","message":"[BrowserSessionManager] Closed session sess_1790535562741_1","context":{"reason":"Close all sessions requested"}}
{"timestamp":"2026-09-27T18:59:24.822Z","level":"info","message":"[BrowserLauncher] Launching browser instance","context":{"executablePath":"C:\\Program Files\\Google\\Chrome\\Application\\chrome.exe","headless":true,"argsCount":11}}
{"timestamp":"2026-09-27T18:59:25.019Z","level":"info","message":"[BrowserSessionManager] Created browser session sess_1790535564822_1","context":{"isIncognito":false}}
{"timestamp":"2026-09-27T18:59:26.942Z","level":"info","message":"[BrowserSession] Closed session sess_1790535564822_1","context":{"reason":"Close all sessions requested"}}
{"timestamp":"2026-09-27T18:59:26.942Z","level":"info","message":"[BrowserSessionManager] Closed session sess_1790535564822_1","context":{"reason":"Close all sessions requested"}}
[fix-3] PASS GAP-273 runtime.audit control-plain-own-404 — 10/10 — sample={"finalUrl":"http://127.0.0.1:63788/own-404?n=control-plain-own-404-0","brokenRequests":[{"url":"http://127.0.0.1:63788/own-404?n=control-plain-own-404-0","status":404}]}
{"timestamp":"2026-09-27T18:59:26.942Z","level":"info","message":"[BrowserLauncher] Launching browser instance","context":{"executablePath":"C:\\Program Files\\Google\\Chrome\\Application\\chrome.exe","headless":true,"argsCount":11}}
{"timestamp":"2026-09-27T18:59:27.108Z","level":"info","message":"[BrowserSessionManager] Created browser session sess_1790535566942_1","context":{"isIncognito":false}}
{"timestamp":"2026-09-27T18:59:29.279Z","level":"info","message":"[BrowserSession] Closed session sess_1790535566942_1","context":{"reason":"Close all sessions requested"}}
{"timestamp":"2026-09-27T18:59:29.279Z","level":"info","message":"[BrowserSessionManager] Closed session sess_1790535566942_1","context":{"reason":"Close all sessions requested"}}
{"timestamp":"2026-09-27T18:59:29.279Z","level":"info","message":"[BrowserLauncher] Launching browser instance","context":{"executablePath":"C:\\Program Files\\Google\\Chrome\\Application\\chrome.exe","headless":true,"argsCount":11}}
{"timestamp":"2026-09-27T18:59:29.449Z","level":"info","message":"[BrowserSessionManager] Created browser session sess_1790535569279_1","context":{"isIncognito":false}}
{"timestamp":"2026-09-27T18:59:31.457Z","level":"info","message":"[BrowserSession] Closed session sess_1790535569279_1","context":{"reason":"Close all sessions requested"}}
{"timestamp":"2026-09-27T18:59:31.457Z","level":"info","message":"[BrowserSessionManager] Closed session sess_1790535569279_1","context":{"reason":"Close all sessions requested"}}
{"timestamp":"2026-09-27T18:59:31.458Z","level":"info","message":"[BrowserLauncher] Launching browser instance","context":{"executablePath":"C:\\Program Files\\Google\\Chrome\\Application\\chrome.exe","headless":true,"argsCount":11}}
{"timestamp":"2026-09-27T18:59:31.635Z","level":"info","message":"[BrowserSessionManager] Created browser session sess_1790535571457_1","context":{"isIncognito":false}}
{"timestamp":"2026-09-27T18:59:33.539Z","level":"info","message":"[BrowserSession] Closed session sess_1790535571457_1","context":{"reason":"Close all sessions requested"}}
{"timestamp":"2026-09-27T18:59:33.539Z","level":"info","message":"[BrowserSessionManager] Closed session sess_1790535571457_1","context":{"reason":"Close all sessions requested"}}
{"timestamp":"2026-09-27T18:59:33.539Z","level":"info","message":"[BrowserLauncher] Launching browser instance","context":{"executablePath":"C:\\Program Files\\Google\\Chrome\\Application\\chrome.exe","headless":true,"argsCount":11}}
{"timestamp":"2026-09-27T18:59:33.723Z","level":"info","message":"[BrowserSessionManager] Created browser session sess_1790535573539_1","context":{"isIncognito":false}}
{"timestamp":"2026-09-27T18:59:35.688Z","level":"info","message":"[BrowserSession] Closed session sess_1790535573539_1","context":{"reason":"Close all sessions requested"}}
{"timestamp":"2026-09-27T18:59:35.688Z","level":"info","message":"[BrowserSessionManager] Closed session sess_1790535573539_1","context":{"reason":"Close all sessions requested"}}
{"timestamp":"2026-09-27T18:59:35.688Z","level":"info","message":"[BrowserLauncher] Launching browser instance","context":{"executablePath":"C:\\Program Files\\Google\\Chrome\\Application\\chrome.exe","headless":true,"argsCount":11}}
{"timestamp":"2026-09-27T18:59:35.866Z","level":"info","message":"[BrowserSessionManager] Created browser session sess_1790535575688_1","context":{"isIncognito":false}}
{"timestamp":"2026-09-27T18:59:37.782Z","level":"info","message":"[BrowserSession] Closed session sess_1790535575688_1","context":{"reason":"Close all sessions requested"}}
{"timestamp":"2026-09-27T18:59:37.782Z","level":"info","message":"[BrowserSessionManager] Closed session sess_1790535575688_1","context":{"reason":"Close all sessions requested"}}
{"timestamp":"2026-09-27T18:59:37.782Z","level":"info","message":"[BrowserLauncher] Launching browser instance","context":{"executablePath":"C:\\Program Files\\Google\\Chrome\\Application\\chrome.exe","headless":true,"argsCount":11}}
{"timestamp":"2026-09-27T18:59:37.959Z","level":"info","message":"[BrowserSessionManager] Created browser session sess_1790535577782_1","context":{"isIncognito":false}}
{"timestamp":"2026-09-27T18:59:39.793Z","level":"info","message":"[BrowserSession] Closed session sess_1790535577782_1","context":{"reason":"Close all sessions requested"}}
{"timestamp":"2026-09-27T18:59:39.793Z","level":"info","message":"[BrowserSessionManager] Closed session sess_1790535577782_1","context":{"reason":"Close all sessions requested"}}
{"timestamp":"2026-09-27T18:59:39.793Z","level":"info","message":"[BrowserLauncher] Launching browser instance","context":{"executablePath":"C:\\Program Files\\Google\\Chrome\\Application\\chrome.exe","headless":true,"argsCount":11}}
{"timestamp":"2026-09-27T18:59:39.977Z","level":"info","message":"[BrowserSessionManager] Created browser session sess_1790535579793_1","context":{"isIncognito":false}}
{"timestamp":"2026-09-27T18:59:41.807Z","level":"info","message":"[BrowserSession] Closed session sess_1790535579793_1","context":{"reason":"Close all sessions requested"}}
{"timestamp":"2026-09-27T18:59:41.807Z","level":"info","message":"[BrowserSessionManager] Closed session sess_1790535579793_1","context":{"reason":"Close all sessions requested"}}
{"timestamp":"2026-09-27T18:59:41.807Z","level":"info","message":"[BrowserLauncher] Launching browser instance","context":{"executablePath":"C:\\Program Files\\Google\\Chrome\\Application\\chrome.exe","headless":true,"argsCount":11}}
{"timestamp":"2026-09-27T18:59:41.977Z","level":"info","message":"[BrowserSessionManager] Created browser session sess_1790535581807_1","context":{"isIncognito":false}}
{"timestamp":"2026-09-27T18:59:43.788Z","level":"info","message":"[BrowserSession] Closed session sess_1790535581807_1","context":{"reason":"Close all sessions requested"}}
{"timestamp":"2026-09-27T18:59:43.788Z","level":"info","message":"[BrowserSessionManager] Closed session sess_1790535581807_1","context":{"reason":"Close all sessions requested"}}
{"timestamp":"2026-09-27T18:59:43.788Z","level":"info","message":"[BrowserLauncher] Launching browser instance","context":{"executablePath":"C:\\Program Files\\Google\\Chrome\\Application\\chrome.exe","headless":true,"argsCount":11}}
{"timestamp":"2026-09-27T18:59:43.957Z","level":"info","message":"[BrowserSessionManager] Created browser session sess_1790535583788_1","context":{"isIncognito":false}}
{"timestamp":"2026-09-27T18:59:45.758Z","level":"info","message":"[BrowserSession] Closed session sess_1790535583788_1","context":{"reason":"Close all sessions requested"}}
{"timestamp":"2026-09-27T18:59:45.758Z","level":"info","message":"[BrowserSessionManager] Closed session sess_1790535583788_1","context":{"reason":"Close all sessions requested"}}
{"timestamp":"2026-09-27T18:59:45.758Z","level":"info","message":"[BrowserLauncher] Launching browser instance","context":{"executablePath":"C:\\Program Files\\Google\\Chrome\\Application\\chrome.exe","headless":true,"argsCount":11}}
{"timestamp":"2026-09-27T18:59:45.957Z","level":"info","message":"[BrowserSessionManager] Created browser session sess_1790535585758_1","context":{"isIncognito":false}}
{"timestamp":"2026-09-27T18:59:47.757Z","level":"info","message":"[BrowserSession] Closed session sess_1790535585758_1","context":{"reason":"Close all sessions requested"}}
{"timestamp":"2026-09-27T18:59:47.757Z","level":"info","message":"[BrowserSessionManager] Closed session sess_1790535585758_1","context":{"reason":"Close all sessions requested"}}
[fix-3] PASS GAP-273 runtime.audit control-own-404-with-fragment — 10/10 — sample={"finalUrl":"http://127.0.0.1:63788/own-404?n=control-own-404-with-fragment-0#already-there","brokenRequests":[{"url":"http://127.0.0.1:63788/own-404?n=control-own-404-with-fragment-0","status":404}]}
[fix-3] PASS GAP-273 CLI --json hash-404 — 6/6
[fix-3] PASS GAP-273 CLI --json replaceState-404 — 6/6
[fix-3] PASS GAP-273 CLI --json emptybody-404 — 6/6
[fix-3] PASS GAP-273 CLI --json emptybody-500 — 6/6
{"timestamp":"2026-09-27T19:00:32.790Z","level":"info","message":"[BrowserLauncher] Launching browser instance","context":{"executablePath":"C:\\Program Files\\Google\\Chrome\\Application\\chrome.exe","headless":true,"argsCount":11}}
{"timestamp":"2026-09-27T19:00:32.964Z","level":"info","message":"[BrowserSessionManager] Created browser session sess_1790535632790_1","context":{"isIncognito":false}}
{"timestamp":"2026-09-27T19:00:36.687Z","level":"info","message":"[BrowserSession] Closed session sess_1790535632790_1","context":{"reason":"Close all sessions requested"}}
{"timestamp":"2026-09-27T19:00:36.687Z","level":"info","message":"[BrowserSessionManager] Closed session sess_1790535632790_1","context":{"reason":"Close all sessions requested"}}
{"timestamp":"2026-09-27T19:00:36.687Z","level":"info","message":"[BrowserLauncher] Launching browser instance","context":{"executablePath":"C:\\Program Files\\Google\\Chrome\\Application\\chrome.exe","headless":true,"argsCount":11}}
{"timestamp":"2026-09-27T19:00:36.866Z","level":"info","message":"[BrowserSessionManager] Created browser session sess_1790535636687_1","context":{"isIncognito":false}}
{"timestamp":"2026-09-27T19:00:40.369Z","level":"info","message":"[BrowserSession] Closed session sess_1790535636687_1","context":{"reason":"Close all sessions requested"}}
{"timestamp":"2026-09-27T19:00:40.369Z","level":"info","message":"[BrowserSessionManager] Closed session sess_1790535636687_1","context":{"reason":"Close all sessions requested"}}
{"timestamp":"2026-09-27T19:00:40.369Z","level":"info","message":"[BrowserLauncher] Launching browser instance","context":{"executablePath":"C:\\Program Files\\Google\\Chrome\\Application\\chrome.exe","headless":true,"argsCount":11}}
{"timestamp":"2026-09-27T19:00:40.548Z","level":"info","message":"[BrowserSessionManager] Created browser session sess_1790535640369_1","context":{"isIncognito":false}}
{"timestamp":"2026-09-27T19:00:44.097Z","level":"info","message":"[BrowserSession] Closed session sess_1790535640369_1","context":{"reason":"Close all sessions requested"}}
{"timestamp":"2026-09-27T19:00:44.097Z","level":"info","message":"[BrowserSessionManager] Closed session sess_1790535640369_1","context":{"reason":"Close all sessions requested"}}
[fix-3] PASS GAP-274a dialog-open-before-audit no longer stalls — 3/3, timings=[2559,2568,2567]ms (bound 15000ms)
{"timestamp":"2026-09-27T19:00:44.098Z","level":"info","message":"[BrowserLauncher] Launching browser instance","context":{"executablePath":"C:\\Program Files\\Google\\Chrome\\Application\\chrome.exe","headless":true,"argsCount":11}}
{"timestamp":"2026-09-27T19:00:44.297Z","level":"info","message":"[BrowserSessionManager] Created browser session sess_1790535644097_1","context":{"isIncognito":false}}
{"timestamp":"2026-09-27T19:00:49.039Z","level":"info","message":"[BrowserSession] Closed session sess_1790535644097_1","context":{"reason":"Close all sessions requested"}}
{"timestamp":"2026-09-27T19:00:49.039Z","level":"info","message":"[BrowserSessionManager] Closed session sess_1790535644097_1","context":{"reason":"Close all sessions requested"}}
{"timestamp":"2026-09-27T19:00:49.039Z","level":"info","message":"[BrowserLauncher] Launching browser instance","context":{"executablePath":"C:\\Program Files\\Google\\Chrome\\Application\\chrome.exe","headless":true,"argsCount":11}}
{"timestamp":"2026-09-27T19:00:49.212Z","level":"info","message":"[BrowserSessionManager] Created browser session sess_1790535649039_1","context":{"isIncognito":false}}
{"timestamp":"2026-09-27T19:00:53.930Z","level":"info","message":"[BrowserSession] Closed session sess_1790535649039_1","context":{"reason":"Close all sessions requested"}}
{"timestamp":"2026-09-27T19:00:53.930Z","level":"info","message":"[BrowserSessionManager] Closed session sess_1790535649039_1","context":{"reason":"Close all sessions requested"}}
{"timestamp":"2026-09-27T19:00:53.930Z","level":"info","message":"[BrowserLauncher] Launching browser instance","context":{"executablePath":"C:\\Program Files\\Google\\Chrome\\Application\\chrome.exe","headless":true,"argsCount":11}}
{"timestamp":"2026-09-27T19:00:54.097Z","level":"info","message":"[BrowserSessionManager] Created browser session sess_1790535653930_1","context":{"isIncognito":false}}
{"timestamp":"2026-09-27T19:00:58.814Z","level":"info","message":"[BrowserSession] Closed session sess_1790535653930_1","context":{"reason":"Close all sessions requested"}}
{"timestamp":"2026-09-27T19:00:58.814Z","level":"info","message":"[BrowserSessionManager] Closed session sess_1790535653930_1","context":{"reason":"Close all sessions requested"}}
[fix-3] PASS GAP-274b timed-out-prior-nav-before-audit no longer stalls, no leak — 3/3, timings=[2582,2564,2570]ms (bound 15000ms)
{"timestamp":"2026-09-27T19:00:58.815Z","level":"info","message":"[BrowserLauncher] Launching browser instance","context":{"executablePath":"C:\\Program Files\\Google\\Chrome\\Application\\chrome.exe","headless":true,"argsCount":11}}
{"timestamp":"2026-09-27T19:00:58.997Z","level":"info","message":"[BrowserSessionManager] Created browser session sess_1790535658814_1","context":{"isIncognito":false}}
{"timestamp":"2026-09-27T19:01:00.812Z","level":"info","message":"[BrowserSession] Closed session sess_1790535658814_1","context":{"reason":"Close all sessions requested"}}
{"timestamp":"2026-09-27T19:01:00.812Z","level":"info","message":"[BrowserSessionManager] Closed session sess_1790535658814_1","context":{"reason":"Close all sessions requested"}}
{"timestamp":"2026-09-27T19:01:00.812Z","level":"info","message":"[BrowserLauncher] Launching browser instance","context":{"executablePath":"C:\\Program Files\\Google\\Chrome\\Application\\chrome.exe","headless":true,"argsCount":11}}
{"timestamp":"2026-09-27T19:01:00.990Z","level":"info","message":"[BrowserSessionManager] Created browser session sess_1790535660812_1","context":{"isIncognito":false}}
{"timestamp":"2026-09-27T19:01:02.788Z","level":"info","message":"[BrowserSession] Closed session sess_1790535660812_1","context":{"reason":"Close all sessions requested"}}
{"timestamp":"2026-09-27T19:01:02.788Z","level":"info","message":"[BrowserSessionManager] Closed session sess_1790535660812_1","context":{"reason":"Close all sessions requested"}}
{"timestamp":"2026-09-27T19:01:02.788Z","level":"info","message":"[BrowserLauncher] Launching browser instance","context":{"executablePath":"C:\\Program Files\\Google\\Chrome\\Application\\chrome.exe","headless":true,"argsCount":11}}
{"timestamp":"2026-09-27T19:01:03.002Z","level":"info","message":"[BrowserSessionManager] Created browser session sess_1790535662788_1","context":{"isIncognito":false}}
{"timestamp":"2026-09-27T19:01:04.747Z","level":"info","message":"[BrowserSession] Closed session sess_1790535662788_1","context":{"reason":"Close all sessions requested"}}
{"timestamp":"2026-09-27T19:01:04.747Z","level":"info","message":"[BrowserSessionManager] Closed session sess_1790535662788_1","context":{"reason":"Close all sessions requested"}}
{"timestamp":"2026-09-27T19:01:04.747Z","level":"info","message":"[BrowserLauncher] Launching browser instance","context":{"executablePath":"C:\\Program Files\\Google\\Chrome\\Application\\chrome.exe","headless":true,"argsCount":11}}
{"timestamp":"2026-09-27T19:01:04.958Z","level":"info","message":"[BrowserSessionManager] Created browser session sess_1790535664747_1","context":{"isIncognito":false}}
{"timestamp":"2026-09-27T19:01:06.836Z","level":"info","message":"[BrowserSession] Closed session sess_1790535664747_1","context":{"reason":"Close all sessions requested"}}
{"timestamp":"2026-09-27T19:01:06.836Z","level":"info","message":"[BrowserSessionManager] Closed session sess_1790535664747_1","context":{"reason":"Close all sessions requested"}}
{"timestamp":"2026-09-27T19:01:06.836Z","level":"info","message":"[BrowserLauncher] Launching browser instance","context":{"executablePath":"C:\\Program Files\\Google\\Chrome\\Application\\chrome.exe","headless":true,"argsCount":11}}
{"timestamp":"2026-09-27T19:01:07.028Z","level":"info","message":"[BrowserSessionManager] Created browser session sess_1790535666836_1","context":{"isIncognito":false}}
{"timestamp":"2026-09-27T19:01:08.813Z","level":"info","message":"[BrowserSession] Closed session sess_1790535666836_1","context":{"reason":"Close all sessions requested"}}
{"timestamp":"2026-09-27T19:01:08.813Z","level":"info","message":"[BrowserSessionManager] Closed session sess_1790535666836_1","context":{"reason":"Close all sessions requested"}}
[fix-3] PASS GAP-274 dialog-races-CDP-setup adversarial follow-up — 5/5, timings=["threw","threw","threw","threw","threw"]ms
{"timestamp":"2026-09-27T19:01:08.813Z","level":"info","message":"[BrowserLauncher] Launching browser instance","context":{"executablePath":"C:\\Program Files\\Google\\Chrome\\Application\\chrome.exe","headless":true,"argsCount":11}}
{"timestamp":"2026-09-27T19:01:08.985Z","level":"info","message":"[BrowserSessionManager] Created browser session sess_1790535668813_1","context":{"isIncognito":false}}
{"timestamp":"2026-09-27T19:01:10.806Z","level":"info","message":"[BrowserSession] Closed session sess_1790535668813_1","context":{"reason":"Close all sessions requested"}}
{"timestamp":"2026-09-27T19:01:10.806Z","level":"info","message":"[BrowserSessionManager] Closed session sess_1790535668813_1","context":{"reason":"Close all sessions requested"}}
{"timestamp":"2026-09-27T19:01:10.806Z","level":"info","message":"[BrowserLauncher] Launching browser instance","context":{"executablePath":"C:\\Program Files\\Google\\Chrome\\Application\\chrome.exe","headless":true,"argsCount":11}}
{"timestamp":"2026-09-27T19:01:10.988Z","level":"info","message":"[BrowserSessionManager] Created browser session sess_1790535670806_1","context":{"isIncognito":false}}
{"timestamp":"2026-09-27T19:01:12.817Z","level":"info","message":"[BrowserSession] Closed session sess_1790535670806_1","context":{"reason":"Close all sessions requested"}}
{"timestamp":"2026-09-27T19:01:12.817Z","level":"info","message":"[BrowserSessionManager] Closed session sess_1790535670806_1","context":{"reason":"Close all sessions requested"}}
{"timestamp":"2026-09-27T19:01:12.817Z","level":"info","message":"[BrowserLauncher] Launching browser instance","context":{"executablePath":"C:\\Program Files\\Google\\Chrome\\Application\\chrome.exe","headless":true,"argsCount":11}}
{"timestamp":"2026-09-27T19:01:12.991Z","level":"info","message":"[BrowserSessionManager] Created browser session sess_1790535672817_1","context":{"isIncognito":false}}
{"timestamp":"2026-09-27T19:01:14.852Z","level":"info","message":"[BrowserSession] Closed session sess_1790535672817_1","context":{"reason":"Close all sessions requested"}}
{"timestamp":"2026-09-27T19:01:14.852Z","level":"info","message":"[BrowserSessionManager] Closed session sess_1790535672817_1","context":{"reason":"Close all sessions requested"}}
{"timestamp":"2026-09-27T19:01:14.853Z","level":"info","message":"[BrowserLauncher] Launching browser instance","context":{"executablePath":"C:\\Program Files\\Google\\Chrome\\Application\\chrome.exe","headless":true,"argsCount":11}}
{"timestamp":"2026-09-27T19:01:15.050Z","level":"info","message":"[BrowserSessionManager] Created browser session sess_1790535674853_1","context":{"isIncognito":false}}
{"timestamp":"2026-09-27T19:01:16.870Z","level":"info","message":"[BrowserSession] Closed session sess_1790535674853_1","context":{"reason":"Close all sessions requested"}}
{"timestamp":"2026-09-27T19:01:16.871Z","level":"info","message":"[BrowserSessionManager] Closed session sess_1790535674853_1","context":{"reason":"Close all sessions requested"}}
{"timestamp":"2026-09-27T19:01:16.871Z","level":"info","message":"[BrowserLauncher] Launching browser instance","context":{"executablePath":"C:\\Program Files\\Google\\Chrome\\Application\\chrome.exe","headless":true,"argsCount":11}}
{"timestamp":"2026-09-27T19:01:17.053Z","level":"info","message":"[BrowserSessionManager] Created browser session sess_1790535676871_1","context":{"isIncognito":false}}
{"timestamp":"2026-09-27T19:01:18.870Z","level":"info","message":"[BrowserSession] Closed session sess_1790535676871_1","context":{"reason":"Close all sessions requested"}}
{"timestamp":"2026-09-27T19:01:18.870Z","level":"info","message":"[BrowserSessionManager] Closed session sess_1790535676871_1","context":{"reason":"Close all sessions requested"}}
[fix-3] PASS Regress GAP-266 same-doc (replaceState) — 5/5
{"timestamp":"2026-09-27T19:01:18.870Z","level":"info","message":"[BrowserLauncher] Launching browser instance","context":{"executablePath":"C:\\Program Files\\Google\\Chrome\\Application\\chrome.exe","headless":true,"argsCount":11}}
{"timestamp":"2026-09-27T19:01:19.040Z","level":"info","message":"[BrowserSessionManager] Created browser session sess_1790535678870_1","context":{"isIncognito":false}}
{"timestamp":"2026-09-27T19:01:20.834Z","level":"info","message":"[BrowserSession] Closed session sess_1790535678870_1","context":{"reason":"Close all sessions requested"}}
{"timestamp":"2026-09-27T19:01:20.834Z","level":"info","message":"[BrowserSessionManager] Closed session sess_1790535678870_1","context":{"reason":"Close all sessions requested"}}
{"timestamp":"2026-09-27T19:01:20.834Z","level":"info","message":"[BrowserLauncher] Launching browser instance","context":{"executablePath":"C:\\Program Files\\Google\\Chrome\\Application\\chrome.exe","headless":true,"argsCount":11}}
{"timestamp":"2026-09-27T19:01:21.013Z","level":"info","message":"[BrowserSessionManager] Created browser session sess_1790535680834_1","context":{"isIncognito":false}}
{"timestamp":"2026-09-27T19:01:22.811Z","level":"info","message":"[BrowserSession] Closed session sess_1790535680834_1","context":{"reason":"Close all sessions requested"}}
{"timestamp":"2026-09-27T19:01:22.812Z","level":"info","message":"[BrowserSessionManager] Closed session sess_1790535680834_1","context":{"reason":"Close all sessions requested"}}
{"timestamp":"2026-09-27T19:01:22.812Z","level":"info","message":"[BrowserLauncher] Launching browser instance","context":{"executablePath":"C:\\Program Files\\Google\\Chrome\\Application\\chrome.exe","headless":true,"argsCount":11}}
{"timestamp":"2026-09-27T19:01:22.999Z","level":"info","message":"[BrowserSessionManager] Created browser session sess_1790535682812_1","context":{"isIncognito":false}}
{"timestamp":"2026-09-27T19:01:24.794Z","level":"info","message":"[BrowserSession] Closed session sess_1790535682812_1","context":{"reason":"Close all sessions requested"}}
{"timestamp":"2026-09-27T19:01:24.794Z","level":"info","message":"[BrowserSessionManager] Closed session sess_1790535682812_1","context":{"reason":"Close all sessions requested"}}
{"timestamp":"2026-09-27T19:01:24.794Z","level":"info","message":"[BrowserLauncher] Launching browser instance","context":{"executablePath":"C:\\Program Files\\Google\\Chrome\\Application\\chrome.exe","headless":true,"argsCount":11}}
{"timestamp":"2026-09-27T19:01:25.005Z","level":"info","message":"[BrowserSessionManager] Created browser session sess_1790535684794_1","context":{"isIncognito":false}}
{"timestamp":"2026-09-27T19:01:26.826Z","level":"info","message":"[BrowserSession] Closed session sess_1790535684794_1","context":{"reason":"Close all sessions requested"}}
{"timestamp":"2026-09-27T19:01:26.826Z","level":"info","message":"[BrowserSessionManager] Closed session sess_1790535684794_1","context":{"reason":"Close all sessions requested"}}
{"timestamp":"2026-09-27T19:01:26.826Z","level":"info","message":"[BrowserLauncher] Launching browser instance","context":{"executablePath":"C:\\Program Files\\Google\\Chrome\\Application\\chrome.exe","headless":true,"argsCount":11}}
{"timestamp":"2026-09-27T19:01:27.000Z","level":"info","message":"[BrowserSessionManager] Created browser session sess_1790535686826_1","context":{"isIncognito":false}}
{"timestamp":"2026-09-27T19:01:28.806Z","level":"info","message":"[BrowserSession] Closed session sess_1790535686826_1","context":{"reason":"Close all sessions requested"}}
{"timestamp":"2026-09-27T19:01:28.806Z","level":"info","message":"[BrowserSessionManager] Closed session sess_1790535686826_1","context":{"reason":"Close all sessions requested"}}
[fix-3] PASS Regress GAP-266 same-doc (pushState) — 5/5
{"timestamp":"2026-09-27T19:01:28.806Z","level":"info","message":"[BrowserLauncher] Launching browser instance","context":{"executablePath":"C:\\Program Files\\Google\\Chrome\\Application\\chrome.exe","headless":true,"argsCount":11}}
{"timestamp":"2026-09-27T19:01:28.978Z","level":"info","message":"[BrowserSessionManager] Created browser session sess_1790535688806_1","context":{"isIncognito":false}}
{"timestamp":"2026-09-27T19:01:30.785Z","level":"info","message":"[BrowserSession] Closed session sess_1790535688806_1","context":{"reason":"Close all sessions requested"}}
{"timestamp":"2026-09-27T19:01:30.785Z","level":"info","message":"[BrowserSessionManager] Closed session sess_1790535688806_1","context":{"reason":"Close all sessions requested"}}
{"timestamp":"2026-09-27T19:01:30.785Z","level":"info","message":"[BrowserLauncher] Launching browser instance","context":{"executablePath":"C:\\Program Files\\Google\\Chrome\\Application\\chrome.exe","headless":true,"argsCount":11}}
{"timestamp":"2026-09-27T19:01:30.950Z","level":"info","message":"[BrowserSessionManager] Created browser session sess_1790535690785_1","context":{"isIncognito":false}}
{"timestamp":"2026-09-27T19:01:32.754Z","level":"info","message":"[BrowserSession] Closed session sess_1790535690785_1","context":{"reason":"Close all sessions requested"}}
{"timestamp":"2026-09-27T19:01:32.754Z","level":"info","message":"[BrowserSessionManager] Closed session sess_1790535690785_1","context":{"reason":"Close all sessions requested"}}
{"timestamp":"2026-09-27T19:01:32.754Z","level":"info","message":"[BrowserLauncher] Launching browser instance","context":{"executablePath":"C:\\Program Files\\Google\\Chrome\\Application\\chrome.exe","headless":true,"argsCount":11}}
{"timestamp":"2026-09-27T19:01:32.921Z","level":"info","message":"[BrowserSessionManager] Created browser session sess_1790535692754_1","context":{"isIncognito":false}}
{"timestamp":"2026-09-27T19:01:34.732Z","level":"info","message":"[BrowserSession] Closed session sess_1790535692754_1","context":{"reason":"Close all sessions requested"}}
{"timestamp":"2026-09-27T19:01:34.732Z","level":"info","message":"[BrowserSessionManager] Closed session sess_1790535692754_1","context":{"reason":"Close all sessions requested"}}
{"timestamp":"2026-09-27T19:01:34.733Z","level":"info","message":"[BrowserLauncher] Launching browser instance","context":{"executablePath":"C:\\Program Files\\Google\\Chrome\\Application\\chrome.exe","headless":true,"argsCount":11}}
{"timestamp":"2026-09-27T19:01:34.949Z","level":"info","message":"[BrowserSessionManager] Created browser session sess_1790535694732_1","context":{"isIncognito":false}}
{"timestamp":"2026-09-27T19:01:36.769Z","level":"info","message":"[BrowserSession] Closed session sess_1790535694732_1","context":{"reason":"Close all sessions requested"}}
{"timestamp":"2026-09-27T19:01:36.769Z","level":"info","message":"[BrowserSessionManager] Closed session sess_1790535694732_1","context":{"reason":"Close all sessions requested"}}
{"timestamp":"2026-09-27T19:01:36.769Z","level":"info","message":"[BrowserLauncher] Launching browser instance","context":{"executablePath":"C:\\Program Files\\Google\\Chrome\\Application\\chrome.exe","headless":true,"argsCount":11}}
{"timestamp":"2026-09-27T19:01:36.939Z","level":"info","message":"[BrowserSessionManager] Created browser session sess_1790535696769_1","context":{"isIncognito":false}}
{"timestamp":"2026-09-27T19:01:38.723Z","level":"info","message":"[BrowserSession] Closed session sess_1790535696769_1","context":{"reason":"Close all sessions requested"}}
{"timestamp":"2026-09-27T19:01:38.723Z","level":"info","message":"[BrowserSessionManager] Closed session sess_1790535696769_1","context":{"reason":"Close all sessions requested"}}
[fix-3] PASS Regress GAP-266 same-doc (hash) — 5/5
{"timestamp":"2026-09-27T19:01:38.724Z","level":"info","message":"[BrowserLauncher] Launching browser instance","context":{"executablePath":"C:\\Program Files\\Google\\Chrome\\Application\\chrome.exe","headless":true,"argsCount":11}}
{"timestamp":"2026-09-27T19:01:38.891Z","level":"info","message":"[BrowserSessionManager] Created browser session sess_1790535698724_1","context":{"isIncognito":false}}
{"timestamp":"2026-09-27T19:01:40.712Z","level":"info","message":"[BrowserSession] Closed session sess_1790535698724_1","context":{"reason":"Close all sessions requested"}}
{"timestamp":"2026-09-27T19:01:40.712Z","level":"info","message":"[BrowserSessionManager] Closed session sess_1790535698724_1","context":{"reason":"Close all sessions requested"}}
{"timestamp":"2026-09-27T19:01:40.713Z","level":"info","message":"[BrowserLauncher] Launching browser instance","context":{"executablePath":"C:\\Program Files\\Google\\Chrome\\Application\\chrome.exe","headless":true,"argsCount":11}}
{"timestamp":"2026-09-27T19:01:40.878Z","level":"info","message":"[BrowserSessionManager] Created browser session sess_1790535700712_1","context":{"isIncognito":false}}
{"timestamp":"2026-09-27T19:01:42.702Z","level":"info","message":"[BrowserSession] Closed session sess_1790535700712_1","context":{"reason":"Close all sessions requested"}}
{"timestamp":"2026-09-27T19:01:42.702Z","level":"info","message":"[BrowserSessionManager] Closed session sess_1790535700712_1","context":{"reason":"Close all sessions requested"}}
{"timestamp":"2026-09-27T19:01:42.703Z","level":"info","message":"[BrowserLauncher] Launching browser instance","context":{"executablePath":"C:\\Program Files\\Google\\Chrome\\Application\\chrome.exe","headless":true,"argsCount":11}}
{"timestamp":"2026-09-27T19:01:42.871Z","level":"info","message":"[BrowserSessionManager] Created browser session sess_1790535702702_1","context":{"isIncognito":false}}
{"timestamp":"2026-09-27T19:01:44.721Z","level":"info","message":"[BrowserSession] Closed session sess_1790535702702_1","context":{"reason":"Close all sessions requested"}}
{"timestamp":"2026-09-27T19:01:44.721Z","level":"info","message":"[BrowserSessionManager] Closed session sess_1790535702702_1","context":{"reason":"Close all sessions requested"}}
{"timestamp":"2026-09-27T19:01:44.721Z","level":"info","message":"[BrowserLauncher] Launching browser instance","context":{"executablePath":"C:\\Program Files\\Google\\Chrome\\Application\\chrome.exe","headless":true,"argsCount":11}}
{"timestamp":"2026-09-27T19:01:44.947Z","level":"info","message":"[BrowserSessionManager] Created browser session sess_1790535704721_1","context":{"isIncognito":false}}
{"timestamp":"2026-09-27T19:01:46.743Z","level":"info","message":"[BrowserSession] Closed session sess_1790535704721_1","context":{"reason":"Close all sessions requested"}}
{"timestamp":"2026-09-27T19:01:46.744Z","level":"info","message":"[BrowserSessionManager] Closed session sess_1790535704721_1","context":{"reason":"Close all sessions requested"}}
{"timestamp":"2026-09-27T19:01:46.744Z","level":"info","message":"[BrowserLauncher] Launching browser instance","context":{"executablePath":"C:\\Program Files\\Google\\Chrome\\Application\\chrome.exe","headless":true,"argsCount":11}}
{"timestamp":"2026-09-27T19:01:46.914Z","level":"info","message":"[BrowserSessionManager] Created browser session sess_1790535706744_1","context":{"isIncognito":false}}
{"timestamp":"2026-09-27T19:01:48.724Z","level":"info","message":"[BrowserSession] Closed session sess_1790535706744_1","context":{"reason":"Close all sessions requested"}}
{"timestamp":"2026-09-27T19:01:48.724Z","level":"info","message":"[BrowserSessionManager] Closed session sess_1790535706744_1","context":{"reason":"Close all sessions requested"}}
{"timestamp":"2026-09-27T19:01:48.724Z","level":"info","message":"[BrowserLauncher] Launching browser instance","context":{"executablePath":"C:\\Program Files\\Google\\Chrome\\Application\\chrome.exe","headless":true,"argsCount":11}}
{"timestamp":"2026-09-27T19:01:48.900Z","level":"info","message":"[BrowserSessionManager] Created browser session sess_1790535708724_1","context":{"isIncognito":false}}
{"timestamp":"2026-09-27T19:01:50.737Z","level":"info","message":"[BrowserSession] Closed session sess_1790535708724_1","context":{"reason":"Close all sessions requested"}}
{"timestamp":"2026-09-27T19:01:50.737Z","level":"info","message":"[BrowserSessionManager] Closed session sess_1790535708724_1","context":{"reason":"Close all sessions requested"}}
{"timestamp":"2026-09-27T19:01:50.737Z","level":"info","message":"[BrowserLauncher] Launching browser instance","context":{"executablePath":"C:\\Program Files\\Google\\Chrome\\Application\\chrome.exe","headless":true,"argsCount":11}}
{"timestamp":"2026-09-27T19:01:50.907Z","level":"info","message":"[BrowserSessionManager] Created browser session sess_1790535710737_1","context":{"isIncognito":false}}
{"timestamp":"2026-09-27T19:01:52.696Z","level":"info","message":"[BrowserSession] Closed session sess_1790535710737_1","context":{"reason":"Close all sessions requested"}}
{"timestamp":"2026-09-27T19:01:52.696Z","level":"info","message":"[BrowserSessionManager] Closed session sess_1790535710737_1","context":{"reason":"Close all sessions requested"}}
{"timestamp":"2026-09-27T19:01:52.696Z","level":"info","message":"[BrowserLauncher] Launching browser instance","context":{"executablePath":"C:\\Program Files\\Google\\Chrome\\Application\\chrome.exe","headless":true,"argsCount":11}}
{"timestamp":"2026-09-27T19:01:52.881Z","level":"info","message":"[BrowserSessionManager] Created browser session sess_1790535712696_1","context":{"isIncognito":false}}
{"timestamp":"2026-09-27T19:01:54.725Z","level":"info","message":"[BrowserSession] Closed session sess_1790535712696_1","context":{"reason":"Close all sessions requested"}}
{"timestamp":"2026-09-27T19:01:54.725Z","level":"info","message":"[BrowserSessionManager] Closed session sess_1790535712696_1","context":{"reason":"Close all sessions requested"}}
{"timestamp":"2026-09-27T19:01:54.725Z","level":"info","message":"[BrowserLauncher] Launching browser instance","context":{"executablePath":"C:\\Program Files\\Google\\Chrome\\Application\\chrome.exe","headless":true,"argsCount":11}}
{"timestamp":"2026-09-27T19:01:54.919Z","level":"info","message":"[BrowserSessionManager] Created browser session sess_1790535714725_1","context":{"isIncognito":false}}
{"timestamp":"2026-09-27T19:01:56.719Z","level":"info","message":"[BrowserSession] Closed session sess_1790535714725_1","context":{"reason":"Close all sessions requested"}}
{"timestamp":"2026-09-27T19:01:56.719Z","level":"info","message":"[BrowserSessionManager] Closed session sess_1790535714725_1","context":{"reason":"Close all sessions requested"}}
{"timestamp":"2026-09-27T19:01:56.719Z","level":"info","message":"[BrowserLauncher] Launching browser instance","context":{"executablePath":"C:\\Program Files\\Google\\Chrome\\Application\\chrome.exe","headless":true,"argsCount":11}}
{"timestamp":"2026-09-27T19:01:56.899Z","level":"info","message":"[BrowserSessionManager] Created browser session sess_1790535716719_1","context":{"isIncognito":false}}
{"timestamp":"2026-09-27T19:01:58.716Z","level":"info","message":"[BrowserSession] Closed session sess_1790535716719_1","context":{"reason":"Close all sessions requested"}}
{"timestamp":"2026-09-27T19:01:58.716Z","level":"info","message":"[BrowserSessionManager] Closed session sess_1790535716719_1","context":{"reason":"Close all sessions requested"}}
[fix-3] PASS Regress GAP-262 contamination (noisy then clean) — 10/10
{"timestamp":"2026-09-27T19:01:58.716Z","level":"info","message":"[BrowserLauncher] Launching browser instance","context":{"executablePath":"C:\\Program Files\\Google\\Chrome\\Application\\chrome.exe","headless":true,"argsCount":11}}
{"timestamp":"2026-09-27T19:01:58.897Z","level":"info","message":"[BrowserSessionManager] Created browser session sess_1790535718716_1","context":{"isIncognito":false}}
{"timestamp":"2026-09-27T19:02:37.991Z","level":"info","message":"[BrowserSession] Closed session sess_1790535718716_1","context":{"reason":"Close all sessions requested"}}
{"timestamp":"2026-09-27T19:02:37.991Z","level":"info","message":"[BrowserSessionManager] Closed session sess_1790535718716_1","context":{"reason":"Close all sessions requested"}}
[fix-3] PASS 25x repeated audits, no CDP session leak — created=25 leaked=0

[fix-3] ALL PASS — 18 pass / 0 fail / 0 info
