{"timestamp":"2026-09-27T19:10:14.108Z","level":"info","message":"[BrowserLauncher] Launching browser instance","context":{"executablePath":"C:\\Program Files\\Google\\Chrome\\Application\\chrome.exe","headless":true,"argsCount":11}}
{"timestamp":"2026-09-27T19:10:14.317Z","level":"info","message":"[BrowserSessionManager] Created browser session sess_1790536214108_1","context":{"isIncognito":false}}
{"timestamp":"2026-09-27T19:10:16.107Z","level":"info","message":"[BrowserSession] Closed session sess_1790536214108_1","context":{"reason":"Close all sessions requested"}}
{"timestamp":"2026-09-27T19:10:16.108Z","level":"info","message":"[BrowserSessionManager] Closed session sess_1790536214108_1","context":{"reason":"Close all sessions requested"}}
{"timestamp":"2026-09-27T19:10:16.108Z","level":"info","message":"[BrowserLauncher] Launching browser instance","context":{"executablePath":"C:\\Program Files\\Google\\Chrome\\Application\\chrome.exe","headless":true,"argsCount":11}}
{"timestamp":"2026-09-27T19:10:16.294Z","level":"info","message":"[BrowserSessionManager] Created browser session sess_1790536216108_1","context":{"isIncognito":false}}
{"timestamp":"2026-09-27T19:10:18.085Z","level":"info","message":"[BrowserSession] Closed session sess_1790536216108_1","context":{"reason":"Close all sessions requested"}}
{"timestamp":"2026-09-27T19:10:18.085Z","level":"info","message":"[BrowserSessionManager] Closed session sess_1790536216108_1","context":{"reason":"Close all sessions requested"}}
{"timestamp":"2026-09-27T19:10:18.085Z","level":"info","message":"[BrowserLauncher] Launching browser instance","context":{"executablePath":"C:\\Program Files\\Google\\Chrome\\Application\\chrome.exe","headless":true,"argsCount":11}}
{"timestamp":"2026-09-27T19:10:18.277Z","level":"info","message":"[BrowserSessionManager] Created browser session sess_1790536218085_1","context":{"isIncognito":false}}
{"timestamp":"2026-09-27T19:10:20.120Z","level":"info","message":"[BrowserSession] Closed session sess_1790536218085_1","context":{"reason":"Close all sessions requested"}}
{"timestamp":"2026-09-27T19:10:20.120Z","level":"info","message":"[BrowserSessionManager] Closed session sess_1790536218085_1","context":{"reason":"Close all sessions requested"}}
{"timestamp":"2026-09-27T19:10:20.120Z","level":"info","message":"[BrowserLauncher] Launching browser instance","context":{"executablePath":"C:\\Program Files\\Google\\Chrome\\Application\\chrome.exe","headless":true,"argsCount":11}}
{"timestamp":"2026-09-27T19:10:20.309Z","level":"info","message":"[BrowserSessionManager] Created browser session sess_1790536220120_1","context":{"isIncognito":false}}
{"timestamp":"2026-09-27T19:10:22.096Z","level":"info","message":"[BrowserSession] Closed session sess_1790536220120_1","context":{"reason":"Close all sessions requested"}}
{"timestamp":"2026-09-27T19:10:22.096Z","level":"info","message":"[BrowserSessionManager] Closed session sess_1790536220120_1","context":{"reason":"Close all sessions requested"}}
{"timestamp":"2026-09-27T19:10:22.097Z","level":"info","message":"[BrowserLauncher] Launching browser instance","context":{"executablePath":"C:\\Program Files\\Google\\Chrome\\Application\\chrome.exe","headless":true,"argsCount":11}}
{"timestamp":"2026-09-27T19:10:22.276Z","level":"info","message":"[BrowserSessionManager] Created browser session sess_1790536222096_1","context":{"isIncognito":false}}
{"timestamp":"2026-09-27T19:10:24.082Z","level":"info","message":"[BrowserSession] Closed session sess_1790536222096_1","context":{"reason":"Close all sessions requested"}}
{"timestamp":"2026-09-27T19:10:24.082Z","level":"info","message":"[BrowserSessionManager] Closed session sess_1790536222096_1","context":{"reason":"Close all sessions requested"}}
{"timestamp":"2026-09-27T19:10:24.083Z","level":"info","message":"[BrowserLauncher] Launching browser instance","context":{"executablePath":"C:\\Program Files\\Google\\Chrome\\Application\\chrome.exe","headless":true,"argsCount":11}}
{"timestamp":"2026-09-27T19:10:24.274Z","level":"info","message":"[BrowserSessionManager] Created browser session sess_1790536224083_1","context":{"isIncognito":false}}
{"timestamp":"2026-09-27T19:10:26.050Z","level":"info","message":"[BrowserSession] Closed session sess_1790536224083_1","context":{"reason":"Close all sessions requested"}}
{"timestamp":"2026-09-27T19:10:26.051Z","level":"info","message":"[BrowserSessionManager] Closed session sess_1790536224083_1","context":{"reason":"Close all sessions requested"}}
{"timestamp":"2026-09-27T19:10:26.051Z","level":"info","message":"[BrowserLauncher] Launching browser instance","context":{"executablePath":"C:\\Program Files\\Google\\Chrome\\Application\\chrome.exe","headless":true,"argsCount":11}}
{"timestamp":"2026-09-27T19:10:26.233Z","level":"info","message":"[BrowserSessionManager] Created browser session sess_1790536226051_1","context":{"isIncognito":false}}
{"timestamp":"2026-09-27T19:10:28.008Z","level":"info","message":"[BrowserSession] Closed session sess_1790536226051_1","context":{"reason":"Close all sessions requested"}}
{"timestamp":"2026-09-27T19:10:28.008Z","level":"info","message":"[BrowserSessionManager] Closed session sess_1790536226051_1","context":{"reason":"Close all sessions requested"}}
{"timestamp":"2026-09-27T19:10:28.008Z","level":"info","message":"[BrowserLauncher] Launching browser instance","context":{"executablePath":"C:\\Program Files\\Google\\Chrome\\Application\\chrome.exe","headless":true,"argsCount":11}}
{"timestamp":"2026-09-27T19:10:28.182Z","level":"info","message":"[BrowserSessionManager] Created browser session sess_1790536228008_1","context":{"isIncognito":false}}
{"timestamp":"2026-09-27T19:10:29.974Z","level":"info","message":"[BrowserSession] Closed session sess_1790536228008_1","context":{"reason":"Close all sessions requested"}}
{"timestamp":"2026-09-27T19:10:29.974Z","level":"info","message":"[BrowserSessionManager] Closed session sess_1790536228008_1","context":{"reason":"Close all sessions requested"}}
{"timestamp":"2026-09-27T19:10:29.975Z","level":"info","message":"[BrowserLauncher] Launching browser instance","context":{"executablePath":"C:\\Program Files\\Google\\Chrome\\Application\\chrome.exe","headless":true,"argsCount":11}}
{"timestamp":"2026-09-27T19:10:30.164Z","level":"info","message":"[BrowserSessionManager] Created browser session sess_1790536229974_1","context":{"isIncognito":false}}
{"timestamp":"2026-09-27T19:10:31.972Z","level":"info","message":"[BrowserSession] Closed session sess_1790536229974_1","context":{"reason":"Close all sessions requested"}}
{"timestamp":"2026-09-27T19:10:31.973Z","level":"info","message":"[BrowserSessionManager] Closed session sess_1790536229974_1","context":{"reason":"Close all sessions requested"}}
{"timestamp":"2026-09-27T19:10:31.973Z","level":"info","message":"[BrowserLauncher] Launching browser instance","context":{"executablePath":"C:\\Program Files\\Google\\Chrome\\Application\\chrome.exe","headless":true,"argsCount":11}}
{"timestamp":"2026-09-27T19:10:32.152Z","level":"info","message":"[BrowserSessionManager] Created browser session sess_1790536231973_1","context":{"isIncognito":false}}
{"timestamp":"2026-09-27T19:10:33.973Z","level":"info","message":"[BrowserSession] Closed session sess_1790536231973_1","context":{"reason":"Close all sessions requested"}}
{"timestamp":"2026-09-27T19:10:33.973Z","level":"info","message":"[BrowserSessionManager] Closed session sess_1790536231973_1","context":{"reason":"Close all sessions requested"}}
[fix-3] PASS GAP-273 runtime.audit hash-404 — 10/10 — sample={"finalUrl":"http://127.0.0.1:56403/own-404-samedoc?n=hash-404-0&via=hash#sec-hash-404-0","brokenRequests":[{"url":"http://127.0.0.1:56403/own-404-samedoc?n=hash-404-0&via=hash","status":404}]}
{"timestamp":"2026-09-27T19:10:33.974Z","level":"info","message":"[BrowserLauncher] Launching browser instance","context":{"executablePath":"C:\\Program Files\\Google\\Chrome\\Application\\chrome.exe","headless":true,"argsCount":11}}
{"timestamp":"2026-09-27T19:10:34.162Z","level":"info","message":"[BrowserSessionManager] Created browser session sess_1790536233974_1","context":{"isIncognito":false}}
{"timestamp":"2026-09-27T19:10:35.976Z","level":"info","message":"[BrowserSession] Closed session sess_1790536233974_1","context":{"reason":"Close all sessions requested"}}
{"timestamp":"2026-09-27T19:10:35.976Z","level":"info","message":"[BrowserSessionManager] Closed session sess_1790536233974_1","context":{"reason":"Close all sessions requested"}}
{"timestamp":"2026-09-27T19:10:35.976Z","level":"info","message":"[BrowserLauncher] Launching browser instance","context":{"executablePath":"C:\\Program Files\\Google\\Chrome\\Application\\chrome.exe","headless":true,"argsCount":11}}
{"timestamp":"2026-09-27T19:10:36.156Z","level":"info","message":"[BrowserSessionManager] Created browser session sess_1790536235976_1","context":{"isIncognito":false}}
{"timestamp":"2026-09-27T19:10:37.986Z","level":"info","message":"[BrowserSession] Closed session sess_1790536235976_1","context":{"reason":"Close all sessions requested"}}
{"timestamp":"2026-09-27T19:10:37.986Z","level":"info","message":"[BrowserSessionManager] Closed session sess_1790536235976_1","context":{"reason":"Close all sessions requested"}}
{"timestamp":"2026-09-27T19:10:37.986Z","level":"info","message":"[BrowserLauncher] Launching browser instance","context":{"executablePath":"C:\\Program Files\\Google\\Chrome\\Application\\chrome.exe","headless":true,"argsCount":11}}
{"timestamp":"2026-09-27T19:10:38.165Z","level":"info","message":"[BrowserSessionManager] Created browser session sess_1790536237986_1","context":{"isIncognito":false}}
{"timestamp":"2026-09-27T19:10:39.955Z","level":"info","message":"[BrowserSession] Closed session sess_1790536237986_1","context":{"reason":"Close all sessions requested"}}
{"timestamp":"2026-09-27T19:10:39.955Z","level":"info","message":"[BrowserSessionManager] Closed session sess_1790536237986_1","context":{"reason":"Close all sessions requested"}}
{"timestamp":"2026-09-27T19:10:39.955Z","level":"info","message":"[BrowserLauncher] Launching browser instance","context":{"executablePath":"C:\\Program Files\\Google\\Chrome\\Application\\chrome.exe","headless":true,"argsCount":11}}
{"timestamp":"2026-09-27T19:10:40.155Z","level":"info","message":"[BrowserSessionManager] Created browser session sess_1790536239955_1","context":{"isIncognito":false}}
{"timestamp":"2026-09-27T19:10:41.959Z","level":"info","message":"[BrowserSession] Closed session sess_1790536239955_1","context":{"reason":"Close all sessions requested"}}
{"timestamp":"2026-09-27T19:10:41.959Z","level":"info","message":"[BrowserSessionManager] Closed session sess_1790536239955_1","context":{"reason":"Close all sessions requested"}}
{"timestamp":"2026-09-27T19:10:41.959Z","level":"info","message":"[BrowserLauncher] Launching browser instance","context":{"executablePath":"C:\\Program Files\\Google\\Chrome\\Application\\chrome.exe","headless":true,"argsCount":11}}
{"timestamp":"2026-09-27T19:10:42.149Z","level":"info","message":"[BrowserSessionManager] Created browser session sess_1790536241959_1","context":{"isIncognito":false}}
{"timestamp":"2026-09-27T19:10:43.931Z","level":"info","message":"[BrowserSession] Closed session sess_1790536241959_1","context":{"reason":"Close all sessions requested"}}
{"timestamp":"2026-09-27T19:10:43.931Z","level":"info","message":"[BrowserSessionManager] Closed session sess_1790536241959_1","context":{"reason":"Close all sessions requested"}}
{"timestamp":"2026-09-27T19:10:43.931Z","level":"info","message":"[BrowserLauncher] Launching browser instance","context":{"executablePath":"C:\\Program Files\\Google\\Chrome\\Application\\chrome.exe","headless":true,"argsCount":11}}
{"timestamp":"2026-09-27T19:10:44.108Z","level":"info","message":"[BrowserSessionManager] Created browser session sess_1790536243931_1","context":{"isIncognito":false}}
{"timestamp":"2026-09-27T19:10:45.914Z","level":"info","message":"[BrowserSession] Closed session sess_1790536243931_1","context":{"reason":"Close all sessions requested"}}
{"timestamp":"2026-09-27T19:10:45.914Z","level":"info","message":"[BrowserSessionManager] Closed session sess_1790536243931_1","context":{"reason":"Close all sessions requested"}}
{"timestamp":"2026-09-27T19:10:45.914Z","level":"info","message":"[BrowserLauncher] Launching browser instance","context":{"executablePath":"C:\\Program Files\\Google\\Chrome\\Application\\chrome.exe","headless":true,"argsCount":11}}
{"timestamp":"2026-09-27T19:10:46.104Z","level":"info","message":"[BrowserSessionManager] Created browser session sess_1790536245914_1","context":{"isIncognito":false}}
{"timestamp":"2026-09-27T19:10:47.925Z","level":"info","message":"[BrowserSession] Closed session sess_1790536245914_1","context":{"reason":"Close all sessions requested"}}
{"timestamp":"2026-09-27T19:10:47.926Z","level":"info","message":"[BrowserSessionManager] Closed session sess_1790536245914_1","context":{"reason":"Close all sessions requested"}}
{"timestamp":"2026-09-27T19:10:47.926Z","level":"info","message":"[BrowserLauncher] Launching browser instance","context":{"executablePath":"C:\\Program Files\\Google\\Chrome\\Application\\chrome.exe","headless":true,"argsCount":11}}
{"timestamp":"2026-09-27T19:10:48.113Z","level":"info","message":"[BrowserSessionManager] Created browser session sess_1790536247926_1","context":{"isIncognito":false}}
{"timestamp":"2026-09-27T19:10:49.929Z","level":"info","message":"[BrowserSession] Closed session sess_1790536247926_1","context":{"reason":"Close all sessions requested"}}
{"timestamp":"2026-09-27T19:10:49.929Z","level":"info","message":"[BrowserSessionManager] Closed session sess_1790536247926_1","context":{"reason":"Close all sessions requested"}}
{"timestamp":"2026-09-27T19:10:49.930Z","level":"info","message":"[BrowserLauncher] Launching browser instance","context":{"executablePath":"C:\\Program Files\\Google\\Chrome\\Application\\chrome.exe","headless":true,"argsCount":11}}
{"timestamp":"2026-09-27T19:10:50.110Z","level":"info","message":"[BrowserSessionManager] Created browser session sess_1790536249929_1","context":{"isIncognito":false}}
{"timestamp":"2026-09-27T19:10:51.895Z","level":"info","message":"[BrowserSession] Closed session sess_1790536249929_1","context":{"reason":"Close all sessions requested"}}
{"timestamp":"2026-09-27T19:10:51.895Z","level":"info","message":"[BrowserSessionManager] Closed session sess_1790536249929_1","context":{"reason":"Close all sessions requested"}}
{"timestamp":"2026-09-27T19:10:51.895Z","level":"info","message":"[BrowserLauncher] Launching browser instance","context":{"executablePath":"C:\\Program Files\\Google\\Chrome\\Application\\chrome.exe","headless":true,"argsCount":11}}
{"timestamp":"2026-09-27T19:10:52.080Z","level":"info","message":"[BrowserSessionManager] Created browser session sess_1790536251895_1","context":{"isIncognito":false}}
{"timestamp":"2026-09-27T19:10:53.924Z","level":"info","message":"[BrowserSession] Closed session sess_1790536251895_1","context":{"reason":"Close all sessions requested"}}
{"timestamp":"2026-09-27T19:10:53.924Z","level":"info","message":"[BrowserSessionManager] Closed session sess_1790536251895_1","context":{"reason":"Close all sessions requested"}}
[fix-3] PASS GAP-273 runtime.audit replaceState-404 — 10/10 — sample={"finalUrl":"http://127.0.0.1:56403/own-404-samedoc?n=replaceState-404-0&replaced=1","brokenRequests":[{"url":"http://127.0.0.1:56403/own-404-samedoc?n=replaceState-404-0&via=replaceState","status":404}]}
{"timestamp":"2026-09-27T19:10:53.924Z","level":"info","message":"[BrowserLauncher] Launching browser instance","context":{"executablePath":"C:\\Program Files\\Google\\Chrome\\Application\\chrome.exe","headless":true,"argsCount":11}}
{"timestamp":"2026-09-27T19:10:54.130Z","level":"info","message":"[BrowserSessionManager] Created browser session sess_1790536253924_1","context":{"isIncognito":false}}
{"timestamp":"2026-09-27T19:10:55.930Z","level":"info","message":"[BrowserSession] Closed session sess_1790536253924_1","context":{"reason":"Close all sessions requested"}}
{"timestamp":"2026-09-27T19:10:55.930Z","level":"info","message":"[BrowserSessionManager] Closed session sess_1790536253924_1","context":{"reason":"Close all sessions requested"}}
{"timestamp":"2026-09-27T19:10:55.931Z","level":"info","message":"[BrowserLauncher] Launching browser instance","context":{"executablePath":"C:\\Program Files\\Google\\Chrome\\Application\\chrome.exe","headless":true,"argsCount":11}}
{"timestamp":"2026-09-27T19:10:56.112Z","level":"info","message":"[BrowserSessionManager] Created browser session sess_1790536255931_1","context":{"isIncognito":false}}
{"timestamp":"2026-09-27T19:10:57.975Z","level":"info","message":"[BrowserSession] Closed session sess_1790536255931_1","context":{"reason":"Close all sessions requested"}}
{"timestamp":"2026-09-27T19:10:57.976Z","level":"info","message":"[BrowserSessionManager] Closed session sess_1790536255931_1","context":{"reason":"Close all sessions requested"}}
{"timestamp":"2026-09-27T19:10:57.976Z","level":"info","message":"[BrowserLauncher] Launching browser instance","context":{"executablePath":"C:\\Program Files\\Google\\Chrome\\Application\\chrome.exe","headless":true,"argsCount":11}}
{"timestamp":"2026-09-27T19:10:58.241Z","level":"info","message":"[BrowserSessionManager] Created browser session sess_1790536257976_1","context":{"isIncognito":false}}
{"timestamp":"2026-09-27T19:11:00.494Z","level":"info","message":"[BrowserSession] Closed session sess_1790536257976_1","context":{"reason":"Close all sessions requested"}}
{"timestamp":"2026-09-27T19:11:00.494Z","level":"info","message":"[BrowserSessionManager] Closed session sess_1790536257976_1","context":{"reason":"Close all sessions requested"}}
{"timestamp":"2026-09-27T19:11:00.494Z","level":"info","message":"[BrowserLauncher] Launching browser instance","context":{"executablePath":"C:\\Program Files\\Google\\Chrome\\Application\\chrome.exe","headless":true,"argsCount":11}}
{"timestamp":"2026-09-27T19:11:00.685Z","level":"info","message":"[BrowserSessionManager] Created browser session sess_1790536260494_1","context":{"isIncognito":false}}
{"timestamp":"2026-09-27T19:11:02.522Z","level":"info","message":"[BrowserSession] Closed session sess_1790536260494_1","context":{"reason":"Close all sessions requested"}}
{"timestamp":"2026-09-27T19:11:02.522Z","level":"info","message":"[BrowserSessionManager] Closed session sess_1790536260494_1","context":{"reason":"Close all sessions requested"}}
{"timestamp":"2026-09-27T19:11:02.523Z","level":"info","message":"[BrowserLauncher] Launching browser instance","context":{"executablePath":"C:\\Program Files\\Google\\Chrome\\Application\\chrome.exe","headless":true,"argsCount":11}}
{"timestamp":"2026-09-27T19:11:02.738Z","level":"info","message":"[BrowserSessionManager] Created browser session sess_1790536262522_1","context":{"isIncognito":false}}
{"timestamp":"2026-09-27T19:11:04.753Z","level":"info","message":"[BrowserSession] Closed session sess_1790536262522_1","context":{"reason":"Close all sessions requested"}}
{"timestamp":"2026-09-27T19:11:04.753Z","level":"info","message":"[BrowserSessionManager] Closed session sess_1790536262522_1","context":{"reason":"Close all sessions requested"}}
{"timestamp":"2026-09-27T19:11:04.753Z","level":"info","message":"[BrowserLauncher] Launching browser instance","context":{"executablePath":"C:\\Program Files\\Google\\Chrome\\Application\\chrome.exe","headless":true,"argsCount":11}}
{"timestamp":"2026-09-27T19:11:04.936Z","level":"info","message":"[BrowserSessionManager] Created browser session sess_1790536264753_1","context":{"isIncognito":false}}
{"timestamp":"2026-09-27T19:11:06.751Z","level":"info","message":"[BrowserSession] Closed session sess_1790536264753_1","context":{"reason":"Close all sessions requested"}}
{"timestamp":"2026-09-27T19:11:06.751Z","level":"info","message":"[BrowserSessionManager] Closed session sess_1790536264753_1","context":{"reason":"Close all sessions requested"}}
{"timestamp":"2026-09-27T19:11:06.751Z","level":"info","message":"[BrowserLauncher] Launching browser instance","context":{"executablePath":"C:\\Program Files\\Google\\Chrome\\Application\\chrome.exe","headless":true,"argsCount":11}}
{"timestamp":"2026-09-27T19:11:06.937Z","level":"info","message":"[BrowserSessionManager] Created browser session sess_1790536266751_1","context":{"isIncognito":false}}
{"timestamp":"2026-09-27T19:11:08.780Z","level":"info","message":"[BrowserSession] Closed session sess_1790536266751_1","context":{"reason":"Close all sessions requested"}}
{"timestamp":"2026-09-27T19:11:08.780Z","level":"info","message":"[BrowserSessionManager] Closed session sess_1790536266751_1","context":{"reason":"Close all sessions requested"}}
{"timestamp":"2026-09-27T19:11:08.780Z","level":"info","message":"[BrowserLauncher] Launching browser instance","context":{"executablePath":"C:\\Program Files\\Google\\Chrome\\Application\\chrome.exe","headless":true,"argsCount":11}}
{"timestamp":"2026-09-27T19:11:08.951Z","level":"info","message":"[BrowserSessionManager] Created browser session sess_1790536268780_1","context":{"isIncognito":false}}
{"timestamp":"2026-09-27T19:11:10.789Z","level":"info","message":"[BrowserSession] Closed session sess_1790536268780_1","context":{"reason":"Close all sessions requested"}}
{"timestamp":"2026-09-27T19:11:10.790Z","level":"info","message":"[BrowserSessionManager] Closed session sess_1790536268780_1","context":{"reason":"Close all sessions requested"}}
{"timestamp":"2026-09-27T19:11:10.790Z","level":"info","message":"[BrowserLauncher] Launching browser instance","context":{"executablePath":"C:\\Program Files\\Google\\Chrome\\Application\\chrome.exe","headless":true,"argsCount":11}}
{"timestamp":"2026-09-27T19:11:10.963Z","level":"info","message":"[BrowserSessionManager] Created browser session sess_1790536270790_1","context":{"isIncognito":false}}
{"timestamp":"2026-09-27T19:11:12.784Z","level":"info","message":"[BrowserSession] Closed session sess_1790536270790_1","context":{"reason":"Close all sessions requested"}}
{"timestamp":"2026-09-27T19:11:12.785Z","level":"info","message":"[BrowserSessionManager] Closed session sess_1790536270790_1","context":{"reason":"Close all sessions requested"}}
{"timestamp":"2026-09-27T19:11:12.785Z","level":"info","message":"[BrowserLauncher] Launching browser instance","context":{"executablePath":"C:\\Program Files\\Google\\Chrome\\Application\\chrome.exe","headless":true,"argsCount":11}}
{"timestamp":"2026-09-27T19:11:12.952Z","level":"info","message":"[BrowserSessionManager] Created browser session sess_1790536272785_1","context":{"isIncognito":false}}
{"timestamp":"2026-09-27T19:11:14.831Z","level":"info","message":"[BrowserSession] Closed session sess_1790536272785_1","context":{"reason":"Close all sessions requested"}}
{"timestamp":"2026-09-27T19:11:14.831Z","level":"info","message":"[BrowserSessionManager] Closed session sess_1790536272785_1","context":{"reason":"Close all sessions requested"}}
[fix-3] PASS GAP-273 runtime.audit emptybody-404 — 10/10 — sample={"finalUrl":"chrome-error://chromewebdata/","brokenRequests":[{"url":"http://127.0.0.1:56403/own-404-emptybody?n=emptybody-404-0","status":404}]}
{"timestamp":"2026-09-27T19:11:14.831Z","level":"info","message":"[BrowserLauncher] Launching browser instance","context":{"executablePath":"C:\\Program Files\\Google\\Chrome\\Application\\chrome.exe","headless":true,"argsCount":11}}
{"timestamp":"2026-09-27T19:11:15.020Z","level":"info","message":"[BrowserSessionManager] Created browser session sess_1790536274831_1","context":{"isIncognito":false}}
{"timestamp":"2026-09-27T19:11:16.859Z","level":"info","message":"[BrowserSession] Closed session sess_1790536274831_1","context":{"reason":"Close all sessions requested"}}
{"timestamp":"2026-09-27T19:11:16.859Z","level":"info","message":"[BrowserSessionManager] Closed session sess_1790536274831_1","context":{"reason":"Close all sessions requested"}}
{"timestamp":"2026-09-27T19:11:16.859Z","level":"info","message":"[BrowserLauncher] Launching browser instance","context":{"executablePath":"C:\\Program Files\\Google\\Chrome\\Application\\chrome.exe","headless":true,"argsCount":11}}
{"timestamp":"2026-09-27T19:11:17.038Z","level":"info","message":"[BrowserSessionManager] Created browser session sess_1790536276859_1","context":{"isIncognito":false}}
{"timestamp":"2026-09-27T19:11:18.840Z","level":"info","message":"[BrowserSession] Closed session sess_1790536276859_1","context":{"reason":"Close all sessions requested"}}
{"timestamp":"2026-09-27T19:11:18.840Z","level":"info","message":"[BrowserSessionManager] Closed session sess_1790536276859_1","context":{"reason":"Close all sessions requested"}}
{"timestamp":"2026-09-27T19:11:18.840Z","level":"info","message":"[BrowserLauncher] Launching browser instance","context":{"executablePath":"C:\\Program Files\\Google\\Chrome\\Application\\chrome.exe","headless":true,"argsCount":11}}
{"timestamp":"2026-09-27T19:11:19.017Z","level":"info","message":"[BrowserSessionManager] Created browser session sess_1790536278840_1","context":{"isIncognito":false}}
{"timestamp":"2026-09-27T19:11:20.834Z","level":"info","message":"[BrowserSession] Closed session sess_1790536278840_1","context":{"reason":"Close all sessions requested"}}
{"timestamp":"2026-09-27T19:11:20.834Z","level":"info","message":"[BrowserSessionManager] Closed session sess_1790536278840_1","context":{"reason":"Close all sessions requested"}}
{"timestamp":"2026-09-27T19:11:20.835Z","level":"info","message":"[BrowserLauncher] Launching browser instance","context":{"executablePath":"C:\\Program Files\\Google\\Chrome\\Application\\chrome.exe","headless":true,"argsCount":11}}
{"timestamp":"2026-09-27T19:11:21.006Z","level":"info","message":"[BrowserSessionManager] Created browser session sess_1790536280835_1","context":{"isIncognito":false}}
{"timestamp":"2026-09-27T19:11:22.806Z","level":"info","message":"[BrowserSession] Closed session sess_1790536280835_1","context":{"reason":"Close all sessions requested"}}
{"timestamp":"2026-09-27T19:11:22.806Z","level":"info","message":"[BrowserSessionManager] Closed session sess_1790536280835_1","context":{"reason":"Close all sessions requested"}}
{"timestamp":"2026-09-27T19:11:22.806Z","level":"info","message":"[BrowserLauncher] Launching browser instance","context":{"executablePath":"C:\\Program Files\\Google\\Chrome\\Application\\chrome.exe","headless":true,"argsCount":11}}
{"timestamp":"2026-09-27T19:11:22.983Z","level":"info","message":"[BrowserSessionManager] Created browser session sess_1790536282806_1","context":{"isIncognito":false}}
{"timestamp":"2026-09-27T19:11:24.818Z","level":"info","message":"[BrowserSession] Closed session sess_1790536282806_1","context":{"reason":"Close all sessions requested"}}
{"timestamp":"2026-09-27T19:11:24.819Z","level":"info","message":"[BrowserSessionManager] Closed session sess_1790536282806_1","context":{"reason":"Close all sessions requested"}}
{"timestamp":"2026-09-27T19:11:24.819Z","level":"info","message":"[BrowserLauncher] Launching browser instance","context":{"executablePath":"C:\\Program Files\\Google\\Chrome\\Application\\chrome.exe","headless":true,"argsCount":11}}
{"timestamp":"2026-09-27T19:11:24.998Z","level":"info","message":"[BrowserSessionManager] Created browser session sess_1790536284819_1","context":{"isIncognito":false}}
{"timestamp":"2026-09-27T19:11:26.825Z","level":"info","message":"[BrowserSession] Closed session sess_1790536284819_1","context":{"reason":"Close all sessions requested"}}
{"timestamp":"2026-09-27T19:11:26.825Z","level":"info","message":"[BrowserSessionManager] Closed session sess_1790536284819_1","context":{"reason":"Close all sessions requested"}}
{"timestamp":"2026-09-27T19:11:26.825Z","level":"info","message":"[BrowserLauncher] Launching browser instance","context":{"executablePath":"C:\\Program Files\\Google\\Chrome\\Application\\chrome.exe","headless":true,"argsCount":11}}
{"timestamp":"2026-09-27T19:11:26.996Z","level":"info","message":"[BrowserSessionManager] Created browser session sess_1790536286825_1","context":{"isIncognito":false}}
{"timestamp":"2026-09-27T19:11:28.807Z","level":"info","message":"[BrowserSession] Closed session sess_1790536286825_1","context":{"reason":"Close all sessions requested"}}
{"timestamp":"2026-09-27T19:11:28.807Z","level":"info","message":"[BrowserSessionManager] Closed session sess_1790536286825_1","context":{"reason":"Close all sessions requested"}}
{"timestamp":"2026-09-27T19:11:28.807Z","level":"info","message":"[BrowserLauncher] Launching browser instance","context":{"executablePath":"C:\\Program Files\\Google\\Chrome\\Application\\chrome.exe","headless":true,"argsCount":11}}
{"timestamp":"2026-09-27T19:11:28.979Z","level":"info","message":"[BrowserSessionManager] Created browser session sess_1790536288807_1","context":{"isIncognito":false}}
{"timestamp":"2026-09-27T19:11:30.830Z","level":"info","message":"[BrowserSession] Closed session sess_1790536288807_1","context":{"reason":"Close all sessions requested"}}
{"timestamp":"2026-09-27T19:11:30.830Z","level":"info","message":"[BrowserSessionManager] Closed session sess_1790536288807_1","context":{"reason":"Close all sessions requested"}}
{"timestamp":"2026-09-27T19:11:30.830Z","level":"info","message":"[BrowserLauncher] Launching browser instance","context":{"executablePath":"C:\\Program Files\\Google\\Chrome\\Application\\chrome.exe","headless":true,"argsCount":11}}
{"timestamp":"2026-09-27T19:11:31.017Z","level":"info","message":"[BrowserSessionManager] Created browser session sess_1790536290830_1","context":{"isIncognito":false}}
{"timestamp":"2026-09-27T19:11:32.822Z","level":"info","message":"[BrowserSession] Closed session sess_1790536290830_1","context":{"reason":"Close all sessions requested"}}
{"timestamp":"2026-09-27T19:11:32.822Z","level":"info","message":"[BrowserSessionManager] Closed session sess_1790536290830_1","context":{"reason":"Close all sessions requested"}}
{"timestamp":"2026-09-27T19:11:32.822Z","level":"info","message":"[BrowserLauncher] Launching browser instance","context":{"executablePath":"C:\\Program Files\\Google\\Chrome\\Application\\chrome.exe","headless":true,"argsCount":11}}
{"timestamp":"2026-09-27T19:11:32.993Z","level":"info","message":"[BrowserSessionManager] Created browser session sess_1790536292822_1","context":{"isIncognito":false}}
{"timestamp":"2026-09-27T19:11:34.824Z","level":"info","message":"[BrowserSession] Closed session sess_1790536292822_1","context":{"reason":"Close all sessions requested"}}
{"timestamp":"2026-09-27T19:11:34.824Z","level":"info","message":"[BrowserSessionManager] Closed session sess_1790536292822_1","context":{"reason":"Close all sessions requested"}}
[fix-3] PASS GAP-273 runtime.audit emptybody-500 — 10/10 — sample={"finalUrl":"chrome-error://chromewebdata/","brokenRequests":[{"url":"http://127.0.0.1:56403/own-500-emptybody?n=emptybody-500-0","status":500}]}
{"timestamp":"2026-09-27T19:11:34.824Z","level":"info","message":"[BrowserLauncher] Launching browser instance","context":{"executablePath":"C:\\Program Files\\Google\\Chrome\\Application\\chrome.exe","headless":true,"argsCount":11}}
{"timestamp":"2026-09-27T19:11:35.004Z","level":"info","message":"[BrowserSessionManager] Created browser session sess_1790536294824_1","context":{"isIncognito":false}}
{"timestamp":"2026-09-27T19:11:36.779Z","level":"info","message":"[BrowserSession] Closed session sess_1790536294824_1","context":{"reason":"Close all sessions requested"}}
{"timestamp":"2026-09-27T19:11:36.779Z","level":"info","message":"[BrowserSessionManager] Closed session sess_1790536294824_1","context":{"reason":"Close all sessions requested"}}
{"timestamp":"2026-09-27T19:11:36.780Z","level":"info","message":"[BrowserLauncher] Launching browser instance","context":{"executablePath":"C:\\Program Files\\Google\\Chrome\\Application\\chrome.exe","headless":true,"argsCount":11}}
{"timestamp":"2026-09-27T19:11:36.947Z","level":"info","message":"[BrowserSessionManager] Created browser session sess_1790536296779_1","context":{"isIncognito":false}}
{"timestamp":"2026-09-27T19:11:38.680Z","level":"info","message":"[BrowserSession] Closed session sess_1790536296779_1","context":{"reason":"Close all sessions requested"}}
{"timestamp":"2026-09-27T19:11:38.680Z","level":"info","message":"[BrowserSessionManager] Closed session sess_1790536296779_1","context":{"reason":"Close all sessions requested"}}
{"timestamp":"2026-09-27T19:11:38.680Z","level":"info","message":"[BrowserLauncher] Launching browser instance","context":{"executablePath":"C:\\Program Files\\Google\\Chrome\\Application\\chrome.exe","headless":true,"argsCount":11}}
{"timestamp":"2026-09-27T19:11:38.845Z","level":"info","message":"[BrowserSessionManager] Created browser session sess_1790536298680_1","context":{"isIncognito":false}}
{"timestamp":"2026-09-27T19:11:40.620Z","level":"info","message":"[BrowserSession] Closed session sess_1790536298680_1","context":{"reason":"Close all sessions requested"}}
{"timestamp":"2026-09-27T19:11:40.620Z","level":"info","message":"[BrowserSessionManager] Closed session sess_1790536298680_1","context":{"reason":"Close all sessions requested"}}
{"timestamp":"2026-09-27T19:11:40.620Z","level":"info","message":"[BrowserLauncher] Launching browser instance","context":{"executablePath":"C:\\Program Files\\Google\\Chrome\\Application\\chrome.exe","headless":true,"argsCount":11}}
{"timestamp":"2026-09-27T19:11:40.794Z","level":"info","message":"[BrowserSessionManager] Created browser session sess_1790536300620_1","context":{"isIncognito":false}}
{"timestamp":"2026-09-27T19:11:42.564Z","level":"info","message":"[BrowserSession] Closed session sess_1790536300620_1","context":{"reason":"Close all sessions requested"}}
{"timestamp":"2026-09-27T19:11:42.564Z","level":"info","message":"[BrowserSessionManager] Closed session sess_1790536300620_1","context":{"reason":"Close all sessions requested"}}
{"timestamp":"2026-09-27T19:11:42.564Z","level":"info","message":"[BrowserLauncher] Launching browser instance","context":{"executablePath":"C:\\Program Files\\Google\\Chrome\\Application\\chrome.exe","headless":true,"argsCount":11}}
{"timestamp":"2026-09-27T19:11:42.753Z","level":"info","message":"[BrowserSessionManager] Created browser session sess_1790536302564_1","context":{"isIncognito":false}}
{"timestamp":"2026-09-27T19:11:44.538Z","level":"info","message":"[BrowserSession] Closed session sess_1790536302564_1","context":{"reason":"Close all sessions requested"}}
{"timestamp":"2026-09-27T19:11:44.538Z","level":"info","message":"[BrowserSessionManager] Closed session sess_1790536302564_1","context":{"reason":"Close all sessions requested"}}
{"timestamp":"2026-09-27T19:11:44.538Z","level":"info","message":"[BrowserLauncher] Launching browser instance","context":{"executablePath":"C:\\Program Files\\Google\\Chrome\\Application\\chrome.exe","headless":true,"argsCount":11}}
{"timestamp":"2026-09-27T19:11:44.740Z","level":"info","message":"[BrowserSessionManager] Created browser session sess_1790536304538_1","context":{"isIncognito":false}}
{"timestamp":"2026-09-27T19:11:46.533Z","level":"info","message":"[BrowserSession] Closed session sess_1790536304538_1","context":{"reason":"Close all sessions requested"}}
{"timestamp":"2026-09-27T19:11:46.533Z","level":"info","message":"[BrowserSessionManager] Closed session sess_1790536304538_1","context":{"reason":"Close all sessions requested"}}
{"timestamp":"2026-09-27T19:11:46.533Z","level":"info","message":"[BrowserLauncher] Launching browser instance","context":{"executablePath":"C:\\Program Files\\Google\\Chrome\\Application\\chrome.exe","headless":true,"argsCount":11}}
{"timestamp":"2026-09-27T19:11:46.713Z","level":"info","message":"[BrowserSessionManager] Created browser session sess_1790536306533_1","context":{"isIncognito":false}}
{"timestamp":"2026-09-27T19:11:48.495Z","level":"info","message":"[BrowserSession] Closed session sess_1790536306533_1","context":{"reason":"Close all sessions requested"}}
{"timestamp":"2026-09-27T19:11:48.495Z","level":"info","message":"[BrowserSessionManager] Closed session sess_1790536306533_1","context":{"reason":"Close all sessions requested"}}
{"timestamp":"2026-09-27T19:11:48.495Z","level":"info","message":"[BrowserLauncher] Launching browser instance","context":{"executablePath":"C:\\Program Files\\Google\\Chrome\\Application\\chrome.exe","headless":true,"argsCount":11}}
{"timestamp":"2026-09-27T19:11:48.666Z","level":"info","message":"[BrowserSessionManager] Created browser session sess_1790536308495_1","context":{"isIncognito":false}}
{"timestamp":"2026-09-27T19:11:50.484Z","level":"info","message":"[BrowserSession] Closed session sess_1790536308495_1","context":{"reason":"Close all sessions requested"}}
{"timestamp":"2026-09-27T19:11:50.484Z","level":"info","message":"[BrowserSessionManager] Closed session sess_1790536308495_1","context":{"reason":"Close all sessions requested"}}
{"timestamp":"2026-09-27T19:11:50.485Z","level":"info","message":"[BrowserLauncher] Launching browser instance","context":{"executablePath":"C:\\Program Files\\Google\\Chrome\\Application\\chrome.exe","headless":true,"argsCount":11}}
{"timestamp":"2026-09-27T19:11:50.657Z","level":"info","message":"[BrowserSessionManager] Created browser session sess_1790536310484_1","context":{"isIncognito":false}}
{"timestamp":"2026-09-27T19:11:52.427Z","level":"info","message":"[BrowserSession] Closed session sess_1790536310484_1","context":{"reason":"Close all sessions requested"}}
{"timestamp":"2026-09-27T19:11:52.428Z","level":"info","message":"[BrowserSessionManager] Closed session sess_1790536310484_1","context":{"reason":"Close all sessions requested"}}
{"timestamp":"2026-09-27T19:11:52.428Z","level":"info","message":"[BrowserLauncher] Launching browser instance","context":{"executablePath":"C:\\Program Files\\Google\\Chrome\\Application\\chrome.exe","headless":true,"argsCount":11}}
{"timestamp":"2026-09-27T19:11:52.597Z","level":"info","message":"[BrowserSessionManager] Created browser session sess_1790536312428_1","context":{"isIncognito":false}}
{"timestamp":"2026-09-27T19:11:54.406Z","level":"info","message":"[BrowserSession] Closed session sess_1790536312428_1","context":{"reason":"Close all sessions requested"}}
{"timestamp":"2026-09-27T19:11:54.406Z","level":"info","message":"[BrowserSessionManager] Closed session sess_1790536312428_1","context":{"reason":"Close all sessions requested"}}
[fix-3] PASS GAP-273 runtime.audit control-plain-own-404 — 10/10 — sample={"finalUrl":"http://127.0.0.1:56403/own-404?n=control-plain-own-404-0","brokenRequests":[{"url":"http://127.0.0.1:56403/own-404?n=control-plain-own-404-0","status":404}]}
{"timestamp":"2026-09-27T19:11:54.406Z","level":"info","message":"[BrowserLauncher] Launching browser instance","context":{"executablePath":"C:\\Program Files\\Google\\Chrome\\Application\\chrome.exe","headless":true,"argsCount":11}}
{"timestamp":"2026-09-27T19:11:54.571Z","level":"info","message":"[BrowserSessionManager] Created browser session sess_1790536314406_1","context":{"isIncognito":false}}
{"timestamp":"2026-09-27T19:11:56.392Z","level":"info","message":"[BrowserSession] Closed session sess_1790536314406_1","context":{"reason":"Close all sessions requested"}}
{"timestamp":"2026-09-27T19:11:56.392Z","level":"info","message":"[BrowserSessionManager] Closed session sess_1790536314406_1","context":{"reason":"Close all sessions requested"}}
{"timestamp":"2026-09-27T19:11:56.392Z","level":"info","message":"[BrowserLauncher] Launching browser instance","context":{"executablePath":"C:\\Program Files\\Google\\Chrome\\Application\\chrome.exe","headless":true,"argsCount":11}}
{"timestamp":"2026-09-27T19:11:56.570Z","level":"info","message":"[BrowserSessionManager] Created browser session sess_1790536316392_1","context":{"isIncognito":false}}
{"timestamp":"2026-09-27T19:11:58.367Z","level":"info","message":"[BrowserSession] Closed session sess_1790536316392_1","context":{"reason":"Close all sessions requested"}}
{"timestamp":"2026-09-27T19:11:58.367Z","level":"info","message":"[BrowserSessionManager] Closed session sess_1790536316392_1","context":{"reason":"Close all sessions requested"}}
{"timestamp":"2026-09-27T19:11:58.367Z","level":"info","message":"[BrowserLauncher] Launching browser instance","context":{"executablePath":"C:\\Program Files\\Google\\Chrome\\Application\\chrome.exe","headless":true,"argsCount":11}}
{"timestamp":"2026-09-27T19:11:58.549Z","level":"info","message":"[BrowserSessionManager] Created browser session sess_1790536318367_1","context":{"isIncognito":false}}
{"timestamp":"2026-09-27T19:12:00.335Z","level":"info","message":"[BrowserSession] Closed session sess_1790536318367_1","context":{"reason":"Close all sessions requested"}}
{"timestamp":"2026-09-27T19:12:00.335Z","level":"info","message":"[BrowserSessionManager] Closed session sess_1790536318367_1","context":{"reason":"Close all sessions requested"}}
{"timestamp":"2026-09-27T19:12:00.335Z","level":"info","message":"[BrowserLauncher] Launching browser instance","context":{"executablePath":"C:\\Program Files\\Google\\Chrome\\Application\\chrome.exe","headless":true,"argsCount":11}}
{"timestamp":"2026-09-27T19:12:00.508Z","level":"info","message":"[BrowserSessionManager] Created browser session sess_1790536320335_1","context":{"isIncognito":false}}
{"timestamp":"2026-09-27T19:12:02.294Z","level":"info","message":"[BrowserSession] Closed session sess_1790536320335_1","context":{"reason":"Close all sessions requested"}}
{"timestamp":"2026-09-27T19:12:02.294Z","level":"info","message":"[BrowserSessionManager] Closed session sess_1790536320335_1","context":{"reason":"Close all sessions requested"}}
{"timestamp":"2026-09-27T19:12:02.294Z","level":"info","message":"[BrowserLauncher] Launching browser instance","context":{"executablePath":"C:\\Program Files\\Google\\Chrome\\Application\\chrome.exe","headless":true,"argsCount":11}}
{"timestamp":"2026-09-27T19:12:02.474Z","level":"info","message":"[BrowserSessionManager] Created browser session sess_1790536322294_1","context":{"isIncognito":false}}
{"timestamp":"2026-09-27T19:12:04.298Z","level":"info","message":"[BrowserSession] Closed session sess_1790536322294_1","context":{"reason":"Close all sessions requested"}}
{"timestamp":"2026-09-27T19:12:04.298Z","level":"info","message":"[BrowserSessionManager] Closed session sess_1790536322294_1","context":{"reason":"Close all sessions requested"}}
{"timestamp":"2026-09-27T19:12:04.298Z","level":"info","message":"[BrowserLauncher] Launching browser instance","context":{"executablePath":"C:\\Program Files\\Google\\Chrome\\Application\\chrome.exe","headless":true,"argsCount":11}}
{"timestamp":"2026-09-27T19:12:04.497Z","level":"info","message":"[BrowserSessionManager] Created browser session sess_1790536324298_1","context":{"isIncognito":false}}
{"timestamp":"2026-09-27T19:12:06.304Z","level":"info","message":"[BrowserSession] Closed session sess_1790536324298_1","context":{"reason":"Close all sessions requested"}}
{"timestamp":"2026-09-27T19:12:06.304Z","level":"info","message":"[BrowserSessionManager] Closed session sess_1790536324298_1","context":{"reason":"Close all sessions requested"}}
{"timestamp":"2026-09-27T19:12:06.304Z","level":"info","message":"[BrowserLauncher] Launching browser instance","context":{"executablePath":"C:\\Program Files\\Google\\Chrome\\Application\\chrome.exe","headless":true,"argsCount":11}}
{"timestamp":"2026-09-27T19:12:06.480Z","level":"info","message":"[BrowserSessionManager] Created browser session sess_1790536326304_1","context":{"isIncognito":false}}
{"timestamp":"2026-09-27T19:12:08.281Z","level":"info","message":"[BrowserSession] Closed session sess_1790536326304_1","context":{"reason":"Close all sessions requested"}}
{"timestamp":"2026-09-27T19:12:08.281Z","level":"info","message":"[BrowserSessionManager] Closed session sess_1790536326304_1","context":{"reason":"Close all sessions requested"}}
{"timestamp":"2026-09-27T19:12:08.281Z","level":"info","message":"[BrowserLauncher] Launching browser instance","context":{"executablePath":"C:\\Program Files\\Google\\Chrome\\Application\\chrome.exe","headless":true,"argsCount":11}}
{"timestamp":"2026-09-27T19:12:08.468Z","level":"info","message":"[BrowserSessionManager] Created browser session sess_1790536328281_1","context":{"isIncognito":false}}
{"timestamp":"2026-09-27T19:12:10.302Z","level":"info","message":"[BrowserSession] Closed session sess_1790536328281_1","context":{"reason":"Close all sessions requested"}}
{"timestamp":"2026-09-27T19:12:10.302Z","level":"info","message":"[BrowserSessionManager] Closed session sess_1790536328281_1","context":{"reason":"Close all sessions requested"}}
{"timestamp":"2026-09-27T19:12:10.302Z","level":"info","message":"[BrowserLauncher] Launching browser instance","context":{"executablePath":"C:\\Program Files\\Google\\Chrome\\Application\\chrome.exe","headless":true,"argsCount":11}}
{"timestamp":"2026-09-27T19:12:10.468Z","level":"info","message":"[BrowserSessionManager] Created browser session sess_1790536330302_1","context":{"isIncognito":false}}
{"timestamp":"2026-09-27T19:12:12.245Z","level":"info","message":"[BrowserSession] Closed session sess_1790536330302_1","context":{"reason":"Close all sessions requested"}}
{"timestamp":"2026-09-27T19:12:12.246Z","level":"info","message":"[BrowserSessionManager] Closed session sess_1790536330302_1","context":{"reason":"Close all sessions requested"}}
{"timestamp":"2026-09-27T19:12:12.246Z","level":"info","message":"[BrowserLauncher] Launching browser instance","context":{"executablePath":"C:\\Program Files\\Google\\Chrome\\Application\\chrome.exe","headless":true,"argsCount":11}}
{"timestamp":"2026-09-27T19:12:12.417Z","level":"info","message":"[BrowserSessionManager] Created browser session sess_1790536332246_1","context":{"isIncognito":false}}
{"timestamp":"2026-09-27T19:12:14.191Z","level":"info","message":"[BrowserSession] Closed session sess_1790536332246_1","context":{"reason":"Close all sessions requested"}}
{"timestamp":"2026-09-27T19:12:14.191Z","level":"info","message":"[BrowserSessionManager] Closed session sess_1790536332246_1","context":{"reason":"Close all sessions requested"}}
[fix-3] PASS GAP-273 runtime.audit control-own-404-with-fragment — 10/10 — sample={"finalUrl":"http://127.0.0.1:56403/own-404?n=control-own-404-with-fragment-0#already-there","brokenRequests":[{"url":"http://127.0.0.1:56403/own-404?n=control-own-404-with-fragment-0","status":404}]}
[fix-3] PASS GAP-273 CLI --json hash-404 — 6/6
[fix-3] PASS GAP-273 CLI --json replaceState-404 — 6/6
[fix-3] PASS GAP-273 CLI --json emptybody-404 — 6/6
[fix-3] PASS GAP-273 CLI --json emptybody-500 — 6/6
{"timestamp":"2026-09-27T19:13:24.579Z","level":"info","message":"[BrowserLauncher] Launching browser instance","context":{"executablePath":"C:\\Program Files\\Google\\Chrome\\Application\\chrome.exe","headless":true,"argsCount":11}}
{"timestamp":"2026-09-27T19:13:24.786Z","level":"info","message":"[BrowserSessionManager] Created browser session sess_1790536404579_1","context":{"isIncognito":false}}
{"timestamp":"2026-09-27T19:13:28.202Z","level":"info","message":"[BrowserSession] Closed session sess_1790536404579_1","context":{"reason":"Close all sessions requested"}}
{"timestamp":"2026-09-27T19:13:28.202Z","level":"info","message":"[BrowserSessionManager] Closed session sess_1790536404579_1","context":{"reason":"Close all sessions requested"}}
{"timestamp":"2026-09-27T19:13:28.202Z","level":"info","message":"[BrowserLauncher] Launching browser instance","context":{"executablePath":"C:\\Program Files\\Google\\Chrome\\Application\\chrome.exe","headless":true,"argsCount":11}}
{"timestamp":"2026-09-27T19:13:28.370Z","level":"info","message":"[BrowserSessionManager] Created browser session sess_1790536408202_1","context":{"isIncognito":false}}
{"timestamp":"2026-09-27T19:13:31.774Z","level":"info","message":"[BrowserSession] Closed session sess_1790536408202_1","context":{"reason":"Close all sessions requested"}}
{"timestamp":"2026-09-27T19:13:31.774Z","level":"info","message":"[BrowserSessionManager] Closed session sess_1790536408202_1","context":{"reason":"Close all sessions requested"}}
{"timestamp":"2026-09-27T19:13:31.774Z","level":"info","message":"[BrowserLauncher] Launching browser instance","context":{"executablePath":"C:\\Program Files\\Google\\Chrome\\Application\\chrome.exe","headless":true,"argsCount":11}}
{"timestamp":"2026-09-27T19:13:31.946Z","level":"info","message":"[BrowserSessionManager] Created browser session sess_1790536411774_1","context":{"isIncognito":false}}
{"timestamp":"2026-09-27T19:13:35.400Z","level":"info","message":"[BrowserSession] Closed session sess_1790536411774_1","context":{"reason":"Close all sessions requested"}}
{"timestamp":"2026-09-27T19:13:35.400Z","level":"info","message":"[BrowserSessionManager] Closed session sess_1790536411774_1","context":{"reason":"Close all sessions requested"}}
[fix-3] PASS GAP-274a dialog-open-before-audit no longer stalls — 3/3, timings=[2570,2561,2565]ms (bound 15000ms)
{"timestamp":"2026-09-27T19:13:35.400Z","level":"info","message":"[BrowserLauncher] Launching browser instance","context":{"executablePath":"C:\\Program Files\\Google\\Chrome\\Application\\chrome.exe","headless":true,"argsCount":11}}
{"timestamp":"2026-09-27T19:13:35.604Z","level":"info","message":"[BrowserSessionManager] Created browser session sess_1790536415400_1","context":{"isIncognito":false}}
{"timestamp":"2026-09-27T19:13:40.304Z","level":"info","message":"[BrowserSession] Closed session sess_1790536415400_1","context":{"reason":"Close all sessions requested"}}
{"timestamp":"2026-09-27T19:13:40.304Z","level":"info","message":"[BrowserSessionManager] Closed session sess_1790536415400_1","context":{"reason":"Close all sessions requested"}}
{"timestamp":"2026-09-27T19:13:40.304Z","level":"info","message":"[BrowserLauncher] Launching browser instance","context":{"executablePath":"C:\\Program Files\\Google\\Chrome\\Application\\chrome.exe","headless":true,"argsCount":11}}
{"timestamp":"2026-09-27T19:13:40.483Z","level":"info","message":"[BrowserSessionManager] Created browser session sess_1790536420304_1","context":{"isIncognito":false}}
{"timestamp":"2026-09-27T19:13:45.187Z","level":"info","message":"[BrowserSession] Closed session sess_1790536420304_1","context":{"reason":"Close all sessions requested"}}
{"timestamp":"2026-09-27T19:13:45.188Z","level":"info","message":"[BrowserSessionManager] Closed session sess_1790536420304_1","context":{"reason":"Close all sessions requested"}}
{"timestamp":"2026-09-27T19:13:45.188Z","level":"info","message":"[BrowserLauncher] Launching browser instance","context":{"executablePath":"C:\\Program Files\\Google\\Chrome\\Application\\chrome.exe","headless":true,"argsCount":11}}
{"timestamp":"2026-09-27T19:13:45.374Z","level":"info","message":"[BrowserSessionManager] Created browser session sess_1790536425188_1","context":{"isIncognito":false}}
{"timestamp":"2026-09-27T19:13:50.054Z","level":"info","message":"[BrowserSession] Closed session sess_1790536425188_1","context":{"reason":"Close all sessions requested"}}
{"timestamp":"2026-09-27T19:13:50.054Z","level":"info","message":"[BrowserSessionManager] Closed session sess_1790536425188_1","context":{"reason":"Close all sessions requested"}}
[fix-3] PASS GAP-274b timed-out-prior-nav-before-audit no longer stalls, no leak — 3/3, timings=[2583,2569,2545]ms (bound 15000ms)
{"timestamp":"2026-09-27T19:13:50.054Z","level":"info","message":"[BrowserLauncher] Launching browser instance","context":{"executablePath":"C:\\Program Files\\Google\\Chrome\\Application\\chrome.exe","headless":true,"argsCount":11}}
{"timestamp":"2026-09-27T19:13:50.222Z","level":"info","message":"[BrowserSessionManager] Created browser session sess_1790536430054_1","context":{"isIncognito":false}}
{"timestamp":"2026-09-27T19:13:51.995Z","level":"info","message":"[BrowserSession] Closed session sess_1790536430054_1","context":{"reason":"Close all sessions requested"}}
{"timestamp":"2026-09-27T19:13:51.995Z","level":"info","message":"[BrowserSessionManager] Closed session sess_1790536430054_1","context":{"reason":"Close all sessions requested"}}
{"timestamp":"2026-09-27T19:13:51.996Z","level":"info","message":"[BrowserLauncher] Launching browser instance","context":{"executablePath":"C:\\Program Files\\Google\\Chrome\\Application\\chrome.exe","headless":true,"argsCount":11}}
{"timestamp":"2026-09-27T19:13:52.180Z","level":"info","message":"[BrowserSessionManager] Created browser session sess_1790536431995_1","context":{"isIncognito":false}}
{"timestamp":"2026-09-27T19:13:53.972Z","level":"info","message":"[BrowserSession] Closed session sess_1790536431995_1","context":{"reason":"Close all sessions requested"}}
{"timestamp":"2026-09-27T19:13:53.972Z","level":"info","message":"[BrowserSessionManager] Closed session sess_1790536431995_1","context":{"reason":"Close all sessions requested"}}
{"timestamp":"2026-09-27T19:13:53.972Z","level":"info","message":"[BrowserLauncher] Launching browser instance","context":{"executablePath":"C:\\Program Files\\Google\\Chrome\\Application\\chrome.exe","headless":true,"argsCount":11}}
{"timestamp":"2026-09-27T19:13:54.146Z","level":"info","message":"[BrowserSessionManager] Created browser session sess_1790536433972_1","context":{"isIncognito":false}}
{"timestamp":"2026-09-27T19:13:55.913Z","level":"info","message":"[BrowserSession] Closed session sess_1790536433972_1","context":{"reason":"Close all sessions requested"}}
{"timestamp":"2026-09-27T19:13:55.913Z","level":"info","message":"[BrowserSessionManager] Closed session sess_1790536433972_1","context":{"reason":"Close all sessions requested"}}
{"timestamp":"2026-09-27T19:13:55.913Z","level":"info","message":"[BrowserLauncher] Launching browser instance","context":{"executablePath":"C:\\Program Files\\Google\\Chrome\\Application\\chrome.exe","headless":true,"argsCount":11}}
{"timestamp":"2026-09-27T19:13:56.095Z","level":"info","message":"[BrowserSessionManager] Created browser session sess_1790536435913_1","context":{"isIncognito":false}}
{"timestamp":"2026-09-27T19:13:57.844Z","level":"info","message":"[BrowserSession] Closed session sess_1790536435913_1","context":{"reason":"Close all sessions requested"}}
{"timestamp":"2026-09-27T19:13:57.844Z","level":"info","message":"[BrowserSessionManager] Closed session sess_1790536435913_1","context":{"reason":"Close all sessions requested"}}
{"timestamp":"2026-09-27T19:13:57.844Z","level":"info","message":"[BrowserLauncher] Launching browser instance","context":{"executablePath":"C:\\Program Files\\Google\\Chrome\\Application\\chrome.exe","headless":true,"argsCount":11}}
{"timestamp":"2026-09-27T19:13:58.015Z","level":"info","message":"[BrowserSessionManager] Created browser session sess_1790536437844_1","context":{"isIncognito":false}}
{"timestamp":"2026-09-27T19:13:59.756Z","level":"info","message":"[BrowserSession] Closed session sess_1790536437844_1","context":{"reason":"Close all sessions requested"}}
{"timestamp":"2026-09-27T19:13:59.756Z","level":"info","message":"[BrowserSessionManager] Closed session sess_1790536437844_1","context":{"reason":"Close all sessions requested"}}
[fix-3] PASS GAP-274 dialog-races-CDP-setup adversarial follow-up — 5/5, timings=["threw","threw","threw","threw","threw"]ms
{"timestamp":"2026-09-27T19:13:59.756Z","level":"info","message":"[BrowserLauncher] Launching browser instance","context":{"executablePath":"C:\\Program Files\\Google\\Chrome\\Application\\chrome.exe","headless":true,"argsCount":11}}
{"timestamp":"2026-09-27T19:13:59.921Z","level":"info","message":"[BrowserSessionManager] Created browser session sess_1790536439756_1","context":{"isIncognito":false}}
{"timestamp":"2026-09-27T19:14:01.702Z","level":"info","message":"[BrowserSession] Closed session sess_1790536439756_1","context":{"reason":"Close all sessions requested"}}
{"timestamp":"2026-09-27T19:14:01.702Z","level":"info","message":"[BrowserSessionManager] Closed session sess_1790536439756_1","context":{"reason":"Close all sessions requested"}}
{"timestamp":"2026-09-27T19:14:01.702Z","level":"info","message":"[BrowserLauncher] Launching browser instance","context":{"executablePath":"C:\\Program Files\\Google\\Chrome\\Application\\chrome.exe","headless":true,"argsCount":11}}
{"timestamp":"2026-09-27T19:14:01.874Z","level":"info","message":"[BrowserSessionManager] Created browser session sess_1790536441702_1","context":{"isIncognito":false}}
{"timestamp":"2026-09-27T19:14:03.685Z","level":"info","message":"[BrowserSession] Closed session sess_1790536441702_1","context":{"reason":"Close all sessions requested"}}
{"timestamp":"2026-09-27T19:14:03.685Z","level":"info","message":"[BrowserSessionManager] Closed session sess_1790536441702_1","context":{"reason":"Close all sessions requested"}}
{"timestamp":"2026-09-27T19:14:03.685Z","level":"info","message":"[BrowserLauncher] Launching browser instance","context":{"executablePath":"C:\\Program Files\\Google\\Chrome\\Application\\chrome.exe","headless":true,"argsCount":11}}
{"timestamp":"2026-09-27T19:14:03.877Z","level":"info","message":"[BrowserSessionManager] Created browser session sess_1790536443685_1","context":{"isIncognito":false}}
{"timestamp":"2026-09-27T19:14:05.710Z","level":"info","message":"[BrowserSession] Closed session sess_1790536443685_1","context":{"reason":"Close all sessions requested"}}
{"timestamp":"2026-09-27T19:14:05.710Z","level":"info","message":"[BrowserSessionManager] Closed session sess_1790536443685_1","context":{"reason":"Close all sessions requested"}}
{"timestamp":"2026-09-27T19:14:05.710Z","level":"info","message":"[BrowserLauncher] Launching browser instance","context":{"executablePath":"C:\\Program Files\\Google\\Chrome\\Application\\chrome.exe","headless":true,"argsCount":11}}
{"timestamp":"2026-09-27T19:14:05.889Z","level":"info","message":"[BrowserSessionManager] Created browser session sess_1790536445710_1","context":{"isIncognito":false}}
{"timestamp":"2026-09-27T19:14:07.668Z","level":"info","message":"[BrowserSession] Closed session sess_1790536445710_1","context":{"reason":"Close all sessions requested"}}
{"timestamp":"2026-09-27T19:14:07.668Z","level":"info","message":"[BrowserSessionManager] Closed session sess_1790536445710_1","context":{"reason":"Close all sessions requested"}}
{"timestamp":"2026-09-27T19:14:07.668Z","level":"info","message":"[BrowserLauncher] Launching browser instance","context":{"executablePath":"C:\\Program Files\\Google\\Chrome\\Application\\chrome.exe","headless":true,"argsCount":11}}
{"timestamp":"2026-09-27T19:14:07.854Z","level":"info","message":"[BrowserSessionManager] Created browser session sess_1790536447668_1","context":{"isIncognito":false}}
{"timestamp":"2026-09-27T19:14:09.736Z","level":"info","message":"[BrowserSession] Closed session sess_1790536447668_1","context":{"reason":"Close all sessions requested"}}
{"timestamp":"2026-09-27T19:14:09.736Z","level":"info","message":"[BrowserSessionManager] Closed session sess_1790536447668_1","context":{"reason":"Close all sessions requested"}}
[fix-3] PASS Regress GAP-266 same-doc (replaceState) — 5/5
{"timestamp":"2026-09-27T19:14:09.736Z","level":"info","message":"[BrowserLauncher] Launching browser instance","context":{"executablePath":"C:\\Program Files\\Google\\Chrome\\Application\\chrome.exe","headless":true,"argsCount":11}}
{"timestamp":"2026-09-27T19:14:09.916Z","level":"info","message":"[BrowserSessionManager] Created browser session sess_1790536449736_1","context":{"isIncognito":false}}
{"timestamp":"2026-09-27T19:14:11.690Z","level":"info","message":"[BrowserSession] Closed session sess_1790536449736_1","context":{"reason":"Close all sessions requested"}}
{"timestamp":"2026-09-27T19:14:11.690Z","level":"info","message":"[BrowserSessionManager] Closed session sess_1790536449736_1","context":{"reason":"Close all sessions requested"}}
{"timestamp":"2026-09-27T19:14:11.690Z","level":"info","message":"[BrowserLauncher] Launching browser instance","context":{"executablePath":"C:\\Program Files\\Google\\Chrome\\Application\\chrome.exe","headless":true,"argsCount":11}}
{"timestamp":"2026-09-27T19:14:11.861Z","level":"info","message":"[BrowserSessionManager] Created browser session sess_1790536451690_1","context":{"isIncognito":false}}
{"timestamp":"2026-09-27T19:14:13.668Z","level":"info","message":"[BrowserSession] Closed session sess_1790536451690_1","context":{"reason":"Close all sessions requested"}}
{"timestamp":"2026-09-27T19:14:13.668Z","level":"info","message":"[BrowserSessionManager] Closed session sess_1790536451690_1","context":{"reason":"Close all sessions requested"}}
{"timestamp":"2026-09-27T19:14:13.668Z","level":"info","message":"[BrowserLauncher] Launching browser instance","context":{"executablePath":"C:\\Program Files\\Google\\Chrome\\Application\\chrome.exe","headless":true,"argsCount":11}}
{"timestamp":"2026-09-27T19:14:13.866Z","level":"info","message":"[BrowserSessionManager] Created browser session sess_1790536453668_1","context":{"isIncognito":false}}
{"timestamp":"2026-09-27T19:14:15.648Z","level":"info","message":"[BrowserSession] Closed session sess_1790536453668_1","context":{"reason":"Close all sessions requested"}}
{"timestamp":"2026-09-27T19:14:15.648Z","level":"info","message":"[BrowserSessionManager] Closed session sess_1790536453668_1","context":{"reason":"Close all sessions requested"}}
{"timestamp":"2026-09-27T19:14:15.648Z","level":"info","message":"[BrowserLauncher] Launching browser instance","context":{"executablePath":"C:\\Program Files\\Google\\Chrome\\Application\\chrome.exe","headless":true,"argsCount":11}}
{"timestamp":"2026-09-27T19:14:15.827Z","level":"info","message":"[BrowserSessionManager] Created browser session sess_1790536455648_1","context":{"isIncognito":false}}
{"timestamp":"2026-09-27T19:14:17.615Z","level":"info","message":"[BrowserSession] Closed session sess_1790536455648_1","context":{"reason":"Close all sessions requested"}}
{"timestamp":"2026-09-27T19:14:17.615Z","level":"info","message":"[BrowserSessionManager] Closed session sess_1790536455648_1","context":{"reason":"Close all sessions requested"}}
{"timestamp":"2026-09-27T19:14:17.615Z","level":"info","message":"[BrowserLauncher] Launching browser instance","context":{"executablePath":"C:\\Program Files\\Google\\Chrome\\Application\\chrome.exe","headless":true,"argsCount":11}}
{"timestamp":"2026-09-27T19:14:17.799Z","level":"info","message":"[BrowserSessionManager] Created browser session sess_1790536457615_1","context":{"isIncognito":false}}
{"timestamp":"2026-09-27T19:14:19.581Z","level":"info","message":"[BrowserSession] Closed session sess_1790536457615_1","context":{"reason":"Close all sessions requested"}}
{"timestamp":"2026-09-27T19:14:19.581Z","level":"info","message":"[BrowserSessionManager] Closed session sess_1790536457615_1","context":{"reason":"Close all sessions requested"}}
[fix-3] PASS Regress GAP-266 same-doc (pushState) — 5/5
{"timestamp":"2026-09-27T19:14:19.581Z","level":"info","message":"[BrowserLauncher] Launching browser instance","context":{"executablePath":"C:\\Program Files\\Google\\Chrome\\Application\\chrome.exe","headless":true,"argsCount":11}}
{"timestamp":"2026-09-27T19:14:19.762Z","level":"info","message":"[BrowserSessionManager] Created browser session sess_1790536459581_1","context":{"isIncognito":false}}
{"timestamp":"2026-09-27T19:14:21.521Z","level":"info","message":"[BrowserSession] Closed session sess_1790536459581_1","context":{"reason":"Close all sessions requested"}}
{"timestamp":"2026-09-27T19:14:21.521Z","level":"info","message":"[BrowserSessionManager] Closed session sess_1790536459581_1","context":{"reason":"Close all sessions requested"}}
{"timestamp":"2026-09-27T19:14:21.521Z","level":"info","message":"[BrowserLauncher] Launching browser instance","context":{"executablePath":"C:\\Program Files\\Google\\Chrome\\Application\\chrome.exe","headless":true,"argsCount":11}}
{"timestamp":"2026-09-27T19:14:21.687Z","level":"info","message":"[BrowserSessionManager] Created browser session sess_1790536461521_1","context":{"isIncognito":false}}
{"timestamp":"2026-09-27T19:14:23.496Z","level":"info","message":"[BrowserSession] Closed session sess_1790536461521_1","context":{"reason":"Close all sessions requested"}}
{"timestamp":"2026-09-27T19:14:23.496Z","level":"info","message":"[BrowserSessionManager] Closed session sess_1790536461521_1","context":{"reason":"Close all sessions requested"}}
{"timestamp":"2026-09-27T19:14:23.496Z","level":"info","message":"[BrowserLauncher] Launching browser instance","context":{"executablePath":"C:\\Program Files\\Google\\Chrome\\Application\\chrome.exe","headless":true,"argsCount":11}}
{"timestamp":"2026-09-27T19:14:23.685Z","level":"info","message":"[BrowserSessionManager] Created browser session sess_1790536463496_1","context":{"isIncognito":false}}
{"timestamp":"2026-09-27T19:14:25.487Z","level":"info","message":"[BrowserSession] Closed session sess_1790536463496_1","context":{"reason":"Close all sessions requested"}}
{"timestamp":"2026-09-27T19:14:25.488Z","level":"info","message":"[BrowserSessionManager] Closed session sess_1790536463496_1","context":{"reason":"Close all sessions requested"}}
{"timestamp":"2026-09-27T19:14:25.488Z","level":"info","message":"[BrowserLauncher] Launching browser instance","context":{"executablePath":"C:\\Program Files\\Google\\Chrome\\Application\\chrome.exe","headless":true,"argsCount":11}}
{"timestamp":"2026-09-27T19:14:25.685Z","level":"info","message":"[BrowserSessionManager] Created browser session sess_1790536465488_1","context":{"isIncognito":false}}
{"timestamp":"2026-09-27T19:14:27.468Z","level":"info","message":"[BrowserSession] Closed session sess_1790536465488_1","context":{"reason":"Close all sessions requested"}}
{"timestamp":"2026-09-27T19:14:27.468Z","level":"info","message":"[BrowserSessionManager] Closed session sess_1790536465488_1","context":{"reason":"Close all sessions requested"}}
{"timestamp":"2026-09-27T19:14:27.468Z","level":"info","message":"[BrowserLauncher] Launching browser instance","context":{"executablePath":"C:\\Program Files\\Google\\Chrome\\Application\\chrome.exe","headless":true,"argsCount":11}}
{"timestamp":"2026-09-27T19:14:27.645Z","level":"info","message":"[BrowserSessionManager] Created browser session sess_1790536467468_1","context":{"isIncognito":false}}
{"timestamp":"2026-09-27T19:14:29.435Z","level":"info","message":"[BrowserSession] Closed session sess_1790536467468_1","context":{"reason":"Close all sessions requested"}}
{"timestamp":"2026-09-27T19:14:29.435Z","level":"info","message":"[BrowserSessionManager] Closed session sess_1790536467468_1","context":{"reason":"Close all sessions requested"}}
[fix-3] PASS Regress GAP-266 same-doc (hash) — 5/5
{"timestamp":"2026-09-27T19:14:29.435Z","level":"info","message":"[BrowserLauncher] Launching browser instance","context":{"executablePath":"C:\\Program Files\\Google\\Chrome\\Application\\chrome.exe","headless":true,"argsCount":11}}
{"timestamp":"2026-09-27T19:14:29.614Z","level":"info","message":"[BrowserSessionManager] Created browser session sess_1790536469435_1","context":{"isIncognito":false}}
{"timestamp":"2026-09-27T19:14:31.405Z","level":"info","message":"[BrowserSession] Closed session sess_1790536469435_1","context":{"reason":"Close all sessions requested"}}
{"timestamp":"2026-09-27T19:14:31.405Z","level":"info","message":"[BrowserSessionManager] Closed session sess_1790536469435_1","context":{"reason":"Close all sessions requested"}}
{"timestamp":"2026-09-27T19:14:31.405Z","level":"info","message":"[BrowserLauncher] Launching browser instance","context":{"executablePath":"C:\\Program Files\\Google\\Chrome\\Application\\chrome.exe","headless":true,"argsCount":11}}
{"timestamp":"2026-09-27T19:14:31.568Z","level":"info","message":"[BrowserSessionManager] Created browser session sess_1790536471405_1","context":{"isIncognito":false}}
{"timestamp":"2026-09-27T19:14:33.367Z","level":"info","message":"[BrowserSession] Closed session sess_1790536471405_1","context":{"reason":"Close all sessions requested"}}
{"timestamp":"2026-09-27T19:14:33.367Z","level":"info","message":"[BrowserSessionManager] Closed session sess_1790536471405_1","context":{"reason":"Close all sessions requested"}}
{"timestamp":"2026-09-27T19:14:33.367Z","level":"info","message":"[BrowserLauncher] Launching browser instance","context":{"executablePath":"C:\\Program Files\\Google\\Chrome\\Application\\chrome.exe","headless":true,"argsCount":11}}
{"timestamp":"2026-09-27T19:14:33.534Z","level":"info","message":"[BrowserSessionManager] Created browser session sess_1790536473367_1","context":{"isIncognito":false}}
{"timestamp":"2026-09-27T19:14:35.325Z","level":"info","message":"[BrowserSession] Closed session sess_1790536473367_1","context":{"reason":"Close all sessions requested"}}
{"timestamp":"2026-09-27T19:14:35.325Z","level":"info","message":"[BrowserSessionManager] Closed session sess_1790536473367_1","context":{"reason":"Close all sessions requested"}}
{"timestamp":"2026-09-27T19:14:35.325Z","level":"info","message":"[BrowserLauncher] Launching browser instance","context":{"executablePath":"C:\\Program Files\\Google\\Chrome\\Application\\chrome.exe","headless":true,"argsCount":11}}
{"timestamp":"2026-09-27T19:14:35.521Z","level":"info","message":"[BrowserSessionManager] Created browser session sess_1790536475325_1","context":{"isIncognito":false}}
{"timestamp":"2026-09-27T19:14:37.303Z","level":"info","message":"[BrowserSession] Closed session sess_1790536475325_1","context":{"reason":"Close all sessions requested"}}
{"timestamp":"2026-09-27T19:14:37.303Z","level":"info","message":"[BrowserSessionManager] Closed session sess_1790536475325_1","context":{"reason":"Close all sessions requested"}}
{"timestamp":"2026-09-27T19:14:37.303Z","level":"info","message":"[BrowserLauncher] Launching browser instance","context":{"executablePath":"C:\\Program Files\\Google\\Chrome\\Application\\chrome.exe","headless":true,"argsCount":11}}
{"timestamp":"2026-09-27T19:14:37.487Z","level":"info","message":"[BrowserSessionManager] Created browser session sess_1790536477303_1","context":{"isIncognito":false}}
{"timestamp":"2026-09-27T19:14:39.309Z","level":"info","message":"[BrowserSession] Closed session sess_1790536477303_1","context":{"reason":"Close all sessions requested"}}
{"timestamp":"2026-09-27T19:14:39.309Z","level":"info","message":"[BrowserSessionManager] Closed session sess_1790536477303_1","context":{"reason":"Close all sessions requested"}}
{"timestamp":"2026-09-27T19:14:39.309Z","level":"info","message":"[BrowserLauncher] Launching browser instance","context":{"executablePath":"C:\\Program Files\\Google\\Chrome\\Application\\chrome.exe","headless":true,"argsCount":11}}
{"timestamp":"2026-09-27T19:14:39.492Z","level":"info","message":"[BrowserSessionManager] Created browser session sess_1790536479309_1","context":{"isIncognito":false}}
{"timestamp":"2026-09-27T19:14:41.287Z","level":"info","message":"[BrowserSession] Closed session sess_1790536479309_1","context":{"reason":"Close all sessions requested"}}
{"timestamp":"2026-09-27T19:14:41.287Z","level":"info","message":"[BrowserSessionManager] Closed session sess_1790536479309_1","context":{"reason":"Close all sessions requested"}}
{"timestamp":"2026-09-27T19:14:41.287Z","level":"info","message":"[BrowserLauncher] Launching browser instance","context":{"executablePath":"C:\\Program Files\\Google\\Chrome\\Application\\chrome.exe","headless":true,"argsCount":11}}
{"timestamp":"2026-09-27T19:14:41.458Z","level":"info","message":"[BrowserSessionManager] Created browser session sess_1790536481287_1","context":{"isIncognito":false}}
{"timestamp":"2026-09-27T19:14:43.252Z","level":"info","message":"[BrowserSession] Closed session sess_1790536481287_1","context":{"reason":"Close all sessions requested"}}
{"timestamp":"2026-09-27T19:14:43.252Z","level":"info","message":"[BrowserSessionManager] Closed session sess_1790536481287_1","context":{"reason":"Close all sessions requested"}}
{"timestamp":"2026-09-27T19:14:43.252Z","level":"info","message":"[BrowserLauncher] Launching browser instance","context":{"executablePath":"C:\\Program Files\\Google\\Chrome\\Application\\chrome.exe","headless":true,"argsCount":11}}
{"timestamp":"2026-09-27T19:14:43.422Z","level":"info","message":"[BrowserSessionManager] Created browser session sess_1790536483252_1","context":{"isIncognito":false}}
{"timestamp":"2026-09-27T19:14:45.243Z","level":"info","message":"[BrowserSession] Closed session sess_1790536483252_1","context":{"reason":"Close all sessions requested"}}
{"timestamp":"2026-09-27T19:14:45.243Z","level":"info","message":"[BrowserSessionManager] Closed session sess_1790536483252_1","context":{"reason":"Close all sessions requested"}}
{"timestamp":"2026-09-27T19:14:45.244Z","level":"info","message":"[BrowserLauncher] Launching browser instance","context":{"executablePath":"C:\\Program Files\\Google\\Chrome\\Application\\chrome.exe","headless":true,"argsCount":11}}
{"timestamp":"2026-09-27T19:14:45.423Z","level":"info","message":"[BrowserSessionManager] Created browser session sess_1790536485243_1","context":{"isIncognito":false}}
{"timestamp":"2026-09-27T19:14:47.262Z","level":"info","message":"[BrowserSession] Closed session sess_1790536485243_1","context":{"reason":"Close all sessions requested"}}
{"timestamp":"2026-09-27T19:14:47.262Z","level":"info","message":"[BrowserSessionManager] Closed session sess_1790536485243_1","context":{"reason":"Close all sessions requested"}}
{"timestamp":"2026-09-27T19:14:47.262Z","level":"info","message":"[BrowserLauncher] Launching browser instance","context":{"executablePath":"C:\\Program Files\\Google\\Chrome\\Application\\chrome.exe","headless":true,"argsCount":11}}
{"timestamp":"2026-09-27T19:14:47.438Z","level":"info","message":"[BrowserSessionManager] Created browser session sess_1790536487262_1","context":{"isIncognito":false}}
{"timestamp":"2026-09-27T19:14:49.225Z","level":"info","message":"[BrowserSession] Closed session sess_1790536487262_1","context":{"reason":"Close all sessions requested"}}
{"timestamp":"2026-09-27T19:14:49.225Z","level":"info","message":"[BrowserSessionManager] Closed session sess_1790536487262_1","context":{"reason":"Close all sessions requested"}}
[fix-3] PASS Regress GAP-262 contamination (noisy then clean) — 10/10
{"timestamp":"2026-09-27T19:14:49.225Z","level":"info","message":"[BrowserLauncher] Launching browser instance","context":{"executablePath":"C:\\Program Files\\Google\\Chrome\\Application\\chrome.exe","headless":true,"argsCount":11}}
{"timestamp":"2026-09-27T19:14:49.410Z","level":"info","message":"[BrowserSessionManager] Created browser session sess_1790536489225_1","context":{"isIncognito":false}}
{"timestamp":"2026-09-27T19:15:28.609Z","level":"info","message":"[BrowserSession] Closed session sess_1790536489225_1","context":{"reason":"Close all sessions requested"}}
{"timestamp":"2026-09-27T19:15:28.609Z","level":"info","message":"[BrowserSessionManager] Closed session sess_1790536489225_1","context":{"reason":"Close all sessions requested"}}
[fix-3] PASS 25x repeated audits, no CDP session leak — created=25 leaked=0

[fix-3] ALL PASS — 18 pass / 0 fail / 0 info
