runtime hash-404 10/10 
runtime replaceState-404 10/10 
runtime emptybody-404 10/10 
runtime emptybody-500 10/10 
runtime control-own404 10/10 
runtime control-ok 10/10 
runtime a-302-then-replaceState-404 10/10 
runtime a-302-then-hash-404 10/10 
runtime a-302-then-replaceState-200 10/10 
runtime a-js200-to-hash404 10/10 
runtime a-js404-to-200 10/10 
runtime b-slow-body-404 10/10 
runtime b-5MB-body-404 10/10 
runtime b-slow-headers-500 10/10 
runtime c-302>500(js)>302>200 10/10 
runtime c-302>500(js)>302>404 10/10 
runtime subframe-emptybody-404 10/10 
cli hash-404 10/10 
cli replaceState-404 10/10 
cli emptybody-404 10/10 
cli emptybody-500 10/10 
cli a-302-then-hash-404 10/10 
