{"timestamp":"2026-09-25T01:22:06.735Z","level":"warn","message":"[BrowserActionEngine] Action wait_for_selector failed (attempt 1/3): wait_for_selector timed out after 2000ms waiting for state=visible: No element found for selector: #toast","context":{}}
{"timestamp":"2026-09-25T01:22:19.016Z","level":"warn","message":"[BrowserActionEngine] Action wait_for_selector failed (attempt 1/3): wait_for_selector timed out after 2000ms waiting for state=visible: No element found for selector: #toast","context":{}}
{"timestamp":"2026-09-25T01:22:31.316Z","level":"warn","message":"[BrowserActionEngine] Action wait_for_selector failed (attempt 1/3): wait_for_selector timed out after 2000ms waiting for state=visible: No element found for selector: #toast","context":{}}
{"timestamp":"2026-09-25T01:22:43.618Z","level":"warn","message":"[BrowserActionEngine] Action wait_for_selector failed (attempt 1/3): wait_for_selector timed out after 2000ms waiting for state=visible: No element found for selector: #toast","context":{}}
{"timestamp":"2026-09-25T01:22:55.914Z","level":"warn","message":"[BrowserActionEngine] Action wait_for_selector failed (attempt 1/3): wait_for_selector timed out after 2000ms waiting for state=visible: No element found for selector: #toast","context":{}}
{"timestamp":"2026-09-25T01:23:08.235Z","level":"warn","message":"[BrowserActionEngine] Action wait_for_selector failed (attempt 1/3): wait_for_selector timed out after 2000ms waiting for state=visible: No element found for selector: #toast","context":{}}
{"timestamp":"2026-09-25T01:23:17.109Z","level":"warn","message":"[BrowserActionEngine] Action wait_for_selector failed (attempt 1/3): wait_for_selector timed out after 0ms waiting for state=visible: No element found for selector: #never","context":{}}
{"timestamp":"2026-09-25T01:23:17.623Z","level":"warn","message":"[BrowserActionEngine] Action wait_for_selector failed (attempt 2/3): wait_for_selector timed out after 0ms waiting for state=visible: No element found for selector: #never","context":{}}
{"timestamp":"2026-09-25T01:23:18.632Z","level":"warn","message":"[BrowserActionEngine] Action wait_for_selector failed (attempt 3/3): wait_for_selector timed out after 0ms waiting for state=visible: No element found for selector: #never","context":{}}
{"timestamp":"2026-09-25T01:23:18.993Z","level":"warn","message":"[BrowserActionEngine] Action wait_for_selector failed (attempt 1/3): wait_for_selector timed out after 0ms waiting for state=visible: 1 element(s) match \"#toast\" and are attached to the DOM, but none is visible (display:none, visibility:hidden, or zero width/height). Pass state \"attached\" if DOM presence is enough.","context":{}}
{"timestamp":"2026-09-25T01:23:19.507Z","level":"warn","message":"[BrowserActionEngine] Action wait_for_selector failed (attempt 2/3): wait_for_selector timed out after 0ms waiting for state=visible: 1 element(s) match \"#toast\" and are attached to the DOM, but none is visible (display:none, visibility:hidden, or zero width/height). Pass state \"attached\" if DOM presence is enough.","context":{}}
{"timestamp":"2026-09-25T01:23:20.853Z","level":"warn","message":"[BrowserActionEngine] Action wait_for_selector failed (attempt 1/3): SyntaxError: Failed to execute 'matches' on 'Element': '#[[[' is not a valid selector.","context":{}}
{"timestamp":"2026-09-25T01:23:21.360Z","level":"warn","message":"[BrowserActionEngine] Action wait_for_selector failed (attempt 2/3): SyntaxError: Failed to execute 'matches' on 'Element': '#[[[' is not a valid selector.","context":{}}
{"timestamp":"2026-09-25T01:23:22.367Z","level":"warn","message":"[BrowserActionEngine] Action wait_for_selector failed (attempt 3/3): SyntaxError: Failed to execute 'matches' on 'Element': '#[[[' is not a valid selector.","context":{}}
{"timestamp":"2026-09-25T01:23:22.388Z","level":"warn","message":"[BrowserActionEngine] Action wait_for_selector failed (attempt 1/3): SyntaxError: Failed to execute 'matches' on 'Element': '#[[[' is not a valid selector.","context":{}}
{"timestamp":"2026-09-25T01:23:22.896Z","level":"warn","message":"[BrowserActionEngine] Action wait_for_selector failed (attempt 2/3): SyntaxError: Failed to execute 'matches' on 'Element': '#[[[' is not a valid selector.","context":{}}
{"timestamp":"2026-09-25T01:23:23.908Z","level":"warn","message":"[BrowserActionEngine] Action wait_for_selector failed (attempt 3/3): SyntaxError: Failed to execute 'matches' on 'Element': '#[[[' is not a valid selector.","context":{}}
{"timestamp":"2026-09-25T01:23:23.945Z","level":"warn","message":"[BrowserActionEngine] Action wait_for_selector failed (attempt 1/3): wait_for_selector failed waiting for state=hidden: SyntaxError: Failed to execute 'matches' on 'Element': '#[[[' is not a valid selector.","context":{}}
{"timestamp":"2026-09-25T01:23:24.458Z","level":"warn","message":"[BrowserActionEngine] Action wait_for_selector failed (attempt 2/3): wait_for_selector failed waiting for state=hidden: SyntaxError: Failed to execute 'matches' on 'Element': '#[[[' is not a valid selector.","context":{}}
{"timestamp":"2026-09-25T01:23:25.472Z","level":"warn","message":"[BrowserActionEngine] Action wait_for_selector failed (attempt 3/3): wait_for_selector failed waiting for state=hidden: SyntaxError: Failed to execute 'matches' on 'Element': '#[[[' is not a valid selector.","context":{}}
