{"timestamp":"2026-09-25T01:20:37.321Z","level":"warn","message":"[BrowserActionEngine] Action wait_for_selector failed (attempt 1/3): wait_for_selector timed out after 2000ms waiting for state=hidden: an element matching \"#stays\" is still visible.","context":{}}
{"timestamp":"2026-09-25T01:20:39.836Z","level":"warn","message":"[BrowserActionEngine] Action wait_for_selector failed (attempt 2/3): wait_for_selector timed out after 2000ms waiting for state=hidden: an element matching \"#stays\" is still visible.","context":{}}
{"timestamp":"2026-09-25T01:20:42.861Z","level":"warn","message":"[BrowserActionEngine] Action wait_for_selector failed (attempt 3/3): wait_for_selector timed out after 2000ms waiting for state=hidden: an element matching \"#stays\" is still visible.","context":{}}
{"timestamp":"2026-09-25T01:20:51.407Z","level":"warn","message":"[BrowserActionEngine] Action wait_for_selector failed (attempt 1/3): wait_for_selector timed out after 2500ms waiting for state=hidden: an element matching \"#stays\" is still visible.","context":{}}
{"timestamp":"2026-09-25T01:20:54.420Z","level":"warn","message":"[BrowserActionEngine] Action wait_for_selector failed (attempt 2/3): wait_for_selector timed out after 2500ms waiting for state=hidden: an element matching \"#stays\" is still visible.","context":{}}
{"timestamp":"2026-09-25T01:20:57.937Z","level":"warn","message":"[BrowserActionEngine] Action wait_for_selector failed (attempt 3/3): wait_for_selector timed out after 2500ms waiting for state=hidden: an element matching \"#stays\" is still visible.","context":{}}
{"timestamp":"2026-09-25T01:21:04.625Z","level":"warn","message":"[BrowserActionEngine] Action wait_for_selector failed (attempt 1/3): wait_for_selector timed out after 2500ms waiting for state=hidden: an element matching \"#stays\" is still visible.","context":{}}
{"timestamp":"2026-09-25T01:21:07.634Z","level":"warn","message":"[BrowserActionEngine] Action wait_for_selector failed (attempt 2/3): wait_for_selector timed out after 2500ms waiting for state=hidden: an element matching \"#stays\" is still visible.","context":{}}
{"timestamp":"2026-09-25T01:21:11.150Z","level":"warn","message":"[BrowserActionEngine] Action wait_for_selector failed (attempt 3/3): wait_for_selector timed out after 2500ms waiting for state=hidden: an element matching \"#stays\" is still visible.","context":{}}
{"timestamp":"2026-09-25T01:21:17.857Z","level":"warn","message":"[BrowserActionEngine] Action wait_for_selector failed (attempt 1/3): wait_for_selector timed out after 2500ms waiting for state=hidden: an element matching \"#stays\" is still visible.","context":{}}
{"timestamp":"2026-09-25T01:21:20.874Z","level":"warn","message":"[BrowserActionEngine] Action wait_for_selector failed (attempt 2/3): wait_for_selector timed out after 2500ms waiting for state=hidden: an element matching \"#stays\" is still visible.","context":{}}
{"timestamp":"2026-09-25T01:21:24.398Z","level":"warn","message":"[BrowserActionEngine] Action wait_for_selector failed (attempt 3/3): wait_for_selector timed out after 2500ms waiting for state=hidden: an element matching \"#stays\" is still visible.","context":{}}
{"timestamp":"2026-09-25T01:21:25.877Z","level":"warn","message":"[BrowserActionEngine] Action wait_for_selector failed (attempt 1/3): Tab was closed while wait_for_selector was checking its state.","context":{}}
{"timestamp":"2026-09-25T01:21:26.378Z","level":"warn","message":"[BrowserActionEngine] Action wait_for_selector failed (attempt 2/3): Tab was closed while wait_for_selector was checking its state.","context":{}}
{"timestamp":"2026-09-25T01:21:27.379Z","level":"warn","message":"[BrowserActionEngine] Action wait_for_selector failed (attempt 3/3): Tab was closed while wait_for_selector was checking its state.","context":{}}
{"timestamp":"2026-09-25T01:21:27.379Z","level":"warn","message":"[BrowserActionEngine] Skipping failure screenshot: Protocol error (Page.captureScreenshot): Session closed. Most likely the page has been closed.","context":{}}
{"timestamp":"2026-09-25T01:21:28.814Z","level":"warn","message":"[BrowserActionEngine] Action wait_for_selector failed (attempt 1/3): wait_for_selector failed waiting for state=hidden: Tab was closed while wait_for_selector was checking its state.","context":{}}
{"timestamp":"2026-09-25T01:21:29.326Z","level":"warn","message":"[BrowserActionEngine] Action wait_for_selector failed (attempt 2/3): wait_for_selector failed waiting for state=hidden: Tab was closed while wait_for_selector was checking its state.","context":{}}
{"timestamp":"2026-09-25T01:21:30.326Z","level":"warn","message":"[BrowserActionEngine] Action wait_for_selector failed (attempt 3/3): wait_for_selector failed waiting for state=hidden: Tab was closed while wait_for_selector was checking its state.","context":{}}
{"timestamp":"2026-09-25T01:21:30.326Z","level":"warn","message":"[BrowserActionEngine] Skipping failure screenshot: Protocol error (Page.captureScreenshot): Session closed. Most likely the page has been closed.","context":{}}
{"timestamp":"2026-09-25T01:21:31.732Z","level":"warn","message":"[BrowserActionEngine] Action wait_for_selector failed (attempt 1/3): Attempted to use detached Frame '439C436A78783C6A0694877D5317AE6A'.","context":{}}
{"timestamp":"2026-09-25T01:21:32.232Z","level":"warn","message":"[BrowserActionEngine] Action wait_for_selector failed (attempt 2/3): Attempted to use detached Frame '439C436A78783C6A0694877D5317AE6A'.","context":{}}
{"timestamp":"2026-09-25T01:21:33.244Z","level":"warn","message":"[BrowserActionEngine] Action wait_for_selector failed (attempt 3/3): Attempted to use detached Frame '439C436A78783C6A0694877D5317AE6A'.","context":{}}
{"timestamp":"2026-09-25T01:21:33.245Z","level":"warn","message":"[BrowserActionEngine] Skipping failure screenshot: Protocol error (Page.captureScreenshot): Session closed. Most likely the page has been closed.","context":{}}
