{"timestamp":"2026-09-25T01:21:38.894Z","level":"info","message":"[BrowserLauncher] Launching browser instance","context":{"executablePath":"C:\\Program Files\\Google\\Chrome\\Application\\chrome.exe","headless":true,"argsCount":11}}
{"timestamp":"2026-09-25T01:21:39.138Z","level":"info","message":"[BrowserSessionManager] Created browser session sess_1790299298894_1","context":{"isIncognito":false}}
{"timestamp":"2026-09-25T01:21:39.800Z","level":"info","message":"[BrowserActionEngine] Executing action wait_for_selector","context":{"tabId":"tab_sess_1790299298894_1_2","selector":"#toast"}}
{"timestamp":"2026-09-25T01:21:40.741Z","level":"info","message":"[BrowserActionEngine] Executing action wait_for_selector","context":{"tabId":"tab_sess_1790299298894_1_1","selector":"#toast"}}
{"timestamp":"2026-09-25T01:21:40.741Z","level":"info","message":"[BrowserActionEngine] Executing action wait_for_selector","context":{"tabId":"tab_sess_1790299298894_1_2","selector":"#toast"}}
RESULT {"id":"c1-concurrent-tabs-A-6-busy-oopifs-B-clean","tabA":{"success":true,"retriesUsed":0,"output":{"foundSelector":"#toast","state":"visible"},"latencyAfterRevealMs":1164},"tabB":{"success":true,"retriesUsed":0,"output":{"foundSelector":"#toast","state":"visible"},"latencyAfterRevealMs":34},"tabBAloneLatencyMs":50}
{"timestamp":"2026-09-25T01:21:49.264Z","level":"info","message":"[BrowserActionEngine] Executing action wait_for_selector","context":{"tabId":"tab_sess_1790299298894_1_1","selector":"#toast"}}
{"timestamp":"2026-09-25T01:21:51.594Z","level":"info","message":"[BrowserActionEngine] Executing action wait_for_selector","context":{"tabId":"tab_sess_1790299298894_1_1","selector":"#toast"}}
{"timestamp":"2026-09-25T01:21:53.930Z","level":"info","message":"[BrowserActionEngine] Executing action wait_for_selector","context":{"tabId":"tab_sess_1790299298894_1_1","selector":"#toast"}}
{"timestamp":"2026-09-25T01:21:56.274Z","level":"info","message":"[BrowserActionEngine] Executing action wait_for_selector","context":{"tabId":"tab_sess_1790299298894_1_1","selector":"#toast"}}
{"timestamp":"2026-09-25T01:21:58.613Z","level":"info","message":"[BrowserActionEngine] Executing action wait_for_selector","context":{"tabId":"tab_sess_1790299298894_1_1","selector":"#toast"}}
{"timestamp":"2026-09-25T01:22:00.954Z","level":"info","message":"[BrowserActionEngine] Executing action wait_for_selector","context":{"tabId":"tab_sess_1790299298894_1_1","selector":"#toast"}}
RESULT {"id":"b1-reveal-at-1990ms-of-2000ms (0 busy oopifs)","rows":[{"success":true,"retriesUsed":0,"shownRelMs":2003,"totalMs":2006},{"success":true,"retriesUsed":0,"shownRelMs":2005,"totalMs":2010},{"success":true,"retriesUsed":0,"shownRelMs":1998,"totalMs":2016},{"success":true,"retriesUsed":0,"shownRelMs":1995,"totalMs":2013},{"success":true,"retriesUsed":0,"shownRelMs":1998,"totalMs":2017},{"success":true,"retriesUsed":0,"shownRelMs":2000,"totalMs":2018}]}
{"timestamp":"2026-09-25T01:22:03.311Z","level":"info","message":"[BrowserActionEngine] Executing action wait_for_selector","context":{"tabId":"tab_sess_1790299298894_1_1","selector":"#toast"}}
{"timestamp":"2026-09-25T01:22:15.592Z","level":"info","message":"[BrowserActionEngine] Executing action wait_for_selector","context":{"tabId":"tab_sess_1790299298894_1_1","selector":"#toast"}}
{"timestamp":"2026-09-25T01:22:27.880Z","level":"info","message":"[BrowserActionEngine] Executing action wait_for_selector","context":{"tabId":"tab_sess_1790299298894_1_1","selector":"#toast"}}
{"timestamp":"2026-09-25T01:22:40.187Z","level":"info","message":"[BrowserActionEngine] Executing action wait_for_selector","context":{"tabId":"tab_sess_1790299298894_1_1","selector":"#toast"}}
{"timestamp":"2026-09-25T01:22:52.480Z","level":"info","message":"[BrowserActionEngine] Executing action wait_for_selector","context":{"tabId":"tab_sess_1790299298894_1_1","selector":"#toast"}}
{"timestamp":"2026-09-25T01:23:04.776Z","level":"info","message":"[BrowserActionEngine] Executing action wait_for_selector","context":{"tabId":"tab_sess_1790299298894_1_1","selector":"#toast"}}
RESULT {"id":"b1-reveal-at-1990ms-of-2000ms (2 busy oopifs)","rows":[{"success":true,"retriesUsed":1,"shownRelMs":1995,"totalMs":3929},{"success":true,"retriesUsed":1,"shownRelMs":2003,"totalMs":3933},{"success":true,"retriesUsed":1,"shownRelMs":2002,"totalMs":3954},{"success":true,"retriesUsed":1,"shownRelMs":2006,"totalMs":3946},{"success":true,"retriesUsed":1,"shownRelMs":1993,"totalMs":3951},{"success":true,"retriesUsed":1,"shownRelMs":2003,"totalMs":3967}]}
{"timestamp":"2026-09-25T01:23:17.090Z","level":"info","message":"[BrowserActionEngine] Executing action wait_for_selector","context":{"tabId":"tab_sess_1790299298894_1_1","selector":"#never"}}
RESULT {"id":"r1-timeout0-never-visible","expected":"fails immediately, no retry","success":false,"retriesUsed":2,"error":"wait_for_selector timed out after 0ms waiting for state=visible: No element found for selector: #never","totalMs":1561}
{"timestamp":"2026-09-25T01:23:18.983Z","level":"info","message":"[BrowserActionEngine] Executing action wait_for_selector","context":{"tabId":"tab_sess_1790299298894_1_1","selector":"#toast"}}
RESULT {"id":"r1-timeout0-toast-revealed-at-700ms","expected":"documented: check once -> success:false","success":true,"retriesUsed":2,"output":{"foundSelector":"#toast","state":"visible"},"totalMs":1530}
{"timestamp":"2026-09-25T01:23:20.847Z","level":"info","message":"[BrowserActionEngine] Executing action wait_for_selector","context":{"tabId":"tab_sess_1790299298894_1_1","selector":"#[[["}}
RESULT {"id":"s1-invalid-selector-attached","success":false,"retriesUsed":2,"error":"SyntaxError: Failed to execute 'matches' on 'Element': '#[[[' is not a valid selector.","totalMs":1540}
{"timestamp":"2026-09-25T01:23:22.387Z","level":"info","message":"[BrowserActionEngine] Executing action wait_for_selector","context":{"tabId":"tab_sess_1790299298894_1_1","selector":"#[[["}}
RESULT {"id":"s1-invalid-selector-visible","success":false,"retriesUsed":2,"error":"SyntaxError: Failed to execute 'matches' on 'Element': '#[[[' is not a valid selector.","totalMs":1550}
{"timestamp":"2026-09-25T01:23:23.937Z","level":"info","message":"[BrowserActionEngine] Executing action wait_for_selector","context":{"tabId":"tab_sess_1790299298894_1_1","selector":"#[[["}}
RESULT {"id":"s1-invalid-selector-hidden","success":false,"retriesUsed":2,"error":"wait_for_selector failed waiting for state=hidden: SyntaxError: Failed to execute 'matches' on 'Element': '#[[[' is not a valid selector.","totalMs":1547}
RESULT {"id":"s1-timeout-NaN-visible","sel":"#never","success":false,"retriesUsed":0,"error":"Invalid timeoutMs (NaN) for action \"wait_for_selector\" — timeoutMs must be a finite number of milliseconds (NaN and Infinity are rejected, not silently reinterpreted).","totalMs":1}
RESULT {"id":"s1-timeout-NaN-attached","sel":"#never","success":false,"retriesUsed":0,"error":"Invalid timeoutMs (NaN) for action \"wait_for_selector\" — timeoutMs must be a finite number of milliseconds (NaN and Infinity are rejected, not silently reinterpreted).","totalMs":0}
RESULT {"id":"s1-timeout-NaN-hidden","sel":"#never","success":false,"retriesUsed":0,"error":"Invalid timeoutMs (NaN) for action \"wait_for_selector\" — timeoutMs must be a finite number of milliseconds (NaN and Infinity are rejected, not silently reinterpreted).","totalMs":0}
RESULT {"id":"s1-timeout-Infinity-visible","sel":"#never","success":false,"retriesUsed":0,"error":"Invalid timeoutMs (Infinity) for action \"wait_for_selector\" — timeoutMs must be a finite number of milliseconds (NaN and Infinity are rejected, not silently reinterpreted).","totalMs":0}
RESULT {"id":"s1-timeout-Infinity-attached","sel":"#never","success":false,"retriesUsed":0,"error":"Invalid timeoutMs (Infinity) for action \"wait_for_selector\" — timeoutMs must be a finite number of milliseconds (NaN and Infinity are rejected, not silently reinterpreted).","totalMs":0}
RESULT {"id":"s1-timeout-Infinity-hidden","sel":"#never","success":false,"retriesUsed":0,"error":"Invalid timeoutMs (Infinity) for action \"wait_for_selector\" — timeoutMs must be a finite number of milliseconds (NaN and Infinity are rejected, not silently reinterpreted).","totalMs":0}
RESULT {"id":"s1-timeout--Infinity-visible","sel":"#never","success":false,"retriesUsed":0,"error":"Invalid timeoutMs (-Infinity) for action \"wait_for_selector\" — timeoutMs must be a finite number of milliseconds (NaN and Infinity are rejected, not silently reinterpreted).","totalMs":0}
RESULT {"id":"s1-timeout--Infinity-attached","sel":"#never","success":false,"retriesUsed":0,"error":"Invalid timeoutMs (-Infinity) for action \"wait_for_selector\" — timeoutMs must be a finite number of milliseconds (NaN and Infinity are rejected, not silently reinterpreted).","totalMs":0}
RESULT {"id":"s1-timeout--Infinity-hidden","sel":"#never","success":false,"retriesUsed":0,"error":"Invalid timeoutMs (-Infinity) for action \"wait_for_selector\" — timeoutMs must be a finite number of milliseconds (NaN and Infinity are rejected, not silently reinterpreted).","totalMs":0}
{"timestamp":"2026-09-25T01:23:25.485Z","level":"info","message":"[BrowserActionEngine] Executing action wait_for_selector","context":{"tabId":"tab_sess_1790299298894_1_1","selector":"#stays"}}
RESULT {"id":"s1-timeout-2^31-visible","sel":"#stays","success":true,"retriesUsed":0,"output":{"foundSelector":"#stays","state":"visible"},"totalMs":3}
{"timestamp":"2026-09-25T01:23:25.488Z","level":"info","message":"[BrowserActionEngine] Executing action wait_for_selector","context":{"tabId":"tab_sess_1790299298894_1_1","selector":"#stays"}}
RESULT {"id":"s1-timeout-2^31-attached","sel":"#stays","success":true,"retriesUsed":0,"output":{"foundSelector":"#stays","state":"attached"},"totalMs":6}
{"timestamp":"2026-09-25T01:23:25.494Z","level":"info","message":"[BrowserActionEngine] Executing action wait_for_selector","context":{"tabId":"tab_sess_1790299298894_1_1","selector":"#nomatch"}}
RESULT {"id":"s1-timeout-2^31-hidden","sel":"#nomatch","success":true,"retriesUsed":0,"output":{"foundSelector":"#nomatch","state":"hidden","matchedAtStart":false},"totalMs":9}
{"timestamp":"2026-09-25T01:23:25.503Z","level":"info","message":"[BrowserActionEngine] Executing action wait_for_selector","context":{"tabId":"tab_sess_1790299298894_1_1","selector":"#stays"}}
RESULT {"id":"s1-timeout-1e308-visible","sel":"#stays","success":true,"retriesUsed":0,"output":{"foundSelector":"#stays","state":"visible"},"totalMs":4}
{"timestamp":"2026-09-25T01:23:25.507Z","level":"info","message":"[BrowserActionEngine] Executing action wait_for_selector","context":{"tabId":"tab_sess_1790299298894_1_1","selector":"#stays"}}
RESULT {"id":"s1-timeout-1e308-attached","sel":"#stays","success":true,"retriesUsed":0,"output":{"foundSelector":"#stays","state":"attached"},"totalMs":4}
{"timestamp":"2026-09-25T01:23:25.511Z","level":"info","message":"[BrowserActionEngine] Executing action wait_for_selector","context":{"tabId":"tab_sess_1790299298894_1_1","selector":"#nomatch"}}
RESULT {"id":"s1-timeout-1e308-hidden","sel":"#nomatch","success":true,"retriesUsed":0,"output":{"foundSelector":"#nomatch","state":"hidden","matchedAtStart":false},"totalMs":8}
{"timestamp":"2026-09-25T01:23:25.681Z","level":"info","message":"[BrowserSession] Closed session sess_1790299298894_1","context":{"reason":"Runtime shutdown"}}
{"timestamp":"2026-09-25T01:23:25.681Z","level":"info","message":"[BrowserSessionManager] Closed session sess_1790299298894_1","context":{"reason":"Runtime shutdown"}}
