{"timestamp":"2026-09-25T01:18:07.324Z","level":"info","message":"[BrowserLauncher] Launching browser instance","context":{"executablePath":"C:\\Program Files\\Google\\Chrome\\Application\\chrome.exe","headless":true,"argsCount":11}}
{"timestamp":"2026-09-25T01:18:07.560Z","level":"info","message":"[BrowserSessionManager] Created browser session sess_1790299087324_1","context":{"isIncognito":false}}
{"timestamp":"2026-09-25T01:18:08.007Z","level":"info","message":"[BrowserActionEngine] Executing action wait_for_selector","context":{"tabId":"tab_sess_1790299087324_1_1","selector":"#toast"}}
{"timestamp":"2026-09-25T01:18:08.888Z","level":"info","message":"[BrowserActionEngine] Executing action wait_for_selector","context":{"tabId":"tab_sess_1790299087324_1_1","selector":"#toast"}}
{"timestamp":"2026-09-25T01:18:09.775Z","level":"info","message":"[BrowserActionEngine] Executing action wait_for_selector","context":{"tabId":"tab_sess_1790299087324_1_1","selector":"#toast"}}
{"timestamp":"2026-09-25T01:18:10.659Z","level":"info","message":"[BrowserActionEngine] Executing action wait_for_selector","context":{"tabId":"tab_sess_1790299087324_1_1","selector":"#toast"}}
{"timestamp":"2026-09-25T01:18:11.527Z","level":"info","message":"[BrowserActionEngine] Executing action wait_for_selector","context":{"tabId":"tab_sess_1790299087324_1_1","selector":"#toast"}}
{"timestamp":"2026-09-25T01:18:12.391Z","level":"info","message":"[BrowserActionEngine] Executing action wait_for_selector","context":{"tabId":"tab_sess_1790299087324_1_1","selector":"#toast"}}
{"timestamp":"2026-09-25T01:18:13.268Z","level":"info","message":"[BrowserActionEngine] Executing action wait_for_selector","context":{"tabId":"tab_sess_1790299087324_1_1","selector":"#toast"}}
{"timestamp":"2026-09-25T01:18:14.140Z","level":"info","message":"[BrowserActionEngine] Executing action wait_for_selector","context":{"tabId":"tab_sess_1790299087324_1_1","selector":"#toast"}}
RESULT {"id":"v0-baseline-nonbusy-0-healthy-iframes","latenciesMs":[49,50,50,32,34,32,32,34]}
{"timestamp":"2026-09-25T01:18:15.057Z","level":"info","message":"[BrowserActionEngine] Executing action wait_for_selector","context":{"tabId":"tab_sess_1790299087324_1_1","selector":"#toast"}}
{"timestamp":"2026-09-25T01:18:15.900Z","level":"info","message":"[BrowserActionEngine] Executing action wait_for_selector","context":{"tabId":"tab_sess_1790299087324_1_1","selector":"#toast"}}
{"timestamp":"2026-09-25T01:18:16.789Z","level":"info","message":"[BrowserActionEngine] Executing action wait_for_selector","context":{"tabId":"tab_sess_1790299087324_1_1","selector":"#toast"}}
{"timestamp":"2026-09-25T01:18:17.680Z","level":"info","message":"[BrowserActionEngine] Executing action wait_for_selector","context":{"tabId":"tab_sess_1790299087324_1_1","selector":"#toast"}}
{"timestamp":"2026-09-25T01:18:18.570Z","level":"info","message":"[BrowserActionEngine] Executing action wait_for_selector","context":{"tabId":"tab_sess_1790299087324_1_1","selector":"#toast"}}
{"timestamp":"2026-09-25T01:18:19.478Z","level":"info","message":"[BrowserActionEngine] Executing action wait_for_selector","context":{"tabId":"tab_sess_1790299087324_1_1","selector":"#toast"}}
{"timestamp":"2026-09-25T01:18:20.367Z","level":"info","message":"[BrowserActionEngine] Executing action wait_for_selector","context":{"tabId":"tab_sess_1790299087324_1_1","selector":"#toast"}}
{"timestamp":"2026-09-25T01:18:21.267Z","level":"info","message":"[BrowserActionEngine] Executing action wait_for_selector","context":{"tabId":"tab_sess_1790299087324_1_1","selector":"#toast"}}
RESULT {"id":"v0-baseline-nonbusy-1-healthy-iframes","latenciesMs":[4,34,35,49,64,47,48,32]}
{"timestamp":"2026-09-25T01:18:52.199Z","level":"info","message":"[BrowserActionEngine] Executing action wait_for_selector","context":{"tabId":"tab_sess_1790299087324_1_1","selector":"#toast"}}
{"timestamp":"2026-09-25T01:19:23.326Z","level":"info","message":"[BrowserActionEngine] Executing action wait_for_selector","context":{"tabId":"tab_sess_1790299087324_1_1","selector":"#toast"}}
{"timestamp":"2026-09-25T01:19:24.455Z","level":"info","message":"[BrowserActionEngine] Executing action wait_for_selector","context":{"tabId":"tab_sess_1790299087324_1_1","selector":"#toast"}}
{"timestamp":"2026-09-25T01:19:25.372Z","level":"info","message":"[BrowserActionEngine] Executing action wait_for_selector","context":{"tabId":"tab_sess_1790299087324_1_1","selector":"#toast"}}
{"timestamp":"2026-09-25T01:19:26.317Z","level":"info","message":"[BrowserActionEngine] Executing action wait_for_selector","context":{"tabId":"tab_sess_1790299087324_1_1","selector":"#toast"}}
{"timestamp":"2026-09-25T01:19:27.235Z","level":"info","message":"[BrowserActionEngine] Executing action wait_for_selector","context":{"tabId":"tab_sess_1790299087324_1_1","selector":"#toast"}}
{"timestamp":"2026-09-25T01:19:28.147Z","level":"info","message":"[BrowserActionEngine] Executing action wait_for_selector","context":{"tabId":"tab_sess_1790299087324_1_1","selector":"#toast"}}
{"timestamp":"2026-09-25T01:19:29.090Z","level":"info","message":"[BrowserActionEngine] Executing action wait_for_selector","context":{"tabId":"tab_sess_1790299087324_1_1","selector":"#toast"}}
RESULT {"id":"v0-baseline-nonbusy-4-healthy-iframes","latenciesMs":[251,267,49,79,49,48,67,80]}
{"timestamp":"2026-09-25T01:19:30.024Z","level":"info","message":"[BrowserActionEngine] Executing action wait_for_selector","context":{"tabId":"tab_sess_1790299087324_1_1","selector":"#toast"}}
RESULT {"id":"v1-visible-main-toast-1-busy-oopifs","oopifs":1,"busyMs":6000,"success":true,"retriesUsed":0,"output":{"foundSelector":"#toast","state":"visible"},"totalMs":753,"latencyAfterRevealMs":239}
{"timestamp":"2026-09-25T01:19:37.431Z","level":"info","message":"[BrowserActionEngine] Executing action wait_for_selector","context":{"tabId":"tab_sess_1790299087324_1_1","selector":"#toast"}}
RESULT {"id":"v1-visible-main-toast-4-busy-oopifs","oopifs":4,"busyMs":6000,"success":true,"retriesUsed":0,"output":{"foundSelector":"#toast","state":"visible"},"totalMs":1168,"latencyAfterRevealMs":658}
{"timestamp":"2026-09-25T01:19:45.312Z","level":"info","message":"[BrowserActionEngine] Executing action wait_for_selector","context":{"tabId":"tab_sess_1790299087324_1_1","selector":"#toast"}}
RESULT {"id":"v1-visible-main-toast-8-busy-oopifs","oopifs":8,"busyMs":6000,"success":true,"retriesUsed":0,"output":{"foundSelector":"#toast","state":"visible"},"totalMs":2203,"latencyAfterRevealMs":1687}
{"timestamp":"2026-09-25T01:19:54.215Z","level":"info","message":"[BrowserActionEngine] Executing action wait_for_selector","context":{"tabId":"tab_sess_1790299087324_1_1","selector":"#never"}}
RESULT {"id":"v2-never-10-busy-oopifs-timeout1000","oopifs":10,"success":false,"retriesUsed":2,"error":"Action wait_for_selector timed out after 3000ms","totalMs":12380,"genericOuterMessage":true}
{"timestamp":"2026-09-25T01:20:18.947Z","level":"info","message":"[BrowserActionEngine] Executing action wait_for_selector","context":{"tabId":"tab_sess_1790299087324_1_1","selector":"#late"}}
RESULT {"id":"v3-recovering-oopif-reveals-after-3s-busy (1 busy)","success":true,"retriesUsed":0,"output":{"foundSelector":"#late","state":"visible"},"totalMs":3008,"latencyAfterRevealMs":7}
{"timestamp":"2026-09-25T01:20:22.809Z","level":"info","message":"[BrowserActionEngine] Executing action wait_for_selector","context":{"tabId":"tab_sess_1790299087324_1_1","selector":"#late"}}
RESULT {"id":"v3-recovering-oopif-reveals-after-3s-busy (3 busy)","success":true,"retriesUsed":0,"output":{"foundSelector":"#late","state":"visible"},"totalMs":3116,"latencyAfterRevealMs":117}
{"timestamp":"2026-09-25T01:20:26.600Z","level":"info","message":"[BrowserSession] Closed session sess_1790299087324_1","context":{"reason":"Runtime shutdown"}}
{"timestamp":"2026-09-25T01:20:26.601Z","level":"info","message":"[BrowserSessionManager] Closed session sess_1790299087324_1","context":{"reason":"Runtime shutdown"}}
