{"timestamp":"2026-09-25T01:20:34.540Z","level":"info","message":"[BrowserLauncher] Launching browser instance","context":{"executablePath":"C:\\Program Files\\Google\\Chrome\\Application\\chrome.exe","headless":true,"argsCount":11}}
{"timestamp":"2026-09-25T01:20:34.790Z","level":"info","message":"[BrowserSessionManager] Created browser session sess_1790299234539_1","context":{"isIncognito":false}}
{"timestamp":"2026-09-25T01:20:35.300Z","level":"info","message":"[BrowserActionEngine] Executing action wait_for_selector","context":{"tabId":"tab_sess_1790299234539_1_1","selector":"#stays"}}
RESULT {"id":"d1-hidden-stays-one-iframe-detached-mid-wait","expected":"success:false, \"still visible\"","success":false,"retriesUsed":2,"error":"wait_for_selector timed out after 2000ms waiting for state=hidden: an element matching \"#stays\" is still visible.","totalMs":7573,"stillVisible":true}
{"timestamp":"2026-09-25T01:20:43.203Z","level":"info","message":"[BrowserActionEngine] Executing action wait_for_selector","context":{"tabId":"tab_sess_1790299234539_1_1","selector":"#toast"}}
RESULT {"id":"d2-visible-toast-one-iframe-detached-mid-wait","expected":"success:true retriesUsed 0","success":true,"retriesUsed":0,"output":{"foundSelector":"#toast","state":"visible"},"totalMs":1547}
{"timestamp":"2026-09-25T01:20:45.076Z","level":"info","message":"[BrowserActionEngine] Executing action wait_for_selector","context":{"tabId":"tab_sess_1790299234539_1_1","selector":"#toast"}}
RESULT {"id":"d3-visible-toast-with-self-reloading-iframe rep0","expected":"success:true retriesUsed 0","success":true,"retriesUsed":0,"output":{"foundSelector":"#toast","state":"visible"},"totalMs":1575}
{"timestamp":"2026-09-25T01:20:46.984Z","level":"info","message":"[BrowserActionEngine] Executing action wait_for_selector","context":{"tabId":"tab_sess_1790299234539_1_1","selector":"#banner"}}
RESULT {"id":"d3-hidden-banner-with-self-reloading-iframe rep0","expected":"success:true retriesUsed 0","success":true,"retriesUsed":0,"output":{"foundSelector":"#banner","state":"hidden","matchedAtStart":true},"totalMs":1567}
{"timestamp":"2026-09-25T01:20:48.885Z","level":"info","message":"[BrowserActionEngine] Executing action wait_for_selector","context":{"tabId":"tab_sess_1790299234539_1_1","selector":"#stays"}}
RESULT {"id":"d3-hidden-stays-with-self-reloading-iframe rep0","expected":"success:false still visible","success":false,"retriesUsed":2,"error":"wait_for_selector timed out after 2500ms waiting for state=hidden: an element matching \"#stays\" is still visible.","totalMs":9074}
{"timestamp":"2026-09-25T01:20:58.285Z","level":"info","message":"[BrowserActionEngine] Executing action wait_for_selector","context":{"tabId":"tab_sess_1790299234539_1_1","selector":"#toast"}}
RESULT {"id":"d3-visible-toast-with-self-reloading-iframe rep1","expected":"success:true retriesUsed 0","success":true,"retriesUsed":0,"output":{"foundSelector":"#toast","state":"visible"},"totalMs":1602}
{"timestamp":"2026-09-25T01:21:00.222Z","level":"info","message":"[BrowserActionEngine] Executing action wait_for_selector","context":{"tabId":"tab_sess_1790299234539_1_1","selector":"#banner"}}
RESULT {"id":"d3-hidden-banner-with-self-reloading-iframe rep1","expected":"success:true retriesUsed 0","success":true,"retriesUsed":0,"output":{"foundSelector":"#banner","state":"hidden","matchedAtStart":true},"totalMs":1562}
{"timestamp":"2026-09-25T01:21:02.111Z","level":"info","message":"[BrowserActionEngine] Executing action wait_for_selector","context":{"tabId":"tab_sess_1790299234539_1_1","selector":"#stays"}}
RESULT {"id":"d3-hidden-stays-with-self-reloading-iframe rep1","expected":"success:false still visible","success":false,"retriesUsed":2,"error":"wait_for_selector timed out after 2500ms waiting for state=hidden: an element matching \"#stays\" is still visible.","totalMs":9062}
{"timestamp":"2026-09-25T01:21:11.502Z","level":"info","message":"[BrowserActionEngine] Executing action wait_for_selector","context":{"tabId":"tab_sess_1790299234539_1_1","selector":"#toast"}}
RESULT {"id":"d3-visible-toast-with-self-reloading-iframe rep2","expected":"success:true retriesUsed 0","success":true,"retriesUsed":0,"output":{"foundSelector":"#toast","state":"visible"},"totalMs":1605}
{"timestamp":"2026-09-25T01:21:13.432Z","level":"info","message":"[BrowserActionEngine] Executing action wait_for_selector","context":{"tabId":"tab_sess_1790299234539_1_1","selector":"#banner"}}
RESULT {"id":"d3-hidden-banner-with-self-reloading-iframe rep2","expected":"success:true retriesUsed 0","success":true,"retriesUsed":0,"output":{"foundSelector":"#banner","state":"hidden","matchedAtStart":true},"totalMs":1564}
{"timestamp":"2026-09-25T01:21:15.332Z","level":"info","message":"[BrowserActionEngine] Executing action wait_for_selector","context":{"tabId":"tab_sess_1790299234539_1_1","selector":"#stays"}}
RESULT {"id":"d3-hidden-stays-with-self-reloading-iframe rep2","expected":"success:false still visible","success":false,"retriesUsed":2,"error":"wait_for_selector timed out after 2500ms waiting for state=hidden: an element matching \"#stays\" is still visible.","totalMs":9108}
{"timestamp":"2026-09-25T01:21:24.999Z","level":"info","message":"[BrowserActionEngine] Executing action wait_for_selector","context":{"tabId":"tab_sess_1790299234539_1_2","selector":"#never"}}
RESULT {"id":"d4-visible-tab-closed-mid-wait (1 iframe)","expected":"success:false","success":false,"retriesUsed":2,"error":"Tab was closed while wait_for_selector was checking its state.","totalMs":2380}
{"timestamp":"2026-09-25T01:21:27.947Z","level":"info","message":"[BrowserActionEngine] Executing action wait_for_selector","context":{"tabId":"tab_sess_1790299234539_1_3","selector":"#stays"}}
RESULT {"id":"d4-hidden-tab-closed-mid-wait (1 iframe)","expected":"success:false","success":false,"retriesUsed":2,"error":"wait_for_selector failed waiting for state=hidden: Tab was closed while wait_for_selector was checking its state.","totalMs":2379}
{"timestamp":"2026-09-25T01:21:30.904Z","level":"info","message":"[BrowserActionEngine] Executing action wait_for_selector","context":{"tabId":"tab_sess_1790299234539_1_4","selector":"#never"}}
RESULT {"id":"d4-attached-tab-closed-mid-wait (1 iframe)","expected":"success:false","success":false,"retriesUsed":2,"error":"Attempted to use detached Frame '439C436A78783C6A0694877D5317AE6A'.","totalMs":2341}
{"timestamp":"2026-09-25T01:21:33.394Z","level":"info","message":"[BrowserSession] Closed session sess_1790299234539_1","context":{"reason":"Runtime shutdown"}}
{"timestamp":"2026-09-25T01:21:33.394Z","level":"info","message":"[BrowserSessionManager] Closed session sess_1790299234539_1","context":{"reason":"Runtime shutdown"}}
