[fixed-rejected] dot trial 1
[fixed-rejected] dot trial 2
[fixed-rejected] dot trial 3
[fixed-rejected] dot trial 4
[fixed-rejected] dot trial 5
[fixed-rejected] dot trial 6
[fixed-rejected] dot trial 7
[fixed-rejected] dot trial 8
[fixed-rejected] dot trial 9
[fixed-rejected] dot trial 10
[fixed-rejected] space trial 1
[fixed-rejected] space trial 2
[fixed-rejected] space trial 3
[fixed-rejected] space trial 4
[fixed-rejected] space trial 5
[fixed-rejected] space trial 6
[fixed-rejected] space trial 7
[fixed-rejected] space trial 8
[fixed-rejected] space trial 9
[fixed-rejected] space trial 10
[fixed-rejected] anywhere trial 1
[fixed-rejected] anywhere trial 2
[fixed-rejected] anywhere trial 3
[fixed-rejected] anywhere trial 4
[fixed-rejected] anywhere trial 5
[fixed-rejected] anywhere trial 6
[fixed-rejected] anywhere trial 7
[fixed-rejected] anywhere trial 8
[fixed-rejected] anywhere trial 9
[fixed-rejected] anywhere trial 10

=== SUMMARY ===
dot: fixed=10/10 escaped=0/10 other=0/10
space: fixed=10/10 escaped=0/10 other=0/10
anywhere: fixed=10/10 escaped=0/10 other=0/10
