{"timestamp":"2026-09-28T00:33:54.771Z","level":"info","message":"[BrowserLauncher] Launching browser instance","context":{"executablePath":"C:\\Program Files\\Google\\Chrome\\Application\\chrome.exe","headless":true,"argsCount":11}}
{"timestamp":"2026-09-28T00:33:55.015Z","level":"info","message":"[BrowserSessionManager] Created browser session sess_1790555634770_1","context":{"isIncognito":false}}
{"timestamp":"2026-09-28T00:34:02.562Z","level":"info","message":"[BrowserSession] Closed session sess_1790555634770_1","context":{"reason":"Runtime shutdown"}}
{"timestamp":"2026-09-28T00:34:02.562Z","level":"info","message":"[BrowserSessionManager] Closed session sess_1790555634770_1","context":{"reason":"Runtime shutdown"}}
{
 "hash-only-x3": {
  "own404Kept": "3/3",
  "coversTrue": "3/3"
 },
 "push-only-x3": {
  "own404Kept": "3/3",
  "coversTrue": "3/3"
 },
 "replace-only-x3": {
  "own404Kept": "3/3",
  "coversTrue": "3/3"
 },
 "push-samepath-x3": {
  "own404Kept": "3/3",
  "coversTrue": "3/3"
 },
 "hash+push+replace-x3": {
  "own404Kept": "3/3",
  "coversTrue": "3/3"
 },
 "hash+push+replace-x1": {
  "own404Kept": "3/3",
  "coversTrue": "3/3"
 }
}
