{"timestamp":"2026-09-28T00:34:20.950Z","level":"info","message":"[BrowserLauncher] Launching browser instance","context":{"executablePath":"C:\\Program Files\\Google\\Chrome\\Application\\chrome.exe","headless":true,"argsCount":11}}
{"timestamp":"2026-09-28T00:34:21.167Z","level":"info","message":"[BrowserSessionManager] Created browser session sess_1790555660949_1","context":{"isIncognito":false}}
{"timestamp":"2026-09-28T00:40:20.683Z","level":"info","message":"[BrowserSession] Closed session sess_1790555660949_1","context":{"reason":"Runtime shutdown"}}
{"timestamp":"2026-09-28T00:40:20.683Z","level":"info","message":"[BrowserSessionManager] Closed session sess_1790555660949_1","context":{"reason":"Runtime shutdown"}}
{
 "url": {
  "hash-404": "5/5",
  "replaceState-404": "5/5",
  "emptybody-404": "5/5",
  "emptybody-500": "5/5",
  "control-own404": "5/5",
  "control-ok": "5/5",
  "a-302-then-replaceState-404": "5/5",
  "a-302-then-hash-404": "5/5",
  "a-302-then-replaceState-200": "5/5",
  "a-js200-to-hash404": "5/5",
  "a-js404-to-200": "5/5",
  "b-slow-body-404": "5/5",
  "b-5MB-body-404": "5/5",
  "b-slow-headers-500": "5/5",
  "c-302>500(js)>302>200": "5/5",
  "c-302>500(js)>302>404": "5/5",
  "subframe-emptybody-404": "5/5"
 },
 "cur": {
  "hash-404": "0/5",
  "replaceState-404": "0/5",
  "emptybody-404": "0/5",
  "emptybody-500": "0/5",
  "control-own404": "5/5",
  "control-ok": "5/5",
  "a-302-then-replaceState-404": "0/5",
  "a-302-then-hash-404": "0/5",
  "a-302-then-replaceState-200": "5/5",
  "a-js200-to-hash404": "5/5",
  "a-js404-to-200": "5/5",
  "b-slow-body-404": "5/5",
  "b-5MB-body-404": "5/5",
  "b-slow-headers-500": "5/5",
  "c-302>500(js)>302>200": "5/5",
  "c-302>500(js)>302>404": "5/5",
  "subframe-emptybody-404": "5/5"
 },
 "cur-after-404": {
  "hash-404": "5/5",
  "replaceState-404": "5/5",
  "emptybody-404": "5/5",
  "emptybody-500": "5/5",
  "control-own404": "5/5",
  "control-ok": "5/5",
  "a-302-then-replaceState-404": "5/5",
  "a-302-then-hash-404": "5/5",
  "a-302-then-replaceState-200": "5/5",
  "a-js200-to-hash404": "5/5",
  "a-js404-to-200": "5/5",
  "b-slow-body-404": "5/5",
  "b-5MB-body-404": "5/5",
  "b-slow-headers-500": "5/5",
  "c-302>500(js)>302>200": "5/5",
  "c-302>500(js)>302>404": "5/5",
  "subframe-emptybody-404": "5/5"
 }
}
