{"timestamp":"2026-09-28T00:26:20.264Z","level":"info","message":"[BrowserLauncher] Launching browser instance","context":{"executablePath":"C:\\Program Files\\Google\\Chrome\\Application\\chrome.exe","headless":true,"argsCount":11}}
{"timestamp":"2026-09-28T00:26:20.464Z","level":"info","message":"[BrowserSessionManager] Created browser session sess_1790555180264_1","context":{"isIncognito":false}}
{"timestamp":"2026-09-28T00:26:22.100Z","level":"info","message":"[BrowserActionEngine] Executing action click","context":{"tabId":"tab_sess_1790555180264_1_4","selector":"#l"}}
{"timestamp":"2026-09-28T00:26:30.481Z","level":"info","message":"[BrowserActionEngine] Executing action click","context":{"tabId":"tab_sess_1790555180264_1_11","selector":"#l"}}
{"timestamp":"2026-09-28T00:26:38.967Z","level":"info","message":"[BrowserActionEngine] Executing action click","context":{"tabId":"tab_sess_1790555180264_1_18","selector":"#l"}}
{"timestamp":"2026-09-28T00:26:47.354Z","level":"info","message":"[BrowserActionEngine] Executing action click","context":{"tabId":"tab_sess_1790555180264_1_25","selector":"#l"}}
{"timestamp":"2026-09-28T00:26:55.792Z","level":"info","message":"[BrowserActionEngine] Executing action click","context":{"tabId":"tab_sess_1790555180264_1_32","selector":"#l"}}
{"timestamp":"2026-09-28T00:27:04.267Z","level":"info","message":"[BrowserActionEngine] Executing action click","context":{"tabId":"tab_sess_1790555180264_1_39","selector":"#l"}}
{"timestamp":"2026-09-28T00:27:12.686Z","level":"info","message":"[BrowserActionEngine] Executing action click","context":{"tabId":"tab_sess_1790555180264_1_46","selector":"#l"}}
{"timestamp":"2026-09-28T00:27:21.183Z","level":"info","message":"[BrowserActionEngine] Executing action click","context":{"tabId":"tab_sess_1790555180264_1_53","selector":"#l"}}
{"timestamp":"2026-09-28T00:27:29.608Z","level":"info","message":"[BrowserActionEngine] Executing action click","context":{"tabId":"tab_sess_1790555180264_1_60","selector":"#l"}}
{"timestamp":"2026-09-28T00:27:38.000Z","level":"info","message":"[BrowserActionEngine] Executing action click","context":{"tabId":"tab_sess_1790555180264_1_67","selector":"#l"}}
{"timestamp":"2026-09-28T00:27:46.488Z","level":"info","message":"[BrowserActionEngine] Executing action click","context":{"tabId":"tab_sess_1790555180264_1_74","selector":"#l"}}
{"timestamp":"2026-09-28T00:27:54.962Z","level":"info","message":"[BrowserActionEngine] Executing action click","context":{"tabId":"tab_sess_1790555180264_1_81","selector":"#l"}}
{"timestamp":"2026-09-28T00:28:03.363Z","level":"info","message":"[BrowserActionEngine] Executing action click","context":{"tabId":"tab_sess_1790555180264_1_88","selector":"#l"}}
{"timestamp":"2026-09-28T00:28:11.807Z","level":"info","message":"[BrowserActionEngine] Executing action click","context":{"tabId":"tab_sess_1790555180264_1_95","selector":"#l"}}
{"timestamp":"2026-09-28T00:28:20.259Z","level":"info","message":"[BrowserActionEngine] Executing action click","context":{"tabId":"tab_sess_1790555180264_1_102","selector":"#l"}}
{"timestamp":"2026-09-28T00:28:27.246Z","level":"info","message":"[BrowserSession] Closed session sess_1790555180264_1","context":{"reason":"Runtime shutdown"}}
{"timestamp":"2026-09-28T00:28:27.246Z","level":"info","message":"[BrowserSessionManager] Closed session sess_1790555180264_1","context":{"reason":"Runtime shutdown"}}
{
 "S1": {
  "n": 15,
  "stale": 0,
  "coversTrue": 15
 },
 "S2": {
  "n": 15,
  "stale": 0,
  "coversTrue": 15
 },
 "S3": {
  "n": 15,
  "visited404": 15,
  "bfcache": 15,
  "stale": 0,
  "coversTrue": 0
 },
 "S4": {
  "n": 15,
  "bfcache": 15,
  "ownErrKept": 13,
  "own404Kept": 0,
  "foreignAny": 0,
  "coversTrue": 0
 },
 "S5": {
  "n": 15,
  "bfcache": 15,
  "noisyLeak": 0,
  "coversTrue": 0
 },
 "S6": {
  "n": 15,
  "bfcache": 0,
  "own404Reported": 15,
  "coversTrue": 15
 },
 "O": {
  "o1cleanCur": "15/15",
  "o2own404Cur": "15/15",
  "o2own404Reported": "15/15",
  "o3url": "15/15",
  "o4reload": "15/15",
  "o5backNonBfcache": "15/15",
  "o6urlAfterRestore": "15/15",
  "o7curAfterUrlAuditAfterRestore": "15/15"
 },
 "Onote_o5pageshow": [
  "[false]",
  "[false]",
  "[false]",
  "[false]",
  "[false]",
  "[false]",
  "[false]",
  "[false]",
  "[false]",
  "[false]",
  "[false]",
  "[false]",
  "[false]",
  "[false]",
  "[false]"
 ]
}
