{
 "S1": {
  "n": 15,
  "stale": 0,
  "coversTrue": 15,
  "errors": 0
 },
 "S2": {
  "n": 15,
  "stale": 0,
  "coversTrue": 15,
  "errors": 0
 },
 "S3": {
  "n": 15,
  "visited404": 15,
  "bfcache": 15,
  "stale": 0,
  "coversTrue": 0,
  "errors": 0
 },
 "S4": {
  "n": 15,
  "bfcache": 15,
  "ownErrKept": 14,
  "own404Kept": 0,
  "foreignAny": 0,
  "coversTrue": 0
 },
 "L12a": {
  "n": 15,
  "leaked": 0,
  "coversTrue": 15,
  "errors": 0
 },
 "L12b": {
  "n": 15,
  "leaked": 0,
  "coversTrue": 15,
  "errors": 0
 }
}
