=== S2 22:40:11
BASELINE exit=0 tests=211 passed (211)
M-048c BAD-APPLY expected 1 replacements, got 0
rc=3
=== S3a 22:40:31
BASELINE exit=0 tests=115 passed (115)
SUMMARY mutants=15 survivors=0
rc=0
=== S3b 22:40:56
BASELINE exit=0 tests=95 passed (95)
SUMMARY mutants=12 survivors=0
rc=0
=== S3c 22:41:21
BASELINE exit=0 tests=6 passed (6)
SUMMARY mutants=6 survivors=0
rc=0
=== S4 22:41:32
BASELINE browser exit=0 tests=13 passed (13)
BASELINE runtime exit=0 tests=1 passed (1)
SUMMARY mutants=13 killed=13 survivors=0
rc=0
=== S5 22:41:54
BASELINE exit=0 tests=162 passed (162) ; 6 passed (6)
survivors=0
rc=0
=== S6 22:42:40
BASELINE exit=0 tests=30 passed (30)
survivors=0
rc=0
=== S7 22:42:54
BASELINE exit=0 tests=59 passed (59) ; 44 passed (44)
survivors=0
rc=0
=== all done 22:43:50
