[run-cli] UC-01 Bot detection surface ...
[run-cli] UC-01 -> success=true ms=2929
[run-cli] UC-02 CAPTCHA grounding (not solving) ...
[run-cli] UC-02 -> success=true ms=5045
[run-cli] UC-03 Auth + session persistence ...
[run-cli] UC-03 -> success=false ms=11555 error=navigation failed (initial login nav)
[run-cli] UC-04 Canvas blindness (Google Maps) ...
[run-cli] UC-04 -> success=true ms=5487
[run-cli] UC-05 Long 10+ step flow ...
[run-cli] UC-05 -> success=false ms=47167 error=could not find cart icon link in snap after add-to-cart
[run-cli] UC-06 Modals + dynamic content ...
[run-cli] UC-06 -> success=true ms=20983
[run-cli] UC-07 Cross-origin iframe (TinyMCE) ...
[run-cli] UC-07 -> success=true ms=9308
[run-cli] UC-08 File download ...
[run-cli] UC-08 -> success=true ms=9432
[run-cli] UC-09 Multi-tab / popup ...
[run-cli] UC-09 -> success=true ms=11518
[run-cli] UC-10 Prompt injection exposure ...
[run-cli] UC-10 -> success=true ms=2262
[run-cli] UC-11 Token efficiency ...
[run-cli] UC-11 -> success=true ms=13245
[run-cli] UC-12 Outcome verification after a state-changing action ...
[run-cli] UC-12 -> success=false ms=122311 error=independent re-read did not confirm cart badge=1 and button label flip to Remove
[run-cli] UC-13 Speed ...
[run-cli] UC-13 -> success=true ms=5461
[run-cli] UC-14 Accessibility-only grounding (no CSS-selectable name) ...
[run-cli] UC-14 -> success=true ms=9465
[
  {
    "id": "UC-01",
    "title": "Bot detection surface",
    "success": true,
    "ms": 2929,
    "error": null
  },
  {
    "id": "UC-02",
    "title": "CAPTCHA grounding (not solving)",
    "success": true,
    "ms": 5045,
    "error": null
  },
  {
    "id": "UC-03",
    "title": "Auth + session persistence",
    "success": false,
    "ms": 11555,
    "error": "navigation failed (initial login nav)"
  },
  {
    "id": "UC-04",
    "title": "Canvas blindness (Google Maps)",
    "success": true,
    "ms": 5487,
    "error": null
  },
  {
    "id": "UC-05",
    "title": "Long 10+ step flow",
    "success": false,
    "ms": 47167,
    "error": "could not find cart icon link in snap after add-to-cart"
  },
  {
    "id": "UC-06",
    "title": "Modals + dynamic content",
    "success": true,
    "ms": 20983,
    "error": null
  },
  {
    "id": "UC-07",
    "title": "Cross-origin iframe (TinyMCE)",
    "success": true,
    "ms": 9308,
    "error": null
  },
  {
    "id": "UC-08",
    "title": "File download",
    "success": true,
    "ms": 9432,
    "error": null
  },
  {
    "id": "UC-09",
    "title": "Multi-tab / popup",
    "success": true,
    "ms": 11518,
    "error": null
  },
  {
    "id": "UC-10",
    "title": "Prompt injection exposure",
    "success": true,
    "ms": 2262,
    "error": null
  },
  {
    "id": "UC-11",
    "title": "Token efficiency",
    "success": true,
    "ms": 13245,
    "error": null
  },
  {
    "id": "UC-12",
    "title": "Outcome verification after a state-changing action",
    "success": false,
    "ms": 122311,
    "error": "independent re-read did not confirm cart badge=1 and button label flip to Remove"
  },
  {
    "id": "UC-13",
    "title": "Speed",
    "success": true,
    "ms": 5461,
    "error": null
  },
  {
    "id": "UC-14",
    "title": "Accessibility-only grounding (no CSS-selectable name)",
    "success": true,
    "ms": 9465,
    "error": null
  }
]

Saved full results to E:\AI-Cache\tmp\fr211-a4-regev\head-cli
exit=0
