[run-cli] UC-01 Bot detection surface ...
[run-cli] UC-01 -> success=true ms=2925
[run-cli] UC-02 CAPTCHA grounding (not solving) ...
[run-cli] UC-02 -> success=true ms=4884
[run-cli] UC-03 Auth + session persistence ...
[run-cli] UC-03 -> success=true ms=16171
[run-cli] UC-04 Canvas blindness (Google Maps) ...
[run-cli] UC-04 -> success=true ms=5209
[run-cli] UC-05 Long 10+ step flow ...
[run-cli] UC-05 -> success=false ms=24029 error=could not find cart icon link in snap after add-to-cart
[run-cli] UC-06 Modals + dynamic content ...
[run-cli] UC-06 -> success=true ms=20888
[run-cli] UC-07 Cross-origin iframe (TinyMCE) ...
[run-cli] UC-07 -> success=true ms=9744
[run-cli] UC-08 File download ...
[run-cli] UC-08 -> success=true ms=9221
[run-cli] UC-09 Multi-tab / popup ...
[run-cli] UC-09 -> success=true ms=11655
[run-cli] UC-10 Prompt injection exposure ...
[run-cli] UC-10 -> success=true ms=2461
[run-cli] UC-11 Token efficiency ...
[run-cli] UC-11 -> success=true ms=13064
[run-cli] UC-12 Outcome verification after a state-changing action ...
[run-cli] UC-12 -> success=false ms=16787 error=independent re-read did not confirm cart badge=1 and button label flip to Remove
[run-cli] UC-13 Speed ...
[run-cli] UC-13 -> success=true ms=5582
[run-cli] UC-14 Accessibility-only grounding (no CSS-selectable name) ...
[run-cli] UC-14 -> success=true ms=9333
[
  {
    "id": "UC-01",
    "title": "Bot detection surface",
    "success": true,
    "ms": 2925,
    "error": null
  },
  {
    "id": "UC-02",
    "title": "CAPTCHA grounding (not solving)",
    "success": true,
    "ms": 4884,
    "error": null
  },
  {
    "id": "UC-03",
    "title": "Auth + session persistence",
    "success": true,
    "ms": 16171,
    "error": null
  },
  {
    "id": "UC-04",
    "title": "Canvas blindness (Google Maps)",
    "success": true,
    "ms": 5209,
    "error": null
  },
  {
    "id": "UC-05",
    "title": "Long 10+ step flow",
    "success": false,
    "ms": 24029,
    "error": "could not find cart icon link in snap after add-to-cart"
  },
  {
    "id": "UC-06",
    "title": "Modals + dynamic content",
    "success": true,
    "ms": 20888,
    "error": null
  },
  {
    "id": "UC-07",
    "title": "Cross-origin iframe (TinyMCE)",
    "success": true,
    "ms": 9744,
    "error": null
  },
  {
    "id": "UC-08",
    "title": "File download",
    "success": true,
    "ms": 9221,
    "error": null
  },
  {
    "id": "UC-09",
    "title": "Multi-tab / popup",
    "success": true,
    "ms": 11655,
    "error": null
  },
  {
    "id": "UC-10",
    "title": "Prompt injection exposure",
    "success": true,
    "ms": 2461,
    "error": null
  },
  {
    "id": "UC-11",
    "title": "Token efficiency",
    "success": true,
    "ms": 13064,
    "error": null
  },
  {
    "id": "UC-12",
    "title": "Outcome verification after a state-changing action",
    "success": false,
    "ms": 16787,
    "error": "independent re-read did not confirm cart badge=1 and button label flip to Remove"
  },
  {
    "id": "UC-13",
    "title": "Speed",
    "success": true,
    "ms": 5582,
    "error": null
  },
  {
    "id": "UC-14",
    "title": "Accessibility-only grounding (no CSS-selectable name)",
    "success": true,
    "ms": 9333,
    "error": null
  }
]

Saved full results to E:\AI-Cache\tmp\fr211-a4-regev\master-cli
exit=0
