{"timestamp":"2026-10-01T11:01:28.965Z","level":"info","message":"[BrowserLauncher] Launching browser instance","context":{"executablePath":"C:\\Program Files\\Google\\Chrome\\Application\\chrome.exe","headless":true,"argsCount":11}}
{"timestamp":"2026-10-01T11:01:29.188Z","level":"info","message":"[BrowserSessionManager] Created browser session sess_1790852488965_1","context":{"isIncognito":false}}
{
 "gotoErr": "net::ERR_ABORTED at com.example.app:/cb#access_token=CNRYsdkcustom",
 "leaks": [],
 "entries": [
  {
   "t": "navigate",
   "target": "about:blank",
   "reason": "'navigate' verified: a same-document navigation moved the tab to about:blank[redacted]"
  },
  {
   "t": "navigate",
   "target": "<dir>",
   "error": "net::ERR_ABORTED at <dir>"
  }
 ]
}
{"timestamp":"2026-10-01T11:01:29.375Z","level":"info","message":"[BrowserSession] Closed session sess_1790852488965_1","context":{"reason":"Runtime shutdown"}}
{"timestamp":"2026-10-01T11:01:29.375Z","level":"info","message":"[BrowserSessionManager] Closed session sess_1790852488965_1","context":{"reason":"Runtime shutdown"}}
exit=0
