{"timestamp":"2026-09-25T02:34:28.146Z","level":"warn","message":"[BrowserActionEngine] Action wait_for_selector failed (attempt 1/3): wait_for_selector failed waiting for state=hidden: Tab was closed while wait_for_selector was checking its state.","context":{}}
{"timestamp":"2026-09-25T02:34:28.648Z","level":"warn","message":"[BrowserActionEngine] Action wait_for_selector failed (attempt 2/3): wait_for_selector failed waiting for state=hidden: Tab was closed while wait_for_selector was checking its state.","context":{}}
{"timestamp":"2026-09-25T02:34:29.659Z","level":"warn","message":"[BrowserActionEngine] Action wait_for_selector failed (attempt 3/3): wait_for_selector failed waiting for state=hidden: Tab was closed while wait_for_selector was checking its state.","context":{}}
{"timestamp":"2026-09-25T02:34:29.660Z","level":"warn","message":"[BrowserActionEngine] Skipping failure screenshot: Protocol error (Page.captureScreenshot): Session closed. Most likely the page has been closed.","context":{}}
{"timestamp":"2026-09-25T02:34:31.366Z","level":"warn","message":"[BrowserActionEngine] Action wait_for_selector failed (attempt 1/3): wait_for_selector failed waiting for state=hidden: Tab was closed while wait_for_selector was checking its state.","context":{}}
{"timestamp":"2026-09-25T02:34:31.880Z","level":"warn","message":"[BrowserActionEngine] Action wait_for_selector failed (attempt 2/3): wait_for_selector failed waiting for state=hidden: Tab was closed while wait_for_selector was checking its state.","context":{}}
{"timestamp":"2026-09-25T02:34:32.889Z","level":"warn","message":"[BrowserActionEngine] Action wait_for_selector failed (attempt 3/3): wait_for_selector failed waiting for state=hidden: Tab was closed while wait_for_selector was checking its state.","context":{}}
{"timestamp":"2026-09-25T02:34:32.889Z","level":"warn","message":"[BrowserActionEngine] Skipping failure screenshot: Protocol error (Page.captureScreenshot): Session closed. Most likely the page has been closed.","context":{}}
{"timestamp":"2026-09-25T02:34:36.578Z","level":"warn","message":"[BrowserActionEngine] Action wait_for_selector failed (attempt 1/3): wait_for_selector failed waiting for state=hidden: Protocol error (DOM.describeNode): Target closed","context":{}}
{"timestamp":"2026-09-25T02:34:37.091Z","level":"warn","message":"[BrowserActionEngine] Action wait_for_selector failed (attempt 2/3): wait_for_selector failed waiting for state=hidden: Tab was closed while wait_for_selector was checking its state.","context":{}}
{"timestamp":"2026-09-25T02:34:38.103Z","level":"warn","message":"[BrowserActionEngine] Action wait_for_selector failed (attempt 3/3): wait_for_selector failed waiting for state=hidden: Tab was closed while wait_for_selector was checking its state.","context":{}}
{"timestamp":"2026-09-25T02:34:38.104Z","level":"warn","message":"[BrowserActionEngine] Skipping failure screenshot: Protocol error (Page.captureScreenshot): Session closed. Most likely the page has been closed.","context":{}}
{"timestamp":"2026-09-25T02:34:42.456Z","level":"warn","message":"[BrowserActionEngine] Action wait_for_selector failed (attempt 1/3): wait_for_selector failed waiting for state=hidden: Tab was closed while wait_for_selector was checking its state.","context":{}}
{"timestamp":"2026-09-25T02:34:42.966Z","level":"warn","message":"[BrowserActionEngine] Action wait_for_selector failed (attempt 2/3): wait_for_selector failed waiting for state=hidden: Tab was closed while wait_for_selector was checking its state.","context":{}}
{"timestamp":"2026-09-25T02:34:43.979Z","level":"warn","message":"[BrowserActionEngine] Action wait_for_selector failed (attempt 3/3): wait_for_selector failed waiting for state=hidden: Tab was closed while wait_for_selector was checking its state.","context":{}}
{"timestamp":"2026-09-25T02:34:43.979Z","level":"warn","message":"[BrowserActionEngine] Skipping failure screenshot: Protocol error (Page.captureScreenshot): Session closed. Most likely the page has been closed.","context":{}}
{"timestamp":"2026-09-25T02:34:45.543Z","level":"warn","message":"[BrowserActionEngine] Action wait_for_selector failed (attempt 1/3): wait_for_selector failed waiting for state=hidden: Protocol error (Runtime.callFunctionOn): Target closed","context":{}}
{"timestamp":"2026-09-25T02:34:46.046Z","level":"warn","message":"[BrowserActionEngine] Action wait_for_selector failed (attempt 2/3): wait_for_selector failed waiting for state=hidden: Tab was closed while wait_for_selector was checking its state.","context":{}}
{"timestamp":"2026-09-25T02:34:47.049Z","level":"warn","message":"[BrowserActionEngine] Action wait_for_selector failed (attempt 3/3): wait_for_selector failed waiting for state=hidden: Tab was closed while wait_for_selector was checking its state.","context":{}}
{"timestamp":"2026-09-25T02:34:47.049Z","level":"warn","message":"[BrowserActionEngine] Skipping failure screenshot: Protocol error (Page.captureScreenshot): Session closed. Most likely the page has been closed.","context":{}}
{"timestamp":"2026-09-25T02:34:49.428Z","level":"warn","message":"[BrowserActionEngine] Action wait_for_selector failed (attempt 1/3): wait_for_selector failed waiting for state=hidden: Tab was closed while wait_for_selector was checking its state.","context":{}}
{"timestamp":"2026-09-25T02:34:49.944Z","level":"warn","message":"[BrowserActionEngine] Action wait_for_selector failed (attempt 2/3): wait_for_selector failed waiting for state=hidden: Tab was closed while wait_for_selector was checking its state.","context":{}}
{"timestamp":"2026-09-25T02:34:50.949Z","level":"warn","message":"[BrowserActionEngine] Action wait_for_selector failed (attempt 3/3): wait_for_selector failed waiting for state=hidden: Tab was closed while wait_for_selector was checking its state.","context":{}}
{"timestamp":"2026-09-25T02:34:50.950Z","level":"warn","message":"[BrowserActionEngine] Skipping failure screenshot: Protocol error (Page.captureScreenshot): Session closed. Most likely the page has been closed.","context":{}}
{"timestamp":"2026-09-25T02:34:52.530Z","level":"warn","message":"[BrowserActionEngine] Action wait_for_selector failed (attempt 1/3): wait_for_selector failed waiting for state=hidden: Protocol error (DOM.resolveNode): Target closed","context":{}}
{"timestamp":"2026-09-25T02:34:53.037Z","level":"warn","message":"[BrowserActionEngine] Action wait_for_selector failed (attempt 2/3): wait_for_selector failed waiting for state=hidden: Tab was closed while wait_for_selector was checking its state.","context":{}}
{"timestamp":"2026-09-25T02:34:54.052Z","level":"warn","message":"[BrowserActionEngine] Action wait_for_selector failed (attempt 3/3): wait_for_selector failed waiting for state=hidden: Tab was closed while wait_for_selector was checking its state.","context":{}}
{"timestamp":"2026-09-25T02:34:54.052Z","level":"warn","message":"[BrowserActionEngine] Skipping failure screenshot: Protocol error (Page.captureScreenshot): Session closed. Most likely the page has been closed.","context":{}}
{"timestamp":"2026-09-25T02:34:55.354Z","level":"warn","message":"[BrowserActionEngine] Action wait_for_selector failed (attempt 1/3): wait_for_selector failed waiting for state=hidden: Protocol error (Runtime.callFunctionOn): Target closed","context":{}}
{"timestamp":"2026-09-25T02:34:55.855Z","level":"warn","message":"[BrowserActionEngine] Action wait_for_selector failed (attempt 2/3): wait_for_selector failed waiting for state=hidden: Tab was closed while wait_for_selector was checking its state.","context":{}}
{"timestamp":"2026-09-25T02:34:56.868Z","level":"warn","message":"[BrowserActionEngine] Action wait_for_selector failed (attempt 3/3): wait_for_selector failed waiting for state=hidden: Tab was closed while wait_for_selector was checking its state.","context":{}}
{"timestamp":"2026-09-25T02:34:56.868Z","level":"warn","message":"[BrowserActionEngine] Skipping failure screenshot: Protocol error (Page.captureScreenshot): Session closed. Most likely the page has been closed.","context":{}}
{"timestamp":"2026-09-25T02:34:58.670Z","level":"warn","message":"[BrowserActionEngine] Action wait_for_selector failed (attempt 1/3): wait_for_selector failed waiting for state=hidden: Tab was closed while wait_for_selector was checking its state.","context":{}}
{"timestamp":"2026-09-25T02:34:59.179Z","level":"warn","message":"[BrowserActionEngine] Action wait_for_selector failed (attempt 2/3): wait_for_selector failed waiting for state=hidden: Tab was closed while wait_for_selector was checking its state.","context":{}}
{"timestamp":"2026-09-25T02:35:00.181Z","level":"warn","message":"[BrowserActionEngine] Action wait_for_selector failed (attempt 3/3): wait_for_selector failed waiting for state=hidden: Tab was closed while wait_for_selector was checking its state.","context":{}}
{"timestamp":"2026-09-25T02:35:00.181Z","level":"warn","message":"[BrowserActionEngine] Skipping failure screenshot: Protocol error (Page.captureScreenshot): Session closed. Most likely the page has been closed.","context":{}}
{"timestamp":"2026-09-25T02:35:01.956Z","level":"warn","message":"[BrowserActionEngine] Action wait_for_selector failed (attempt 1/3): wait_for_selector failed waiting for state=hidden: Tab was closed while wait_for_selector was checking its state.","context":{}}
{"timestamp":"2026-09-25T02:35:02.470Z","level":"warn","message":"[BrowserActionEngine] Action wait_for_selector failed (attempt 2/3): wait_for_selector failed waiting for state=hidden: Tab was closed while wait_for_selector was checking its state.","context":{}}
{"timestamp":"2026-09-25T02:35:03.476Z","level":"warn","message":"[BrowserActionEngine] Action wait_for_selector failed (attempt 3/3): wait_for_selector failed waiting for state=hidden: Tab was closed while wait_for_selector was checking its state.","context":{}}
{"timestamp":"2026-09-25T02:35:03.476Z","level":"warn","message":"[BrowserActionEngine] Skipping failure screenshot: Protocol error (Page.captureScreenshot): Session closed. Most likely the page has been closed.","context":{}}
{"timestamp":"2026-09-25T02:35:05.857Z","level":"warn","message":"[BrowserActionEngine] Action wait_for_selector failed (attempt 1/3): wait_for_selector failed waiting for state=hidden: Protocol error (DOM.resolveNode): Target closed","context":{}}
{"timestamp":"2026-09-25T02:35:06.358Z","level":"warn","message":"[BrowserActionEngine] Action wait_for_selector failed (attempt 2/3): wait_for_selector failed waiting for state=hidden: Tab was closed while wait_for_selector was checking its state.","context":{}}
{"timestamp":"2026-09-25T02:35:07.369Z","level":"warn","message":"[BrowserActionEngine] Action wait_for_selector failed (attempt 3/3): wait_for_selector failed waiting for state=hidden: Tab was closed while wait_for_selector was checking its state.","context":{}}
{"timestamp":"2026-09-25T02:35:07.370Z","level":"warn","message":"[BrowserActionEngine] Skipping failure screenshot: Protocol error (Page.captureScreenshot): Session closed. Most likely the page has been closed.","context":{}}
{"timestamp":"2026-09-25T02:35:09.084Z","level":"warn","message":"[BrowserActionEngine] Action wait_for_selector failed (attempt 1/3): wait_for_selector failed waiting for state=hidden: Tab was closed while wait_for_selector was checking its state.","context":{}}
{"timestamp":"2026-09-25T02:35:09.596Z","level":"warn","message":"[BrowserActionEngine] Action wait_for_selector failed (attempt 2/3): wait_for_selector failed waiting for state=hidden: Tab was closed while wait_for_selector was checking its state.","context":{}}
{"timestamp":"2026-09-25T02:35:10.598Z","level":"warn","message":"[BrowserActionEngine] Action wait_for_selector failed (attempt 3/3): wait_for_selector failed waiting for state=hidden: Tab was closed while wait_for_selector was checking its state.","context":{}}
{"timestamp":"2026-09-25T02:35:10.598Z","level":"warn","message":"[BrowserActionEngine] Skipping failure screenshot: Protocol error (Page.captureScreenshot): Session closed. Most likely the page has been closed.","context":{}}
{"timestamp":"2026-09-25T02:35:12.205Z","level":"warn","message":"[BrowserActionEngine] Action wait_for_selector failed (attempt 1/3): wait_for_selector failed waiting for state=hidden: Tab was closed while wait_for_selector was checking its state.","context":{}}
{"timestamp":"2026-09-25T02:35:12.717Z","level":"warn","message":"[BrowserActionEngine] Action wait_for_selector failed (attempt 2/3): wait_for_selector failed waiting for state=hidden: Tab was closed while wait_for_selector was checking its state.","context":{}}
{"timestamp":"2026-09-25T02:35:13.731Z","level":"warn","message":"[BrowserActionEngine] Action wait_for_selector failed (attempt 3/3): wait_for_selector failed waiting for state=hidden: Tab was closed while wait_for_selector was checking its state.","context":{}}
{"timestamp":"2026-09-25T02:35:13.731Z","level":"warn","message":"[BrowserActionEngine] Skipping failure screenshot: Protocol error (Page.captureScreenshot): Session closed. Most likely the page has been closed.","context":{}}
{"timestamp":"2026-09-25T02:35:15.950Z","level":"warn","message":"[BrowserActionEngine] Action wait_for_selector failed (attempt 1/3): wait_for_selector failed waiting for state=hidden: Protocol error (Runtime.callFunctionOn): Target closed","context":{}}
{"timestamp":"2026-09-25T02:35:16.451Z","level":"warn","message":"[BrowserActionEngine] Action wait_for_selector failed (attempt 2/3): wait_for_selector failed waiting for state=hidden: Tab was closed while wait_for_selector was checking its state.","context":{}}
{"timestamp":"2026-09-25T02:35:17.463Z","level":"warn","message":"[BrowserActionEngine] Action wait_for_selector failed (attempt 3/3): wait_for_selector failed waiting for state=hidden: Tab was closed while wait_for_selector was checking its state.","context":{}}
{"timestamp":"2026-09-25T02:35:17.463Z","level":"warn","message":"[BrowserActionEngine] Skipping failure screenshot: Protocol error (Page.captureScreenshot): Session closed. Most likely the page has been closed.","context":{}}
{"timestamp":"2026-09-25T02:35:19.598Z","level":"warn","message":"[BrowserActionEngine] Action wait_for_selector failed (attempt 1/3): wait_for_selector failed waiting for state=hidden: Protocol error (DOM.describeNode): Target closed","context":{}}
{"timestamp":"2026-09-25T02:35:20.112Z","level":"warn","message":"[BrowserActionEngine] Action wait_for_selector failed (attempt 2/3): wait_for_selector failed waiting for state=hidden: Tab was closed while wait_for_selector was checking its state.","context":{}}
{"timestamp":"2026-09-25T02:35:21.127Z","level":"warn","message":"[BrowserActionEngine] Action wait_for_selector failed (attempt 3/3): wait_for_selector failed waiting for state=hidden: Tab was closed while wait_for_selector was checking its state.","context":{}}
{"timestamp":"2026-09-25T02:35:21.127Z","level":"warn","message":"[BrowserActionEngine] Skipping failure screenshot: Protocol error (Page.captureScreenshot): Session closed. Most likely the page has been closed.","context":{}}
{"timestamp":"2026-09-25T02:35:25.062Z","level":"warn","message":"[BrowserActionEngine] Action wait_for_selector failed (attempt 1/3): wait_for_selector failed waiting for state=hidden: Tab was closed while wait_for_selector was checking its state.","context":{}}
{"timestamp":"2026-09-25T02:35:25.572Z","level":"warn","message":"[BrowserActionEngine] Action wait_for_selector failed (attempt 2/3): wait_for_selector failed waiting for state=hidden: Tab was closed while wait_for_selector was checking its state.","context":{}}
{"timestamp":"2026-09-25T02:35:26.588Z","level":"warn","message":"[BrowserActionEngine] Action wait_for_selector failed (attempt 3/3): wait_for_selector failed waiting for state=hidden: Tab was closed while wait_for_selector was checking its state.","context":{}}
{"timestamp":"2026-09-25T02:35:26.588Z","level":"warn","message":"[BrowserActionEngine] Skipping failure screenshot: Protocol error (Page.captureScreenshot): Session closed. Most likely the page has been closed.","context":{}}
{"timestamp":"2026-09-25T02:35:28.961Z","level":"warn","message":"[BrowserActionEngine] Action wait_for_selector failed (attempt 1/3): wait_for_selector failed waiting for state=hidden: Protocol error (Runtime.callFunctionOn): Target closed","context":{}}
{"timestamp":"2026-09-25T02:35:29.463Z","level":"warn","message":"[BrowserActionEngine] Action wait_for_selector failed (attempt 2/3): wait_for_selector failed waiting for state=hidden: Tab was closed while wait_for_selector was checking its state.","context":{}}
{"timestamp":"2026-09-25T02:35:30.479Z","level":"warn","message":"[BrowserActionEngine] Action wait_for_selector failed (attempt 3/3): wait_for_selector failed waiting for state=hidden: Tab was closed while wait_for_selector was checking its state.","context":{}}
{"timestamp":"2026-09-25T02:35:30.479Z","level":"warn","message":"[BrowserActionEngine] Skipping failure screenshot: Protocol error (Page.captureScreenshot): Session closed. Most likely the page has been closed.","context":{}}
{"timestamp":"2026-09-25T02:35:32.031Z","level":"warn","message":"[BrowserActionEngine] Action wait_for_selector failed (attempt 1/3): wait_for_selector failed waiting for state=hidden: Protocol error (DOM.describeNode): Target closed","context":{}}
{"timestamp":"2026-09-25T02:35:32.536Z","level":"warn","message":"[BrowserActionEngine] Action wait_for_selector failed (attempt 2/3): wait_for_selector failed waiting for state=hidden: Tab was closed while wait_for_selector was checking its state.","context":{}}
{"timestamp":"2026-09-25T02:35:33.544Z","level":"warn","message":"[BrowserActionEngine] Action wait_for_selector failed (attempt 3/3): wait_for_selector failed waiting for state=hidden: Tab was closed while wait_for_selector was checking its state.","context":{}}
{"timestamp":"2026-09-25T02:35:33.544Z","level":"warn","message":"[BrowserActionEngine] Skipping failure screenshot: Protocol error (Page.captureScreenshot): Session closed. Most likely the page has been closed.","context":{}}
{"timestamp":"2026-09-25T02:35:35.547Z","level":"warn","message":"[BrowserActionEngine] Action wait_for_selector failed (attempt 1/3): wait_for_selector failed waiting for state=hidden: Protocol error (Runtime.callFunctionOn): Target closed","context":{}}
{"timestamp":"2026-09-25T02:35:36.062Z","level":"warn","message":"[BrowserActionEngine] Action wait_for_selector failed (attempt 2/3): wait_for_selector failed waiting for state=hidden: Tab was closed while wait_for_selector was checking its state.","context":{}}
{"timestamp":"2026-09-25T02:35:37.074Z","level":"warn","message":"[BrowserActionEngine] Action wait_for_selector failed (attempt 3/3): wait_for_selector failed waiting for state=hidden: Tab was closed while wait_for_selector was checking its state.","context":{}}
{"timestamp":"2026-09-25T02:35:37.074Z","level":"warn","message":"[BrowserActionEngine] Skipping failure screenshot: Protocol error (Page.captureScreenshot): Session closed. Most likely the page has been closed.","context":{}}
{"timestamp":"2026-09-25T02:35:38.598Z","level":"warn","message":"[BrowserActionEngine] Action wait_for_selector failed (attempt 1/3): wait_for_selector failed waiting for state=hidden: Tab was closed while wait_for_selector was checking its state.","context":{}}
{"timestamp":"2026-09-25T02:35:39.112Z","level":"warn","message":"[BrowserActionEngine] Action wait_for_selector failed (attempt 2/3): wait_for_selector failed waiting for state=hidden: Tab was closed while wait_for_selector was checking its state.","context":{}}
{"timestamp":"2026-09-25T02:35:40.117Z","level":"warn","message":"[BrowserActionEngine] Action wait_for_selector failed (attempt 3/3): wait_for_selector failed waiting for state=hidden: Tab was closed while wait_for_selector was checking its state.","context":{}}
{"timestamp":"2026-09-25T02:35:40.117Z","level":"warn","message":"[BrowserActionEngine] Skipping failure screenshot: Protocol error (Page.captureScreenshot): Session closed. Most likely the page has been closed.","context":{}}
{"timestamp":"2026-09-25T02:35:41.826Z","level":"warn","message":"[BrowserActionEngine] Action wait_for_selector failed (attempt 1/3): wait_for_selector failed waiting for state=hidden: Tab was closed while wait_for_selector was checking its state.","context":{}}
{"timestamp":"2026-09-25T02:35:42.326Z","level":"warn","message":"[BrowserActionEngine] Action wait_for_selector failed (attempt 2/3): wait_for_selector failed waiting for state=hidden: Tab was closed while wait_for_selector was checking its state.","context":{}}
{"timestamp":"2026-09-25T02:35:43.333Z","level":"warn","message":"[BrowserActionEngine] Action wait_for_selector failed (attempt 3/3): wait_for_selector failed waiting for state=hidden: Tab was closed while wait_for_selector was checking its state.","context":{}}
{"timestamp":"2026-09-25T02:35:43.334Z","level":"warn","message":"[BrowserActionEngine] Skipping failure screenshot: Protocol error (Page.captureScreenshot): Session closed. Most likely the page has been closed.","context":{}}
{"timestamp":"2026-09-25T02:35:45.176Z","level":"warn","message":"[BrowserActionEngine] Action wait_for_selector failed (attempt 1/3): wait_for_selector failed waiting for state=hidden: Tab was closed while wait_for_selector was checking its state.","context":{}}
{"timestamp":"2026-09-25T02:35:45.687Z","level":"warn","message":"[BrowserActionEngine] Action wait_for_selector failed (attempt 2/3): wait_for_selector failed waiting for state=hidden: Tab was closed while wait_for_selector was checking its state.","context":{}}
{"timestamp":"2026-09-25T02:35:46.699Z","level":"warn","message":"[BrowserActionEngine] Action wait_for_selector failed (attempt 3/3): wait_for_selector failed waiting for state=hidden: Tab was closed while wait_for_selector was checking its state.","context":{}}
{"timestamp":"2026-09-25T02:35:46.699Z","level":"warn","message":"[BrowserActionEngine] Skipping failure screenshot: Protocol error (Page.captureScreenshot): Session closed. Most likely the page has been closed.","context":{}}
{"timestamp":"2026-09-25T02:35:48.867Z","level":"warn","message":"[BrowserActionEngine] Action wait_for_selector failed (attempt 1/3): wait_for_selector failed waiting for state=hidden: Tab was closed while wait_for_selector was checking its state.","context":{}}
{"timestamp":"2026-09-25T02:35:49.377Z","level":"warn","message":"[BrowserActionEngine] Action wait_for_selector failed (attempt 2/3): wait_for_selector failed waiting for state=hidden: Tab was closed while wait_for_selector was checking its state.","context":{}}
{"timestamp":"2026-09-25T02:35:50.384Z","level":"warn","message":"[BrowserActionEngine] Action wait_for_selector failed (attempt 3/3): wait_for_selector failed waiting for state=hidden: Tab was closed while wait_for_selector was checking its state.","context":{}}
{"timestamp":"2026-09-25T02:35:50.384Z","level":"warn","message":"[BrowserActionEngine] Skipping failure screenshot: Protocol error (Page.captureScreenshot): Session closed. Most likely the page has been closed.","context":{}}
{"timestamp":"2026-09-25T02:35:52.639Z","level":"warn","message":"[BrowserActionEngine] Action wait_for_selector failed (attempt 1/3): wait_for_selector failed waiting for state=hidden: Tab was closed while wait_for_selector was checking its state.","context":{}}
{"timestamp":"2026-09-25T02:35:53.146Z","level":"warn","message":"[BrowserActionEngine] Action wait_for_selector failed (attempt 2/3): wait_for_selector failed waiting for state=hidden: Tab was closed while wait_for_selector was checking its state.","context":{}}
{"timestamp":"2026-09-25T02:35:54.157Z","level":"warn","message":"[BrowserActionEngine] Action wait_for_selector failed (attempt 3/3): wait_for_selector failed waiting for state=hidden: Tab was closed while wait_for_selector was checking its state.","context":{}}
{"timestamp":"2026-09-25T02:35:54.158Z","level":"warn","message":"[BrowserActionEngine] Skipping failure screenshot: Protocol error (Page.captureScreenshot): Session closed. Most likely the page has been closed.","context":{}}
{"timestamp":"2026-09-25T02:35:55.522Z","level":"warn","message":"[BrowserActionEngine] Action wait_for_selector failed (attempt 1/3): wait_for_selector failed waiting for state=hidden: Protocol error (Runtime.callFunctionOn): Target closed","context":{}}
{"timestamp":"2026-09-25T02:35:56.025Z","level":"warn","message":"[BrowserActionEngine] Action wait_for_selector failed (attempt 2/3): wait_for_selector failed waiting for state=hidden: Tab was closed while wait_for_selector was checking its state.","context":{}}
{"timestamp":"2026-09-25T02:35:57.037Z","level":"warn","message":"[BrowserActionEngine] Action wait_for_selector failed (attempt 3/3): wait_for_selector failed waiting for state=hidden: Tab was closed while wait_for_selector was checking its state.","context":{}}
{"timestamp":"2026-09-25T02:35:57.037Z","level":"warn","message":"[BrowserActionEngine] Skipping failure screenshot: Protocol error (Page.captureScreenshot): Session closed. Most likely the page has been closed.","context":{}}
{"timestamp":"2026-09-25T02:35:59.074Z","level":"warn","message":"[BrowserActionEngine] Action wait_for_selector failed (attempt 1/3): wait_for_selector failed waiting for state=hidden: Protocol error (DOM.resolveNode): Target closed","context":{}}
{"timestamp":"2026-09-25T02:35:59.589Z","level":"warn","message":"[BrowserActionEngine] Action wait_for_selector failed (attempt 2/3): wait_for_selector failed waiting for state=hidden: Tab was closed while wait_for_selector was checking its state.","context":{}}
{"timestamp":"2026-09-25T02:36:00.600Z","level":"warn","message":"[BrowserActionEngine] Action wait_for_selector failed (attempt 3/3): wait_for_selector failed waiting for state=hidden: Tab was closed while wait_for_selector was checking its state.","context":{}}
{"timestamp":"2026-09-25T02:36:00.600Z","level":"warn","message":"[BrowserActionEngine] Skipping failure screenshot: Protocol error (Page.captureScreenshot): Session closed. Most likely the page has been closed.","context":{}}
{"timestamp":"2026-09-25T02:36:02.828Z","level":"warn","message":"[BrowserActionEngine] Action wait_for_selector failed (attempt 1/3): wait_for_selector failed waiting for state=hidden: Protocol error (Runtime.callFunctionOn): Target closed","context":{}}
{"timestamp":"2026-09-25T02:36:03.340Z","level":"warn","message":"[BrowserActionEngine] Action wait_for_selector failed (attempt 2/3): wait_for_selector failed waiting for state=hidden: Tab was closed while wait_for_selector was checking its state.","context":{}}
{"timestamp":"2026-09-25T02:36:04.349Z","level":"warn","message":"[BrowserActionEngine] Action wait_for_selector failed (attempt 3/3): wait_for_selector failed waiting for state=hidden: Tab was closed while wait_for_selector was checking its state.","context":{}}
{"timestamp":"2026-09-25T02:36:04.349Z","level":"warn","message":"[BrowserActionEngine] Skipping failure screenshot: Protocol error (Page.captureScreenshot): Session closed. Most likely the page has been closed.","context":{}}
{"timestamp":"2026-09-25T02:36:05.776Z","level":"warn","message":"[BrowserActionEngine] Action wait_for_selector failed (attempt 1/3): wait_for_selector failed waiting for state=hidden: Tab was closed while wait_for_selector was checking its state.","context":{}}
{"timestamp":"2026-09-25T02:36:06.290Z","level":"warn","message":"[BrowserActionEngine] Action wait_for_selector failed (attempt 2/3): wait_for_selector failed waiting for state=hidden: Tab was closed while wait_for_selector was checking its state.","context":{}}
{"timestamp":"2026-09-25T02:36:07.291Z","level":"warn","message":"[BrowserActionEngine] Action wait_for_selector failed (attempt 3/3): wait_for_selector failed waiting for state=hidden: Tab was closed while wait_for_selector was checking its state.","context":{}}
{"timestamp":"2026-09-25T02:36:07.291Z","level":"warn","message":"[BrowserActionEngine] Skipping failure screenshot: Protocol error (Page.captureScreenshot): Session closed. Most likely the page has been closed.","context":{}}
{"timestamp":"2026-09-25T02:36:09.446Z","level":"warn","message":"[BrowserActionEngine] Action wait_for_selector failed (attempt 1/3): wait_for_selector failed waiting for state=hidden: Protocol error (Runtime.callFunctionOn): Target closed","context":{}}
{"timestamp":"2026-09-25T02:36:09.951Z","level":"warn","message":"[BrowserActionEngine] Action wait_for_selector failed (attempt 2/3): wait_for_selector failed waiting for state=hidden: Tab was closed while wait_for_selector was checking its state.","context":{}}
{"timestamp":"2026-09-25T02:36:10.965Z","level":"warn","message":"[BrowserActionEngine] Action wait_for_selector failed (attempt 3/3): wait_for_selector failed waiting for state=hidden: Tab was closed while wait_for_selector was checking its state.","context":{}}
{"timestamp":"2026-09-25T02:36:10.966Z","level":"warn","message":"[BrowserActionEngine] Skipping failure screenshot: Protocol error (Page.captureScreenshot): Session closed. Most likely the page has been closed.","context":{}}
{"timestamp":"2026-09-25T02:36:14.617Z","level":"warn","message":"[BrowserActionEngine] Action wait_for_selector failed (attempt 1/3): wait_for_selector failed waiting for state=hidden: Protocol error (Runtime.callFunctionOn): Target closed","context":{}}
{"timestamp":"2026-09-25T02:36:15.119Z","level":"warn","message":"[BrowserActionEngine] Action wait_for_selector failed (attempt 2/3): wait_for_selector failed waiting for state=hidden: Tab was closed while wait_for_selector was checking its state.","context":{}}
{"timestamp":"2026-09-25T02:36:16.126Z","level":"warn","message":"[BrowserActionEngine] Action wait_for_selector failed (attempt 3/3): wait_for_selector failed waiting for state=hidden: Tab was closed while wait_for_selector was checking its state.","context":{}}
{"timestamp":"2026-09-25T02:36:16.127Z","level":"warn","message":"[BrowserActionEngine] Skipping failure screenshot: Protocol error (Page.captureScreenshot): Session closed. Most likely the page has been closed.","context":{}}
{"timestamp":"2026-09-25T02:36:17.594Z","level":"warn","message":"[BrowserActionEngine] Action wait_for_selector failed (attempt 1/3): wait_for_selector failed waiting for state=hidden: Protocol error (DOM.resolveNode): Target closed","context":{}}
{"timestamp":"2026-09-25T02:36:18.109Z","level":"warn","message":"[BrowserActionEngine] Action wait_for_selector failed (attempt 2/3): wait_for_selector failed waiting for state=hidden: Tab was closed while wait_for_selector was checking its state.","context":{}}
{"timestamp":"2026-09-25T02:36:19.125Z","level":"warn","message":"[BrowserActionEngine] Action wait_for_selector failed (attempt 3/3): wait_for_selector failed waiting for state=hidden: Tab was closed while wait_for_selector was checking its state.","context":{}}
{"timestamp":"2026-09-25T02:36:19.125Z","level":"warn","message":"[BrowserActionEngine] Skipping failure screenshot: Protocol error (Page.captureScreenshot): Session closed. Most likely the page has been closed.","context":{}}
{"timestamp":"2026-09-25T02:36:20.974Z","level":"warn","message":"[BrowserActionEngine] Action wait_for_selector failed (attempt 1/3): wait_for_selector failed waiting for state=hidden: Tab was closed while wait_for_selector was checking its state.","context":{}}
{"timestamp":"2026-09-25T02:36:21.487Z","level":"warn","message":"[BrowserActionEngine] Action wait_for_selector failed (attempt 2/3): wait_for_selector failed waiting for state=hidden: Tab was closed while wait_for_selector was checking its state.","context":{}}
{"timestamp":"2026-09-25T02:36:22.497Z","level":"warn","message":"[BrowserActionEngine] Action wait_for_selector failed (attempt 3/3): wait_for_selector failed waiting for state=hidden: Tab was closed while wait_for_selector was checking its state.","context":{}}
{"timestamp":"2026-09-25T02:36:22.498Z","level":"warn","message":"[BrowserActionEngine] Skipping failure screenshot: Protocol error (Page.captureScreenshot): Session closed. Most likely the page has been closed.","context":{}}
{"timestamp":"2026-09-25T02:36:26.601Z","level":"warn","message":"[BrowserActionEngine] Action wait_for_selector failed (attempt 1/3): wait_for_selector failed waiting for state=hidden: Tab was closed while wait_for_selector was checking its state.","context":{}}
{"timestamp":"2026-09-25T02:36:27.113Z","level":"warn","message":"[BrowserActionEngine] Action wait_for_selector failed (attempt 2/3): wait_for_selector failed waiting for state=hidden: Tab was closed while wait_for_selector was checking its state.","context":{}}
{"timestamp":"2026-09-25T02:36:28.125Z","level":"warn","message":"[BrowserActionEngine] Action wait_for_selector failed (attempt 3/3): wait_for_selector failed waiting for state=hidden: Tab was closed while wait_for_selector was checking its state.","context":{}}
{"timestamp":"2026-09-25T02:36:28.125Z","level":"warn","message":"[BrowserActionEngine] Skipping failure screenshot: Protocol error (Page.captureScreenshot): Session closed. Most likely the page has been closed.","context":{}}
{"timestamp":"2026-09-25T02:36:30.428Z","level":"warn","message":"[BrowserActionEngine] Action wait_for_selector failed (attempt 1/3): wait_for_selector failed waiting for state=hidden: Protocol error (Runtime.callFunctionOn): Target closed","context":{}}
{"timestamp":"2026-09-25T02:36:30.936Z","level":"warn","message":"[BrowserActionEngine] Action wait_for_selector failed (attempt 2/3): wait_for_selector failed waiting for state=hidden: Tab was closed while wait_for_selector was checking its state.","context":{}}
{"timestamp":"2026-09-25T02:36:31.937Z","level":"warn","message":"[BrowserActionEngine] Action wait_for_selector failed (attempt 3/3): wait_for_selector failed waiting for state=hidden: Tab was closed while wait_for_selector was checking its state.","context":{}}
{"timestamp":"2026-09-25T02:36:31.937Z","level":"warn","message":"[BrowserActionEngine] Skipping failure screenshot: Protocol error (Page.captureScreenshot): Session closed. Most likely the page has been closed.","context":{}}
{"timestamp":"2026-09-25T02:36:33.331Z","level":"warn","message":"[BrowserActionEngine] Action wait_for_selector failed (attempt 1/3): wait_for_selector failed waiting for state=hidden: Tab was closed while wait_for_selector was checking its state.","context":{}}
{"timestamp":"2026-09-25T02:36:33.836Z","level":"warn","message":"[BrowserActionEngine] Action wait_for_selector failed (attempt 2/3): wait_for_selector failed waiting for state=hidden: Tab was closed while wait_for_selector was checking its state.","context":{}}
{"timestamp":"2026-09-25T02:36:34.850Z","level":"warn","message":"[BrowserActionEngine] Action wait_for_selector failed (attempt 3/3): wait_for_selector failed waiting for state=hidden: Tab was closed while wait_for_selector was checking its state.","context":{}}
{"timestamp":"2026-09-25T02:36:34.850Z","level":"warn","message":"[BrowserActionEngine] Skipping failure screenshot: Protocol error (Page.captureScreenshot): Session closed. Most likely the page has been closed.","context":{}}
