{"timestamp":"2026-09-25T02:29:41.308Z","level":"warn","message":"[BrowserActionEngine] Action wait_for_selector failed (attempt 1/3): wait_for_selector failed waiting for state=hidden: Tab was closed while wait_for_selector was checking its state.","context":{}}
{"timestamp":"2026-09-25T02:29:41.823Z","level":"warn","message":"[BrowserActionEngine] Action wait_for_selector failed (attempt 2/3): wait_for_selector failed waiting for state=hidden: Tab was closed while wait_for_selector was checking its state.","context":{}}
{"timestamp":"2026-09-25T02:29:42.831Z","level":"warn","message":"[BrowserActionEngine] Action wait_for_selector failed (attempt 3/3): wait_for_selector failed waiting for state=hidden: Tab was closed while wait_for_selector was checking its state.","context":{}}
{"timestamp":"2026-09-25T02:29:42.847Z","level":"warn","message":"[BrowserActionEngine] Skipping failure screenshot: Protocol error (Page.captureScreenshot): Session closed. Most likely the page has been closed.","context":{}}
{"timestamp":"2026-09-25T02:29:46.715Z","level":"warn","message":"[BrowserActionEngine] Action wait_for_selector failed (attempt 1/3): wait_for_selector timed out after 400ms waiting for state=visible: No element found for selector: #nope-x","context":{}}
{"timestamp":"2026-09-25T02:29:46.718Z","level":"warn","message":"[BrowserActionEngine] Action wait_for_selector failed (attempt 1/3): wait_for_selector timed out after 400ms waiting for state=visible: No element found for selector: #nope-x","context":{}}
{"timestamp":"2026-09-25T02:29:46.718Z","level":"warn","message":"[BrowserActionEngine] Action wait_for_selector failed (attempt 1/3): wait_for_selector timed out after 400ms waiting for state=visible: No element found for selector: #nope-x","context":{}}
{"timestamp":"2026-09-25T02:29:47.637Z","level":"warn","message":"[BrowserActionEngine] Action wait_for_selector failed (attempt 2/3): wait_for_selector timed out after 400ms waiting for state=visible: No element found for selector: #nope-x","context":{}}
{"timestamp":"2026-09-25T02:29:47.640Z","level":"warn","message":"[BrowserActionEngine] Action wait_for_selector failed (attempt 2/3): wait_for_selector timed out after 400ms waiting for state=visible: No element found for selector: #nope-x","context":{}}
{"timestamp":"2026-09-25T02:29:47.640Z","level":"warn","message":"[BrowserActionEngine] Action wait_for_selector failed (attempt 2/3): wait_for_selector timed out after 400ms waiting for state=visible: No element found for selector: #nope-x","context":{}}
{"timestamp":"2026-09-25T02:29:49.050Z","level":"warn","message":"[BrowserActionEngine] Action wait_for_selector failed (attempt 3/3): wait_for_selector timed out after 400ms waiting for state=visible: No element found for selector: #nope-x","context":{}}
{"timestamp":"2026-09-25T02:29:49.053Z","level":"warn","message":"[BrowserActionEngine] Action wait_for_selector failed (attempt 3/3): wait_for_selector timed out after 400ms waiting for state=visible: No element found for selector: #nope-x","context":{}}
{"timestamp":"2026-09-25T02:29:49.054Z","level":"warn","message":"[BrowserActionEngine] Action wait_for_selector failed (attempt 3/3): wait_for_selector timed out after 400ms waiting for state=visible: No element found for selector: #nope-x","context":{}}
{"timestamp":"2026-09-25T02:29:52.062Z","level":"warn","message":"[BrowserActionEngine] Skipping failure screenshot: failure screenshot exceeded 3000ms","context":{}}
{"timestamp":"2026-09-25T02:29:52.062Z","level":"warn","message":"[BrowserActionEngine] Skipping failure screenshot: failure screenshot exceeded 3000ms","context":{}}
{"timestamp":"2026-09-25T02:29:52.468Z","level":"warn","message":"[BrowserActionEngine] Action wait_for_selector failed (attempt 1/3): wait_for_selector timed out after 400ms waiting for state=hidden: an element matching \"#stays\" is still visible.","context":{}}
{"timestamp":"2026-09-25T02:29:52.468Z","level":"warn","message":"[BrowserActionEngine] Action wait_for_selector failed (attempt 1/3): wait_for_selector timed out after 400ms waiting for state=hidden: an element matching \"#stays\" is still visible.","context":{}}
{"timestamp":"2026-09-25T02:29:53.400Z","level":"warn","message":"[BrowserActionEngine] Action wait_for_selector failed (attempt 2/3): wait_for_selector timed out after 400ms waiting for state=hidden: an element matching \"#stays\" is still visible.","context":{}}
{"timestamp":"2026-09-25T02:29:53.400Z","level":"warn","message":"[BrowserActionEngine] Action wait_for_selector failed (attempt 2/3): wait_for_selector timed out after 400ms waiting for state=hidden: an element matching \"#stays\" is still visible.","context":{}}
{"timestamp":"2026-09-25T02:29:54.818Z","level":"warn","message":"[BrowserActionEngine] Action wait_for_selector failed (attempt 3/3): wait_for_selector timed out after 400ms waiting for state=hidden: an element matching \"#stays\" is still visible.","context":{}}
{"timestamp":"2026-09-25T02:29:54.818Z","level":"warn","message":"[BrowserActionEngine] Action wait_for_selector failed (attempt 3/3): wait_for_selector timed out after 400ms waiting for state=hidden: an element matching \"#stays\" is still visible.","context":{}}
{"timestamp":"2026-09-25T02:29:57.823Z","level":"warn","message":"[BrowserActionEngine] Skipping failure screenshot: failure screenshot exceeded 3000ms","context":{}}
{"timestamp":"2026-09-25T02:29:57.823Z","level":"warn","message":"[BrowserActionEngine] Skipping failure screenshot: failure screenshot exceeded 3000ms","context":{}}
