[2026-09-30T21:08:53.444Z] tmpdir E:\AI-Cache\tmp before: 9 sutradhar-cli-1790798002107 sutradhar-cli-1790798439698 sutradhar-cli-1790799889081 sutradhar-cli-1790799997980 sutradhar-cli-1790800049010 sutradhar-cli-1790800078891 sutradhar-cli-1790800116522 sutradhar-cli-1790802484674 sutradhar-cli-1790802489781
[2026-09-30T21:08:53.445Z] in use by a running process before: sutradhar-cli-1790798002107 sutradhar-cli-1790802484674 sutradhar-cli-1790802489781
[2026-09-30T21:08:53.449Z] negative-case Chrome pid 55968 dir E:\AI-Cache\tmp\sutradhar-cli-1700000000000-NEG315
[2026-09-30T21:08:57.975Z] iter 1: nav exit=0 2865ms | dir=sutradhar-cli-1790802535354-jhMb1L tempProfile=true pid=44024 | close exit=0 1379ms out="Session closed." err="" | dirRemoved=true chromeAlive=false
[2026-09-30T21:08:57.975Z] PASS iter 1 session dir removed after close
[2026-09-30T21:09:01.512Z] iter 2: nav exit=0 1775ms | dir=sutradhar-cli-1790802538894-yjZCjw tempProfile=true pid=58872 | close exit=0 1761ms out="Session closed." err="" | dirRemoved=true chromeAlive=false
[2026-09-30T21:09:01.512Z] PASS iter 2 session dir removed after close
[2026-09-30T21:09:05.693Z] iter 3: nav exit=0 2545ms | dir=sutradhar-cli-1790802542851-229yZf tempProfile=true pid=76208 | close exit=0 1635ms out="Session closed." err="" | dirRemoved=true chromeAlive=false
[2026-09-30T21:09:05.693Z] PASS iter 3 session dir removed after close
[2026-09-30T21:09:08.966Z] iter 4: nav exit=0 1822ms | dir=sutradhar-cli-1790802546642-eveZRA tempProfile=true pid=59112 | close exit=0 1451ms out="Session closed." err="" | dirRemoved=true chromeAlive=false
[2026-09-30T21:09:08.966Z] PASS iter 4 session dir removed after close
[2026-09-30T21:09:12.401Z] iter 5: nav exit=0 1965ms | dir=sutradhar-cli-1790802549961-Qvwapc tempProfile=true pid=50924 | close exit=0 1469ms out="Session closed." err="" | dirRemoved=true chromeAlive=false
[2026-09-30T21:09:12.401Z] PASS iter 5 session dir removed after close
[2026-09-30T21:09:15.558Z] iter 6: nav exit=0 1797ms | dir=sutradhar-cli-1790802553321-m74py1 tempProfile=true pid=59012 | close exit=0 1359ms out="Session closed." err="" | dirRemoved=true chromeAlive=false
[2026-09-30T21:09:15.558Z] PASS iter 6 session dir removed after close
[2026-09-30T21:09:18.685Z] iter 7: nav exit=0 1749ms | dir=sutradhar-cli-1790802556476-TLK2aL tempProfile=true pid=59340 | close exit=0 1377ms out="Session closed." err="" | dirRemoved=true chromeAlive=false
[2026-09-30T21:09:18.685Z] PASS iter 7 session dir removed after close
[2026-09-30T21:09:21.632Z] iter 8: nav exit=0 1555ms | dir=sutradhar-cli-1790802559517-sxLKhJ tempProfile=true pid=61460 | close exit=0 1391ms out="Session closed." err="" | dirRemoved=true chromeAlive=false
[2026-09-30T21:09:21.632Z] PASS iter 8 session dir removed after close
[2026-09-30T21:09:24.467Z] iter 9: nav exit=0 1501ms | dir=sutradhar-cli-1790802562432-vHiPdE tempProfile=true pid=55716 | close exit=0 1333ms out="Session closed." err="" | dirRemoved=true chromeAlive=false
[2026-09-30T21:09:24.468Z] PASS iter 9 session dir removed after close
[2026-09-30T21:09:27.438Z] iter 10: nav exit=0 1649ms | dir=sutradhar-cli-1790802565271-CsGWCm tempProfile=true pid=74340 | close exit=0 1321ms out="Session closed." err="" | dirRemoved=true chromeAlive=false
[2026-09-30T21:09:27.438Z] PASS iter 10 session dir removed after close
[2026-09-30T21:09:27.443Z] after: 4 sutradhar-cli-1700000000000-NEG315 sutradhar-cli-1790798002107 sutradhar-cli-1790802484674 sutradhar-cli-1790802489781
[2026-09-30T21:09:27.443Z] PASS no new sutradhar-cli-* dirs remain (new: none)
[2026-09-30T21:09:27.443Z] PASS pre-existing in-use dir survived: sutradhar-cli-1790798002107
[2026-09-30T21:09:27.443Z] PASS pre-existing in-use dir survived: sutradhar-cli-1790802484674
[2026-09-30T21:09:27.443Z] PASS pre-existing in-use dir survived: sutradhar-cli-1790802489781
[2026-09-30T21:09:27.443Z] PASS negative case: dir used by running Chrome pid 55968 survived 10 sweeps
[2026-09-30T21:09:28.011Z] PASS negative case: close-path removal refused ({"removed":false,"reason":"in-use"})
[2026-09-30T21:09:28.011Z] stale dirs removed by session-start sweep: sutradhar-cli-1790798439698 sutradhar-cli-1790799889081 sutradhar-cli-1790799997980 sutradhar-cli-1790800049010 sutradhar-cli-1790800078891 sutradhar-cli-1790800116522
[2026-09-30T21:09:29.066Z] PASS negative-case dir removed once its Chrome (pid 55968) exited: {"removed":true}
[2026-09-30T21:09:29.066Z] ALL PASS
