{
 "label": "bundle",
 "mcpUnexpected": [],
 "mcpAll": [
  "CNRYexpotp",
  "CNRYwaitotp"
 ],
 "cliUnexpected": [],
 "cliAll": [
  "CNRYcliexpotp"
 ],
 "humanAll": [],
 "verifPairs": {
  "history": 10,
  "results": 10
 },
 "verif": [
  [
   "browser.navigate",
   "navigate",
   true,
   true
  ],
  [
   "browser.navigate",
   "navigate",
   true,
   false
  ],
  [
   "browser.navigate",
   "navigate",
   true,
   true
  ],
  [
   "browser.click",
   "click",
   true,
   true
  ],
  [
   "browser.navigate",
   "navigate",
   true,
   true
  ],
  [
   "browser.click",
   "click",
   true,
   true
  ],
  [
   "browser.wait_for",
   "wait_for",
   true,
   false
  ],
  [
   "browser.click",
   "click",
   true,
   false
  ],
  [
   "browser.click",
   "click",
   true,
   false
  ],
  [
   "browser.type",
   "type",
   false,
   false
  ]
 ]
}
