{
 "total": 16,
 "exactlyOneDoc": 11,
 "zeroDocs": 5,
 "multiDocs": 0,
 "badRows": [
  {
   "tag": "sepState-pair0-B",
   "docCount": 0,
   "kinds": [],
   "code": 1
  },
  {
   "tag": "sepState-pair2-A",
   "docCount": 0,
   "kinds": [],
   "code": 1
  },
  {
   "tag": "sepState-pair3-A",
   "docCount": 0,
   "kinds": [],
   "code": 1
  },
  {
   "tag": "sharedState-pair0-A",
   "docCount": 0,
   "kinds": [],
   "code": 1,
   "fatal": true
  },
  {
   "tag": "sharedState-pair1-A",
   "docCount": 0,
   "kinds": [],
   "code": 1,
   "fatal": true
  }
 ]
}
