{"timestamp":"2026-09-28T01:13:27.704Z","level":"info","message":"[BrowserLauncher] Launching browser instance","context":{"executablePath":"C:\\Program Files\\Google\\Chrome\\Application\\chrome.exe","headless":true,"argsCount":11}}
{"timestamp":"2026-09-28T01:13:27.900Z","level":"info","message":"[BrowserSessionManager] Created browser session sess_1790558007704_1","context":{"isIncognito":false}}
{"timestamp":"2026-09-28T01:13:53.136Z","level":"info","message":"[BrowserSession] Closed session sess_1790558007704_1","context":{"reason":"Close all sessions requested"}}
{"timestamp":"2026-09-28T01:13:53.136Z","level":"info","message":"[BrowserSessionManager] Closed session sess_1790558007704_1","context":{"reason":"Close all sessions requested"}}
{
 "concurrent": [
  {
   "A": {
    "console": 82,
    "hasOwn": true,
    "broken": 1,
    "hidden": true,
    "leakedFromB": false
   },
   "B": {
    "console": [],
    "broken": 0,
    "hidden": false
   }
  },
  {
   "A": {
    "console": 82,
    "hasOwn": true,
    "broken": 1,
    "hidden": true,
    "leakedFromB": false
   },
   "B": {
    "console": [],
    "broken": 0,
    "hidden": false
   }
  },
  {
   "A": {
    "console": 82,
    "hasOwn": true,
    "broken": 1,
    "hidden": true,
    "leakedFromB": false
   },
   "B": {
    "console": [],
    "broken": 0,
    "hidden": false
   }
  }
 ],
 "vitals": [
  {
   "auditCls": 0.20605530119400306,
   "obsCls": 0.20605530119400306,
   "auditLcp": 12,
   "obsLcp": 12,
   "clsDelta": 0,
   "lcpDelta": 0
  },
  {
   "auditCls": 0.20605530119400306,
   "obsCls": 0.20605530119400306,
   "auditLcp": 20,
   "obsLcp": 20,
   "clsDelta": 0,
   "lcpDelta": 0
  },
  {
   "auditCls": 0.20605530119400306,
   "obsCls": 0.20605530119400306,
   "auditLcp": 24,
   "obsLcp": 24,
   "clsDelta": 0,
   "lcpDelta": 0
  },
  {
   "auditCls": 0.20605530119400306,
   "obsCls": 0.20605530119400306,
   "auditLcp": 24,
   "obsLcp": 24,
   "clsDelta": 0,
   "lcpDelta": 0
  }
 ],
 "b2": [
  0.20605530119400306,
  0.20605530119400306,
  0.20605530119400306
 ],
 "tabsAfterClose": 1,
 "b2Injected": "undefined"
}
