{"timestamp":"2026-09-28T00:57:48.240Z","level":"info","message":"[BrowserLauncher] Launching browser instance","context":{"executablePath":"C:\\Program Files\\Google\\Chrome\\Application\\chrome.exe","headless":true,"argsCount":11}}
{"timestamp":"2026-09-28T00:57:48.452Z","level":"info","message":"[BrowserSessionManager] Created browser session sess_1790557068240_1","context":{"isIncognito":false}}
{"timestamp":"2026-09-28T01:13:08.185Z","level":"info","message":"[BrowserSession] Closed session sess_1790557068240_1","context":{"reason":"Close all sessions requested"}}
{"timestamp":"2026-09-28T01:13:08.186Z","level":"info","message":"[BrowserSessionManager] Closed session sess_1790557068240_1","context":{"reason":"Close all sessions requested"}}
{
 "spa_replace_at-1": "10/10",
 "spa_replace_at0": "10/10",
 "spa_replace_at30": "10/10",
 "spa_replace_at200": "10/10",
 "spa_push_at-1": "10/10",
 "spa_push_at0": "10/10",
 "spa_push_at30": "10/10",
 "spa_push_at200": "10/10",
 "spa_hash_at-1": "10/10",
 "spa_hash_at0": "10/10",
 "spa_hash_at30": "10/10",
 "spa_hash_at200": "10/10",
 "sitePattern": "10/10",
 "burst": "10/10",
 "own404": "10/10",
 "own500": "10/10",
 "r302to404": "10/10",
 "x1x2_click0": "10/10",
 "x1x2_click200": "10/10",
 "x1x2_click800": "10/10",
 "iframe_cross": "10/10",
 "iframe_same": "10/10",
 "iframe_oopif": "10/10",
 "metaRefresh_d0": "10/10",
 "metaRefresh_d1": "10/10",
 "jsChain": "10/10",
 "mixed302_replace_js_push": "10/10",
 "hop3_to_404": "10/10",
 "hop_to_slow500": "10/10",
 "afterHang_own404": "3/3",
 "own404_fragmentInRequest": "10/10",
 "own404_pageSetsHash": "10/10",
 "own404_pageReplaceState": "10/10",
 "own404_emptyBody": "10/10",
 "repeat": "25/25",
 "real_https://nextjs.org/": "10/10",
 "real_https://react.dev/": "10/10",
 "real_https://vercel.com/": "10/10",
 "real_https://github.com/": "10/10",
 "real_https://www.npmjs.com/": "10/10",
 "real_https://vuejs.org/": "10/10",
 "real_https://angular.dev/": "10/10",
 "real_https://svelte.dev/": "10/10",
 "gap262_noisyThenClean_0": "10/10",
 "gap262_noisyThenClean_150": "10/10",
 "gap262_noisyThenClean_600": "10/10",
 "b2": "PASS"
} {"created":475,"detachOk":475,"detachErr":0}
