{
 "label": "head",
 "noHistory": {
  "code": 0,
  "out": "No CLI history yet for this directory (E:\\AI-Cache\\tmp\\fr211-a4cli-ox7XTX\\state\\history.jsonl does not exist).",
  "state": false,
  "file": false
 },
 "bogus": {
  "code": 1,
  "err": "Error: Unrecognized flag \"--bogus\" — run \"sutradhar\" with no arguments to see the full command/flag "
 },
 "beside": {
  "state": true,
  "history": true,
  "lines": 4,
  "verbs": [
   "nav",
   "eval",
   "click",
   "snap"
  ],
  "acts": [
   "navigate",
   "eval",
   "click",
   ""
  ],
  "keys": [
   "v",
   "type",
   "ts",
   "sessionId",
   "cwd",
   "verb",
   "args",
   "exitCode",
   "durationMs",
   "actions",
   "actionsEvicted"
  ]
 },
 "historyCmd": {
  "code": 0,
  "header": "History: 4 command(s) in E:\\AI-Cache\\tmp\\fr211-a4cli-ox7XTX\\state\\history.jsonl",
  "current": 1,
  "rows": 4,
  "jsonByteIdentical": true,
  "jsonCode": 0,
  "ms": 268
 },
 "torn": {
  "code": 0,
  "note": "Note: skipped 1 unreadable line(s) in E:\\AI-Cache\\tmp\\fr211-a4cli-ox7XTX\\state\\history.jsonl.",
  "jsonLines": 4
 },
 "afterTorn": {
  "valid": 5,
  "bad": 1,
  "last": "eval",
  "endsNl": true
 },
 "afterClose": {
  "stateGone": true,
  "history": true,
  "current": 0,
  "lastVerb": "close"
 },
 "selfHeal": {
  "newSession": true,
  "sessionRows": 2,
  "current": 1
 },
 "parallel": {
  "started": 14,
  "exitCodes": [
   0,
   0,
   0,
   0,
   0,
   0,
   0,
   0,
   0,
   0,
   0,
   0,
   0,
   0
  ],
  "newLines": 14,
  "bad": 1,
  "maxLineBytes": 12285,
  "truncated": 6,
  "bigArgsKept": [
   20,
   20,
   20,
   20,
   20,
   20
  ]
 },
 "killDetail": [
  {
   "pid": 95492,
   "sleepMs": 1018,
   "waitMs": 711,
   "taskkill": 0,
   "exit": {
    "code": 1,
    "sig": null
   }
  },
  {
   "pid": 14956,
   "sleepMs": 314,
   "waitMs": 194,
   "taskkill": 128,
   "exit": {
    "code": 0,
    "sig": null
   }
  },
  {
   "pid": 91372,
   "sleepMs": 792,
   "waitMs": 999,
   "taskkill": 128,
   "exit": {
    "code": 0,
    "sig": null
   }
  },
  {
   "pid": 2020,
   "sleepMs": 105,
   "waitMs": 214,
   "taskkill": 128,
   "exit": {
    "code": 0,
    "sig": null
   }
  },
  {
   "pid": 84292,
   "sleepMs": 92,
   "waitMs": 207,
   "taskkill": 128,
   "exit": {
    "code": 0,
    "sig": null
   }
  },
  {
   "pid": 97904,
   "sleepMs": 53,
   "waitMs": 106,
   "taskkill": 128,
   "exit": {
    "code": 0,
    "sig": null
   }
  },
  {
   "pid": 56448,
   "sleepMs": 230,
   "waitMs": 301,
   "taskkill": 128,
   "exit": {
    "code": 0,
    "sig": null
   }
  },
  {
   "pid": 95588,
   "sleepMs": 605,
   "waitMs": 885,
   "taskkill": 128,
   "exit": {
    "code": 0,
    "sig": null
   }
  },
  {
   "pid": 29288,
   "sleepMs": 73,
   "waitMs": 223,
   "taskkill": 128,
   "exit": {
    "code": 0,
    "sig": null
   }
  },
  {
   "pid": 72044,
   "sleepMs": 199,
   "waitMs": 419,
   "taskkill": 128,
   "exit": {
    "code": 0,
    "sig": null
   }
  },
  {
   "pid": 51668,
   "sleepMs": 1194,
   "waitMs": 1042,
   "taskkill": 0,
   "exit": {
    "code": 1,
    "sig": null
   }
  },
  {
   "pid": 75220,
   "sleepMs": 724,
   "waitMs": 347,
   "taskkill": 0,
   "exit": {
    "code": 1,
    "sig": null
   }
  },
  {
   "pid": 67524,
   "sleepMs": 509,
   "waitMs": 699,
   "taskkill": 128,
   "exit": {
    "code": 0,
    "sig": null
   }
  },
  {
   "pid": 52240,
   "sleepMs": 419,
   "waitMs": 668,
   "taskkill": 128,
   "exit": {
    "code": 0,
    "sig": null
   }
  },
  {
   "pid": 89604,
   "sleepMs": 831,
   "waitMs": 955,
   "taskkill": 128,
   "exit": {
    "code": 0,
    "sig": null
   }
  },
  {
   "pid": 49552,
   "sleepMs": 981,
   "waitMs": 1238,
   "taskkill": 128,
   "exit": {
    "code": 0,
    "sig": null
   }
  },
  {
   "pid": 4564,
   "sleepMs": 1148,
   "waitMs": 298,
   "taskkill": 0,
   "exit": {
    "code": 1,
    "sig": null
   }
  },
  {
   "pid": 96600,
   "sleepMs": 466,
   "waitMs": 213,
   "taskkill": 0,
   "exit": {
    "code": 1,
    "sig": null
   }
  },
  {
   "pid": 84644,
   "sleepMs": 188,
   "waitMs": 247,
   "taskkill": 128,
   "exit": {
    "code": 0,
    "sig": null
   }
  },
  {
   "pid": 90300,
   "sleepMs": 489,
   "waitMs": 566,
   "taskkill": 128,
   "exit": {
    "code": 0,
    "sig": null
   }
  },
  {
   "pid": 65108,
   "sleepMs": 118,
   "waitMs": 416,
   "taskkill": 128,
   "exit": {
    "code": 0,
    "sig": null
   }
  },
  {
   "pid": 82440,
   "sleepMs": 82,
   "waitMs": 341,
   "taskkill": 128,
   "exit": {
    "code": 0,
    "sig": null
   }
  },
  {
   "pid": 77868,
   "sleepMs": 877,
   "waitMs": 694,
   "taskkill": 0,
   "exit": {
    "code": 1,
    "sig": null
   }
  },
  {
   "pid": 33144,
   "sleepMs": 958,
   "waitMs": 1082,
   "taskkill": 128,
   "exit": {
    "code": 0,
    "sig": null
   }
  },
  {
   "pid": 92620,
   "sleepMs": 1075,
   "waitMs": 1408,
   "taskkill": 128,
   "exit": {
    "code": 0,
    "sig": null
   }
  },
  {
   "pid": 77648,
   "sleepMs": 149,
   "waitMs": 377,
   "taskkill": 128,
   "exit": {
    "code": 0,
    "sig": null
   }
  },
  {
   "pid": 96920,
   "sleepMs": 1138,
   "waitMs": 743,
   "taskkill": 0,
   "exit": {
    "code": 1,
    "sig": null
   }
  },
  {
   "pid": 67384,
   "sleepMs": 1027,
   "waitMs": 388,
   "taskkill": 0,
   "exit": {
    "code": 1,
    "sig": null
   }
  },
  {
   "pid": 86312,
   "sleepMs": 800,
   "waitMs": 1118,
   "taskkill": 128,
   "exit": {
    "code": 0,
    "sig": null
   }
  },
  {
   "pid": 94624,
   "sleepMs": 260,
   "waitMs": 54,
   "taskkill": 0,
   "exit": {
    "code": 1,
    "sig": null
   }
  },
  {
   "pid": 93660,
   "sleepMs": 823,
   "waitMs": 1117,
   "taskkill": 128,
   "exit": {
    "code": 0,
    "sig": null
   }
  },
  {
   "pid": 67684,
   "sleepMs": 87,
   "waitMs": 403,
   "taskkill": 128,
   "exit": {
    "code": 0,
    "sig": null
   }
  },
  {
   "pid": 63552,
   "sleepMs": 713,
   "waitMs": 161,
   "taskkill": 0,
   "exit": {
    "code": 1,
    "sig": null
   }
  },
  {
   "pid": 68128,
   "sleepMs": 725,
   "waitMs": 680,
   "taskkill": 128,
   "exit": {
    "code": 0,
    "sig": null
   }
  },
  {
   "pid": 88168,
   "sleepMs": 538,
   "waitMs": 139,
   "taskkill": 0,
   "exit": {
    "code": 1,
    "sig": null
   }
  },
  {
   "pid": 60116,
   "sleepMs": 657,
   "waitMs": 899,
   "taskkill": 128,
   "exit": {
    "code": 0,
    "sig": null
   }
  },
  {
   "pid": 71904,
   "sleepMs": 350,
   "waitMs": 653,
   "taskkill": 128,
   "exit": {
    "code": 0,
    "sig": null
   }
  },
  {
   "pid": 25296,
   "sleepMs": 552,
   "waitMs": 655,
   "taskkill": 128,
   "exit": {
    "code": 0,
    "sig": null
   }
  },
  {
   "pid": 53972,
   "sleepMs": 12,
   "waitMs": 223,
   "taskkill": 128,
   "exit": {
    "code": 0,
    "sig": null
   }
  },
  {
   "pid": 61768,
   "sleepMs": 593,
   "waitMs": 386,
   "taskkill": 0,
   "exit": {
    "code": 1,
    "sig": null
   }
  }
 ],
 "kills": {
  "attempted": 40,
  "killedByTaskkill": 12,
  "finishedFirst": 28,
  "valid": 50,
  "bad": 1,
  "endsNl": true
 },
 "afterKills": {
  "bad": 1,
  "last": "void \"after-kills\"",
  "endsNl": true
 }
}
