[live] PASS process-baseline
[live] PASS L0.nav
[live] PASS L0.state.no-dialogPolicy
[live] PASS L0.warden-ready
[live] PASS L1.click.exit0
[live] PASS L1.click.fast
[live] PASS L1.click.stdout-has-Clicked
[live] PASS L1.click.dialogPending-exact
[live] PASS L1.observer-blocked
[live] PASS L1.snap.exit3
[live] PASS GAP-017.no-new-blank-tab
[live] PASS GAP-017.no-self-heal-kill
[live] PASS L1.snap.dialogPending-exact
[live] PASS L1.dialog.lists-it
[live] PASS L1.dialog-accept.stdout
[live] PASS L1.responsive-after-accept
[live] PASS L1.record-exact
[live] PASS L1.final-snap-clear
[live] PASS L2a.dismiss.stdout
[live] PASS L2a.record-false
[live] PASS L2b.accept.stdout
[live] PASS L2b.record-true
[live] PASS L3.pending-has-default
[live] PASS L3a.accept-with-text.stdout
[live] PASS L3a.record
[live] PASS L3b.accept-default.stdout
[live] PASS L3b.record
[live] PASS L3c.record-isNull
[live] PASS L4a.exit0
[live] PASS L4a.dialogHandled-auto-timeout
[live] PASS L4a.landed
[live] PASS L4b.exit0
[live] PASS L4b.by-policy
[live] PASS L4b.landed
[live] PASS L4b.state-persisted-accept
[live] PASS L4c.exit1
[live] PASS L4c.cancel-message-exact
[live] PASS L4c.did-not-land
[live] PASS L4c.responsive
[live] PASS L4d.observer-saw-blocked
[live] PASS L4d.dialog-lists-beforeunload
[live] PASS L4d.landed-after-accept
[live] PASS L5.no-cli-process-running
[live] PASS L5.warden-process-exists
[live] PASS L5.observer-saw-blocked
[live] PASS L5.warden-auto-accepted
[live] PASS L5.record-true
[live] PASS L6a.exit3-fast
[live] PASS L6a.message-exact
[live] PASS L6b.stdout-true-exit0
[live] PASS L6c.stdout-zz
[live] PASS L7.first-accept-has-both
[live] PASS L7.record
[live] PASS L8.state-dismiss
[live] PASS L8.click-dismissed-by-policy
[live] PASS L8.click-with-report-flag-blocks-or-pending
[live] PASS D10.state-has-report-not-absent
[live] PASS D10.report-persists-no-flag-command
[live] PASS D10.still-report-after-third-invocation
[live] PASS L9.exit0-fast
[live] PASS L9.dialogPending-confirm
[live] PASS L10.nav-exit3
[live] PASS L10.snap-clear-title
[live] PASS L11.json-version-reachable-during-dialog
[live] SKIP  L11.sessions-json-status-live — FR2-03's "sessions --json" verb does not exist at HEAD (parked); substituted the /json/version C11 proof above instead.
[live] PASS L12.exit3-iframe-message
[live] FAIL L13.headed.click-exit0 — {"args":["click","#alert"],"code":1,"ms":55922,"killedAtCap":false,"stdout":"Click failed: Action click timed out after 15000ms\ndialogPending: {\"type\":\"alert\",\"message\":\"fr2-04 alert l13-1790846367312-265y2i\",\"defaultValue\":null,\"url\":\"http://127.0.0.1:58320/fx.html?n=l13-1790846367312-265y2i\"}\n","stderr":"Hint: a alert dialog is open and blocking the page. Run \"sutradhar dialog accept [text]\" or \"sutradhar dialog dismiss\", or set a policy with --dialog accept|dismiss. For a dialog type \"unknown\", that same command identifies the specific tab that may be holding it and, when the dialog warden can prove which one it actually is, recovers by closing just that tab (never a different, healthy tab it merely shares a browser process with) — otherwise it explains why it won't guess and leaves every tab open. \"sutradhar tabs\" and \"sutradhar closetab <id>\" keep working while a page is blocked or has crashed (they list and close tabs at the browser level and never attach to the blocked page), so a stuck tab can always be closed without ending the session. If nothing else works, \"sutradhar close\" ends the whole session so you can start a fresh one.\n"}
[live] PASS L13.headed.snap-exit3
[live] PASS N1.no-dialog-exit1
[live] PASS N2.usage-exit1
[live] PASS N3.rejected-no-chrome-contact
[live] PASS N4.rejected
[live] PASS N5.rejected
[live] PASS N6.no-session-exit1
[live] SKIP  N7.observer-contamination — Covered by the standing "observer-no-violations" assertion (below), which runs across every case in this file, not just one dedicated case.
[live] PASS N8.background-tab-dialog-blocks
[live] PASS N9.snap-not-blocked
[live] PASS N10.watchdog-fires-on-genuine-hang
[live] PASS N10.watchdog-message-exact
[live] PASS N10.session-survived-watchdog
[live] PASS N11.profile-created
[live] PASS N11.close-fast-with-warning
[live] PASS N11b.legacy-no-chromePid-close-fast
[live] PASS N11b.GAP-227-no-profile-warning-correct
[live] PASS N12.warden-exists-before-kill
[live] PASS N12.warden-respawned-new-pid
[live] PASS N12.new-warden-handles-post-respawn-dialogs
[live] PASS N13.wrong-token-401
[live] PASS N13.still-blocked
[live] PASS N14.exactly-one-accepted
[live] PASS N14.record-has-exactly-one-returned
[live] PASS L15.setup-accept-persisted
[live] PASS L15.old-warden-exited-on-chrome-death
[live] PASS L15.snap-exit0-self-healed
[live] PASS L15.stderr-note-line
[live] PASS L15.new-chromePid
[live] PASS L15.policy-carried-accept
[live] PASS L15.new-warden-for-new-endpoint
[live] PASS L15.carried-accept-applied-by-new-warden
[live] PASS GAP-220.never-a-silent-hang-or-wrong-tab
[live] PASS GAP-221.gate-accept-uses-prompt-default-not-empty
[live] PASS WardenDown.no-hang
[live] PASS WardenDown.honest-block-not-silent-success
[live] PASS WardenDown.no-GAP-017-wrong-tab
[live] PASS WardenDown.no-self-heal-kill
[live] PASS GAP228.blank-popup-sync-alert-caught
[live] PASS GAP229.chained-dialog-fully-regated
[live] PASS GAP230.unknown-recovered-via-dialog-accept
[live] PASS GAP230.tabs-immediately-after-recovery
[live] PASS GAP231.stale-lock-race-single-warden
[live] PASS L14.no-leftover-chrome
[live] PASS L14.no-leftover-warden
[live] PASS observer-no-violations

SOME FAILED (110 passed, 1 failed, 2 skipped, 113 total), evidence: E:/AI-Cache/tmp/fr211-a3-regress-ev/master-fr204
exit=1
