Fetched Fri Sep 25 03:42:25 UTC 2026 by FR2-16 audit-3 via curl (raw gitiles ?format=TEXT, base64-decoded), NOT WebFetch summarization
URL: https://chromium.googlesource.com/chromium/src/+/refs/heads/main/chrome/browser/ui/startup/bad_flags_prompt.cc?format=TEXT
bytes: 15615
80-#if !BUILDFLAG(IS_ANDROID)
81-// Dangerous command line flags for which to display a warning that "stability
82-// and security will suffer".
83:const char* const kBadFlags[] = {
84-    // These flags allow redirecting user traffic.
85-    network::switches::kHostResolverRules,
--
134-
135-    // These flags control Blink feature state, which is not supported and is
136-    // intended only for use by Chromium developers.
137:    switches::kDisableBlinkFeatures,
138:    switches::kEnableBlinkFeatures,
139-
140-    // This flag allows people to allowlist certain origins as secure, even
--
290-#if !BUILDFLAG(IS_ANDROID)
291-  for (const char* flag : kBadFlags) {
292-    if (base::CommandLine::ForCurrentProcess()->HasSwitch(flag)) {
293:      ShowBadFlagsInfoBar(web_contents, IDS_BAD_FLAGS_WARNING_MESSAGE, flag);
294-      return;
295-    }
--
301-  base::CommandLine* commandLine = base::CommandLine::ForCurrentProcess();
302-  bool isTestIntent = commandLine->HasSwitch("enable-test-intents");
303-  if (base::android::WasFlagsLoadedFromFile(env) &&
304:      !commandLine->HasSwitch(switches::kEnableAutomation) && !isTestIntent) {
305-    // If the command line file was loaded, we show a snackbar warning about
306-    // all the flags in the file.
307-    ShowBadFlagsSnackbar(
308-        web_contents,
309:        l10n_util::GetStringUTF16(IDS_BAD_FLAGS_FROM_FILE_WARNING_MESSAGE));
310-  }
311-#endif
  }
#endif

  // Animating the infobar also animates the content area size which can trigger
  // a flood of page layout, compositing, texture reallocations, etc.  Do not
  // animate the infobar to reduce noise in perf benchmarks because they pass
  // --ignore-certificate-errors-spki-list.  This infobar only appears at
  // startup so the animation isn't visible to users anyway.
  CreateSimpleAlertInfoBar(
      infobars::ContentInfoBarManager::FromWebContents(web_contents),
      infobars::InfoBarDelegate::BAD_FLAGS_INFOBAR_DELEGATE, nullptr,
      l10n_util::GetStringFUTF16(message_id, base::UTF8ToUTF16(flag)),
      /*auto_expire=*/false, /*should_animate=*/false);
}

}  // namespace

void ShowBadFlagsPrompt(content::WebContents* web_contents) {
// On Android, ShowBadFlagsPrompt doesn't show the warning notification
// for flags which are not available in about:flags.
#if !BUILDFLAG(IS_ANDROID)
  for (const char* flag : kBadFlags) {
    if (base::CommandLine::ForCurrentProcess()->HasSwitch(flag)) {
      ShowBadFlagsInfoBar(web_contents, IDS_BAD_FLAGS_WARNING_MESSAGE, flag);
      return;
    }
  }
#endif

#if BUILDFLAG(IS_ANDROID) && defined(OFFICIAL_BUILD)
  JNIEnv* env = base::android::AttachCurrentThread();
