observer sockets identified: 1
{"timestamp":"2026-09-25T22:31:15.698Z","level":"info","message":"[BrowserLauncher] Connecting to remote browser endpoint","context":{"endpoint":"ws://127.0.0.1:53583/devtools/browser/7fc892e6-caa9-433c-b8ed-d3c40280ce99"}}
{"timestamp":"2026-09-25T22:31:15.702Z","level":"info","message":"[BrowserSessionManager] Created browser session sess_1790375475698_1","context":{"isIncognito":false}}
PASS idle-baseline-500ms-no-runtime-cdp
PASS Q1-playwright-zero-cdp-all-methods
PASS Q1b-runtime-click-rejects-InvalidSelectorError
FAIL Q1c-two-hop-frame-chain-bad-second-hop-zero-cdp (spec §2.4/R7) :: {"case":"Q1c-two-hop-frame-chain-bad-second-hop-zero-cdp (spec §2.4/R7)","sends":["Runtime.callFunctionOn","DOM.describeNode","DOM.resolveNode","Runtime.addBinding","Runtime.callFunctionOn","Runtime.addBinding","Runtime.callFunctionOn","Runtime.evaluate","Runtime.callFunctionOn","DOM.describeNode","DOM.resolveNode","Runtime.releaseObject","DOM.describeNode"],"msg":"Invalid frameSelector \"role=frame\" (from the full chain \"iframe#f::role=frame\") — \"role=\" is Playwright selector-engine syntax. Use standard","pass":false}
FAIL Q1d-two-hop-missing-first-hop-then-playwright-hop: caller should be coached about role= :: {"case":"Q1d-two-hop-missing-first-hop-then-playwright-hop: caller should be coached about role=","sends":1,"msg":"No element matched frameSelector \"iframe#missing\" (from the full chain \"iframe#missing::role=frame\") — reached via the top-level page.","pass":false}
{"timestamp":"2026-09-25T22:31:16.948Z","level":"info","message":"[BrowserActionEngine] Executing action wait_for_selector","context":{"tabId":"tab_sess_1790375475698_1_1","selector":"#plain-btn"}}
PASS Q2-busy-page-playwright-returns-fast + control-blocks
{"timestamp":"2026-09-25T22:31:19.587Z","level":"warn","message":"[BrowserActionEngine] Rejected invalid selector before dispatch: Invalid selector \"div[\" — Failed to execute 'querySelector' on 'DocumentFragment': 'div[' is not a valid selector. Use standard CSS or a snapshot node id (e.g. \"12\"); Puppeteer's pierce/, xpath/, aria/ and text/ prefixes also work for element actions. Playwright-style selectors (text=, role=, >>, :has-text(), getBy*(), internal:) are not supported: to target by visible text or accessible role/name, use click_by_text, click_by_role or type_by_label (CLI: clicktext, clickrole), or take a snapshot and use a node id.","context":{}}
PASS Q3-invalid-syntax-one-probe: click div[
{"timestamp":"2026-09-25T22:31:19.589Z","level":"warn","message":"[BrowserActionEngine] Rejected invalid selector before dispatch: Invalid selector \"xpath///[\" — Failed to execute 'createExpression' on 'Document': The string '//[' is not a valid XPath expression. Use standard CSS or a snapshot node id (e.g. \"12\"); Puppeteer's pierce/, xpath/, aria/ and text/ prefixes also work for element actions. Playwright-style selectors (text=, role=, >>, :has-text(), getBy*(), internal:) are not supported: to target by visible text or accessible role/name, use click_by_text, click_by_role or type_by_label (CLI: clicktext, clickrole), or take a snapshot and use a node id.","context":{}}
PASS Q3-invalid-syntax-one-probe: click xpath///[
{"timestamp":"2026-09-25T22:31:19.590Z","level":"warn","message":"[BrowserActionEngine] Rejected invalid selector before dispatch: Invalid selector \"div[\" — Failed to execute 'querySelector' on 'DocumentFragment': 'div[' is not a valid selector. Use standard CSS or a snapshot node id (e.g. \"12\"); Puppeteer's pierce/, xpath/, aria/ and text/ prefixes also work for element actions. Playwright-style selectors (text=, role=, >>, :has-text(), getBy*(), internal:) are not supported: to target by visible text or accessible role/name, use click_by_text, click_by_role or type_by_label (CLI: clicktext, clickrole), or take a snapshot and use a node id.","context":{}}
PASS Q3-invalid-syntax-one-probe: waitForSelector div[ attached
{"timestamp":"2026-09-25T22:31:19.591Z","level":"warn","message":"[BrowserActionEngine] Rejected invalid selector before dispatch: Invalid selector \"div[\" — Failed to execute 'querySelector' on 'DocumentFragment': 'div[' is not a valid selector. Use standard CSS or a snapshot node id (e.g. \"12\"); Puppeteer's pierce/, xpath/, aria/ and text/ prefixes also work for element actions. Playwright-style selectors (text=, role=, >>, :has-text(), getBy*(), internal:) are not supported: to target by visible text or accessible role/name, use click_by_text, click_by_role or type_by_label (CLI: clicktext, clickrole), or take a snapshot and use a node id.","context":{}}
PASS Q3-invalid-syntax-one-probe: drag #plain-btn -> div[
{"timestamp":"2026-09-25T22:31:19.592Z","level":"warn","message":"[BrowserActionEngine] Rejected invalid selector before dispatch: Invalid selector \"   \" — Failed to execute 'querySelector' on 'DocumentFragment': The provided selector is empty. Use standard CSS or a snapshot node id (e.g. \"12\"); Puppeteer's pierce/, xpath/, aria/ and text/ prefixes also work for element actions. Playwright-style selectors (text=, role=, >>, :has-text(), getBy*(), internal:) are not supported: to target by visible text or accessible role/name, use click_by_text, click_by_role or type_by_label (CLI: clicktext, clickrole), or take a snapshot and use a node id.","context":{}}
FAIL Q3-invalid-syntax-one-probe: click "   " :: {"case":"Q3-invalid-syntax-one-probe: click \"   \"","ms":0,"retriesUsed":0,"success":false,"failureScreenshot":false,"error":"Invalid selector \"   \" — Failed to execute 'querySelector' on 'DocumentFragment': The provided selector is empty. Use standard CSS or a snapshot node id (e.g. \"12\"); Puppeteer's pierce/, xpath/, aria/ and text/ prefixes ","sends":["Runtime.callFunctionOn(function selectorSyntaxProbeInPage(kind,)"],"nonProbeSends":0,"observerTruth":"Failed to execute 'querySelector' on 'DocumentFragment': '   ' is not a valid selector.","pass":false}
{"timestamp":"2026-09-25T22:31:19.593Z","level":"warn","message":"[BrowserActionEngine] Rejected invalid selector before dispatch: Invalid selector \"#host >>> #x\" — Failed to execute 'querySelector' on 'DocumentFragment': '#host >>> #x' is not a valid selector. (Puppeteer's >>> and ::-p-*() extensions are not supported for element actions; open shadow roots are already searched automatically, so use a plain descendant combinator.) Use standard CSS or a snapshot node id (e.g. \"12\"); Puppeteer's pierce/, xpath/, aria/ and text/ prefixes also work for element actions. Playwright-style selectors (text=, role=, >>, :has-text(), getBy*(), internal:) are not supported: to target by visible text or accessible role/name, use click_by_text, click_by_role or type_by_label (CLI: clicktext, clickrole), or take a snapshot and use a node id.","context":{}}
PASS Q3-invalid-syntax-one-probe: click #host >>> #x
{"timestamp":"2026-09-25T22:31:20.197Z","level":"info","message":"[BrowserActionEngine] Executing action wait_for_selector","context":{"tabId":"tab_sess_1790375475698_1_1","selector":"div["}}
{"timestamp":"2026-09-25T22:31:21.095Z","level":"warn","message":"[BrowserActionEngine] Action wait_for_selector failed (attempt 1/3): SyntaxError: Failed to execute 'matches' on 'Element': 'div[' is not a valid selector.","context":{}}
PASS Q4-inconclusive-probe-then-parse-error: waitForSelector div[ visible
{"timestamp":"2026-09-25T22:31:23.358Z","level":"info","message":"[BrowserActionEngine] Executing action wait_for_selector","context":{"tabId":"tab_sess_1790375475698_1_1","selector":"div["}}
{"timestamp":"2026-09-25T22:31:28.625Z","level":"warn","message":"[BrowserActionEngine] Action wait_for_selector failed (attempt 1/3): wait_for_selector timed out after 5000ms waiting for state=attached: visibility could not be determined for 2 of 2 frame(s) — they did not respond within the diagnostic's time bound. This does NOT confirm the element is absent; try a larger timeoutMs.","context":{}}
{"timestamp":"2026-09-25T22:31:29.139Z","level":"warn","message":"[BrowserActionEngine] Action wait_for_selector failed (attempt 2/3): SyntaxError: Failed to execute 'matches' on 'Element': 'div[' is not a valid selector.","context":{}}
FAIL Q4-inconclusive-probe-then-parse-error: waitForSelector div[ attached :: {"case":"Q4-inconclusive-probe-then-parse-error: waitForSelector div[ attached","ms":6334,"retriesUsed":1,"error":"SyntaxError: Failed to execute 'matches' on 'Element': 'div[' is not a valid selector.","pass":false,"informational":true}
{"timestamp":"2026-09-25T22:31:31.408Z","level":"info","message":"[BrowserActionEngine] Executing action click","context":{"tabId":"tab_sess_1790375475698_1_1","selector":"div["}}
{"timestamp":"2026-09-25T22:31:36.423Z","level":"warn","message":"[BrowserActionEngine] Action click failed (attempt 1/3): No visible element found for selector: div[","context":{}}
{"timestamp":"2026-09-25T22:31:41.943Z","level":"warn","message":"[BrowserActionEngine] Action click failed (attempt 2/3): No visible element found for selector: div[","context":{}}
{"timestamp":"2026-09-25T22:31:47.966Z","level":"warn","message":"[BrowserActionEngine] Action click failed (attempt 3/3): No visible element found for selector: div[","context":{}}
FAIL Q4-inconclusive-probe-then-parse-error: click div[ :: {"case":"Q4-inconclusive-probe-then-parse-error: click div[","ms":17099,"retriesUsed":2,"error":"No visible element found for selector: div[","pass":false,"informational":true}
PASS Q5a-extract-5-dialect-fields-all-named, hint once, zero CDP
FAIL Q5b-extract-mixed-kinds (Playwright + invalid CSS): are BOTH named in one error? :: {"case":"Q5b-extract-mixed-kinds (Playwright + invalid CSS): are BOTH named in one error?","namesPw":true,"namesCss":false,"msg":"Invalid selector for field \"pwBad\": \"text=Buy\" — \"text=\" is Playwright selector-engine syntax (Puppeteer's own text query is spelled \"text/\").\nUse standard CSS or a snapshot node id (e.g. \"12\"); Puppeteer's pierce/, xpath/, aria/ and text/ prefixes also work for element actions. Playwright-style selectors (text=, role=, >>, :has-text(), getBy*(), internal:) are not supported: to target by visible text or accessible role/name, use click_by_text, click_by_r
PASS Q5c-extract-valid-still-works
FAIL Q6a-near-miss-css-detection-vs-chrome-parser :: {"case":"Q6a-near-miss-css-detection-vs-chrome-parser","total":43,"falsePositives":[{"s":"/* note */ #cmt-btn","detected":"bare-xpath","chromeValid":true,"falsePositive":true},{"s":"/**/#cmt-btn","detected":"bare-xpath","chromeValid":true,"falsePositive":true}],"rows":[{"s":"/* note */ #cmt-btn","detected":"bare-xpath","chromeValid":true,"falsePositive":true},{"s":"/**/#cmt-btn","detected":"bare-xpath","chromeValid":true,"falsePositive":true},{"s":"#cmt-btn /* >> text=x */","detected":null,"chromeValid":true,"falsePositive":false},{"s":".text\\=Submit","detected":null,"chromeValid":true,"false
FAIL Q6b-near-miss-live-click /* note */ #cmt-btn :: {"case":"Q6b-near-miss-live-click /* note */ #cmt-btn","thrown":"Invalid selector \"/* note */ #cmt-btn\" — this looks like an XPath expression; prefix it with \"xpath/\" (e.g. xpath///button[@id=\"go\"]). Use standard CSS or a sna","last":null,"pass":false}
{"timestamp":"2026-09-25T22:31:49.617Z","level":"info","message":"[BrowserActionEngine] Executing action click","context":{"tabId":"tab_sess_1790375475698_1_1","selector":".text\\=Submit"}}
PASS Q6b-near-miss-live-click .text\=Submit
{"timestamp":"2026-09-25T22:31:49.660Z","level":"info","message":"[BrowserActionEngine] Executing action click","context":{"tabId":"tab_sess_1790375475698_1_1","selector":".has-text\\:x"}}
PASS Q6b-near-miss-live-click .has-text\:x
{"timestamp":"2026-09-25T22:31:49.725Z","level":"info","message":"[BrowserActionEngine] Executing action click","context":{"tabId":"tab_sess_1790375475698_1_1","selector":"[data-visible]"}}
PASS Q6b-near-miss-live-click [data-visible]
{"timestamp":"2026-09-25T22:31:49.792Z","level":"info","message":"[BrowserActionEngine] Executing action click","context":{"tabId":"tab_sess_1790375475698_1_1","selector":"[data-u^=\"//\"]"}}
PASS Q6b-near-miss-live-click [data-u^="//"]
{"timestamp":"2026-09-25T22:31:49.859Z","level":"info","message":"[BrowserActionEngine] Executing action click","context":{"tabId":"tab_sess_1790375475698_1_1","selector":"aria/text=Submit"}}
FAIL Q7-prefix "aria/text=Submit" expect aria-pw :: {"case":"Q7-prefix \"aria/text=Submit\" expect aria-pw","ms":83,"success":true,"err":"","coached":false,"viaDetection":false,"cdpSends":31,"last":"pw-text-btn","frameLast":null,"pass":false}
{"timestamp":"2026-09-25T22:31:49.944Z","level":"info","message":"[BrowserActionEngine] Executing action click","context":{"tabId":"tab_sess_1790375475698_1_1","selector":"xpath///button[text()=\"text=Submit\"]"}}
PASS Q7-prefix "xpath///button[text()=\"text=Submit\"]" expect pw-text-btn
{"timestamp":"2026-09-25T22:31:50.010Z","level":"info","message":"[BrowserActionEngine] Executing action click","context":{"tabId":"tab_sess_1790375475698_1_1","selector":"text/text=Submit"}}
PASS Q7-prefix "text/text=Submit" expect CLICK
{"timestamp":"2026-09-25T22:31:50.077Z","level":"info","message":"[BrowserActionEngine] Executing action click","context":{"tabId":"tab_sess_1790375475698_1_1","selector":"pierce/[data-u=\"//cdn/x\"]"}}
PASS Q7-prefix "pierce/[data-u=\"//cdn/x\"]" expect href-like
{"timestamp":"2026-09-25T22:31:50.143Z","level":"info","message":"[BrowserActionEngine] Executing action click","context":{"tabId":"tab_sess_1790375475698_1_1","selector":"pierce/#pw-text-btn"}}
PASS Q7-prefix "pierce/#pw-text-btn" expect pw-text-btn
PASS Q7-prefix "pierce/text=Submit" expect REJECT
{"timestamp":"2026-09-25T22:31:50.212Z","level":"warn","message":"[BrowserActionEngine] Rejected invalid selector before dispatch: Invalid selector \"pierce/ text=Submit\" — Failed to execute 'querySelector' on 'DocumentFragment': ' text=Submit' is not a valid selector. Use standard CSS or a snapshot node id (e.g. \"12\"); Puppeteer's pierce/, xpath/, aria/ and text/ prefixes also work for element actions. Playwright-style selectors (text=, role=, >>, :has-text(), getBy*(), internal:) are not supported: to target by visible text or accessible role/name, use click_by_text, click_by_role or type_by_label (CLI: clicktext, clickrole), or take a snapshot and use a node id.","context":{}}
PASS Q7-prefix "pierce/ text=Submit" expect REJECT
PASS Q7-prefix "pierce/#12" expect REJECT
PASS Q7-prefix "pierce///button" expect REJECT
PASS Q7-prefix "xpath=//button" expect REJECT
{"timestamp":"2026-09-25T22:31:50.217Z","level":"info","message":"[BrowserActionEngine] Executing action click","context":{"tabId":"tab_sess_1790375475698_1_1","selector":"  aria/text=Submit"}}
FAIL Q7-prefix "  aria/text=Submit" expect aria-pw :: {"case":"Q7-prefix \"  aria/text=Submit\" expect aria-pw","ms":74,"success":true,"err":"","coached":false,"viaDetection":false,"cdpSends":31,"last":"pw-text-btn","frameLast":null,"pass":false}
{"timestamp":"2026-09-25T22:31:50.293Z","level":"info","message":"[BrowserActionEngine] Executing action click","context":{"tabId":"tab_sess_1790375475698_1_1","selector":"#in-frame-btn"}}
PASS Q7-prefix "#in-frame-btn" expect in-frame-btn
{"timestamp":"2026-09-25T22:31:51.541Z","level":"info","message":"[BrowserSession] Closed session sess_1790375475698_1","context":{"reason":"Runtime shutdown"}}
{"timestamp":"2026-09-25T22:31:51.541Z","level":"info","message":"[BrowserSessionManager] Closed session sess_1790375475698_1","context":{"reason":"Runtime shutdown"}}
overall false profile E:\AI-Cache\tmp\fr2-06-audit1-rt-ZmW9br
