{"timestamp":"2026-09-27T23:15:11.361Z","level":"info","message":"[BrowserLauncher] Launching browser instance","context":{"executablePath":"C:\\Program Files\\Google\\Chrome\\Application\\chrome.exe","headless":true,"argsCount":11}}
{"timestamp":"2026-09-27T23:15:11.554Z","level":"info","message":"[BrowserSessionManager] Created browser session sess_1790550911360_1","context":{"isIncognito":false}}
{"timestamp":"2026-09-27T23:16:31.088Z","level":"info","message":"[BrowserSession] Closed session sess_1790550911360_1","context":{"reason":"Close all sessions requested"}}
{"timestamp":"2026-09-27T23:16:31.088Z","level":"info","message":"[BrowserSessionManager] Closed session sess_1790550911360_1","context":{"reason":"Close all sessions requested"}}
https://github.com/audit3-nonexistent-user-zz9/nope | own=true docs=["404 https://github.com/audit3-nonexistent-user-zz9/nope"] final=https://github.com/audit3-nonexistent-user-zz9/nope
https://github.com/audit3-nonexistent-user-zz9/nope | own=true docs=["404 https://github.com/audit3-nonexistent-user-zz9/nope"] final=https://github.com/audit3-nonexistent-user-zz9/nope
https://github.com/audit3-nonexistent-user-zz9/nope | own=true docs=["404 https://github.com/audit3-nonexistent-user-zz9/nope"] final=https://github.com/audit3-nonexistent-user-zz9/nope
https://angular.dev/audit3-nonexistent | own=n/a (doc not >=400) docs=["200 https://angular.dev/audit3-nonexistent"] final=https://angular.dev/audit3-nonexistent
https://angular.dev/audit3-nonexistent | own=n/a (doc not >=400) docs=["200 https://angular.dev/audit3-nonexistent"] final=https://angular.dev/audit3-nonexistent
https://angular.dev/audit3-nonexistent | own=n/a (doc not >=400) docs=["200 https://angular.dev/audit3-nonexistent"] final=https://angular.dev/audit3-nonexistent
https://www.npmjs.com/package/audit3-nonexistent-pkg-zz9 | own=true docs=["307 https://www.npmjs.com/package/audit3-nonexistent-pkg-zz9","403 https://www.npmjs.com/package/audit3-nonexistent-pkg-zz9"] final=https://www.npmjs.com/package/audit3-nonexistent-pkg-zz9
https://www.npmjs.com/package/audit3-nonexistent-pkg-zz9 | own=true docs=["403 https://www.npmjs.com/package/audit3-nonexistent-pkg-zz9"] final=https://www.npmjs.com/package/audit3-nonexistent-pkg-zz9
https://www.npmjs.com/package/audit3-nonexistent-pkg-zz9 | own=true docs=["403 https://www.npmjs.com/package/audit3-nonexistent-pkg-zz9"] final=https://www.npmjs.com/package/audit3-nonexistent-pkg-zz9
https://nextjs.org/docs/audit3-nonexistent-page | own=true docs=["404 https://nextjs.org/docs/audit3-nonexistent-page"] final=https://nextjs.org/docs/audit3-nonexistent-page
https://nextjs.org/docs/audit3-nonexistent-page | own=true docs=["404 https://nextjs.org/docs/audit3-nonexistent-page"] final=https://nextjs.org/docs/audit3-nonexistent-page
https://nextjs.org/docs/audit3-nonexistent-page | own=true docs=["404 https://nextjs.org/docs/audit3-nonexistent-page"] final=https://nextjs.org/docs/audit3-nonexistent-page
https://react.dev/audit3-nonexistent | own=true docs=["404 https://react.dev/audit3-nonexistent"] final=https://react.dev/audit3-nonexistent
https://react.dev/audit3-nonexistent | own=true docs=["404 https://react.dev/audit3-nonexistent"] final=https://react.dev/audit3-nonexistent
https://react.dev/audit3-nonexistent | own=true docs=["404 https://react.dev/audit3-nonexistent"] final=https://react.dev/audit3-nonexistent
https://vercel.com/audit3-nonexistent | own=n/a (doc not >=400) docs=["307 https://vercel.com/audit3-nonexistent","307 https://vercel.com/auth-redirect/audit3-nonexistent","200 https://vercel.com/login?next=%2Faudit3-nonexistent"] final=https://vercel.com/login?next=%2Faudit3-nonexistent
https://vercel.com/audit3-nonexistent | own=n/a (doc not >=400) docs=["307 https://vercel.com/audit3-nonexistent","307 https://vercel.com/auth-redirect/audit3-nonexistent","200 https://vercel.com/login?next=%2Faudit3-nonexistent"] final=https://vercel.com/login?next=%2Faudit3-nonexistent
https://vercel.com/audit3-nonexistent | own=n/a (doc not >=400) docs=["307 https://vercel.com/audit3-nonexistent","307 https://vercel.com/auth-redirect/audit3-nonexistent","200 https://vercel.com/login?next=%2Faudit3-nonexistent"] final=https://vercel.com/login?next=%2Faudit3-nonexistent
https://svelte.dev/audit3-nonexistent | own=true docs=["404 https://svelte.dev/audit3-nonexistent"] final=https://svelte.dev/audit3-nonexistent
https://svelte.dev/audit3-nonexistent | own=true docs=["404 https://svelte.dev/audit3-nonexistent"] final=https://svelte.dev/audit3-nonexistent
https://svelte.dev/audit3-nonexistent | own=true docs=["404 https://svelte.dev/audit3-nonexistent"] final=https://svelte.dev/audit3-nonexistent
https://vuejs.org/audit3-nonexistent | own=true docs=["404 https://vuejs.org/audit3-nonexistent"] final=https://vuejs.org/audit3-nonexistent
https://vuejs.org/audit3-nonexistent | own=true docs=["404 https://vuejs.org/audit3-nonexistent"] final=https://vuejs.org/audit3-nonexistent
https://vuejs.org/audit3-nonexistent | own=true docs=["404 https://vuejs.org/audit3-nonexistent"] final=https://vuejs.org/audit3-nonexistent
https://developer.mozilla.org/en-US/docs/audit3-nonexistent | own=true docs=["404 https://developer.mozilla.org/en-US/docs/audit3-nonexistent"] final=https://developer.mozilla.org/en-US/docs/audit3-nonexistent
https://developer.mozilla.org/en-US/docs/audit3-nonexistent | own=true docs=["404 https://developer.mozilla.org/en-US/docs/audit3-nonexistent"] final=https://developer.mozilla.org/en-US/docs/audit3-nonexistent
https://developer.mozilla.org/en-US/docs/audit3-nonexistent | own=true docs=["404 https://developer.mozilla.org/en-US/docs/audit3-nonexistent"] final=https://developer.mozilla.org/en-US/docs/audit3-nonexistent
https://www.python.org/audit3-nonexistent/ | own=true docs=["404 https://www.python.org/audit3-nonexistent/"] final=https://www.python.org/audit3-nonexistent/
https://www.python.org/audit3-nonexistent/ | own=true docs=["404 https://www.python.org/audit3-nonexistent/"] final=https://www.python.org/audit3-nonexistent/
https://www.python.org/audit3-nonexistent/ | own=true docs=["404 https://www.python.org/audit3-nonexistent/"] final=https://www.python.org/audit3-nonexistent/
https://en.wikipedia.org/wiki/Audit3_nonexistent_zz9 | own=true docs=["404 https://en.wikipedia.org/wiki/Audit3_nonexistent_zz9"] final=https://en.wikipedia.org/wiki/Audit3_nonexistent_zz9
https://en.wikipedia.org/wiki/Audit3_nonexistent_zz9 | own=true docs=["404 https://en.wikipedia.org/wiki/Audit3_nonexistent_zz9"] final=https://en.wikipedia.org/wiki/Audit3_nonexistent_zz9
https://en.wikipedia.org/wiki/Audit3_nonexistent_zz9 | own=true docs=["404 https://en.wikipedia.org/wiki/Audit3_nonexistent_zz9"] final=https://en.wikipedia.org/wiki/Audit3_nonexistent_zz9
https://stackoverflow.com/questions/999999999999 | own=true docs=["307 https://stackoverflow.com/questions/999999999999","403 https://stackoverflow.com/questions/999999999999","302 https://stackoverflow.com/questions/999999999999","404 https://stackoverflow.com/questions/999999999999"] final=https://stackoverflow.com/questions/999999999999
https://stackoverflow.com/questions/999999999999 | own=true docs=["404 https://stackoverflow.com/questions/999999999999"] final=https://stackoverflow.com/questions/999999999999
https://stackoverflow.com/questions/999999999999 | own=true docs=["404 https://stackoverflow.com/questions/999999999999"] final=https://stackoverflow.com/questions/999999999999
https://docs.github.com/en/audit3-nonexistent | own=true docs=["404 https://docs.github.com/en/audit3-nonexistent"] final=https://docs.github.com/en/audit3-nonexistent
https://docs.github.com/en/audit3-nonexistent | own=true docs=["404 https://docs.github.com/en/audit3-nonexistent"] final=https://docs.github.com/en/audit3-nonexistent
https://docs.github.com/en/audit3-nonexistent | own=true docs=["404 https://docs.github.com/en/audit3-nonexistent"] final=https://docs.github.com/en/audit3-nonexistent
https://www.w3.org/audit3-nonexistent | own=true docs=["404 https://www.w3.org/audit3-nonexistent"] final=https://www.w3.org/audit3-nonexistent
https://www.w3.org/audit3-nonexistent | own=true docs=["404 https://www.w3.org/audit3-nonexistent"] final=https://www.w3.org/audit3-nonexistent
https://www.w3.org/audit3-nonexistent | own=true docs=["404 https://www.w3.org/audit3-nonexistent"] final=https://www.w3.org/audit3-nonexistent
