[0] 924ms nav http://aud:CNRYcliuserpass@127.0.0.1:49636/p?token=CNRYcliquery#CNRYclifrag
[0] 3283ms type #pw CNRYclitype
[1] 4962ms type #mangle CNRYclimangle
[0] 3278ms select #sel CNRYselval
[0] 269ms setclipboard CNRYcliclip
[0] 287ms getclipboard
[0] 261ms eval document.getElementById('pw').value + '|' + document.getElementById('sel').value
[1] 256ms eval throw new Error('boom')
[0] 3278ms upload #file E:\AI-Cache\tmp\fr211-audit-cli-eFHOnE\CNRYcliupdir\CNRYcliupname.txt
[0] 3477ms download #dl E:\AI-Cache\tmp\fr211-audit-cli-eFHOnE\CNRYclidldir
[0] 6320ms click #prompt
[0] 704ms dialog accept CNRYcliprompt
[1] 279ms waitfor 0 --text CNRYcliwait
[4] 3336ms click #btn --expect-text CNRYcliexp
[1] 859ms nav 127.0.0.1:49636/p?token=CNRYnoscheme
[0] 3287ms type #pw ab
[0] 3321ms press #pw Enter
[0] 399ms newtab http://127.0.0.1:49636/p?token=CNRYclinewtab
[0] 262ms tabs
[0] 227ms history
[0] 240ms history --json
{"unexpected":[],"found":{"file":["CNRYcliupname","CNRYdlname","CNRYcliwait","CNRYcliexp"],"human":["CNRYcliupname","CNRYcliwait"],"json":["CNRYcliupname","CNRYdlname","CNRYcliwait","CNRYcliexp"]},"jsonIdentical":true,"lines":19}
nav:0:http://127.0.0.1:49636/p:[navigate]
type:0:#pw <11 chars>:[type]
type:1:#mangle <13 chars>:[type]
select:0:#sel <10 chars>:[select_option]
setclipboard:0:<11 chars>:[set_clipboard]
getclipboard:0::[]
eval:0:document.getElementById('pw').value + '|' + document.getElem:[eval]
eval:1:throw new Error('boom'):[eval]
upload:0:#file CNRYcliupname.txt:[upload_file]
download:0:#dl <dir>:[download_file]
click:0:#prompt:[click]
dialog:0:accept <13 chars>:[]
waitfor:1:0:[wait_for]
click:4:#btn:[click]
nav:1:<dir>:[navigate]
type:0:#pw <2 chars>:[type]
press:0:#pw Enter:[focus,press_key]
newtab:0:http://127.0.0.1:49636/p:[]
tabs:0::[]
total 18
drwxr-xr-x 1 Varad M 197609     0 Oct  1 19:44 .
drwxr-xr-x 1 Varad M 197609     0 Oct  1 19:44 ..
-rw-r--r-- 1 Varad M 197609 13030 Oct  1 19:44 history.jsonl
-rw-r--r-- 1 Varad M 197609   204 Oct  1 19:44 state.json
-rw-r--r-- 1 Varad M 197609   261 Oct  1 19:44 warden.json
 E:\AI-Cache\tmp\fr211-audit-cli-eFHOnE\state\history.jsonl S-1-5-21-2435114348-680781744-2272691248-2842413353:(I)(M,DC)
                                                           DESKTOP-0P7I7LN\Varad M:(I)(M,DC)
                                                           DESKTOP-0P7I7LN\CodexSandboxUsers:(I)(M)
                                                           S-1-5-21-1953991020-1908219969-1637915715-3761621586:(I)(M)
                                                           BUILTIN\Administrators:(I)(F)
                                                           NT AUTHORITY\SYSTEM:(I)(F)
                                                           NT AUTHORITY\Authenticated Users:(I)(M)
                                                           BUILTIN\Users:(I)(RX)

Successfully processed 1 files; Failed processing 0 files

[0] 777ms close
[0] 223ms history
after close history head: History: 20 command(s) in E:\AI-Cache\tmp\fr211-audit-cli-eFHOnE\state\history.jsonl | --- session sess_1790864040550_1 --- state.json exists: false
chrome pid 53024 alive after close: false
exit=0
