{"timestamp":"2026-10-01T14:14:41.365Z","level":"info","message":"[BrowserLauncher] Launching browser instance","context":{"executablePath":"C:\\Program Files\\Google\\Chrome\\Application\\chrome.exe","headless":true,"argsCount":11}}
{"timestamp":"2026-10-01T14:14:41.596Z","level":"info","message":"[BrowserSessionManager] Created browser session sess_1790864081365_1","context":{"isIncognito":false}}
{"timestamp":"2026-10-01T14:14:41.656Z","level":"info","message":"[BrowserActionEngine] Executing action type","context":{"tabId":"tab_sess_1790864081365_1_1","selector":"#pw"}}
{"timestamp":"2026-10-01T14:14:41.689Z","level":"info","message":"[BrowserActionEngine] Executing action type","context":{"tabId":"tab_sess_1790864081365_1_1","selector":"#mangle"}}
{"timestamp":"2026-10-01T14:14:41.719Z","level":"warn","message":"[BrowserActionEngine] Action type failed (attempt 1/3): type did not land the expected value — expected \"CNRYsdkmangle\", but the element's real content reads \"M-elgnamkdsYRNC\" even after a native-setter repair attempt. The page may be intercepting/resetting input in a way neither path could overcome.","context":{}}
{"timestamp":"2026-10-01T14:14:42.246Z","level":"warn","message":"[BrowserActionEngine] Action type failed (attempt 2/3): type did not land the expected value — expected \"CNRYsdkmangle\", but the element's real content reads \"M-elgnamkdsYRNC\" even after a native-setter repair attempt. The page may be intercepting/resetting input in a way neither path could overcome.","context":{}}
{"timestamp":"2026-10-01T14:14:43.287Z","level":"warn","message":"[BrowserActionEngine] Action type failed (attempt 3/3): type did not land the expected value — expected \"CNRYsdkmangle\", but the element's real content reads \"M-elgnamkdsYRNC\" even after a native-setter repair attempt. The page may be intercepting/resetting input in a way neither path could overcome.","context":{}}
{
 "evalResult": "CNRYsdktype",
 "mangleErr": "type did not land the expected value — expected \"CNRYsdkmangle\", but the element's real content reads \"M-elgnamkdsYRNC\" ",
 "leaks": [],
 "types": [
  "navigate:true",
  "type:true",
  "eval:true",
  "type:false",
  "navigate:true"
 ],
 "bracketReason": "'navigate' verified: a new document committed at http://127.0.0.1:61113/p[redacted]"
}
{"timestamp":"2026-10-01T14:14:43.472Z","level":"info","message":"[BrowserSession] Closed session sess_1790864081365_1","context":{"reason":"Runtime shutdown"}}
{"timestamp":"2026-10-01T14:14:43.472Z","level":"info","message":"[BrowserSessionManager] Closed session sess_1790864081365_1","context":{"reason":"Runtime shutdown"}}
exit=0
