Scope: all 21 workspace projects
Lockfile is up to date, resolution step is skipped
Progress: resolved 1, reused 0, downloaded 0, added 0
Packages: +412
++++++++++++++++++++++++++++++++++++++++++++++++++++++++++++++++++++++++++++++++
Progress: resolved 412, reused 412, downloaded 0, added 199
Progress: resolved 412, reused 412, downloaded 0, added 393
Progress: resolved 412, reused 412, downloaded 0, added 408
Progress: resolved 412, reused 412, downloaded 0, added 412, done

devDependencies:
+ @types/node 20.19.43
+ @typescript-eslint/eslint-plugin 7.18.0
+ @typescript-eslint/parser 7.18.0
+ esbuild 0.28.2
+ eslint 8.57.1
+ eslint-config-prettier 9.1.2
+ prettier 3.2.5
+ turbo 2.10.0
+ typescript 5.4.2
+ vitest 1.6.1

Done in 4s
