[bundle] ok popover-closed tier=contradicted px=0->0 67ms   
[bundle] ok dialog-closed tier=contradicted px=0->0 47ms   
[bundle] ok details-nested-closed tier=contradicted px=0->0 52ms   
[bundle] ok details-with-shadow-host tier=contradicted px=0->0 53ms   
[bundle] ok details-shadow-bare-text tier=contradicted px=0->0 48ms   
[bundle] ok details-contents-chain tier=contradicted px=0->0 55ms   
[bundle] ok details-direct-text-bold tier=contradicted px=305->305 57ms ORACLE-DISAGREES  
[bundle] ok slot-inside-hidden-div tier=contradicted px=0->0 64ms   
[bundle] ok slot-unassigned-name tier=contradicted px=0->0 51ms   
[bundle] ok host-hidden-by-own-style tier=contradicted px=0->0 50ms   
[bundle] ok slot-display-none tier=contradicted px=0->0 46ms   
[bundle] ok slot-visibility-hidden tier=contradicted px=0->0 46ms   
[bundle] ok host-content-visibility-hidden tier=contradicted px=0->0 57ms   
[bundle] ok slot-forward-into-hidden tier=contradicted px=0->0 54ms   
[bundle] ok slot-forward-into-closed-details tier=contradicted px=0->0 51ms   
[bundle] ok contents-chain-in-none tier=contradicted px=0->0 54ms   
[bundle] ok contents-chain-vis-hidden tier=contradicted px=0->0 59ms   
[bundle] ok hidden-until-found tier=contradicted px=0->0 46ms   
[bundle] FALSE-VERIFIED svg-defs-text tier=verified px=0->0 46ms   
[bundle] ok svg-text-display-none tier=contradicted px=0->0 47ms   
[bundle] FALSE-VERIFIED svg-symbol-unused tier=verified px=0->0 59ms   
[bundle] ok svg-text-visibility-attr tier=contradicted px=0->0 55ms   
[bundle] ok canvas-fallback tier=contradicted px=0->0 54ms   
[bundle] ok video-fallback tier=contradicted px=0->0 58ms   
[bundle] ok noscript tier=contradicted px=0->0 61ms   
[bundle] ok iframe-tag-fallback-text tier=contradicted px=0->0 48ms   
[bundle] ok table-row-collapse tier=contradicted px=0->0 49ms   
[bundle] info:contradicted select-unselected-option tier=contradicted px=0->0 45ms   
[bundle] ok split-hidden-tail tier=contradicted px=null->null 49ms   
[bundle] ok split-vishidden-middle tier=contradicted px=null->null 50ms   
[bundle] ok hidden-during-action tier=contradicted px=1854->0 56ms   
[bundle] ok template-in-shadow tier=contradicted px=0->0 49ms   
[bundle] ok style-text-in-shadow tier=contradicted px=0->0 55ms   
[bundle] ok xo-in-closed-details tier=contradicted px=0->0 53ms   
[bundle] ok xo-in-closed-popover tier=contradicted px=0->0 49ms   
[bundle] ok xo-in-closed-dialog tier=contradicted px=0->0 47ms   
[bundle] ok xo-in-hidden-shadow-host tier=contradicted px=0->0 45ms   
[bundle] ok xo-slotted-into-hidden-slot tier=contradicted px=0->0 54ms   
[bundle] ok xo-until-found-ancestor tier=contradicted px=0->0 51ms   
[bundle] ok xo-nested-inner-vishidden tier=contradicted px=0->0 48ms   
[bundle] ok xo-nested-inner-in-closed-details tier=contradicted px=0->0 53ms   
[bundle] ok xo-nested-3-inner-display-none tier=contradicted px=0->0 60ms   
[bundle] ok xo-html-display-none tier=contradicted px=0->0 58ms   
[bundle] ok xo-hidden-during-action tier=contradicted px=1757->0 62ms   
[bundle] ok xo-removed-during-action tier=contradicted px=1759->0 57ms   
[bundle] ok object-vishidden tier=contradicted px=0->0 60ms   
[bundle] ok xo-zero-size tier=contradicted px=0->0 59ms   
[bundle] ok P-popover-open tier=verified px=1862->1862 53ms   
[bundle] ok P-dialog-open tier=verified px=1933->1933 48ms   
[bundle] ok P-details-summary-of-closed tier=verified px=1662->1662 52ms   
[bundle] ok P-details-open-nested tier=verified px=1752->1752 56ms   
[bundle] ok P-contents-host-slot-forward tier=verified px=1780->1780 79ms   
[bundle] ok P-bare-text-3-shadow-deep tier=verified px=1716->1716 79ms   
[bundle] ok P-split-5-inline tier=verified px=1459->1459 57ms   
[bundle] ok P-text-transform tier=verified px=1928->1928 52ms   
[bundle] ok P-whitespace tier=verified px=1897->1897 65ms   
[bundle] ok P-svg-text tier=verified px=2580->2580 54ms   
[bundle] ok P-deep-1500 tier=verified px=1820->1820 66ms   
[bundle] ok P-vis-visible-child tier=verified px=1833->1833 56ms   
[bundle] ok P-button-label tier=verified px=1877->1877 59ms   
[bundle] ok P-opacity0-counted tier=verified px=null->null 53ms   
[bundle] ok P-xo-nested-3-visible tier=verified px=1981->1981 57ms   
[bundle] ok P-xo-in-open-shadow tier=verified px=1922->1922 48ms   
[bundle] ok P-xo-in-contents-slot tier=verified px=1874->1874 48ms   
[bundle] ok P-xo-vis-visible-child tier=verified px=1899->1899 61ms   
[bundle] ok P-xo-in-open-popover tier=verified px=1774->1774 60ms   
[bundle] ok P-shown-during-action tier=verified px=0->1742 63ms   
[bundle] ok P-xo-shown-during-action tier=verified px=0->1702 53ms   
[bundle] info:contradicted I-flex-items-adjacent tier=contradicted px=1861->1861 56ms   
[bundle] info:contradicted I-inline-block-split tier=contradicted px=1849->1849 48ms   
[bundle] info:contradicted I-textarea tier=contradicted px=null->null 78ms   
[bundle] info:contradicted I-case-mismatch tier=contradicted px=null->null 53ms   
[bundle] info:contradicted I-hidden-ws-between tier=contradicted px=null->null 63ms   
[bundle] ok C-big-visible-100k tier=verified px=1541->1541 214ms   
[bundle] ok-failclosed C-budget-hidden-only-220k tier=unverifiable px=null->null 1180ms   
[bundle] ok C-budget-hidden-then-visible-220k tier=unverifiable px=null->null 1185ms   
[bundle] ok C-huge-no-token-450k tier=contradicted px=null->null 275ms   
[bundle] FALSE-VERIFIED svg2-defs tier=verified px=0->0 50ms   
[bundle] FALSE-VERIFIED svg2-symbol tier=verified px=0->0 56ms   
[bundle] FALSE-VERIFIED svg2-mask tier=verified px=0->0 59ms   
[bundle] FALSE-VERIFIED svg2-clippath tier=verified px=0->0 52ms   
[bundle] FALSE-VERIFIED svg2-pattern-unused tier=verified px=0->0 60ms   
[bundle] FALSE-VERIFIED svg2-marker-unused tier=verified px=0->0 53ms   
[bundle] ok svg2-switch-unselected tier=contradicted px=0->0 57ms   
[bundle] ok svg2-foreignobject-in-defs tier=contradicted px=0->0 57ms   
[bundle] FALSE-VERIFIED svg2-defs-in-shadow tier=verified px=0->0 58ms   
[bundle] ok svg2-use-of-symbol tier=verified px=2943->2943 61ms   
[bundle] ok P-svg2-visible tier=verified px=2801->2801 53ms   
[bundle] ok details-direct-text-bold2 tier=contradicted px=0->0 53ms   
[bundle] ok svg3-title-in-icon tier=contradicted px=0->0 60ms   
[bundle] ok svg3-desc-in-icon tier=contradicted px=0->0 60ms   
[bundle] ok svg3-metadata tier=contradicted px=0->0 55ms   
[bundle] ok svg3-title-in-sprite-symbol tier=contradicted px=0->0 52ms   
[bundle] ok object-loaded-fallback-text tier=contradicted px=0->0 52ms   
[bundle] ok mathml-annotation tier=contradicted px=0->0 57ms   
[bundle] FALSE-VERIFIED svg-nested-svg-in-defs tier=verified px=0->0 54ms   
[bundle] FALSE-VERIFIED xo-frame-svg-defs tier=verified px=0->0 53ms   
SUMMARY bundle {"ok":79,"FALSE-VERIFIED":11,"info:contradicted":6,"ok-failclosed":1} oracleDisagree= details-direct-text-bold
