{"timestamp":"2026-09-29T20:59:47.812Z","level":"info","message":"[BrowserLauncher] Launching browser instance","context":{"executablePath":"C:\\Program Files\\Google\\Chrome\\Application\\chrome.exe","headless":true,"argsCount":11}}
{"timestamp":"2026-09-29T20:59:48.036Z","level":"info","message":"[BrowserSessionManager] Created browser session sess_1790715587812_1","context":{"isIncognito":false}}
{"timestamp":"2026-09-29T20:59:48.916Z","level":"info","message":"[BrowserActionEngine] Executing action click","context":{"tabId":"tab_sess_1790715587812_1_1","selector":"#go"}}
[sdk] ok popover-closed tier=contradicted px=0->0 68ms   
{"timestamp":"2026-09-29T20:59:50.896Z","level":"info","message":"[BrowserActionEngine] Executing action click","context":{"tabId":"tab_sess_1790715587812_1_1","selector":"#go"}}
[sdk] ok details-shadow-bare-text tier=contradicted px=0->0 71ms   
{"timestamp":"2026-09-29T20:59:52.899Z","level":"info","message":"[BrowserActionEngine] Executing action click","context":{"tabId":"tab_sess_1790715587812_1_1","selector":"#go"}}
[sdk] ok slot-forward-into-hidden tier=contradicted px=0->0 66ms   
{"timestamp":"2026-09-29T20:59:54.899Z","level":"info","message":"[BrowserActionEngine] Executing action click","context":{"tabId":"tab_sess_1790715587812_1_1","selector":"#go"}}
[sdk] ok hidden-during-action tier=contradicted px=1904->0 67ms   
{"timestamp":"2026-09-29T20:59:56.898Z","level":"info","message":"[BrowserActionEngine] Executing action click","context":{"tabId":"tab_sess_1790715587812_1_1","selector":"#go"}}
[sdk] ok xo-in-closed-details tier=contradicted px=0->0 67ms   
{"timestamp":"2026-09-29T20:59:58.897Z","level":"info","message":"[BrowserActionEngine] Executing action click","context":{"tabId":"tab_sess_1790715587812_1_1","selector":"#go"}}
[sdk] ok xo-nested-inner-vishidden tier=contradicted px=0->0 70ms   
{"timestamp":"2026-09-29T21:00:00.914Z","level":"info","message":"[BrowserActionEngine] Executing action click","context":{"tabId":"tab_sess_1790715587812_1_1","selector":"#go"}}
[sdk] ok xo-nested-3-inner-display-none tier=contradicted px=0->0 70ms   
{"timestamp":"2026-09-29T21:00:02.897Z","level":"info","message":"[BrowserActionEngine] Executing action click","context":{"tabId":"tab_sess_1790715587812_1_1","selector":"#go"}}
[sdk] ok xo-hidden-during-action tier=contradicted px=1909->0 69ms   
{"timestamp":"2026-09-29T21:00:04.880Z","level":"info","message":"[BrowserActionEngine] Executing action click","context":{"tabId":"tab_sess_1790715587812_1_1","selector":"#go"}}
[sdk] ok P-contents-host-slot-forward tier=verified px=1803->1803 69ms   
{"timestamp":"2026-09-29T21:00:06.880Z","level":"info","message":"[BrowserActionEngine] Executing action click","context":{"tabId":"tab_sess_1790715587812_1_1","selector":"#go"}}
[sdk] ok P-bare-text-3-shadow-deep tier=verified px=1992->1992 68ms   
{"timestamp":"2026-09-29T21:00:08.880Z","level":"info","message":"[BrowserActionEngine] Executing action click","context":{"tabId":"tab_sess_1790715587812_1_1","selector":"#go"}}
[sdk] ok P-xo-nested-3-visible tier=verified px=1869->1869 70ms   
{"timestamp":"2026-09-29T21:00:10.879Z","level":"info","message":"[BrowserActionEngine] Executing action click","context":{"tabId":"tab_sess_1790715587812_1_1","selector":"#go"}}
[sdk] ok P-xo-shown-during-action tier=verified px=0->1814 70ms   
{"timestamp":"2026-09-29T21:00:13.736Z","level":"info","message":"[BrowserActionEngine] Executing action click","context":{"tabId":"tab_sess_1790715587812_1_1","selector":"#go"}}
[sdk] ok-failclosed C-budget-hidden-only-220k tier=unverifiable px=null->null 959ms   
{"timestamp":"2026-09-29T21:00:16.565Z","level":"info","message":"[BrowserActionEngine] Executing action click","context":{"tabId":"tab_sess_1790715587812_1_1","selector":"#go"}}
[sdk] FALSE-VERIFIED svg2-defs tier=verified px=0->0 67ms   
{"timestamp":"2026-09-29T21:00:18.560Z","level":"info","message":"[BrowserActionEngine] Executing action click","context":{"tabId":"tab_sess_1790715587812_1_1","selector":"#go"}}
[sdk] FALSE-VERIFIED svg2-clippath tier=verified px=0->0 71ms   
{"timestamp":"2026-09-29T21:00:20.560Z","level":"info","message":"[BrowserActionEngine] Executing action click","context":{"tabId":"tab_sess_1790715587812_1_1","selector":"#go"}}
[sdk] FALSE-VERIFIED xo-frame-svg-defs tier=verified px=0->0 72ms   
{"timestamp":"2026-09-29T21:00:21.919Z","level":"info","message":"[BrowserSession] Closed session sess_1790715587812_1","context":{"reason":"Runtime shutdown"}}
{"timestamp":"2026-09-29T21:00:21.919Z","level":"info","message":"[BrowserSessionManager] Closed session sess_1790715587812_1","context":{"reason":"Runtime shutdown"}}
SUMMARY sdk {"ok":12,"ok-failclosed":1,"FALSE-VERIFIED":3} oracleDisagree= 
